/data/chenyiteng/projects/rlinf-shenzhen/worktrees/pi0-dvac-observe-7d07a421/evaluations/eval_embodied_agent.py:32: Hydra14MigrationWarning: 
version_base="1.1" selects Hydra 1.1 compatibility behavior.
Hydra 1.4 will remove this compatibility behavior.
Before upgrading to Hydra 1.4, set version_base="1.3" and test your application.
See https://hydra.cc/docs/upgrades/1.3_to_1.4/prepare_for_1_4/ for preparation instructions.
  @hydra.main(
/home/chenyiteng/venvs/rlinf-7d07-openpi-robotwin/lib/python3.11/site-packages/hydra/_internal/defaults_list.py:251: UserWarning: In 'robotwin_adjust_bottle_openpi_dvac_eval': Defaults list is missing `_self_`. See https://hydra.cc/docs/1.2/upgrades/1.0_to_1.1/default_composition_order for more information
  warnings.warn(msg, UserWarning)
/home/chenyiteng/venvs/rlinf-7d07-openpi-robotwin/lib/python3.11/site-packages/hydra/_internal/hydra.py:119: UserWarning: Future Hydra versions will no longer change working directory at job runtime by default.
See https://hydra.cc/docs/1.2/upgrades/1.1_to_1.2/changes_to_job_working_dir/ for more information.
  ret = run_job(
2026-08-22 13:27:37,495	INFO worker.py:2015 -- Started a local Ray instance. View the dashboard at [1m[32mhttp://127.0.0.1:8265 [39m[22m
[INFO 13:27:39 RLinf] RLinf is running on a cluster with 1 node and 8 accelerators. The nodes' details are: 
node_labels: []
node_rank: 0
ray_id: d0164c5fcb83773976f4a40df3370860a69126279755ad6fb6a901b0
node_ip: 120.241.223.9
num_cpus: 128
python_interpreter_path: /home/chenyiteng/venvs/rlinf-7d07-openpi-robotwin/bin/python
hardware_resources:
- type: Accelerator
  infos:
  - type: Accelerator
    model: NV_GPU:H100 80GB HBM3
  - type: Accelerator
    model: NV_GPU:H100 80GB HBM3
  - type: Accelerator
    model: NV_GPU:H100 80GB HBM3
  - type: Accelerator
    model: NV_GPU:H100 80GB HBM3
  - type: Accelerator
    model: NV_GPU:H100 80GB HBM3
  - type: Accelerator
    model: NV_GPU:H100 80GB HBM3
  - type: Accelerator
    model: NV_GPU:H100 80GB HBM3
  - type: Accelerator
    model: NV_GPU:H100 80GB HBM3
profiler_backends: []

Node groups' details are: 
label: cluster
nodes: '0'
hardware_type: Accelerator
ignore_hardware: false
env_configs: null

label: node
nodes: '0'
hardware_type: null
ignore_hardware: true
env_configs: null

[INFO 13:27:39 FlexiblePlacementStrategy] 
[INFO 13:27:39 FlexiblePlacementStrategy] Using flexible placement with hardware ranks: [[2]], node groups: ['cluster'].
{
  "env": {
    "eval": {
      "env_type": "robotwin",
      "total_num_envs": 16,
      "auto_reset": true,
      "ignore_terminations": true,
      "reward_coef": 1.0,
      "use_custom_reward": true,
      "use_rel_reward": true,
      "center_crop": false,
      "seed": 0,
      "group_size": 1,
      "use_fixed_reset_state_ids": true,
      "max_steps_per_rollout_epoch": 200,
      "max_episode_steps": 200,
      "is_eval": true,
      "assets_path": "/data/chenyiteng/projects/rlinf-shenzhen/RoboTwin-RLinf-support",
      "seeds_path": "/data/chenyiteng/projects/rlinf-shenzhen/worktrees/pi0-dvac-observe-7d07a421/rlinf/envs/robotwin/seeds/eval_seeds.json",
      "video_cfg": {
        "save_video": true,
        "info_on_video": true,
        "video_base_dir": "/data/chenyiteng/results/dvac-observation/pi0-adjust_bottle-p1-16ep-800baf80-v1/video/eval"
      },
      "enable_offload": false,
      "task_config": {
        "task_name": "adjust_bottle",
        "step_lim": 200,
        "planner_backend": "mplib",
        "render_freq": 0,
        "episode_num": 100,
        "use_seed": false,
        "save_freq": 15,
        "embodiment": [
          "aloha-agilex"
        ],
        "language_num": 100,
        "domain_randomization": {
          "random_background": false,
          "cluttered_table": false,
          "clean_background_rate": 1,
          "random_head_camera_dis": 0,
          "random_table_height": 0,
          "random_light": false,
          "crazy_random_light_rate": 0
        },
        "camera": {
          "head_camera_type": "D435",
          "wrist_camera_type": "D435",
          "collect_head_camera": true,
          "collect_wrist_camera": true
        },
        "data_type": {
          "rgb": true,
          "third_view": false,
          "depth": false,
          "pointcloud": false,
          "observer": false,
          "endpose": false,
          "qpos": true,
          "mesh_segmentation": false,
          "actor_segmentation": false
        },
        "pcd_down_sample_num": 1024,
        "pcd_crop": true,
        "save_path": "./data",
        "clear_cache_freq": 1,
        "collect_data": true,
        "eval_video_log": true
      },
      "rollout_epoch": 1
    },
    "group_name": "EnvGroup",
    "enable_offload": true
  },
  "rollout": {
    "model": {
      "model_type": "openpi",
      "model_path": "/data/chenyiteng/models/rlinf/RLinf-Pi0-RoboTwin-SFT-adjust_bottle@92684e50",
      "precision": null,
      "num_action_chunks": 50,
      "action_dim": 14,
      "is_lora": false,
      "lora_rank": 32,
      "use_proprio": true,
      "num_steps": 4,
      "add_value_head": true,
      "openpi": {
        "config_name": "pi0_aloha_robotwin",
        "num_images_in_input": 3,
        "noise_level": 0.5,
        "action_chunk": 50,
        "num_steps": 4,
        "train_expert_only": true,
        "action_env_dim": 14,
        "noise_method": "flow_sde",
        "add_value_head": true,
        "detach_critic_input": true,
        "use_dsrl": false,
        "dsrl_state_dim": 8,
        "dsrl_action_noise_dim": 32,
        "dsrl_num_q_heads": 10,
        "dsrl_agg_q": "mean",
        "dsrl_image_latent_dim": 64,
        "dsrl_state_latent_dim": 64,
        "dsrl_hidden_dims": [
          128,
          128,
          128
        ]
      }
    },
    "group_name": "RolloutGroup",
    "backend": "huggingface",
    "recompute_logprobs": false,
    "enable_offload": true,
    "pipeline_stage_num": 1,
    "dvac_telemetry": {
      "enabled": true,
      "output_dir": "/data/chenyiteng/results/dvac-observation/pi0-adjust_bottle-p1-16ep-800baf80-v1/dvac_telemetry",
      "save_query_inputs": true,
      "run_id": "pi0-adjust_bottle-p1-16ep-800baf80-v1",
      "common_base_commit": "7d07a4212ee6858cc333e1d4fab7a37256d1f839",
      "source_commit": "800baf80d6eab64169cf0e691eb04a681a093ee9",
      "robotwin_commit": "0008ae6800df9f75fc8de7098bacb01735fd8fd2",
      "checkpoint_revision": "92684e50c8a3dcf13b76a06713e3152625967be1",
      "norm_stats_sha256": "649ed92b431bd70627febdb00b2385e35fcab5088e72a4e4a4845585f8ce4f6a",
      "seed_file_sha256": "194164f7380fd7cad2a8940ca93def01c2be865da265e4af1c463d73b2aa482f",
      "renderer": "sapien",
      "launch_command": "verified_password_ssh command-file P1-16 v1"
    }
  },
  "cluster": {
    "num_nodes": 1,
    "component_placement": {
      "env, rollout": 2
    },
    "tracer": {
      "enable": false
    }
  },
  "runner": {
    "task_type": "embodied_eval",
    "logger": {
      "log_path": "/data/chenyiteng/results/dvac-observation/pi0-adjust_bottle-p1-16ep-800baf80-v1",
      "project_name": "rlinf",
      "experiment_name": "robotwin_adjust_bottle_pi0_dvac",
      "logger_backends": [
        "tensorboard"
      ]
    },
    "max_epochs": 1000,
    "max_steps": -1,
    "only_eval": true,
    "val_check_interval": -1,
    "save_interval": -1,
    "resume_dir": null,
    "ckpt_path": null,
    "per_worker_log": false,
    "per_worker_log_path": null,
    "weight_sync_interval": 1,
    "overlap_env_bootstrap": false
  }
}
[INFO 13:27:39 FlexiblePlacementStrategy] 
[INFO 13:27:39 FlexiblePlacementStrategy] Using flexible placement with hardware ranks: [[2]], node groups: ['cluster'].
[INFO 13:27:39 FlexiblePlacementStrategy] Generated 1 placements: [Placement(rank=0, cluster_node_rank=0, placement_node_rank=0, local_accelerator_rank=2, accelerator_type='NV_GPU', local_rank=0, local_world_size=1, visible_accelerators=['2'], isolate_accelerator=True, local_hardware_ranks=[2], node_group_label='cluster')].
[INFO 13:27:39 FlexiblePlacementStrategy] Generated 1 placements: [Placement(rank=0, cluster_node_rank=0, placement_node_rank=0, local_accelerator_rank=2, accelerator_type='NV_GPU', local_rank=0, local_world_size=1, visible_accelerators=['2'], isolate_accelerator=True, local_hardware_ranks=[2], node_group_label='cluster')].
[INFO 13:27:39 NodePlacementStrategy] 
[INFO 13:27:39 NodePlacementStrategy] Using node placement with node ranks: [0], node groups: ['node'].
[INFO 13:27:39 NodePlacementStrategy] Generated 1 placements: [Placement(rank=0, cluster_node_rank=0, placement_node_rank=0, local_accelerator_rank='0', accelerator_type='NV_GPU', local_rank=0, local_world_size=1, visible_accelerators=['0', '1', '2', '3', '4', '5', '6', '7'], isolate_accelerator=True, local_hardware_ranks=[], node_group_label='cluster')].
[INFO 13:27:39 NodePlacementStrategy] 
[INFO 13:27:39 NodePlacementStrategy] Using node placement with node ranks: [0], node groups: ['node'].
[INFO 13:27:39 NodePlacementStrategy] Generated 1 placements: [Placement(rank=0, cluster_node_rank=0, placement_node_rank=0, local_accelerator_rank='0', accelerator_type='NV_GPU', local_rank=0, local_world_size=1, visible_accelerators=['0', '1', '2', '3', '4', '5', '6', '7'], isolate_accelerator=True, local_hardware_ranks=[], node_group_label='cluster')].
WARNING: All log messages before absl::InitializeLog() is called are written to STDERR
I0000 00:00:1787405260.279362  619676 port.cc:153] oneDNN custom operations are on. You may see slightly different numerical results due to floating-point round-off errors from different computation orders. To turn them off, set the environment variable `TF_ENABLE_ONEDNN_OPTS=0`.
I0000 00:00:1787405260.327771  619676 cpu_feature_guard.cc:227] This TensorFlow binary is optimized to use available CPU instructions in performance-critical operations.
To enable the following instructions: AVX2 AVX512F AVX512_VNNI AVX512_BF16 AVX512_FP16 AVX_VNNI AMX_TILE AMX_INT8 AMX_BF16 FMA, in other operations, rebuild TensorFlow with the appropriate compiler flags.
WARNING: All log messages before absl::InitializeLog() is called are written to STDERR
I0000 00:00:1787405261.791817  619676 port.cc:153] oneDNN custom operations are on. You may see slightly different numerical results due to floating-point round-off errors from different computation orders. To turn them off, set the environment variable `TF_ENABLE_ONEDNN_OPTS=0`.
[36m(EnvWorker pid=627673)[0m [INFO 13:27:43 FlexiblePlacementStrategy] 
[36m(EnvWorker pid=627673)[0m [INFO 13:27:43 FlexiblePlacementStrategy] Using flexible placement with hardware ranks: [[2]], node groups: ['cluster'].
[36m(MultiStepRolloutWorker pid=627671)[0m [INFO 13:27:44 FlexiblePlacementStrategy] 
[36m(MultiStepRolloutWorker pid=627671)[0m [INFO 13:27:44 FlexiblePlacementStrategy] Using flexible placement with hardware ranks: [[2]], node groups: ['cluster'].
[36m(RolloutGroup(rank=0) pid=627671)[0m WARNING: All log messages before absl::InitializeLog() is called are written to STDERR
[36m(RolloutGroup(rank=0) pid=627671)[0m I0000 00:00:1787405265.548796  628411 port.cc:153] oneDNN custom operations are on. You may see slightly different numerical results due to floating-point round-off errors from different computation orders. To turn them off, set the environment variable `TF_ENABLE_ONEDNN_OPTS=0`.
[36m(RolloutGroup(rank=0) pid=627671)[0m WARNING: All log messages before absl::InitializeLog() is called are written to STDERR
[36m(RolloutGroup(rank=0) pid=627671)[0m I0000 00:00:1787405266.522762  628411 port.cc:153] oneDNN custom operations are on. You may see slightly different numerical results due to floating-point round-off errors from different computation orders. To turn them off, set the environment variable `TF_ENABLE_ONEDNN_OPTS=0`.
[36m(RolloutGroup(rank=0) pid=627671)[0m INFO:root:Loaded norm stats from /data/chenyiteng/models/rlinf/RLinf-Pi0-RoboTwin-SFT-adjust_bottle@92684e50/physical-intelligence/robotwin
[36m(RolloutGroup(rank=0) pid=627671)[0m INFO:root:Loaded norm stats from /data/chenyiteng/models/rlinf/RLinf-Pi0-RoboTwin-SFT-adjust_bottle@92684e50/physical-intelligence/robotwin
[36m(RolloutGroup(rank=0) pid=627671)[0m Evaluating Rollout Epochs:   0%|          | 0/1 [00:00<?, ?it/s]
[36m(EnvGroup(rank=0) pid=627673)[0m [W822 13:30:34.461366232 socket.cpp:207] [c10d] The hostname of the client socket cannot be retrieved. err=-3
[36m(Rollout(rank=0) pid=627677)[0m [W822 13:30:34.468091763 socket.cpp:207] [c10d] The hostname of the client socket cannot be retrieved. err=-3
[36m(RolloutGroup(rank=0) pid=627671)[0m [W822 13:30:44.888268577 socket.cpp:207] [c10d] The hostname of the client socket cannot be retrieved. err=-3
[36m(RolloutGroup(rank=0) pid=627671)[0m Evaluating Rollout Epochs: 100%|██████████| 1/1 [03:00<00:00, 180.80s/it]Evaluating Rollout Epochs: 100%|██████████| 1/1 [03:00<00:00, 180.80s/it]
[INFO 13:33:26 RLinf] {'eval/success_once': array(0.75, dtype=float32), 'eval/success_at_end': array(0.75, dtype=float32), 'eval/return': array(0.75, dtype=float32), 'eval/reward': array(0.00375, dtype=float32), 'eval/episode_len': array(200., dtype=float32), 'eval/num_trajectories': 16}

╭──────────────────────────────────────────────────────────────────────────────────────────────────────────────────────╮
├──────────────────────────────────────────────────── Metric Table ────────────────────────────────────────────────────┤
│ Global Step:    1/1 │ Progress: ████████████████████████████████████████ │ 100.0%                                    │
│ Elapsed: 04:56 │ ETA: 00:00 │ Step Time: 296.874s                                                                    │
├───────────────────────────────────────────────────── Evaluation ─────────────────────────────────────────────────────┤
│                                                                                                                      │
│episode_len=200.0                      │num_trajectories=16                    │return=0.75                           │
│reward=0.0037499997                    │success_at_end=0.75                    │success_once=0.75                     │
│                                                                                                                      │
╰──────────────────────────────────────────────────────────────────────────────────────────────────────────────────────╯

