/data/chenyiteng/projects/rlinf-shenzhen/worktrees/ppo-dvac-action-adv-fix/examples/embodiment/train_embodied_agent.py:35: Hydra14MigrationWarning: 
version_base="1.1" selects Hydra 1.1 compatibility behavior.
Hydra 1.4 will remove this compatibility behavior.
Before upgrading to Hydra 1.4, set version_base="1.3" and test your application.
See https://hydra.cc/docs/upgrades/1.3_to_1.4/prepare_for_1_4/ for preparation instructions.
  @hydra.main(
/home/chenyiteng/venvs/rlinf-7d07-openpi-robotwin/lib/python3.11/site-packages/hydra/_internal/defaults_list.py:251: UserWarning: In 'robotwin_adjust_bottle_ppo_openpi_dvac_action_adv': Defaults list is missing `_self_`. See https://hydra.cc/docs/1.2/upgrades/1.0_to_1.1/default_composition_order for more information
  warnings.warn(msg, UserWarning)
/home/chenyiteng/venvs/rlinf-7d07-openpi-robotwin/lib/python3.11/site-packages/hydra/_internal/hydra.py:119: UserWarning: Future Hydra versions will no longer change working directory at job runtime by default.
See https://hydra.cc/docs/1.2/upgrades/1.1_to_1.2/changes_to_job_working_dir/ for more information.
  ret = run_job(
[INFO 03:54:11 RLinf] RLinf Ray code sync is enabled (py_modules=('/data/chenyiteng/projects/rlinf-shenzhen/worktrees/ppo-dvac-action-adv-fix/rlinf',)); workers receive only the rlinf package from the launch node. Disable with RLINF_CODE_WORKING_DIR=0.
2026-08-31 03:54:11,392	INFO worker.py:1683 -- Using address 172.17.0.1:6389 set in the environment variable RAY_ADDRESS
2026-08-31 03:54:11,399	INFO worker.py:1833 -- Connecting to existing Ray cluster at address: 172.17.0.1:6389...
2026-08-31 03:54:11,491	INFO worker.py:2015 -- Connected to Ray cluster. View the dashboard at [1m[32mhttp://127.0.0.1:8266 [39m[22m
[INFO 03:54:11 RLinf] Ray namespace conflict detected. Retrying to initialize Cluster with a new namespace (attempt 1).
[INFO 03:54:11 RLinf] RLinf Ray code sync is enabled (py_modules=('/data/chenyiteng/projects/rlinf-shenzhen/worktrees/ppo-dvac-action-adv-fix/rlinf',)); workers receive only the rlinf package from the launch node. Disable with RLINF_CODE_WORKING_DIR=0.
2026-08-31 03:54:11,884	INFO worker.py:1683 -- Using address 172.17.0.1:6389 set in the environment variable RAY_ADDRESS
2026-08-31 03:54:11,887	INFO worker.py:1833 -- Connecting to existing Ray cluster at address: 172.17.0.1:6389...
2026-08-31 03:54:11,944	INFO worker.py:2015 -- Connected to Ray cluster. View the dashboard at [1m[32mhttp://127.0.0.1:8266 [39m[22m
[INFO 03:54:14 RLinf] RLinf is running on a cluster with 1 node and 8 accelerators. The nodes' details are: 
node_labels: []
node_rank: 0
ray_id: 2730f38e60da6b4c0f68d8779893624a0917240589c544541c894c54
node_ip: 172.17.0.1
num_cpus: 128
python_interpreter_path: /home/chenyiteng/venvs/rlinf-7d07-openpi-robotwin/bin/python
hardware_resources:
- type: Accelerator
  infos:
  - type: Accelerator
    model: NV_GPU:H100 80GB HBM3
  - type: Accelerator
    model: NV_GPU:H100 80GB HBM3
  - type: Accelerator
    model: NV_GPU:H100 80GB HBM3
  - type: Accelerator
    model: NV_GPU:H100 80GB HBM3
  - type: Accelerator
    model: NV_GPU:H100 80GB HBM3
  - type: Accelerator
    model: NV_GPU:H100 80GB HBM3
  - type: Accelerator
    model: NV_GPU:H100 80GB HBM3
  - type: Accelerator
    model: NV_GPU:H100 80GB HBM3
profiler_backends: []

Node groups' details are: 
label: cluster
nodes: '0'
hardware_type: Accelerator
ignore_hardware: false
env_configs: null

label: node
nodes: '0'
hardware_type: null
ignore_hardware: true
env_configs: null

[36m(_RemoteNodeProbe pid=2515227)[0m /data/chenyiteng/projects/rlinf-shenzhen/worktrees/ppo-dvac-action-adv-fix/rlinf/scheduler/cluster/node.py:532: UserWarning: Python interpreter used to launch Ray on node with IP 172.17.0.1 is different from that on the head node /home/chenyiteng/venvs/rlinf-7d07-openpi-robotwin/bin/python. Keep using the current interpreter /home/chenyiteng/venvs/rlinf-7d07-openpi-robotwin/bin/python3 on this node.
[36m(_RemoteNodeProbe pid=2515227)[0m   warnings.warn(
[INFO 03:54:14 FlexiblePlacementStrategy] 
[INFO 03:54:14 FlexiblePlacementStrategy] Using flexible placement with hardware ranks: [[6], [7]], node groups: ['cluster'].
[INFO 03:54:14 FlexiblePlacementStrategy] 
[INFO 03:54:14 FlexiblePlacementStrategy] Using flexible placement with hardware ranks: [[6], [7]], node groups: ['cluster'].
{
  "env": {
    "train": {
      "env_type": "robotwin",
      "total_num_envs": 64,
      "auto_reset": false,
      "ignore_terminations": false,
      "reward_coef": 1.0,
      "use_custom_reward": true,
      "use_rel_reward": true,
      "center_crop": false,
      "seed": 0,
      "group_size": 1,
      "use_fixed_reset_state_ids": false,
      "max_steps_per_rollout_epoch": 200,
      "max_episode_steps": 200,
      "is_eval": false,
      "assets_path": "/data/chenyiteng/projects/rlinf-shenzhen/RoboTwin-RLinf-support",
      "seeds_path": "/data/chenyiteng/projects/rlinf-shenzhen/worktrees/ppo-dvac-action-adv-fix/rlinf/envs/robotwin/seeds/train_seeds.json",
      "video_cfg": {
        "save_video": true,
        "info_on_video": true,
        "video_base_dir": "/data/chenyiteng/results/rlinf-shenzhen/ppo/runs/ppo-dvac-action-adv-fix-w0p5to1p5-formal100-2gpu64x4-b1024-fixed32-eval5-phys67-localshard-v1/video/train"
      },
      "enable_offload": false,
      "task_config": {
        "task_name": "adjust_bottle",
        "step_lim": 200,
        "planner_backend": "mplib",
        "render_freq": 0,
        "episode_num": 100,
        "use_seed": false,
        "save_freq": 15,
        "embodiment": [
          "aloha-agilex"
        ],
        "language_num": 100,
        "domain_randomization": {
          "random_background": false,
          "cluttered_table": false,
          "clean_background_rate": 1,
          "random_head_camera_dis": 0,
          "random_table_height": 0,
          "random_light": false,
          "crazy_random_light_rate": 0
        },
        "camera": {
          "head_camera_type": "D435",
          "wrist_camera_type": "D435",
          "collect_head_camera": true,
          "collect_wrist_camera": true
        },
        "data_type": {
          "rgb": true,
          "third_view": false,
          "depth": false,
          "pointcloud": false,
          "observer": false,
          "endpose": false,
          "qpos": true,
          "mesh_segmentation": false,
          "actor_segmentation": false
        },
        "pcd_down_sample_num": 1024,
        "pcd_crop": true,
        "save_path": "/data/chenyiteng/results/rlinf-shenzhen/ppo/runs/ppo-dvac-action-adv-fix-w0p5to1p5-formal100-2gpu64x4-b1024-fixed32-eval5-phys67-localshard-v1/robotwin_data/train",
        "clear_cache_freq": 1,
        "collect_data": true,
        "eval_video_log": true
      },
      "rollout_epoch": 4
    },
    "eval": {
      "env_type": "robotwin",
      "total_num_envs": 32,
      "auto_reset": true,
      "ignore_terminations": true,
      "reward_coef": 1.0,
      "use_custom_reward": true,
      "use_rel_reward": true,
      "center_crop": false,
      "seed": 0,
      "group_size": 1,
      "use_fixed_reset_state_ids": true,
      "max_steps_per_rollout_epoch": 200,
      "max_episode_steps": 200,
      "is_eval": true,
      "assets_path": "/data/chenyiteng/projects/rlinf-shenzhen/RoboTwin-RLinf-support",
      "seeds_path": "/data/chenyiteng/projects/rlinf-shenzhen/worktrees/ppo-dvac-action-adv-fix/rlinf/envs/robotwin/seeds/eval_seeds.json",
      "video_cfg": {
        "save_video": true,
        "info_on_video": true,
        "video_base_dir": "/data/chenyiteng/results/rlinf-shenzhen/ppo/runs/ppo-dvac-action-adv-fix-w0p5to1p5-formal100-2gpu64x4-b1024-fixed32-eval5-phys67-localshard-v1/video/eval"
      },
      "enable_offload": false,
      "task_config": {
        "task_name": "adjust_bottle",
        "step_lim": 200,
        "planner_backend": "mplib",
        "render_freq": 0,
        "episode_num": 100,
        "use_seed": false,
        "save_freq": 15,
        "embodiment": [
          "aloha-agilex"
        ],
        "language_num": 100,
        "domain_randomization": {
          "random_background": false,
          "cluttered_table": false,
          "clean_background_rate": 1,
          "random_head_camera_dis": 0,
          "random_table_height": 0,
          "random_light": false,
          "crazy_random_light_rate": 0
        },
        "camera": {
          "head_camera_type": "D435",
          "wrist_camera_type": "D435",
          "collect_head_camera": true,
          "collect_wrist_camera": true
        },
        "data_type": {
          "rgb": true,
          "third_view": false,
          "depth": false,
          "pointcloud": false,
          "observer": false,
          "endpose": false,
          "qpos": true,
          "mesh_segmentation": false,
          "actor_segmentation": false
        },
        "pcd_down_sample_num": 1024,
        "pcd_crop": true,
        "save_path": "/data/chenyiteng/results/rlinf-shenzhen/ppo/runs/ppo-dvac-action-adv-fix-w0p5to1p5-formal100-2gpu64x4-b1024-fixed32-eval5-phys67-localshard-v1/robotwin_data/eval",
        "clear_cache_freq": 1,
        "collect_data": true,
        "eval_video_log": true
      },
      "rollout_epoch": 1
    },
    "group_name": "EnvGroup",
    "enable_offload": true
  },
  "actor": {
    "model": {
      "model_type": "openpi",
      "model_path": "/data/chenyiteng/models/rlinf/RLinf-Pi0-RoboTwin-SFT-adjust_bottle@92684e50",
      "precision": null,
      "num_action_chunks": 50,
      "action_dim": 14,
      "is_lora": false,
      "lora_rank": 32,
      "use_proprio": true,
      "num_steps": 4,
      "add_value_head": true,
      "openpi": {
        "config_name": "pi0_aloha_robotwin",
        "num_images_in_input": 3,
        "noise_level": 0.5,
        "action_chunk": 50,
        "num_steps": 4,
        "train_expert_only": true,
        "action_env_dim": 14,
        "noise_method": "flow_sde",
        "add_value_head": true,
        "detach_critic_input": true,
        "use_dsrl": false,
        "dsrl_state_dim": 8,
        "dsrl_action_noise_dim": 32,
        "dsrl_num_q_heads": 10,
        "dsrl_agg_q": "mean",
        "dsrl_image_latent_dim": 64,
        "dsrl_state_latent_dim": 64,
        "dsrl_hidden_dims": [
          128,
          128,
          128
        ]
      }
    },
    "fsdp_config": {
      "strategy": "fsdp",
      "sharding_strategy": "full_shard",
      "gradient_checkpointing": false,
      "cpu_offload": false,
      "offload_pin_memory": false,
      "reshard_after_forward": true,
      "enable_gradient_accumulation": true,
      "forward_prefetch": false,
      "limit_all_gathers": false,
      "backward_prefetch": null,
      "use_orig_params": false,
      "use_liger_kernel": false,
      "mixed_precision": {
        "param_dtype": null,
        "reduce_dtype": null,
        "buffer_dtype": null
      },
      "amp_autocast": {
        "enabled": false,
        "precision": "bf16"
      },
      "grad_scaler": {
        "enabled": false,
        "init_scale": null,
        "growth_interval": null
      },
      "checkpoint_format": "local_shard"
    },
    "group_name": "ActorGroup",
    "training_backend": "fsdp",
    "micro_batch_size": 32,
    "global_batch_size": 1024,
    "seed": 1234,
    "enable_offload": true,
    "optim": {
      "lr": 5.6e-06,
      "value_lr": 0.00011,
      "adam_beta1": 0.9,
      "adam_beta2": 0.95,
      "adam_eps": 1e-08,
      "weight_decay": 0.01,
      "clip_grad": 1.0,
      "critic_warmup_steps": 0
    }
  },
  "weight_syncer": {
    "type": "patch",
    "patch": {
      "snapshot_device": "cpu",
      "delta_encoding": true,
      "compression": "none",
      "init_sync": {
        "enabled": true,
        "prefixes": null,
        "bucket_size": 134217728
      }
    }
  },
  "cluster": {
    "num_nodes": 1,
    "component_placement": {
      "actor, env, rollout": "6,7"
    },
    "tracer": {
      "enable": false
    }
  },
  "runner": {
    "task_type": "embodied",
    "logger": {
      "log_path": "/data/chenyiteng/results/rlinf-shenzhen/ppo/runs/ppo-dvac-action-adv-fix-w0p5to1p5-formal100-2gpu64x4-b1024-fixed32-eval5-phys67-localshard-v1",
      "project_name": "rlinf",
      "experiment_name": "robotwin_ppo_dvac_action_adv_fix_w0p5to1p5_formal100_2gpu64x4_b1024_fixed32_eval5_phys67_localshard_v1",
      "logger_backends": [
        "tensorboard"
      ]
    },
    "max_epochs": 1000,
    "max_steps": 100,
    "only_eval": false,
    "val_check_interval": 5,
    "save_interval": 10,
    "resume_dir": null,
    "ckpt_path": null,
    "per_worker_log": false,
    "per_worker_log_path": null,
    "weight_sync_interval": 1,
    "overlap_env_bootstrap": false
  },
  "algorithm": {
    "normalize_advantages": true,
    "kl_penalty": "kl",
    "group_size": 1,
    "reward_coef": 1.0,
    "reward_type": "chunk_level",
    "logprob_type": "action_level",
    "entropy_type": "token_level",
    "update_epoch": 2,
    "adv_type": "gae",
    "loss_type": "actor_critic",
    "loss_agg_func": "token-mean",
    "kl_beta": 0.0,
    "entropy_bonus": 0,
    "clip_ratio_high": 0.2,
    "clip_ratio_low": 0.2,
    "clip_ratio_c": 3.0,
    "value_clip": 0.2,
    "huber_delta": 10.0,
    "gamma": 0.99,
    "gae_lambda": 0.95,
    "filter_rewards": false,
    "rewards_lower_bound": 0.1,
    "rewards_upper_bound": 0.9,
    "dvac_gradient_weighting": {
      "mode": "apply",
      "application": "action_advantage",
      "selected_l": 3,
      "warmup_steps": 1,
      "window_steps": 5,
      "log_eps": 1e-12,
      "std_floor": 1e-06,
      "z_clip": 2.0,
      "strength": 0.5,
      "weight_min": 0.5,
      "weight_max": 1.5,
      "save_step_tensors": true,
      "output_dir": "/data/chenyiteng/results/rlinf-shenzhen/ppo/runs/ppo-dvac-action-adv-fix-w0p5to1p5-formal100-2gpu64x4-b1024-fixed32-eval5-phys67-localshard-v1/robotwin_ppo_dvac_action_adv_fix_w0p5to1p5_formal100_2gpu64x4_b1024_fixed32_eval5_phys67_localshard_v1/dvac_train"
    }
  },
  "rollout": {
    "group_name": "RolloutGroup",
    "backend": "huggingface",
    "recompute_logprobs": false,
    "enable_offload": true,
    "pipeline_stage_num": 1,
    "model": {
      "model_path": "/data/chenyiteng/models/rlinf/RLinf-Pi0-RoboTwin-SFT-adjust_bottle@92684e50",
      "precision": null
    }
  },
  "reward": {
    "use_reward_model": false
  },
  "critic": {
    "use_critic_model": false
  }
}
[INFO 03:54:14 FlexiblePlacementStrategy] 
[INFO 03:54:14 FlexiblePlacementStrategy] Using flexible placement with hardware ranks: [[6], [7]], node groups: ['cluster'].
[INFO 03:54:14 FlexiblePlacementStrategy] Generated 2 placements: [Placement(rank=0, cluster_node_rank=0, placement_node_rank=0, local_accelerator_rank=6, accelerator_type='NV_GPU', local_rank=0, local_world_size=2, visible_accelerators=['6'], isolate_accelerator=True, local_hardware_ranks=[6], node_group_label='cluster'), Placement(rank=1, cluster_node_rank=0, placement_node_rank=0, local_accelerator_rank=7, accelerator_type='NV_GPU', local_rank=1, local_world_size=2, visible_accelerators=['7'], isolate_accelerator=True, local_hardware_ranks=[7], node_group_label='cluster')].
[INFO 03:54:14 FlexiblePlacementStrategy] Generated 2 placements: [Placement(rank=0, cluster_node_rank=0, placement_node_rank=0, local_accelerator_rank=6, accelerator_type='NV_GPU', local_rank=0, local_world_size=2, visible_accelerators=['6'], isolate_accelerator=True, local_hardware_ranks=[6], node_group_label='cluster'), Placement(rank=1, cluster_node_rank=0, placement_node_rank=0, local_accelerator_rank=7, accelerator_type='NV_GPU', local_rank=1, local_world_size=2, visible_accelerators=['7'], isolate_accelerator=True, local_hardware_ranks=[7], node_group_label='cluster')].
[INFO 03:54:14 FlexiblePlacementStrategy] Generated 2 placements: [Placement(rank=0, cluster_node_rank=0, placement_node_rank=0, local_accelerator_rank=6, accelerator_type='NV_GPU', local_rank=0, local_world_size=2, visible_accelerators=['6'], isolate_accelerator=True, local_hardware_ranks=[6], node_group_label='cluster'), Placement(rank=1, cluster_node_rank=0, placement_node_rank=0, local_accelerator_rank=7, accelerator_type='NV_GPU', local_rank=1, local_world_size=2, visible_accelerators=['7'], isolate_accelerator=True, local_hardware_ranks=[7], node_group_label='cluster')].
[INFO 03:54:14 NodePlacementStrategy] 
[INFO 03:54:14 NodePlacementStrategy] Using node placement with node ranks: [0], node groups: ['node'].
[INFO 03:54:14 NodePlacementStrategy] Generated 1 placements: [Placement(rank=0, cluster_node_rank=0, placement_node_rank=0, local_accelerator_rank='0', accelerator_type='NV_GPU', local_rank=0, local_world_size=1, visible_accelerators=['0', '1', '2', '3', '4', '5', '6', '7'], isolate_accelerator=True, local_hardware_ranks=[], node_group_label='cluster')].
[INFO 03:54:14 NodePlacementStrategy] 
[INFO 03:54:14 NodePlacementStrategy] Using node placement with node ranks: [0], node groups: ['node'].
[INFO 03:54:14 NodePlacementStrategy] Generated 1 placements: [Placement(rank=0, cluster_node_rank=0, placement_node_rank=0, local_accelerator_rank='0', accelerator_type='NV_GPU', local_rank=0, local_world_size=1, visible_accelerators=['0', '1', '2', '3', '4', '5', '6', '7'], isolate_accelerator=True, local_hardware_ranks=[], node_group_label='cluster')].
[INFO 03:54:14 NodePlacementStrategy] 
[INFO 03:54:14 NodePlacementStrategy] Using node placement with node ranks: [0], node groups: ['node'].
[INFO 03:54:14 NodePlacementStrategy] Generated 1 placements: [Placement(rank=0, cluster_node_rank=0, placement_node_rank=0, local_accelerator_rank='0', accelerator_type='NV_GPU', local_rank=0, local_world_size=1, visible_accelerators=['0', '1', '2', '3', '4', '5', '6', '7'], isolate_accelerator=True, local_hardware_ranks=[], node_group_label='cluster')].
WARNING: All log messages before absl::InitializeLog() is called are written to STDERR
I0000 00:00:1788148455.250723 2514344 port.cc:153] oneDNN custom operations are on. You may see slightly different numerical results due to floating-point round-off errors from different computation orders. To turn them off, set the environment variable `TF_ENABLE_ONEDNN_OPTS=0`.
I0000 00:00:1788148455.304344 2514344 cpu_feature_guard.cc:227] This TensorFlow binary is optimized to use available CPU instructions in performance-critical operations.
To enable the following instructions: AVX2 AVX512F AVX512_VNNI AVX512_BF16 AVX512_FP16 AVX_VNNI AMX_TILE AMX_INT8 AMX_BF16 FMA, in other operations, rebuild TensorFlow with the appropriate compiler flags.
WARNING: All log messages before absl::InitializeLog() is called are written to STDERR
I0000 00:00:1788148456.949445 2514344 port.cc:153] oneDNN custom operations are on. You may see slightly different numerical results due to floating-point round-off errors from different computation orders. To turn them off, set the environment variable `TF_ENABLE_ONEDNN_OPTS=0`.
[36m(EnvWorker pid=2515368)[0m [INFO 03:54:18 FlexiblePlacementStrategy] 
[36m(EnvWorker pid=2515368)[0m [INFO 03:54:18 FlexiblePlacementStrategy] Using flexible placement with hardware ranks: [[6], [7]], node groups: ['cluster'].
[36m(EnvWorker pid=2515372)[0m [INFO 03:54:19 FlexiblePlacementStrategy] 
[36m(EnvWorker pid=2515372)[0m [INFO 03:54:19 FlexiblePlacementStrategy] Using flexible placement with hardware ranks: [[6], [7]], node groups: ['cluster'].
[36m(MultiStepRolloutWorker pid=2515362)[0m [INFO 03:54:20 FlexiblePlacementStrategy] 
[36m(MultiStepRolloutWorker pid=2515362)[0m [INFO 03:54:20 FlexiblePlacementStrategy] Using flexible placement with hardware ranks: [[6], [7]], node groups: ['cluster'].
[36m(MultiStepRolloutWorker pid=2515365)[0m [INFO 03:54:20 FlexiblePlacementStrategy] 
[36m(MultiStepRolloutWorker pid=2515365)[0m [INFO 03:54:20 FlexiblePlacementStrategy] Using flexible placement with hardware ranks: [[6], [7]], node groups: ['cluster'].
[36m(EmbodiedFSDPActor pid=2515359)[0m [WARNING 03:54:21 ActorGroup-Rank-0][fsdp_model_manager.py:79] Provided there is sufficient GPU memory, set the actor.model.precision parameter to fp32 to allow the optimizer to run in fp32 for better convergence. Meanwhile, setting mixed_precision.param_dtype to 16-bit dtype can help maximize speed, as it will automatically convert fp32 to fp16 during operator execution.
[36m(EmbodiedFSDPActor pid=2515361)[0m [WARNING 03:54:21 ActorGroup-Rank-1][fsdp_model_manager.py:79] Provided there is sufficient GPU memory, set the actor.model.precision parameter to fp32 to allow the optimizer to run in fp32 for better convergence. Meanwhile, setting mixed_precision.param_dtype to 16-bit dtype can help maximize speed, as it will automatically convert fp32 to fp16 during operator execution.
[36m(RolloutGroup(rank=0) pid=2515362)[0m WARNING: All log messages before absl::InitializeLog() is called are written to STDERR
[36m(RolloutGroup(rank=0) pid=2515362)[0m I0000 00:00:1788148462.159765 2516431 port.cc:153] oneDNN custom operations are on. You may see slightly different numerical results due to floating-point round-off errors from different computation orders. To turn them off, set the environment variable `TF_ENABLE_ONEDNN_OPTS=0`.
[36m(RolloutGroup(rank=1) pid=2515365)[0m WARNING: All log messages before absl::InitializeLog() is called are written to STDERR
[36m(RolloutGroup(rank=1) pid=2515365)[0m I0000 00:00:1788148462.114801 2516387 port.cc:153] oneDNN custom operations are on. You may see slightly different numerical results due to floating-point round-off errors from different computation orders. To turn them off, set the environment variable `TF_ENABLE_ONEDNN_OPTS=0`.
[36m(RolloutGroup(rank=1) pid=2515365)[0m WARNING: All log messages before absl::InitializeLog() is called are written to STDERR
[36m(RolloutGroup(rank=1) pid=2515365)[0m I0000 00:00:1788148463.160146 2516387 port.cc:153] oneDNN custom operations are on. You may see slightly different numerical results due to floating-point round-off errors from different computation orders. To turn them off, set the environment variable `TF_ENABLE_ONEDNN_OPTS=0`.
[36m(RolloutGroup(rank=0) pid=2515362)[0m WARNING: All log messages before absl::InitializeLog() is called are written to STDERR
[36m(RolloutGroup(rank=0) pid=2515362)[0m I0000 00:00:1788148463.399499 2516431 port.cc:153] oneDNN custom operations are on. You may see slightly different numerical results due to floating-point round-off errors from different computation orders. To turn them off, set the environment variable `TF_ENABLE_ONEDNN_OPTS=0`.
[36m(EnvGroup(rank=0) pid=2515368)[0m [W831 03:54:30.072146608 socket.cpp:207] [c10d] The hostname of the client socket cannot be retrieved. err=-3
[36m(EmbodiedFSDPActor pid=2515361)[0m [INFO 03:54:32 FlexiblePlacementStrategy] 
[36m(EmbodiedFSDPActor pid=2515361)[0m [INFO 03:54:32 FlexiblePlacementStrategy] Using flexible placement with hardware ranks: [[6], [7]], node groups: ['cluster'].
[36m(EmbodiedFSDPActor pid=2515359)[0m [INFO 03:54:32 ActorGroup-Rank-0][fsdp_model_manager.py:133] [FSDP] AMP is disabled.
[36m(EmbodiedFSDPActor pid=2515361)[0m [INFO 03:54:32 ActorGroup-Rank-1][fsdp_model_manager.py:133] [FSDP] AMP is disabled.
[36m(EmbodiedFSDPActor pid=2515359)[0m [INFO 03:54:32 FlexiblePlacementStrategy] 
[36m(EmbodiedFSDPActor pid=2515359)[0m [INFO 03:54:32 FlexiblePlacementStrategy] Using flexible placement with hardware ranks: [[6], [7]], node groups: ['cluster'].
[36m(RolloutGroup(rank=1) pid=2515365)[0m INFO:root:Loaded norm stats from /data/chenyiteng/models/rlinf/RLinf-Pi0-RoboTwin-SFT-adjust_bottle@92684e50/physical-intelligence/robotwin
[36m(RolloutGroup(rank=1) pid=2515365)[0m INFO:root:Loaded norm stats from /data/chenyiteng/models/rlinf/RLinf-Pi0-RoboTwin-SFT-adjust_bottle@92684e50/physical-intelligence/robotwin
[36m(RolloutGroup(rank=0) pid=2515362)[0m INFO:root:Loaded norm stats from /data/chenyiteng/models/rlinf/RLinf-Pi0-RoboTwin-SFT-adjust_bottle@92684e50/physical-intelligence/robotwin
[36m(RolloutGroup(rank=0) pid=2515362)[0m INFO:root:Loaded norm stats from /data/chenyiteng/models/rlinf/RLinf-Pi0-RoboTwin-SFT-adjust_bottle@92684e50/physical-intelligence/robotwin
[36m(ActorGroup(rank=1) pid=2515361)[0m WARNING: All log messages before absl::InitializeLog() is called are written to STDERR
[36m(ActorGroup(rank=1) pid=2515361)[0m I0000 00:00:1788148509.258956 2516496 port.cc:153] oneDNN custom operations are on. You may see slightly different numerical results due to floating-point round-off errors from different computation orders. To turn them off, set the environment variable `TF_ENABLE_ONEDNN_OPTS=0`.
[36m(ActorGroup(rank=0) pid=2515359)[0m WARNING: All log messages before absl::InitializeLog() is called are written to STDERR
[36m(ActorGroup(rank=0) pid=2515359)[0m I0000 00:00:1788148509.454452 2516488 port.cc:153] oneDNN custom operations are on. You may see slightly different numerical results due to floating-point round-off errors from different computation orders. To turn them off, set the environment variable `TF_ENABLE_ONEDNN_OPTS=0`.
[36m(ActorGroup(rank=1) pid=2515361)[0m WARNING: All log messages before absl::InitializeLog() is called are written to STDERR
[36m(ActorGroup(rank=1) pid=2515361)[0m I0000 00:00:1788148510.500276 2516496 port.cc:153] oneDNN custom operations are on. You may see slightly different numerical results due to floating-point round-off errors from different computation orders. To turn them off, set the environment variable `TF_ENABLE_ONEDNN_OPTS=0`.
[36m(ActorGroup(rank=0) pid=2515359)[0m WARNING: All log messages before absl::InitializeLog() is called are written to STDERR
[36m(ActorGroup(rank=0) pid=2515359)[0m I0000 00:00:1788148511.045443 2516488 port.cc:153] oneDNN custom operations are on. You may see slightly different numerical results due to floating-point round-off errors from different computation orders. To turn them off, set the environment variable `TF_ENABLE_ONEDNN_OPTS=0`.
[36m(ActorGroup(rank=1) pid=2515361)[0m INFO:root:Loaded norm stats from /data/chenyiteng/models/rlinf/RLinf-Pi0-RoboTwin-SFT-adjust_bottle@92684e50/physical-intelligence/robotwin
[36m(ActorGroup(rank=1) pid=2515361)[0m INFO:root:Loaded norm stats from /data/chenyiteng/models/rlinf/RLinf-Pi0-RoboTwin-SFT-adjust_bottle@92684e50/physical-intelligence/robotwin
[36m(ActorGroup(rank=1) pid=2515361)[0m [INFO 03:55:51 ActorGroup-Rank-1][fsdp_model_manager.py:294] [FSDP] Gradient checkpointing is disabled
[36m(ActorGroup(rank=0) pid=2515359)[0m INFO:root:Loaded norm stats from /data/chenyiteng/models/rlinf/RLinf-Pi0-RoboTwin-SFT-adjust_bottle@92684e50/physical-intelligence/robotwin
[36m(ActorGroup(rank=0) pid=2515359)[0m INFO:root:Loaded norm stats from /data/chenyiteng/models/rlinf/RLinf-Pi0-RoboTwin-SFT-adjust_bottle@92684e50/physical-intelligence/robotwin
[36m(ActorGroup(rank=0) pid=2515359)[0m [INFO 03:56:00 ActorGroup-Rank-0][fsdp_model_manager.py:294] [FSDP] Gradient checkpointing is disabled
[36m(RolloutGroup(rank=0) pid=2515362)[0m Generating Rollout Epochs:   0%|          | 0/4 [00:00<?, ?it/s]
[36m(RolloutGroup(rank=0) pid=2515362)[0m Generating Rollout Epochs:  25%|██▌       | 1/4 [06:10<18:32, 370.95s/it]
[36m(RolloutGroup(rank=0) pid=2515362)[0m Generating Rollout Epochs:  50%|█████     | 2/4 [12:05<12:03, 361.59s/it]
[36m(RolloutGroup(rank=0) pid=2515362)[0m Generating Rollout Epochs:  75%|███████▌  | 3/4 [17:58<05:57, 357.61s/it]
[36m(RolloutGroup(rank=0) pid=2515362)[0m Generating Rollout Epochs: 100%|██████████| 4/4 [24:03<00:00, 360.22s/it]Generating Rollout Epochs: 100%|██████████| 4/4 [24:03<00:00, 360.77s/it]

╭──────────────────────────────────────────────────────────────────────────────────────────────────────────────────────╮
├──────────────────────────────────────────────────── Metric Table ────────────────────────────────────────────────────┤
│ Global Step:    1/100 │ Progress: ░░░░░░░░░░░░░░░░░░░░░░░░░░░░░░░░░░░░░░░░ │   1.0%                                  │
│ Elapsed: 25:12 │ ETA: 41:36:09 │ Step Time: 1512.822s                                                                │
├──────────────────────────────────────────────────────── Time ────────────────────────────────────────────────────────┤
│                                                                                                                      │
│actor/actor/compute_adv=0.032          │actor/actor/recv_traj=1484.3           │actor/actor/sync_model_to_rollout=6.5…│
│actor/run_training=21.771              │actor_training=21.775                  │cal_adv_and_returns=0.036             │
│env/compute_bootstrap_rewards=0.0020   │env/env/bootstrap_step=1072.9          │env/env/send_rollout_trajectories=1.0…│
│env/env_interact_step=381.8            │env/interact=1483.3                    │env/run_interact_once=1483.3          │
│generate_rollouts=1484.4               │rollout/generate_one_epoch=1478.7      │rollout/predict=11.113                │
│rollout/rollout/generate=1484.0        │rollout/sync_model_from_actor=5.688    │step=1512.8                           │
│sync_weights=6.601                     │                                       │                                      │
│                                                                                                                      │
├──────────────────────────────────────────────────── Environment ─────────────────────────────────────────────────────┤
│                                                                                                                      │
│episode_len=200.0                      │num_trajectories=256                   │return=0.671875                       │
│reward=0.003359375                     │success_once=0.671875                  │                                      │
│                                                                                                                      │
├────────────────────────────────────────────────────── Rollout ───────────────────────────────────────────────────────┤
│                                                                                                                      │
│advantages_max=1.342                   │advantages_mean=-8.95e-09              │advantages_min=-1.997                 │
│returns_max=1.000                      │returns_mean=0.597                     │returns_min=0.0000                    │
│rewards=0.0040                         │                                       │                                      │
│                                                                                                                      │
├─────────────────────────────────────────────────── Training/Actor ───────────────────────────────────────────────────┤
│                                                                                                                      │
│actor/approx_kl=0.039                  │actor/clip_fraction=0.0071             │actor/clipped_ratio=1.000             │
│actor/dual_cliped_ratio=0.0000         │actor/dvac_current_mean=-4.391         │actor/dvac_current_std=0.705          │
│actor/dvac_history_mean=0.0000         │actor/dvac_history_std=0.0000          │actor/dvac_warmup=1.000               │
│actor/dvac_weight_ess_fraction=1.000   │actor/dvac_weight_mean=1.000           │actor/dvac_weight_sq_mean=1.000       │
│actor/dvac_z_high_clip_fraction=0.0000 │actor/dvac_z_low_clip_fraction=0.0000  │actor/entropy_loss=0.0000             │
│actor/grad_norm=39.555                 │actor/lr=5.60e-06                      │actor/policy_loss=-6.563              │
│actor/policy_loss_abs=45.660           │actor/ratio=1.000                      │actor/ratio_abs=0.018                 │
│actor/total_loss=-0.402                │                                       │                                      │
│                                                                                                                      │
├────────────────────────────────────────────────── Training/Critic ───────────────────────────────────────────────────┤
│                                                                                                                      │
│critic/explained_variance=-0.197       │critic/lr=1.10e-04                     │critic/value_clip_ratio=0.100         │
│critic/value_loss=0.128                │                                       │                                      │
│                                                                                                                      │
╰──────────────────────────────────────────────────────────────────────────────────────────────────────────────────────╯

[36m(RolloutGroup(rank=0) pid=2515362)[0m Generating Rollout Epochs:   0%|          | 0/4 [00:00<?, ?it/s]
[36m(RolloutGroup(rank=0) pid=2515362)[0m Generating Rollout Epochs:  25%|██▌       | 1/4 [05:25<16:17, 325.70s/it]
[36m(RolloutGroup(rank=0) pid=2515362)[0m Generating Rollout Epochs:  50%|█████     | 2/4 [10:56<10:57, 328.81s/it]
[36m(RolloutGroup(rank=0) pid=2515362)[0m Generating Rollout Epochs:  75%|███████▌  | 3/4 [16:11<05:22, 322.34s/it]
[36m(RolloutGroup(rank=0) pid=2515362)[0m Generating Rollout Epochs: 100%|██████████| 4/4 [21:29<00:00, 320.78s/it]Generating Rollout Epochs: 100%|██████████| 4/4 [21:29<00:00, 322.43s/it]

╭──────────────────────────────────────────────────────────────────────────────────────────────────────────────────────╮
├──────────────────────────────────────────────────── Metric Table ────────────────────────────────────────────────────┤
│ Global Step:    2/100 │ Progress: ░░░░░░░░░░░░░░░░░░░░░░░░░░░░░░░░░░░░░░░░ │   2.0%                                  │
│ Elapsed: 48:25 │ ETA: 39:32:30 │ Step Time: 1452.552s                                                                │
├──────────────────────────────────────────────────────── Time ────────────────────────────────────────────────────────┤
│                                                                                                                      │
│actor/actor/compute_adv=0.0066         │actor/actor/recv_traj=1369.3           │actor/actor/sync_model_to_rollout=1.6…│
│actor/run_training=20.750              │actor_training=20.753                  │cal_adv_and_returns=0.011             │
│env/compute_bootstrap_rewards=0.0022   │env/env/bootstrap_step=964.0           │env/env/send_rollout_trajectories=1.1…│
│env/env_interact_step=385.6            │env/interact=1368.6                    │env/run_interact_once=1368.6          │
│generate_rollouts=1369.3               │rollout/generate_one_epoch=1362.6      │rollout/predict=10.211                │
│rollout/rollout/generate=1367.6        │rollout/sync_model_from_actor=2.156    │step=1392.3                           │
│sync_weights=2.159                     │                                       │                                      │
│                                                                                                                      │
├──────────────────────────────────────────────────── Environment ─────────────────────────────────────────────────────┤
│                                                                                                                      │
│episode_len=200.0                      │num_trajectories=256                   │return=0.703125                       │
│reward=0.0035156247                    │success_once=0.703125                  │                                      │
│                                                                                                                      │
├────────────────────────────────────────────────────── Rollout ───────────────────────────────────────────────────────┤
│                                                                                                                      │
│advantages_max=1.155                   │advantages_mean=-1.86e-08              │advantages_min=-2.047                 │
│returns_max=1.000                      │returns_mean=0.645                     │returns_min=0.0000                    │
│rewards=0.0043                         │                                       │                                      │
│                                                                                                                      │
├─────────────────────────────────────────────────── Training/Actor ───────────────────────────────────────────────────┤
│                                                                                                                      │
│actor/approx_kl=0.012                  │actor/clip_fraction=9.87e-04           │actor/clipped_ratio=1.000             │
│actor/dual_cliped_ratio=0.0000         │actor/dvac_current_mean=-4.332         │actor/dvac_current_std=0.707          │
│actor/dvac_history_mean=-4.391         │actor/dvac_history_std=0.705           │actor/dvac_warmup=0.0000              │
│actor/dvac_weight_ess_fraction=0.951   │actor/dvac_weight_mean=1.014           │actor/dvac_weight_sq_mean=1.082       │
│actor/dvac_z_high_clip_fraction=0.038  │actor/dvac_z_low_clip_fraction=0.0057  │actor/entropy_loss=0.0000             │
│actor/grad_norm=38.581                 │actor/lr=5.60e-06                      │actor/policy_loss=-5.334              │
│actor/policy_loss_abs=47.568           │actor/ratio=1.000                      │actor/ratio_abs=0.010                 │
│actor/total_loss=-0.328                │                                       │                                      │
│                                                                                                                      │
├────────────────────────────────────────────────── Training/Critic ───────────────────────────────────────────────────┤
│                                                                                                                      │
│critic/explained_variance=-0.026       │critic/lr=1.10e-04                     │critic/value_clip_ratio=0.0000        │
│critic/value_loss=0.093                │                                       │                                      │
│                                                                                                                      │
╰──────────────────────────────────────────────────────────────────────────────────────────────────────────────────────╯

[36m(RolloutGroup(rank=0) pid=2515362)[0m Generating Rollout Epochs:   0%|          | 0/4 [00:00<?, ?it/s]
[36m(RolloutGroup(rank=0) pid=2515362)[0m Generating Rollout Epochs:  25%|██▌       | 1/4 [05:26<16:19, 326.66s/it]
[36m(RolloutGroup(rank=0) pid=2515362)[0m Generating Rollout Epochs:  50%|█████     | 2/4 [11:20<11:25, 342.84s/it]
[36m(RolloutGroup(rank=0) pid=2515362)[0m Generating Rollout Epochs:  75%|███████▌  | 3/4 [17:15<05:48, 348.21s/it]
[36m(RolloutGroup(rank=0) pid=2515362)[0m Generating Rollout Epochs: 100%|██████████| 4/4 [22:55<00:00, 345.15s/it]Generating Rollout Epochs: 100%|██████████| 4/4 [22:55<00:00, 343.97s/it]

╭──────────────────────────────────────────────────────────────────────────────────────────────────────────────────────╮
├──────────────────────────────────────────────────── Metric Table ────────────────────────────────────────────────────┤
│ Global Step:    3/100 │ Progress: █░░░░░░░░░░░░░░░░░░░░░░░░░░░░░░░░░░░░░░░ │   3.0%                                  │
│ Elapsed: 01:12:45 │ ETA: 39:12:16 │ Step Time: 1455.020s                                                             │
├──────────────────────────────────────────────────────── Time ────────────────────────────────────────────────────────┤
│                                                                                                                      │
│actor/actor/compute_adv=0.0081         │actor/actor/recv_traj=1436.1           │actor/actor/sync_model_to_rollout=1.6…│
│actor/run_training=21.658              │actor_training=21.663                  │cal_adv_and_returns=0.015             │
│env/compute_bootstrap_rewards=0.0022   │env/env/bootstrap_step=1002.1          │env/env/send_rollout_trajectories=1.1…│
│env/env_interact_step=394.6            │env/interact=1435.2                    │env/run_interact_once=1435.2          │
│generate_rollouts=1436.1               │rollout/generate_one_epoch=1427.0      │rollout/predict=10.291                │
│rollout/rollout/generate=1433.0        │rollout/sync_model_from_actor=2.125    │step=1459.9                           │
│sync_weights=2.128                     │                                       │                                      │
│                                                                                                                      │
├──────────────────────────────────────────────────── Environment ─────────────────────────────────────────────────────┤
│                                                                                                                      │
│episode_len=200.0                      │num_trajectories=256                   │return=0.71484375                     │
│reward=0.0035742186                    │success_once=0.71484375                │                                      │
│                                                                                                                      │
├────────────────────────────────────────────────────── Rollout ───────────────────────────────────────────────────────┤
│                                                                                                                      │
│advantages_max=1.142                   │advantages_mean=1.58e-08               │advantages_min=-1.801                 │
│returns_max=1.000                      │returns_mean=0.653                     │returns_min=0.0000                    │
│rewards=0.0043                         │                                       │                                      │
│                                                                                                                      │
├─────────────────────────────────────────────────── Training/Actor ───────────────────────────────────────────────────┤
│                                                                                                                      │
│actor/approx_kl=0.033                  │actor/clip_fraction=9.22e-04           │actor/clipped_ratio=1.000             │
│actor/dual_cliped_ratio=0.0000         │actor/dvac_current_mean=-4.394         │actor/dvac_current_std=0.702          │
│actor/dvac_history_mean=-4.361         │actor/dvac_history_std=0.707           │actor/dvac_warmup=0.0000              │
│actor/dvac_weight_ess_fraction=0.948   │actor/dvac_weight_mean=0.983           │actor/dvac_weight_sq_mean=1.018       │
│actor/dvac_z_high_clip_fraction=0.030  │actor/dvac_z_low_clip_fraction=0.0061  │actor/entropy_loss=0.0000             │
│actor/grad_norm=38.218                 │actor/lr=5.60e-06                      │actor/policy_loss=-5.093              │
│actor/policy_loss_abs=46.230           │actor/ratio=1.000                      │actor/ratio_abs=0.012                 │
│actor/total_loss=-0.313                │                                       │                                      │
│                                                                                                                      │
├────────────────────────────────────────────────── Training/Critic ───────────────────────────────────────────────────┤
│                                                                                                                      │
│critic/explained_variance=0.031        │critic/lr=1.10e-04                     │critic/value_clip_ratio=0.0000        │
│critic/value_loss=0.087                │                                       │                                      │
│                                                                                                                      │
╰──────────────────────────────────────────────────────────────────────────────────────────────────────────────────────╯

[36m(RolloutGroup(rank=0) pid=2515362)[0m Generating Rollout Epochs:   0%|          | 0/4 [00:00<?, ?it/s]
[36m(RolloutGroup(rank=0) pid=2515362)[0m Generating Rollout Epochs:  25%|██▌       | 1/4 [05:38<16:55, 338.39s/it]
[36m(RolloutGroup(rank=0) pid=2515362)[0m Generating Rollout Epochs:  50%|█████     | 2/4 [11:15<11:15, 337.78s/it]
[36m(RolloutGroup(rank=0) pid=2515362)[0m Generating Rollout Epochs:  75%|███████▌  | 3/4 [16:53<05:37, 337.69s/it]
[36m(RolloutGroup(rank=0) pid=2515362)[0m Generating Rollout Epochs: 100%|██████████| 4/4 [23:01<00:00, 349.91s/it]Generating Rollout Epochs: 100%|██████████| 4/4 [23:01<00:00, 345.49s/it]

╭──────────────────────────────────────────────────────────────────────────────────────────────────────────────────────╮
├──────────────────────────────────────────────────── Metric Table ────────────────────────────────────────────────────┤
│ Global Step:    4/100 │ Progress: █░░░░░░░░░░░░░░░░░░░░░░░░░░░░░░░░░░░░░░░ │   4.0%                                  │
│ Elapsed: 01:36:47 │ ETA: 38:42:48 │ Step Time: 1451.755s                                                             │
├──────────────────────────────────────────────────────── Time ────────────────────────────────────────────────────────┤
│                                                                                                                      │
│actor/actor/compute_adv=0.010          │actor/actor/recv_traj=1416.4           │actor/actor/sync_model_to_rollout=1.6…│
│actor/run_training=23.356              │actor_training=23.362                  │cal_adv_and_returns=0.017             │
│env/compute_bootstrap_rewards=0.0021   │env/env/bootstrap_step=1015.1          │env/env/send_rollout_trajectories=1.1…│
│env/env_interact_step=377.3            │env/interact=1415.4                    │env/run_interact_once=1415.4          │
│generate_rollouts=1416.5               │rollout/generate_one_epoch=1407.1      │rollout/predict=10.262                │
│rollout/rollout/generate=1413.1        │rollout/sync_model_from_actor=2.086    │step=1441.9                           │
│sync_weights=2.090                     │                                       │                                      │
│                                                                                                                      │
├──────────────────────────────────────────────────── Environment ─────────────────────────────────────────────────────┤
│                                                                                                                      │
│episode_len=200.0                      │num_trajectories=256                   │return=0.72265625                     │
│reward=0.003613281                     │success_once=0.72265625                │                                      │
│                                                                                                                      │
├────────────────────────────────────────────────────── Rollout ───────────────────────────────────────────────────────┤
│                                                                                                                      │
│advantages_max=1.124                   │advantages_mean=-1.25e-08              │advantages_min=-1.976                 │
│returns_max=1.000                      │returns_mean=0.660                     │returns_min=0.0000                    │
│rewards=0.0044                         │                                       │                                      │
│                                                                                                                      │
├─────────────────────────────────────────────────── Training/Actor ───────────────────────────────────────────────────┤
│                                                                                                                      │
│actor/approx_kl=0.0045                 │actor/clip_fraction=2.83e-04           │actor/clipped_ratio=1.000             │
│actor/dual_cliped_ratio=0.0000         │actor/dvac_current_mean=-4.309         │actor/dvac_current_std=0.678          │
│actor/dvac_history_mean=-4.372         │actor/dvac_history_std=0.705           │actor/dvac_warmup=0.0000              │
│actor/dvac_weight_ess_fraction=0.954   │actor/dvac_weight_mean=1.016           │actor/dvac_weight_sq_mean=1.082       │
│actor/dvac_z_high_clip_fraction=0.036  │actor/dvac_z_low_clip_fraction=0.0031  │actor/entropy_loss=0.0000             │
│actor/grad_norm=36.085                 │actor/lr=5.60e-06                      │actor/policy_loss=-5.768              │
│actor/policy_loss_abs=47.137           │actor/ratio=1.000                      │actor/ratio_abs=0.0095                │
│actor/total_loss=-0.355                │                                       │                                      │
│                                                                                                                      │
├────────────────────────────────────────────────── Training/Critic ───────────────────────────────────────────────────┤
│                                                                                                                      │
│critic/explained_variance=0.087        │critic/lr=1.10e-04                     │critic/value_clip_ratio=0.0000        │
│critic/value_loss=0.080                │                                       │                                      │
│                                                                                                                      │
╰──────────────────────────────────────────────────────────────────────────────────────────────────────────────────────╯

[36m(RolloutGroup(rank=0) pid=2515362)[0m Generating Rollout Epochs:   0%|          | 0/4 [00:00<?, ?it/s]
[36m(RolloutGroup(rank=0) pid=2515362)[0m Generating Rollout Epochs:  25%|██▌       | 1/4 [05:28<16:26, 328.94s/it]
[36m(RolloutGroup(rank=0) pid=2515362)[0m Generating Rollout Epochs:  50%|█████     | 2/4 [10:46<10:43, 321.97s/it]
[36m(RolloutGroup(rank=0) pid=2515362)[0m Generating Rollout Epochs:  75%|███████▌  | 3/4 [16:08<05:22, 322.32s/it]
[36m(RolloutGroup(rank=0) pid=2515362)[0m Generating Rollout Epochs: 100%|██████████| 4/4 [21:56<00:00, 332.32s/it]Generating Rollout Epochs: 100%|██████████| 4/4 [21:56<00:00, 329.11s/it]
[36m(RolloutGroup(rank=0) pid=2515362)[0m Evaluating Rollout Epochs:   0%|          | 0/1 [00:00<?, ?it/s]
[36m(RolloutGroup(rank=0) pid=2515362)[0m Evaluating Rollout Epochs: 100%|██████████| 1/1 [02:17<00:00, 137.85s/it]Evaluating Rollout Epochs: 100%|██████████| 1/1 [02:17<00:00, 137.85s/it]

╭──────────────────────────────────────────────────────────────────────────────────────────────────────────────────────╮
├──────────────────────────────────────────────────── Metric Table ────────────────────────────────────────────────────┤
│ Global Step:    5/100 │ Progress: ██░░░░░░░░░░░░░░░░░░░░░░░░░░░░░░░░░░░░░░ │   5.0%                                  │
│ Elapsed: 02:04:46 │ ETA: 39:30:35 │ Step Time: 1497.218s                                                             │
├──────────────────────────────────────────────────────── Time ────────────────────────────────────────────────────────┤
│                                                                                                                      │
│actor/actor/compute_adv=0.010          │actor/actor/recv_traj=1383.1           │actor/actor/sync_model_to_rollout=3.7…│
│actor/run_training=20.235              │actor_training=20.239                  │cal_adv_and_returns=0.016             │
│env/compute_bootstrap_rewards=0.0020   │env/env/bootstrap_step=989.3           │env/env/send_rollout_trajectories=1.0…│
│env/env_interact_step=354.7            │env/evaluate=270.9                     │env/interact=1382.0                   │
│env/run_interact_once=1382.0           │eval=273.0                             │generate_rollouts=1383.1              │
│rollout/evaluate=154.8                 │rollout/generate_one_epoch=1373.8      │rollout/predict=11.115                │
│rollout/rollout/generate=1379.8        │rollout/sync_model_from_actor=4.662    │step=1679.0                           │
│sync_weights=2.624                     │                                       │                                      │
│                                                                                                                      │
├──────────────────────────────────────────────────── Environment ─────────────────────────────────────────────────────┤
│                                                                                                                      │
│episode_len=200.0                      │num_trajectories=256                   │return=0.7421875                      │
│reward=0.0037109375                    │success_once=0.7421875                 │                                      │
│                                                                                                                      │
├────────────────────────────────────────────────────── Rollout ───────────────────────────────────────────────────────┤
│                                                                                                                      │
│advantages_max=1.089                   │advantages_mean=8.00e-09               │advantages_min=-1.895                 │
│returns_max=1.000                      │returns_mean=0.683                     │returns_min=0.0000                    │
│rewards=0.0046                         │                                       │                                      │
│                                                                                                                      │
├───────────────────────────────────────────────────── Evaluation ─────────────────────────────────────────────────────┤
│                                                                                                                      │
│episode_len=200.0                      │num_trajectories=32                    │return=0.75                           │
│reward=0.0037499997                    │success_at_end=0.75                    │success_once=0.75                     │
│                                                                                                                      │
├─────────────────────────────────────────────────── Training/Actor ───────────────────────────────────────────────────┤
│                                                                                                                      │
│actor/approx_kl=0.0010                 │actor/clip_fraction=2.42e-04           │actor/clipped_ratio=1.000             │
│actor/dual_cliped_ratio=0.0000         │actor/dvac_current_mean=-4.314         │actor/dvac_current_std=0.660          │
│actor/dvac_history_mean=-4.356         │actor/dvac_history_std=0.699           │actor/dvac_warmup=0.0000              │
│actor/dvac_weight_ess_fraction=0.955   │actor/dvac_weight_mean=1.009           │actor/dvac_weight_sq_mean=1.067       │
│actor/dvac_z_high_clip_fraction=0.031  │actor/dvac_z_low_clip_fraction=0.0026  │actor/entropy_loss=0.0000             │
│actor/grad_norm=39.354                 │actor/lr=5.60e-06                      │actor/policy_loss=-5.241              │
│actor/policy_loss_abs=46.058           │actor/ratio=1.000                      │actor/ratio_abs=0.0089                │
│actor/total_loss=-0.323                │                                       │                                      │
│                                                                                                                      │
├────────────────────────────────────────────────── Training/Critic ───────────────────────────────────────────────────┤
│                                                                                                                      │
│critic/explained_variance=0.170        │critic/lr=1.10e-04                     │critic/value_clip_ratio=0.0000        │
│critic/value_loss=0.070                │                                       │                                      │
│                                                                                                                      │
╰──────────────────────────────────────────────────────────────────────────────────────────────────────────────────────╯

[36m(RolloutGroup(rank=0) pid=2515362)[0m Generating Rollout Epochs:   0%|          | 0/4 [00:00<?, ?it/s]
[36m(RolloutGroup(rank=0) pid=2515362)[0m Generating Rollout Epochs:  25%|██▌       | 1/4 [05:33<16:39, 333.32s/it]
[36m(RolloutGroup(rank=0) pid=2515362)[0m Generating Rollout Epochs:  50%|█████     | 2/4 [11:23<11:26, 343.28s/it]
[36m(RolloutGroup(rank=0) pid=2515362)[0m Generating Rollout Epochs:  75%|███████▌  | 3/4 [18:26<06:19, 379.51s/it]
[36m(RolloutGroup(rank=0) pid=2515362)[0m Generating Rollout Epochs: 100%|██████████| 4/4 [24:58<00:00, 384.69s/it]Generating Rollout Epochs: 100%|██████████| 4/4 [24:58<00:00, 374.71s/it]

╭──────────────────────────────────────────────────────────────────────────────────────────────────────────────────────╮
├──────────────────────────────────────────────────── Metric Table ────────────────────────────────────────────────────┤
│ Global Step:    6/100 │ Progress: ██░░░░░░░░░░░░░░░░░░░░░░░░░░░░░░░░░░░░░░ │   6.0%                                  │
│ Elapsed: 02:30:59 │ ETA: 39:25:36 │ Step Time: 1509.959s                                                             │
├──────────────────────────────────────────────────────── Time ────────────────────────────────────────────────────────┤
│                                                                                                                      │
│actor/actor/compute_adv=0.0088         │actor/actor/recv_traj=1548.4           │actor/actor/sync_model_to_rollout=1.8…│
│actor/run_training=23.319              │actor_training=23.324                  │cal_adv_and_returns=0.015             │
│env/compute_bootstrap_rewards=0.0021   │env/env/bootstrap_step=1126.1          │env/env/send_rollout_trajectories=1.3…│
│env/env_interact_step=368.7            │env/interact=1547.5                    │env/run_interact_once=1547.5          │
│generate_rollouts=1548.4               │rollout/generate_one_epoch=1534.5      │rollout/predict=10.193                │
│rollout/rollout/generate=1541.6        │rollout/sync_model_from_actor=1.726    │step=1573.6                           │
│sync_weights=1.884                     │                                       │                                      │
│                                                                                                                      │
├──────────────────────────────────────────────────── Environment ─────────────────────────────────────────────────────┤
│                                                                                                                      │
│episode_len=200.0                      │num_trajectories=256                   │return=0.71875                        │
│reward=0.00359375                      │success_once=0.71875                   │                                      │
│                                                                                                                      │
├────────────────────────────────────────────────────── Rollout ───────────────────────────────────────────────────────┤
│                                                                                                                      │
│advantages_max=1.221                   │advantages_mean=7.95e-09               │advantages_min=-2.138                 │
│returns_max=1.000                      │returns_mean=0.660                     │returns_min=0.0000                    │
│rewards=0.0044                         │                                       │                                      │
│                                                                                                                      │
├─────────────────────────────────────────────────── Training/Actor ───────────────────────────────────────────────────┤
│                                                                                                                      │
│actor/approx_kl=0.0046                 │actor/clip_fraction=4.11e-04           │actor/clipped_ratio=1.000             │
│actor/dual_cliped_ratio=0.0000         │actor/dvac_current_mean=-4.309         │actor/dvac_current_std=0.666          │
│actor/dvac_history_mean=-4.348         │actor/dvac_history_std=0.692           │actor/dvac_warmup=0.0000              │
│actor/dvac_weight_ess_fraction=0.954   │actor/dvac_weight_mean=1.007           │actor/dvac_weight_sq_mean=1.063       │
│actor/dvac_z_high_clip_fraction=0.036  │actor/dvac_z_low_clip_fraction=0.0019  │actor/entropy_loss=0.0000             │
│actor/grad_norm=46.576                 │actor/lr=5.60e-06                      │actor/policy_loss=-5.490              │
│actor/policy_loss_abs=46.770           │actor/ratio=1.000                      │actor/ratio_abs=0.0095                │
│actor/total_loss=-0.339                │                                       │                                      │
│                                                                                                                      │
├────────────────────────────────────────────────── Training/Critic ───────────────────────────────────────────────────┤
│                                                                                                                      │
│critic/explained_variance=0.210        │critic/lr=1.10e-04                     │critic/value_clip_ratio=0.0000        │
│critic/value_loss=0.071                │                                       │                                      │
│                                                                                                                      │
╰──────────────────────────────────────────────────────────────────────────────────────────────────────────────────────╯

[36m(RolloutGroup(rank=0) pid=2515362)[0m Generating Rollout Epochs:   0%|          | 0/4 [00:00<?, ?it/s]
[36m(RolloutGroup(rank=0) pid=2515362)[0m Generating Rollout Epochs:  25%|██▌       | 1/4 [06:05<18:17, 365.74s/it]
[36m(RolloutGroup(rank=0) pid=2515362)[0m Generating Rollout Epochs:  50%|█████     | 2/4 [12:03<12:02, 361.20s/it]
[36m(RolloutGroup(rank=0) pid=2515362)[0m Generating Rollout Epochs:  75%|███████▌  | 3/4 [17:30<05:45, 345.36s/it]
[36m(RolloutGroup(rank=0) pid=2515362)[0m Generating Rollout Epochs: 100%|██████████| 4/4 [23:28<00:00, 350.53s/it]Generating Rollout Epochs: 100%|██████████| 4/4 [23:28<00:00, 352.18s/it]

╭──────────────────────────────────────────────────────────────────────────────────────────────────────────────────────╮
├──────────────────────────────────────────────────── Metric Table ────────────────────────────────────────────────────┤
│ Global Step:    7/100 │ Progress: ██░░░░░░░░░░░░░░░░░░░░░░░░░░░░░░░░░░░░░░ │   7.0%                                  │
│ Elapsed: 02:55:44 │ ETA: 38:54:52 │ Step Time: 1506.368s                                                             │
├──────────────────────────────────────────────────────── Time ────────────────────────────────────────────────────────┤
│                                                                                                                      │
│actor/actor/compute_adv=0.0070         │actor/actor/recv_traj=1459.0           │actor/actor/sync_model_to_rollout=1.9…│
│actor/run_training=23.263              │actor_training=23.268                  │cal_adv_and_returns=0.013             │
│env/compute_bootstrap_rewards=0.0019   │env/env/bootstrap_step=1057.9          │env/env/send_rollout_trajectories=1.3…│
│env/env_interact_step=354.9            │env/interact=1458.1                    │env/run_interact_once=1458.1          │
│generate_rollouts=1459.1               │rollout/generate_one_epoch=1444.3      │rollout/predict=9.957                 │
│rollout/rollout/generate=1452.5        │rollout/sync_model_from_actor=2.449    │step=1484.8                           │
│sync_weights=2.453                     │                                       │                                      │
│                                                                                                                      │
├──────────────────────────────────────────────────── Environment ─────────────────────────────────────────────────────┤
│                                                                                                                      │
│episode_len=200.0                      │num_trajectories=256                   │return=0.67578125                     │
│reward=0.003378906                     │success_once=0.67578125                │                                      │
│                                                                                                                      │
├────────────────────────────────────────────────────── Rollout ───────────────────────────────────────────────────────┤
│                                                                                                                      │
│advantages_max=1.376                   │advantages_mean=2.63e-08               │advantages_min=-2.099                 │
│returns_max=1.000                      │returns_mean=0.614                     │returns_min=0.0000                    │
│rewards=0.0041                         │                                       │                                      │
│                                                                                                                      │
├─────────────────────────────────────────────────── Training/Actor ───────────────────────────────────────────────────┤
│                                                                                                                      │
│actor/approx_kl=0.016                  │actor/clip_fraction=6.31e-04           │actor/clipped_ratio=1.000             │
│actor/dual_cliped_ratio=0.0000         │actor/dvac_current_mean=-4.326         │actor/dvac_current_std=0.650          │
│actor/dvac_history_mean=-4.331         │actor/dvac_history_std=0.684           │actor/dvac_warmup=0.0000              │
│actor/dvac_weight_ess_fraction=0.954   │actor/dvac_weight_mean=0.995           │actor/dvac_weight_sq_mean=1.039       │
│actor/dvac_z_high_clip_fraction=0.032  │actor/dvac_z_low_clip_fraction=0.0019  │actor/entropy_loss=0.0000             │
│actor/grad_norm=43.371                 │actor/lr=5.60e-06                      │actor/policy_loss=-5.601              │
│actor/policy_loss_abs=47.299           │actor/ratio=1.000                      │actor/ratio_abs=0.010                 │
│actor/total_loss=-0.345                │                                       │                                      │
│                                                                                                                      │
├────────────────────────────────────────────────── Training/Critic ───────────────────────────────────────────────────┤
│                                                                                                                      │
│critic/explained_variance=0.213        │critic/lr=1.10e-04                     │critic/value_clip_ratio=0.0000        │
│critic/value_loss=0.077                │                                       │                                      │
│                                                                                                                      │
╰──────────────────────────────────────────────────────────────────────────────────────────────────────────────────────╯

[36m(RolloutGroup(rank=0) pid=2515362)[0m Generating Rollout Epochs:   0%|          | 0/4 [00:00<?, ?it/s]
[36m(RolloutGroup(rank=0) pid=2515362)[0m Generating Rollout Epochs:  25%|██▌       | 1/4 [07:06<21:18, 426.04s/it]
[36m(RolloutGroup(rank=0) pid=2515362)[0m Generating Rollout Epochs:  50%|█████     | 2/4 [14:54<15:02, 451.06s/it]
[36m(RolloutGroup(rank=0) pid=2515362)[0m Generating Rollout Epochs:  75%|███████▌  | 3/4 [22:11<07:24, 444.73s/it]
[36m(RolloutGroup(rank=0) pid=2515362)[0m Generating Rollout Epochs: 100%|██████████| 4/4 [27:28<00:00, 394.27s/it]Generating Rollout Epochs: 100%|██████████| 4/4 [27:28<00:00, 412.18s/it]

╭──────────────────────────────────────────────────────────────────────────────────────────────────────────────────────╮
├──────────────────────────────────────────────────── Metric Table ────────────────────────────────────────────────────┤
│ Global Step:    8/100 │ Progress: ███░░░░░░░░░░░░░░░░░░░░░░░░░░░░░░░░░░░░░ │   8.0%                                  │
│ Elapsed: 03:23:45 │ ETA: 39:03:17 │ Step Time: 1528.234s                                                             │
├──────────────────────────────────────────────────────── Time ────────────────────────────────────────────────────────┤
│                                                                                                                      │
│actor/actor/compute_adv=0.0075         │actor/actor/recv_traj=1658.7           │actor/actor/sync_model_to_rollout=1.9…│
│actor/run_training=20.027              │actor_training=20.031                  │cal_adv_and_returns=0.013             │
│env/compute_bootstrap_rewards=0.0019   │env/env/bootstrap_step=1242.7          │env/env/send_rollout_trajectories=1.0…│
│env/env_interact_step=374.9            │env/interact=1658.1                    │env/run_interact_once=1658.1          │
│generate_rollouts=1658.8               │rollout/generate_one_epoch=1648.7      │rollout/predict=10.136                │
│rollout/rollout/generate=1655.3        │rollout/sync_model_from_actor=2.472    │step=1681.3                           │
│sync_weights=2.475                     │                                       │                                      │
│                                                                                                                      │
├──────────────────────────────────────────────────── Environment ─────────────────────────────────────────────────────┤
│                                                                                                                      │
│episode_len=200.0                      │num_trajectories=256                   │return=0.75390625                     │
│reward=0.003769531                     │success_once=0.75390625                │                                      │
│                                                                                                                      │
├────────────────────────────────────────────────────── Rollout ───────────────────────────────────────────────────────┤
│                                                                                                                      │
│advantages_max=1.405                   │advantages_mean=1.00e-08               │advantages_min=-2.369                 │
│returns_max=1.000                      │returns_mean=0.691                     │returns_min=0.0000                    │
│rewards=0.0046                         │                                       │                                      │
│                                                                                                                      │
├─────────────────────────────────────────────────── Training/Actor ───────────────────────────────────────────────────┤
│                                                                                                                      │
│actor/approx_kl=0.018                  │actor/clip_fraction=6.81e-04           │actor/clipped_ratio=1.000             │
│actor/dual_cliped_ratio=0.0000         │actor/dvac_current_mean=-4.337         │actor/dvac_current_std=0.628          │
│actor/dvac_history_mean=-4.330         │actor/dvac_history_std=0.672           │actor/dvac_warmup=0.0000              │
│actor/dvac_weight_ess_fraction=0.955   │actor/dvac_weight_mean=0.992           │actor/dvac_weight_sq_mean=1.031       │
│actor/dvac_z_high_clip_fraction=0.030  │actor/dvac_z_low_clip_fraction=0.0022  │actor/entropy_loss=0.0000             │
│actor/grad_norm=46.541                 │actor/lr=5.60e-06                      │actor/policy_loss=-5.375              │
│actor/policy_loss_abs=43.194           │actor/ratio=1.000                      │actor/ratio_abs=0.012                 │
│actor/total_loss=-0.332                │                                       │                                      │
│                                                                                                                      │
├────────────────────────────────────────────────── Training/Critic ───────────────────────────────────────────────────┤
│                                                                                                                      │
│critic/explained_variance=0.250        │critic/lr=1.10e-04                     │critic/value_clip_ratio=0.0000        │
│critic/value_loss=0.066                │                                       │                                      │
│                                                                                                                      │
╰──────────────────────────────────────────────────────────────────────────────────────────────────────────────────────╯

[36m(RolloutGroup(rank=0) pid=2515362)[0m Generating Rollout Epochs:   0%|          | 0/4 [00:00<?, ?it/s]
[36m(RolloutGroup(rank=0) pid=2515362)[0m Generating Rollout Epochs:  25%|██▌       | 1/4 [05:08<15:24, 308.06s/it]
[36m(RolloutGroup(rank=0) pid=2515362)[0m Generating Rollout Epochs:  50%|█████     | 2/4 [11:57<12:15, 367.93s/it]
[36m(RolloutGroup(rank=0) pid=2515362)[0m Generating Rollout Epochs:  75%|███████▌  | 3/4 [18:32<06:20, 380.24s/it]
[36m(RolloutGroup(rank=0) pid=2515362)[0m Generating Rollout Epochs: 100%|██████████| 4/4 [24:15<00:00, 365.43s/it]Generating Rollout Epochs: 100%|██████████| 4/4 [24:15<00:00, 363.88s/it]

╭──────────────────────────────────────────────────────────────────────────────────────────────────────────────────────╮
├──────────────────────────────────────────────────── Metric Table ────────────────────────────────────────────────────┤
│ Global Step:    9/100 │ Progress: ███░░░░░░░░░░░░░░░░░░░░░░░░░░░░░░░░░░░░░ │   9.0%                                  │
│ Elapsed: 03:48:30 │ ETA: 38:30:29 │ Step Time: 1523.405s                                                             │
├──────────────────────────────────────────────────────── Time ────────────────────────────────────────────────────────┤
│                                                                                                                      │
│actor/actor/compute_adv=0.0073         │actor/actor/recv_traj=1463.2           │actor/actor/sync_model_to_rollout=1.6…│
│actor/run_training=19.540              │actor_training=19.544                  │cal_adv_and_returns=0.011             │
│env/compute_bootstrap_rewards=0.0015   │env/env/bootstrap_step=1088.8          │env/env/send_rollout_trajectories=0.7…│
│env/env_interact_step=333.5            │env/interact=1462.5                    │env/run_interact_once=1462.5          │
│generate_rollouts=1463.2               │rollout/generate_one_epoch=1455.5      │rollout/predict=9.727                 │
│rollout/rollout/generate=1459.5        │rollout/sync_model_from_actor=2.004    │step=1484.8                           │
│sync_weights=2.006                     │                                       │                                      │
│                                                                                                                      │
├──────────────────────────────────────────────────── Environment ─────────────────────────────────────────────────────┤
│                                                                                                                      │
│episode_len=200.0                      │num_trajectories=256                   │return=0.8203125                      │
│reward=0.004101562                     │success_once=0.8203125                 │                                      │
│                                                                                                                      │
├────────────────────────────────────────────────────── Rollout ───────────────────────────────────────────────────────┤
│                                                                                                                      │
│advantages_max=1.401                   │advantages_mean=-1.17e-08              │advantages_min=-2.815                 │
│returns_max=1.000                      │returns_mean=0.766                     │returns_min=0.0000                    │
│rewards=0.0052                         │                                       │                                      │
│                                                                                                                      │
├─────────────────────────────────────────────────── Training/Actor ───────────────────────────────────────────────────┤
│                                                                                                                      │
│actor/approx_kl=0.012                  │actor/clip_fraction=3.22e-04           │actor/clipped_ratio=1.000             │
│actor/dual_cliped_ratio=0.0000         │actor/dvac_current_mean=-4.357         │actor/dvac_current_std=0.607          │
│actor/dvac_history_mean=-4.319         │actor/dvac_history_std=0.657           │actor/dvac_warmup=0.0000              │
│actor/dvac_weight_ess_fraction=0.953   │actor/dvac_weight_mean=0.981           │actor/dvac_weight_sq_mean=1.011       │
│actor/dvac_z_high_clip_fraction=0.027  │actor/dvac_z_low_clip_fraction=0.0030  │actor/entropy_loss=0.0000             │
│actor/grad_norm=46.359                 │actor/lr=5.60e-06                      │actor/policy_loss=-4.660              │
│actor/policy_loss_abs=37.619           │actor/ratio=1.000                      │actor/ratio_abs=0.0099                │
│actor/total_loss=-0.288                │                                       │                                      │
│                                                                                                                      │
├────────────────────────────────────────────────── Training/Critic ───────────────────────────────────────────────────┤
│                                                                                                                      │
│critic/explained_variance=0.268        │critic/lr=1.10e-04                     │critic/value_clip_ratio=9.77e-04      │
│critic/value_loss=0.052                │                                       │                                      │
│                                                                                                                      │
╰──────────────────────────────────────────────────────────────────────────────────────────────────────────────────────╯

[36m(RolloutGroup(rank=0) pid=2515362)[0m Generating Rollout Epochs:   0%|          | 0/4 [00:00<?, ?it/s]
[36m(RolloutGroup(rank=0) pid=2515362)[0m Generating Rollout Epochs:  25%|██▌       | 1/4 [06:14<18:42, 374.24s/it]
[36m(RolloutGroup(rank=0) pid=2515362)[0m Generating Rollout Epochs:  50%|█████     | 2/4 [11:29<11:19, 339.51s/it]
[36m(RolloutGroup(rank=0) pid=2515362)[0m Generating Rollout Epochs:  75%|███████▌  | 3/4 [18:13<06:08, 368.93s/it]
[36m(RolloutGroup(rank=0) pid=2515362)[0m Generating Rollout Epochs: 100%|██████████| 4/4 [24:32<00:00, 372.81s/it]Generating Rollout Epochs: 100%|██████████| 4/4 [24:32<00:00, 368.03s/it]
[36m(RolloutGroup(rank=0) pid=2515362)[0m Evaluating Rollout Epochs:   0%|          | 0/1 [00:00<?, ?it/s]
[36m(RolloutGroup(rank=0) pid=2515362)[0m Evaluating Rollout Epochs: 100%|██████████| 1/1 [02:38<00:00, 158.88s/it]Evaluating Rollout Epochs: 100%|██████████| 1/1 [02:38<00:00, 158.88s/it]
[INFO 08:14:53 RLinf] Saving checkpoint at step 10.
[36m(ActorGroup(rank=0) pid=2515359)[0m /home/chenyiteng/venvs/rlinf-7d07-openpi-robotwin/lib/python3.11/site-packages/torch/distributed/c10d_logger.py:83: UserWarning: barrier(): using the device under current context. You can specify `device_id` in `init_process_group` to mute this warning.
[36m(ActorGroup(rank=0) pid=2515359)[0m   return func(*args, **kwargs)
[36m(ActorGroup(rank=0) pid=2515359)[0m /home/chenyiteng/venvs/rlinf-7d07-openpi-robotwin/lib/python3.11/site-packages/torch/distributed/c10d_logger.py:83: UserWarning: barrier(): using the device under current context. You can specify `device_id` in `init_process_group` to mute this warning.
[36m(ActorGroup(rank=0) pid=2515359)[0m   return func(*args, **kwargs)

╭──────────────────────────────────────────────────────────────────────────────────────────────────────────────────────╮
├──────────────────────────────────────────────────── Metric Table ────────────────────────────────────────────────────┤
│ Global Step:   10/100 │ Progress: ████░░░░░░░░░░░░░░░░░░░░░░░░░░░░░░░░░░░░ │  10.0%                                  │
│ Elapsed: 04:19:18 │ ETA: 38:53:46 │ Step Time: 1555.851s                                                             │
├──────────────────────────────────────────────────────── Time ────────────────────────────────────────────────────────┤
│                                                                                                                      │
│actor/actor/compute_adv=0.0074         │actor/actor/recv_traj=1480.9           │actor/actor/sync_model_to_rollout=3.2…│
│actor/run_training=19.680              │actor_training=19.683                  │cal_adv_and_returns=0.011             │
│env/compute_bootstrap_rewards=0.0017   │env/env/bootstrap_step=1098.4          │env/env/send_rollout_trajectories=0.8…│
│env/env_interact_step=342.7            │env/evaluate=314.5                     │env/interact=1480.2                   │
│env/run_interact_once=1480.2           │eval=316.5                             │generate_rollouts=1480.9              │
│rollout/evaluate=166.6                 │rollout/generate_one_epoch=1472.1      │rollout/predict=10.860                │
│rollout/rollout/generate=1476.5        │rollout/sync_model_from_actor=3.913    │step=1847.8                           │
│sync_weights=1.958                     │                                       │                                      │
│                                                                                                                      │
├──────────────────────────────────────────────────── Environment ─────────────────────────────────────────────────────┤
│                                                                                                                      │
│episode_len=200.0                      │num_trajectories=256                   │return=0.7734375                      │
│reward=0.003867187                     │success_once=0.7734375                 │                                      │
│                                                                                                                      │
├────────────────────────────────────────────────────── Rollout ───────────────────────────────────────────────────────┤
│                                                                                                                      │
│advantages_max=1.591                   │advantages_mean=1.73e-09               │advantages_min=-2.571                 │
│returns_max=1.000                      │returns_mean=0.721                     │returns_min=0.0000                    │
│rewards=0.0048                         │                                       │                                      │
│                                                                                                                      │
├───────────────────────────────────────────────────── Evaluation ─────────────────────────────────────────────────────┤
│                                                                                                                      │
│episode_len=200.0                      │num_trajectories=32                    │return=0.84375                        │
│reward=0.00421875                      │success_at_end=0.84375                 │success_once=0.84375                  │
│                                                                                                                      │
├─────────────────────────────────────────────────── Training/Actor ───────────────────────────────────────────────────┤
│                                                                                                                      │
│actor/approx_kl=0.0063                 │actor/clip_fraction=7.03e-04           │actor/clipped_ratio=1.000             │
│actor/dual_cliped_ratio=0.0000         │actor/dvac_current_mean=-4.289         │actor/dvac_current_std=0.622          │
│actor/dvac_history_mean=-4.329         │actor/dvac_history_std=0.643           │actor/dvac_warmup=0.0000              │
│actor/dvac_weight_ess_fraction=0.954   │actor/dvac_weight_mean=1.009           │actor/dvac_weight_sq_mean=1.067       │
│actor/dvac_z_high_clip_fraction=0.037  │actor/dvac_z_low_clip_fraction=0.0026  │actor/entropy_loss=0.0000             │
│actor/grad_norm=42.245                 │actor/lr=5.60e-06                      │actor/policy_loss=-4.523              │
│actor/policy_loss_abs=41.469           │actor/ratio=1.000                      │actor/ratio_abs=0.010                 │
│actor/total_loss=-0.279                │                                       │                                      │
│                                                                                                                      │
├────────────────────────────────────────────────── Training/Critic ───────────────────────────────────────────────────┤
│                                                                                                                      │
│critic/explained_variance=0.325        │critic/lr=1.10e-04                     │critic/value_clip_ratio=0.0000        │
│critic/value_loss=0.059                │                                       │                                      │
│                                                                                                                      │
╰──────────────────────────────────────────────────────────────────────────────────────────────────────────────────────╯

[36m(RolloutGroup(rank=0) pid=2515362)[0m Generating Rollout Epochs:   0%|          | 0/4 [00:00<?, ?it/s]
[36m(RolloutGroup(rank=0) pid=2515362)[0m Generating Rollout Epochs:  25%|██▌       | 1/4 [05:39<16:57, 339.03s/it]
[36m(RolloutGroup(rank=0) pid=2515362)[0m Generating Rollout Epochs:  50%|█████     | 2/4 [11:49<11:55, 357.54s/it]
[36m(RolloutGroup(rank=0) pid=2515362)[0m Generating Rollout Epochs:  75%|███████▌  | 3/4 [17:46<05:57, 357.38s/it]
[36m(RolloutGroup(rank=0) pid=2515362)[0m Generating Rollout Epochs: 100%|██████████| 4/4 [23:42<00:00, 356.60s/it]Generating Rollout Epochs: 100%|██████████| 4/4 [23:42<00:00, 355.53s/it]

╭──────────────────────────────────────────────────────────────────────────────────────────────────────────────────────╮
├──────────────────────────────────────────────────── Metric Table ────────────────────────────────────────────────────┤
│ Global Step:   11/100 │ Progress: ████░░░░░░░░░░░░░░░░░░░░░░░░░░░░░░░░░░░░ │  11.0%                                  │
│ Elapsed: 04:43:34 │ ETA: 38:14:24 │ Step Time: 1546.793s                                                             │
├──────────────────────────────────────────────────────── Time ────────────────────────────────────────────────────────┤
│                                                                                                                      │
│actor/actor/compute_adv=0.0084         │actor/actor/recv_traj=1434.7           │actor/actor/sync_model_to_rollout=1.5…│
│actor/run_training=19.857              │actor_training=19.862                  │cal_adv_and_returns=0.015             │
│env/compute_bootstrap_rewards=0.0018   │env/env/bootstrap_step=1021.3          │env/env/send_rollout_trajectories=1.0…│
│env/env_interact_step=363.8            │env/interact=1433.8                    │env/run_interact_once=1433.8          │
│generate_rollouts=1434.7               │rollout/generate_one_epoch=1422.1      │rollout/predict=10.284                │
│rollout/rollout/generate=1429.2        │rollout/sync_model_from_actor=1.480    │step=1456.2                           │
│sync_weights=1.574                     │                                       │                                      │
│                                                                                                                      │
├──────────────────────────────────────────────────── Environment ─────────────────────────────────────────────────────┤
│                                                                                                                      │
│episode_len=200.0                      │num_trajectories=256                   │return=0.82421875                     │
│reward=0.0041210935                    │success_once=0.82421875                │                                      │
│                                                                                                                      │
├────────────────────────────────────────────────────── Rollout ───────────────────────────────────────────────────────┤
│                                                                                                                      │
│advantages_max=1.712                   │advantages_mean=-1.46e-08              │advantages_min=-3.030                 │
│returns_max=1.000                      │returns_mean=0.777                     │returns_min=0.0000                    │
│rewards=0.0052                         │                                       │                                      │
│                                                                                                                      │
├─────────────────────────────────────────────────── Training/Actor ───────────────────────────────────────────────────┤
│                                                                                                                      │
│actor/approx_kl=0.0071                 │actor/clip_fraction=1.66e-04           │actor/clipped_ratio=1.000             │
│actor/dual_cliped_ratio=0.0000         │actor/dvac_current_mean=-4.279         │actor/dvac_current_std=0.626          │
│actor/dvac_history_mean=-4.324         │actor/dvac_history_std=0.635           │actor/dvac_warmup=0.0000              │
│actor/dvac_weight_ess_fraction=0.953   │actor/dvac_weight_mean=1.010           │actor/dvac_weight_sq_mean=1.071       │
│actor/dvac_z_high_clip_fraction=0.042  │actor/dvac_z_low_clip_fraction=0.0024  │actor/entropy_loss=0.0000             │
│actor/grad_norm=33.894                 │actor/lr=5.60e-06                      │actor/policy_loss=-4.409              │
│actor/policy_loss_abs=37.475           │actor/ratio=1.000                      │actor/ratio_abs=0.0080                │
│actor/total_loss=-0.273                │                                       │                                      │
│                                                                                                                      │
├────────────────────────────────────────────────── Training/Critic ───────────────────────────────────────────────────┤
│                                                                                                                      │
│critic/explained_variance=0.403        │critic/lr=1.10e-04                     │critic/value_clip_ratio=0.0000        │
│critic/value_loss=0.041                │                                       │                                      │
│                                                                                                                      │
╰──────────────────────────────────────────────────────────────────────────────────────────────────────────────────────╯

[36m(RolloutGroup(rank=0) pid=2515362)[0m Generating Rollout Epochs:   0%|          | 0/4 [00:00<?, ?it/s]
[36m(RolloutGroup(rank=0) pid=2515362)[0m Generating Rollout Epochs:  25%|██▌       | 1/4 [04:51<14:33, 291.24s/it]
[36m(RolloutGroup(rank=0) pid=2515362)[0m Generating Rollout Epochs:  50%|█████     | 2/4 [09:49<09:50, 295.15s/it]
[36m(RolloutGroup(rank=0) pid=2515362)[0m Generating Rollout Epochs:  75%|███████▌  | 3/4 [14:55<05:00, 300.24s/it]
