
╭──────────────────────────────────────────────────────────────────────────────────────────────────────────────────────╮
├──────────────────────────────────────────────────── Metric Table ────────────────────────────────────────────────────┤
│ Global Step:    1/1 │ Progress: ████████████████████████████████████████ │ 100.0%                                    │
│ Elapsed: 26:24 │ ETA: 00:00 │ Step Time: 1584.827s                                                                   │
├──────────────────────────────────────────────────────── Time ────────────────────────────────────────────────────────┤
│                                                                                                                      │
│actor/actor/compute_adv=0.027          │actor/actor/recv_traj=1517.1           │actor/actor/sync_model_to_rollout=17.…│
│actor/run_training=20.639              │actor_training=20.643                  │cal_adv_and_returns=0.033             │
│env/compute_bootstrap_rewards=0.0014   │env/env/bootstrap_step=1146.7          │env/env/send_rollout_trajectories=0.6…│
│env/env_interact_step=357.5            │env/interact=1516.3                    │env/run_interact_once=1516.3          │
│generate_rollouts=1519.1               │rollout/generate_one_epoch=1514.6      │rollout/predict=10.456                │
│rollout/rollout/generate=1519.0        │rollout/sync_model_from_actor=15.924   │step=1584.8                           │
│sync_weights=17.082                    │                                       │                                      │
│                                                                                                                      │
├──────────────────────────────────────────────────── Environment ─────────────────────────────────────────────────────┤
│                                                                                                                      │
│episode_len=200.0                      │num_trajectories=256                   │return=0.76171875                     │
│reward=0.0038085934                    │success_once=0.76171875                │                                      │
│                                                                                                                      │
├────────────────────────────────────────────────────── Rollout ───────────────────────────────────────────────────────┤
│                                                                                                                      │
│advantages_max=1.136                   │advantages_mean=-6.33e-09              │advantages_min=-2.250                 │
│returns_max=1.000                      │returns_mean=0.690                     │returns_min=0.0000                    │
│rewards=0.0047                         │                                       │                                      │
│                                                                                                                      │
├─────────────────────────────────────────────────── Training/Actor ───────────────────────────────────────────────────┤
│                                                                                                                      │
│actor/approx_kl=0.046                  │actor/clip_fraction=0.115              │actor/clipped_ratio=0.993             │
│actor/dual_cliped_ratio=0.0000         │actor/entropy_loss=0.0000              │actor/grad_norm=36.920                │
│actor/lr=5.60e-06                      │actor/policy_loss=-0.119               │actor/policy_loss_abs=0.809           │
│actor/ratio=1.025                      │actor/ratio_abs=0.156                  │actor/total_loss=2.55e-04             │
│                                                                                                                      │
├────────────────────────────────────────────────── Training/Critic ───────────────────────────────────────────────────┤
│                                                                                                                      │
│critic/explained_variance=-0.256       │critic/lr=1.10e-04                     │critic/value_clip_ratio=0.105         │
│critic/value_loss=0.123                │                                       │                                      │
│                                                                                                                      │
╰──────────────────────────────────────────────────────────────────────────────────────────────────────────────────────╯

