WARNING: All log messages before absl::InitializeLog() is called are written to STDERR
I0000 00:00:1786166858.579562   99682 port.cc:153] oneDNN custom operations are on. You may see slightly different numerical results due to floating-point round-off errors from different computation orders. To turn them off, set the environment variable `TF_ENABLE_ONEDNN_OPTS=0`.
I0000 00:00:1786166858.631878   99682 cpu_feature_guard.cc:227] This TensorFlow binary is optimized to use available CPU instructions in performance-critical operations.
To enable the following instructions: AVX2 AVX512F AVX512_VNNI FMA, in other operations, rebuild TensorFlow with the appropriate compiler flags.
WARNING: All log messages before absl::InitializeLog() is called are written to STDERR
I0000 00:00:1786166860.083509   99682 port.cc:153] oneDNN custom operations are on. You may see slightly different numerical results due to floating-point round-off errors from different computation orders. To turn them off, set the environment variable `TF_ENABLE_ONEDNN_OPTS=0`.
/root/autodl-tmp/RLinf/.venv/lib/python3.11/site-packages/hydra/_internal/hydra.py:119: UserWarning: Future Hydra versions will no longer change working directory at job runtime by default.
See https://hydra.cc/docs/1.2/upgrades/1.1_to_1.2/changes_to_job_working_dir/ for more information.
  ret = run_job(
2026-08-08 13:27:46,435	WARNING utils.py:461 -- Detecting docker specified CPUs. In previous versions of Ray, CPU detection in containers was incorrect. Please ensure that Ray has enough CPUs allocated. As a temporary workaround to revert to the prior behavior, set `RAY_USE_MULTIPROCESSING_CPU_COUNT=1` as an env var before starting Ray. Set the env var: `RAY_DISABLE_DOCKER_CPU_WARNING=1` to mute this warning.
2026-08-08 13:27:48,792	INFO worker.py:2003 -- Started a local Ray instance. View the dashboard at [1m[32mhttp://127.0.0.1:8265 [39m[22m
[INFO 13:27:51 RLinf] RLinf is running on a cluster with 1 node and 2 accelerators. The nodes' details are: 
node_labels: []
node_rank: 0
ray_id: e4f826496a90c56794bd60c8294a67c72704d18abfdd6f0712781054
node_ip: 172.17.0.6
num_cpus: 36
python_interpreter_path: /root/autodl-tmp/RLinf/.venv/bin/python
hardware_resources:
- type: Accelerator
  infos:
  - type: Accelerator
    model: NV_GPU:A800-SXM4-80GB
  - type: Accelerator
    model: NV_GPU:A800-SXM4-80GB
profiler_backends: []

Node groups' details are: 
label: cluster
nodes: '0'
hardware_type: Accelerator
ignore_hardware: false
env_configs: null

label: node
nodes: '0'
hardware_type: null
ignore_hardware: true
env_configs: null

[INFO 13:27:51 FlexiblePlacementStrategy] 
[INFO 13:27:51 FlexiblePlacementStrategy] Using flexible placement with hardware ranks: [[0], [1]], node groups: ['cluster'].
[INFO 13:27:51 FlexiblePlacementStrategy] 
[INFO 13:27:51 FlexiblePlacementStrategy] Using flexible placement with hardware ranks: [[0], [1]], node groups: ['cluster'].
{
  "env": {
    "train": {
      "env_type": "robotwin",
      "total_num_envs": 8,
      "auto_reset": false,
      "ignore_terminations": false,
      "reward_coef": 1.0,
      "use_custom_reward": true,
      "use_rel_reward": true,
      "center_crop": false,
      "seed": 0,
      "group_size": 1,
      "use_fixed_reset_state_ids": false,
      "max_steps_per_rollout_epoch": 200,
      "max_episode_steps": 200,
      "is_eval": false,
      "assets_path": "/root/autodl-tmp/RoboTwin_RLinf",
      "seeds_path": "/root/autodl-tmp/RLinf_ogpo_pi0_robotwin/rlinf/envs/robotwin/seeds/train_seeds.json",
      "video_cfg": {
        "save_video": false,
        "info_on_video": true,
        "video_base_dir": "/root/autodl-tmp/experiments/ogpo_robotwin_formal_20260808_v2/video/train"
      },
      "enable_offload": true,
      "task_config": {
        "task_name": "adjust_bottle",
        "step_lim": 200,
        "planner_backend": "mplib",
        "render_freq": 0,
        "episode_num": 100,
        "use_seed": false,
        "save_freq": 15,
        "embodiment": [
          "aloha-agilex"
        ],
        "language_num": 100,
        "domain_randomization": {
          "random_background": false,
          "cluttered_table": false,
          "clean_background_rate": 1,
          "random_head_camera_dis": 0,
          "random_table_height": 0,
          "random_light": false,
          "crazy_random_light_rate": 0
        },
        "camera": {
          "head_camera_type": "D435",
          "wrist_camera_type": "D435",
          "collect_head_camera": true,
          "collect_wrist_camera": true
        },
        "data_type": {
          "rgb": true,
          "third_view": false,
          "depth": false,
          "pointcloud": false,
          "observer": false,
          "endpose": false,
          "qpos": true,
          "mesh_segmentation": false,
          "actor_segmentation": false
        },
        "pcd_down_sample_num": 1024,
        "pcd_crop": true,
        "save_path": "./data",
        "clear_cache_freq": 1,
        "collect_data": true,
        "eval_video_log": true
      },
      "rollout_epoch": 1
    },
    "eval": {
      "env_type": "robotwin",
      "total_num_envs": 4,
      "auto_reset": true,
      "ignore_terminations": true,
      "reward_coef": 1.0,
      "use_custom_reward": true,
      "use_rel_reward": true,
      "center_crop": false,
      "seed": 0,
      "group_size": 1,
      "use_fixed_reset_state_ids": false,
      "max_steps_per_rollout_epoch": 200,
      "max_episode_steps": 200,
      "is_eval": true,
      "assets_path": "/root/autodl-tmp/RoboTwin_RLinf",
      "seeds_path": "/root/autodl-tmp/RLinf_ogpo_pi0_robotwin/rlinf/envs/robotwin/seeds/eval_seeds.json",
      "video_cfg": {
        "save_video": false,
        "info_on_video": true,
        "video_base_dir": "/root/autodl-tmp/experiments/ogpo_robotwin_formal_20260808_v2/video/eval"
      },
      "enable_offload": false,
      "task_config": {
        "task_name": "adjust_bottle",
        "step_lim": 200,
        "planner_backend": "mplib",
        "render_freq": 0,
        "episode_num": 100,
        "use_seed": false,
        "save_freq": 15,
        "embodiment": [
          "aloha-agilex"
        ],
        "language_num": 100,
        "domain_randomization": {
          "random_background": false,
          "cluttered_table": false,
          "clean_background_rate": 1,
          "random_head_camera_dis": 0,
          "random_table_height": 0,
          "random_light": false,
          "crazy_random_light_rate": 0
        },
        "camera": {
          "head_camera_type": "D435",
          "wrist_camera_type": "D435",
          "collect_head_camera": true,
          "collect_wrist_camera": true
        },
        "data_type": {
          "rgb": true,
          "third_view": false,
          "depth": false,
          "pointcloud": false,
          "observer": false,
          "endpose": false,
          "qpos": true,
          "mesh_segmentation": false,
          "actor_segmentation": false
        },
        "pcd_down_sample_num": 1024,
        "pcd_crop": true,
        "save_path": "./data",
        "clear_cache_freq": 1,
        "collect_data": true,
        "eval_video_log": true
      },
      "rollout_epoch": 5
    },
    "group_name": "EnvGroup",
    "enable_offload": true
  },
  "actor": {
    "model": {
      "model_type": "openpi",
      "model_path": "/root/autodl-tmp/models/rlinf/RLinf-Pi0-RoboTwin-SFT-adjust_bottle",
      "precision": null,
      "num_action_chunks": 10,
      "action_dim": 14,
      "is_lora": false,
      "lora_rank": 32,
      "use_proprio": true,
      "num_steps": 4,
      "add_value_head": false,
      "openpi": {
        "config_name": "pi0_aloha_robotwin",
        "num_images_in_input": 3,
        "noise_level": 0.5,
        "action_chunk": 10,
        "num_steps": 4,
        "train_expert_only": true,
        "action_env_dim": 14,
        "noise_method": "flow_ode",
        "add_value_head": false,
        "detach_critic_input": false,
        "use_dsrl": false,
        "dsrl_state_dim": 8,
        "dsrl_action_noise_dim": 32,
        "dsrl_num_q_heads": 10,
        "dsrl_agg_q": "mean",
        "dsrl_image_latent_dim": 64,
        "dsrl_state_latent_dim": 64,
        "dsrl_hidden_dims": [
          128,
          128,
          128
        ],
        "action_horizon": 50,
        "use_ogpo": true,
        "ogpo_sigma_init": 0.01,
        "ogpo_num_image_blocks": 3,
        "use_rlt": false,
        "is_nft": false
      },
      "openpi_data": {
        "repo_id": "physical-intelligence/robotwin",
        "default_prompt": "adjust the bottle",
        "norm_stats_path": "/root/autodl-tmp/models/rlinf/RLinf-Pi0-RoboTwin-SFT-adjust_bottle/physical-intelligence/robotwin/norm_stats.json"
      }
    },
    "fsdp_config": {
      "strategy": "fsdp",
      "sharding_strategy": "full_shard",
      "gradient_checkpointing": false,
      "cpu_offload": false,
      "offload_pin_memory": false,
      "reshard_after_forward": true,
      "enable_gradient_accumulation": true,
      "forward_prefetch": false,
      "limit_all_gathers": false,
      "backward_prefetch": null,
      "use_orig_params": true,
      "use_liger_kernel": false,
      "mixed_precision": {
        "param_dtype": null,
        "reduce_dtype": null,
        "buffer_dtype": null
      },
      "amp_autocast": {
        "enabled": false,
        "precision": "bf16"
      },
      "grad_scaler": {
        "enabled": false,
        "init_scale": null,
        "growth_interval": null
      },
      "save_full_model_weights": false
    },
    "group_name": "ActorGroup",
    "training_backend": "fsdp",
    "micro_batch_size": 32,
    "global_batch_size": 64,
    "seed": 1234,
    "enable_offload": false,
    "optim": {
      "lr": 5.6e-06,
      "value_lr": 0.0003,
      "adam_beta1": 0.9,
      "adam_beta2": 0.95,
      "adam_eps": 1e-08,
      "weight_decay": 0.01,
      "clip_grad": 1.0,
      "critic_warmup_steps": 0,
      "total_training_steps": 230000,
      "lr_warmup_steps": 0,
      "lr_scheduler": "constant",
      "num_cycles": 0.5,
      "min_lr": 0.0
    }
  },
  "weight_syncer": {
    "type": "patch",
    "patch": {
      "snapshot_device": "cpu",
      "delta_encoding": true,
      "compression": "none",
      "init_sync": {
        "enabled": true,
        "prefixes": null,
        "bucket_size": 134217728
      },
      "transport_device": "cpu"
    }
  },
  "cluster": {
    "num_nodes": 1,
    "component_placement": {
      "actor, env, rollout": "0-1"
    }
  },
  "runner": {
    "task_type": "embodied",
    "logger": {
      "log_path": "/root/autodl-tmp/experiments/ogpo_robotwin_formal_20260808_v2",
      "project_name": "rlinf",
      "experiment_name": "robotwin_adjust_bottle_ogpo_ca_formal_90k_utd005_v2",
      "logger_backends": [
        "tensorboard"
      ]
    },
    "max_epochs": 1000000,
    "max_steps": -1,
    "only_eval": false,
    "val_check_interval": -1,
    "save_interval": -1,
    "resume_dir": null,
    "ckpt_path": null,
    "use_training_pipeline": false,
    "overlap_env_bootstrap": false,
    "per_worker_log": false,
    "per_worker_log_path": null,
    "weight_sync_interval": 1
  },
  "algorithm": {
    "loss_type": "embodied_ogpo",
    "adv_type": "ogpo",
    "reward_type": "chunk_level",
    "logprob_type": "chunk_level",
    "entropy_type": "token_level",
    "group_size": 1,
    "reward_coef": 1.0,
    "gamma": 0.999,
    "ogpo": {
      "variant": "ogpo_ca",
      "model_horizon": 50,
      "execution_horizon": 10,
      "model_action_dim": 32,
      "active_action_dim": 14,
      "flow_steps": 4,
      "sigma_init": 0.01,
      "gaussian_clip": 3.0,
      "normalize_denoising_horizon": true,
      "normalize_act_space_dimension": true,
      "candidate_group_size": 8,
      "candidate_microbatch_per_rank": 32,
      "clip_epsilon": 0.01,
      "bc_coeff": 1.0,
      "actor_tau": 0.005,
      "critic_tau": 0.05,
      "num_q_heads": 10,
      "critic_hidden_dims": [
        512,
        512,
        512,
        512,
        512
      ],
      "critic_lr": 0.0003,
      "critic_adam_beta1": 0.9,
      "critic_adam_beta2": 0.999,
      "critic_adam_eps": 1e-08,
      "critic_weight_decay": 1e-05,
      "critic_grad_clip": 1.0,
      "state_batch_size": 64,
      "start_training_rows": 10000,
      "total_online_rows": 90000,
      "replay_capacity": 100000,
      "source_fingerprint": "rlinf-pi0-robotwin-sft-adjust_bottle-649ed92b431bd706",
      "norm_fingerprint": "649ed92b431bd70627febdb00b2385e35fcab5088e72a4e4a4845585f8ce4f6a",
      "utd_q": 0.05,
      "utd_pi": 0.05,
      "offline_ratio": 0.0,
      "use_success_buffer_q": false,
      "best_of_n": 1,
      "baseline_eval": true,
      "final_eval": true,
      "eval_interval_rows": 10000,
      "checkpoint_interval_rows": 30000
    }
  },
  "rollout": {
    "group_name": "RolloutGroup",
    "backend": "huggingface",
    "collect_prev_infos": false,
    "collect_transitions": false,
    "recompute_logprobs": false,
    "enable_offload": false,
    "pipeline_stage_num": 1,
    "model": {
      "model_path": "/root/autodl-tmp/models/rlinf/RLinf-Pi0-RoboTwin-SFT-adjust_bottle",
      "precision": null
    }
  },
  "reward": {
    "use_reward_model": false
  },
  "critic": {
    "use_critic_model": false
  }
}
[INFO 13:27:51 FlexiblePlacementStrategy] 
[INFO 13:27:51 FlexiblePlacementStrategy] Using flexible placement with hardware ranks: [[0], [1]], node groups: ['cluster'].
[INFO 13:27:51 FlexiblePlacementStrategy] Generated 2 placements: [Placement(rank=0, cluster_node_rank=0, placement_node_rank=0, local_accelerator_rank=0, accelerator_type='NV_GPU', local_rank=0, local_world_size=2, visible_accelerators=['0'], isolate_accelerator=True, local_hardware_ranks=[0], node_group_label='cluster'), Placement(rank=1, cluster_node_rank=0, placement_node_rank=0, local_accelerator_rank=1, accelerator_type='NV_GPU', local_rank=1, local_world_size=2, visible_accelerators=['1'], isolate_accelerator=True, local_hardware_ranks=[1], node_group_label='cluster')].
[INFO 13:27:51 FlexiblePlacementStrategy] Generated 2 placements: [Placement(rank=0, cluster_node_rank=0, placement_node_rank=0, local_accelerator_rank=0, accelerator_type='NV_GPU', local_rank=0, local_world_size=2, visible_accelerators=['0'], isolate_accelerator=True, local_hardware_ranks=[0], node_group_label='cluster'), Placement(rank=1, cluster_node_rank=0, placement_node_rank=0, local_accelerator_rank=1, accelerator_type='NV_GPU', local_rank=1, local_world_size=2, visible_accelerators=['1'], isolate_accelerator=True, local_hardware_ranks=[1], node_group_label='cluster')].
[INFO 13:27:51 FlexiblePlacementStrategy] Generated 2 placements: [Placement(rank=0, cluster_node_rank=0, placement_node_rank=0, local_accelerator_rank=0, accelerator_type='NV_GPU', local_rank=0, local_world_size=2, visible_accelerators=['0'], isolate_accelerator=True, local_hardware_ranks=[0], node_group_label='cluster'), Placement(rank=1, cluster_node_rank=0, placement_node_rank=0, local_accelerator_rank=1, accelerator_type='NV_GPU', local_rank=1, local_world_size=2, visible_accelerators=['1'], isolate_accelerator=True, local_hardware_ranks=[1], node_group_label='cluster')].
[INFO 13:27:51 NodePlacementStrategy] 
[INFO 13:27:51 NodePlacementStrategy] Using node placement with node ranks: [0], node groups: ['node'].
[INFO 13:27:51 NodePlacementStrategy] Generated 1 placements: [Placement(rank=0, cluster_node_rank=0, placement_node_rank=0, local_accelerator_rank='0', accelerator_type='NV_GPU', local_rank=0, local_world_size=1, visible_accelerators=['0', '1'], isolate_accelerator=True, local_hardware_ranks=[], node_group_label='cluster')].
[INFO 13:27:52 NodePlacementStrategy] 
[INFO 13:27:52 NodePlacementStrategy] Using node placement with node ranks: [0], node groups: ['node'].
[INFO 13:27:52 NodePlacementStrategy] Generated 1 placements: [Placement(rank=0, cluster_node_rank=0, placement_node_rank=0, local_accelerator_rank='0', accelerator_type='NV_GPU', local_rank=0, local_world_size=1, visible_accelerators=['0', '1'], isolate_accelerator=True, local_hardware_ranks=[], node_group_label='cluster')].
[INFO 13:27:52 NodePlacementStrategy] 
[INFO 13:27:52 NodePlacementStrategy] Using node placement with node ranks: [0], node groups: ['node'].
[INFO 13:27:52 NodePlacementStrategy] Generated 1 placements: [Placement(rank=0, cluster_node_rank=0, placement_node_rank=0, local_accelerator_rank='0', accelerator_type='NV_GPU', local_rank=0, local_world_size=1, visible_accelerators=['0', '1'], isolate_accelerator=True, local_hardware_ranks=[], node_group_label='cluster')].
[36m(MultiStepRolloutWorker pid=104005)[0m [INFO 13:27:55 FlexiblePlacementStrategy] 
[36m(MultiStepRolloutWorker pid=104005)[0m [INFO 13:27:55 FlexiblePlacementStrategy] Using flexible placement with hardware ranks: [[0], [1]], node groups: ['cluster'].
[36m(MultiStepRolloutWorker pid=104040)[0m [INFO 13:27:55 FlexiblePlacementStrategy] 
[36m(MultiStepRolloutWorker pid=104040)[0m [INFO 13:27:55 FlexiblePlacementStrategy] Using flexible placement with hardware ranks: [[0], [1]], node groups: ['cluster'].
[36m(pid=104047)[0m WARNING: All log messages before absl::InitializeLog() is called are written to STDERR
[36m(pid=104047)[0m I0000 00:00:1786166876.231173  104047 port.cc:153] oneDNN custom operations are on. You may see slightly different numerical results due to floating-point round-off errors from different computation orders. To turn them off, set the environment variable `TF_ENABLE_ONEDNN_OPTS=0`.
[36m(pid=104055)[0m WARNING: All log messages before absl::InitializeLog() is called are written to STDERR
[36m(pid=104055)[0m I0000 00:00:1786166876.231177  104055 port.cc:153] oneDNN custom operations are on. You may see slightly different numerical results due to floating-point round-off errors from different computation orders. To turn them off, set the environment variable `TF_ENABLE_ONEDNN_OPTS=0`.
[36m(EmbodiedOGPOFSDPPolicy pid=103960)[0m [WARNING 13:27:57 ActorGroup-Rank-0][fsdp_model_manager.py:70] Provided there is sufficient GPU memory, set the actor.model.precision parameter to fp32 to allow the optimizer to run in fp32 for better convergence. Meanwhile, setting mixed_precision.param_dtype to 16-bit dtype can help maximize speed, as it will automatically convert fp32 to fp16 during operator execution.
[36m(EmbodiedOGPOFSDPPolicy pid=103986)[0m [WARNING 13:27:57 ActorGroup-Rank-1][fsdp_model_manager.py:70] Provided there is sufficient GPU memory, set the actor.model.precision parameter to fp32 to allow the optimizer to run in fp32 for better convergence. Meanwhile, setting mixed_precision.param_dtype to 16-bit dtype can help maximize speed, as it will automatically convert fp32 to fp16 during operator execution.
[36m(EmbodiedOGPOFSDPPolicy pid=103986)[0m [INFO 13:27:57 ActorGroup-Rank-1][fsdp_model_manager.py:124] [FSDP] AMP is disabled.
[36m(EmbodiedOGPOFSDPPolicy pid=103986)[0m [INFO 13:27:57 FlexiblePlacementStrategy] 
[36m(EmbodiedOGPOFSDPPolicy pid=103986)[0m [INFO 13:27:57 FlexiblePlacementStrategy] Using flexible placement with hardware ranks: [[0], [1]], node groups: ['cluster'].
[36m(EmbodiedOGPOFSDPPolicy pid=103960)[0m [INFO 13:27:57 ActorGroup-Rank-0][fsdp_model_manager.py:124] [FSDP] AMP is disabled.
[36m(EmbodiedOGPOFSDPPolicy pid=103960)[0m [INFO 13:27:57 FlexiblePlacementStrategy] 
[36m(EmbodiedOGPOFSDPPolicy pid=103960)[0m [INFO 13:27:57 FlexiblePlacementStrategy] Using flexible placement with hardware ranks: [[0], [1]], node groups: ['cluster'].
[36m(RolloutGroup(rank=0) pid=104005)[0m WARNING: All log messages before absl::InitializeLog() is called are written to STDERR
[36m(RolloutGroup(rank=0) pid=104005)[0m I0000 00:00:1786166877.739018  105206 port.cc:153] oneDNN custom operations are on. You may see slightly different numerical results due to floating-point round-off errors from different computation orders. To turn them off, set the environment variable `TF_ENABLE_ONEDNN_OPTS=0`.
[36m(RolloutGroup(rank=1) pid=104040)[0m WARNING: All log messages before absl::InitializeLog() is called are written to STDERR
[36m(RolloutGroup(rank=1) pid=104040)[0m I0000 00:00:1786166877.739018  105203 port.cc:153] oneDNN custom operations are on. You may see slightly different numerical results due to floating-point round-off errors from different computation orders. To turn them off, set the environment variable `TF_ENABLE_ONEDNN_OPTS=0`.
[36m(pid=104047)[0m WARNING: All log messages before absl::InitializeLog() is called are written to STDERR
[36m(pid=104047)[0m I0000 00:00:1786166877.790684  104047 port.cc:153] oneDNN custom operations are on. You may see slightly different numerical results due to floating-point round-off errors from different computation orders. To turn them off, set the environment variable `TF_ENABLE_ONEDNN_OPTS=0`.
[36m(pid=104055)[0m WARNING: All log messages before absl::InitializeLog() is called are written to STDERR
[36m(pid=104055)[0m I0000 00:00:1786166877.789090  104055 port.cc:153] oneDNN custom operations are on. You may see slightly different numerical results due to floating-point round-off errors from different computation orders. To turn them off, set the environment variable `TF_ENABLE_ONEDNN_OPTS=0`.
[36m(RolloutGroup(rank=0) pid=104005)[0m WARNING: All log messages before absl::InitializeLog() is called are written to STDERR
[36m(RolloutGroup(rank=0) pid=104005)[0m I0000 00:00:1786166879.160047  105206 port.cc:153] oneDNN custom operations are on. You may see slightly different numerical results due to floating-point round-off errors from different computation orders. To turn them off, set the environment variable `TF_ENABLE_ONEDNN_OPTS=0`.
[36m(RolloutGroup(rank=1) pid=104040)[0m WARNING: All log messages before absl::InitializeLog() is called are written to STDERR
[36m(RolloutGroup(rank=1) pid=104040)[0m I0000 00:00:1786166879.138229  105203 port.cc:153] oneDNN custom operations are on. You may see slightly different numerical results due to floating-point round-off errors from different computation orders. To turn them off, set the environment variable `TF_ENABLE_ONEDNN_OPTS=0`.
[36m(EnvWorker pid=104047)[0m [INFO 13:27:59 FlexiblePlacementStrategy] 
[36m(EnvWorker pid=104047)[0m [INFO 13:27:59 FlexiblePlacementStrategy] Using flexible placement with hardware ranks: [[0], [1]], node groups: ['cluster'].
[36m(EnvWorker pid=104055)[0m [INFO 13:27:59 FlexiblePlacementStrategy] 
[36m(EnvWorker pid=104055)[0m [INFO 13:27:59 FlexiblePlacementStrategy] Using flexible placement with hardware ranks: [[0], [1]], node groups: ['cluster'].
[36m(EnvGroup(rank=0) pid=104047)[0m /root/autodl-tmp/RLinf/.venv/lib/python3.11/site-packages/sapien/_vulkan_tricks.py:73: UserWarning: Failed to find Vulkan ICD file. This is probably due to an incorrect or partial installation of the NVIDIA driver. SAPIEN will attempt to provide an ICD file anyway but it may not work.
[36m(EnvGroup(rank=0) pid=104047)[0m   warn(
[36m(RolloutGroup(rank=0) pid=104005)[0m INFO:datasets:PyTorch version 2.6.0 available.
[36m(RolloutGroup(rank=0) pid=104005)[0m INFO:datasets:Polars version 1.41.2 available.
[36m(RolloutGroup(rank=0) pid=104005)[0m INFO:datasets:TensorFlow version 2.21.0 available.
[36m(RolloutGroup(rank=0) pid=104005)[0m INFO:datasets:JAX version 0.5.3 available.
[36m(RolloutGroup(rank=1) pid=104040)[0m INFO:datasets:PyTorch version 2.6.0 available.
[36m(RolloutGroup(rank=1) pid=104040)[0m INFO:datasets:Polars version 1.41.2 available.
[36m(RolloutGroup(rank=1) pid=104040)[0m INFO:datasets:TensorFlow version 2.21.0 available.
[36m(RolloutGroup(rank=1) pid=104040)[0m INFO:datasets:JAX version 0.5.3 available.
[36m(EnvGroup(rank=1) pid=104055)[0m /root/autodl-tmp/RLinf/.venv/lib/python3.11/site-packages/sapien/_vulkan_tricks.py:73: UserWarning: Failed to find Vulkan ICD file. This is probably due to an incorrect or partial installation of the NVIDIA driver. SAPIEN will attempt to provide an ICD file anyway but it may not work.
[36m(EnvGroup(rank=1) pid=104055)[0m   warn(
[36m(EnvGroup(rank=0) pid=104047)[0m [planner.py]: Something wrong happened when importing CuroboPlanner! Please check if Curobo is installed correctly. If the problem still exists, you can install Curobo from https://github.com/NVlabs/curobo manually.
[36m(EnvGroup(rank=0) pid=104047)[0m Exception traceback:
[36m(EnvGroup(rank=0) pid=104047)[0m missing pytorch3d
[36m(EnvGroup(rank=0) pid=104047)[0m Traceback (most recent call last):
[36m(EnvGroup(rank=0) pid=104047)[0m   File "/root/autodl-tmp/RoboTwin_RLinf/envs/robot/planner.py", line 297, in <module>
[36m(EnvGroup(rank=0) pid=104047)[0m     from curobo.types.math import Pose as CuroboPose
[36m(EnvGroup(rank=0) pid=104047)[0m ModuleNotFoundError: No module named 'curobo.types.math'; 'curobo.types' is not a package
[36m(EnvGroup(rank=1) pid=104055)[0m [planner.py]: Something wrong happened when importing CuroboPlanner! Please check if Curobo is installed correctly. If the problem still exists, you can install Curobo from https://github.com/NVlabs/curobo manually.
[36m(EnvGroup(rank=1) pid=104055)[0m Exception traceback:
[36m(EnvGroup(rank=1) pid=104055)[0m missing pytorch3d
[36m(EnvGroup(rank=1) pid=104055)[0m Traceback (most recent call last):
[36m(EnvGroup(rank=1) pid=104055)[0m   File "/root/autodl-tmp/RoboTwin_RLinf/envs/robot/planner.py", line 297, in <module>
[36m(EnvGroup(rank=1) pid=104055)[0m     from curobo.types.math import Pose as CuroboPose
[36m(EnvGroup(rank=1) pid=104055)[0m ModuleNotFoundError: No module named 'curobo.types.math'; 'curobo.types' is not a package
[36m(RolloutGroup(rank=0) pid=104005)[0m INFO:root:Loaded norm stats from /root/autodl-tmp/models/rlinf/RLinf-Pi0-RoboTwin-SFT-adjust_bottle/physical-intelligence/robotwin
[36m(RolloutGroup(rank=1) pid=104040)[0m INFO:root:Loaded norm stats from /root/autodl-tmp/models/rlinf/RLinf-Pi0-RoboTwin-SFT-adjust_bottle/physical-intelligence/robotwin
[36m(ActorGroup(rank=0) pid=103960)[0m WARNING: All log messages before absl::InitializeLog() is called are written to STDERR
[36m(ActorGroup(rank=0) pid=103960)[0m I0000 00:00:1786166941.741013  105302 port.cc:153] oneDNN custom operations are on. You may see slightly different numerical results due to floating-point round-off errors from different computation orders. To turn them off, set the environment variable `TF_ENABLE_ONEDNN_OPTS=0`.
[36m(ActorGroup(rank=1) pid=103986)[0m WARNING: All log messages before absl::InitializeLog() is called are written to STDERR
[36m(ActorGroup(rank=1) pid=103986)[0m I0000 00:00:1786166941.741010  105308 port.cc:153] oneDNN custom operations are on. You may see slightly different numerical results due to floating-point round-off errors from different computation orders. To turn them off, set the environment variable `TF_ENABLE_ONEDNN_OPTS=0`.
[36m(ActorGroup(rank=0) pid=103960)[0m WARNING: All log messages before absl::InitializeLog() is called are written to STDERR
[36m(ActorGroup(rank=0) pid=103960)[0m I0000 00:00:1786166942.908520  105302 port.cc:153] oneDNN custom operations are on. You may see slightly different numerical results due to floating-point round-off errors from different computation orders. To turn them off, set the environment variable `TF_ENABLE_ONEDNN_OPTS=0`.
[36m(ActorGroup(rank=1) pid=103986)[0m WARNING: All log messages before absl::InitializeLog() is called are written to STDERR
[36m(ActorGroup(rank=1) pid=103986)[0m I0000 00:00:1786166942.908523  105308 port.cc:153] oneDNN custom operations are on. You may see slightly different numerical results due to floating-point round-off errors from different computation orders. To turn them off, set the environment variable `TF_ENABLE_ONEDNN_OPTS=0`.
[36m(ActorGroup(rank=0) pid=103960)[0m INFO:datasets:PyTorch version 2.6.0 available.
[36m(ActorGroup(rank=0) pid=103960)[0m INFO:datasets:Polars version 1.41.2 available.
[36m(ActorGroup(rank=0) pid=103960)[0m INFO:datasets:TensorFlow version 2.21.0 available.
[36m(ActorGroup(rank=0) pid=103960)[0m INFO:datasets:JAX version 0.5.3 available.
[36m(ActorGroup(rank=1) pid=103986)[0m INFO:datasets:PyTorch version 2.6.0 available.
[36m(ActorGroup(rank=1) pid=103986)[0m INFO:datasets:Polars version 1.41.2 available.
[36m(ActorGroup(rank=1) pid=103986)[0m INFO:datasets:TensorFlow version 2.21.0 available.
[36m(ActorGroup(rank=1) pid=103986)[0m INFO:datasets:JAX version 0.5.3 available.
[36m(ActorGroup(rank=0) pid=103960)[0m INFO:root:Loaded norm stats from /root/autodl-tmp/models/rlinf/RLinf-Pi0-RoboTwin-SFT-adjust_bottle/physical-intelligence/robotwin
[36m(ActorGroup(rank=1) pid=103986)[0m INFO:root:Loaded norm stats from /root/autodl-tmp/models/rlinf/RLinf-Pi0-RoboTwin-SFT-adjust_bottle/physical-intelligence/robotwin
[36m(ActorGroup(rank=0) pid=103960)[0m [INFO 13:30:00 ActorGroup-Rank-0][fsdp_model_manager.py:282] [FSDP] Gradient checkpointing is disabled
[36m(ActorGroup(rank=1) pid=103986)[0m [INFO 13:30:00 ActorGroup-Rank-1][fsdp_model_manager.py:282] [FSDP] Gradient checkpointing is disabled
[36m(RolloutGroup(rank=0) pid=104005)[0m Evaluating Rollout Epochs:   0%|          | 0/5 [00:00<?, ?it/s]
[36m(RolloutGroup(rank=0) pid=104005)[0m Evaluating Rollout Epochs:  20%|██        | 1/5 [00:55<03:43, 55.93s/it]
[36m(RolloutGroup(rank=0) pid=104005)[0m Evaluating Rollout Epochs:  40%|████      | 2/5 [01:51<02:47, 55.91s/it]
[36m(RolloutGroup(rank=0) pid=104005)[0m Evaluating Rollout Epochs:  60%|██████    | 3/5 [02:46<01:51, 55.53s/it]
[36m(RolloutGroup(rank=0) pid=104005)[0m Evaluating Rollout Epochs:  80%|████████  | 4/5 [03:42<00:55, 55.52s/it]
[36m(RolloutGroup(rank=0) pid=104005)[0m Evaluating Rollout Epochs: 100%|██████████| 5/5 [04:39<00:00, 55.92s/it]Evaluating Rollout Epochs: 100%|██████████| 5/5 [04:39<00:00, 55.81s/it]
[36m(RolloutGroup(rank=0) pid=104005)[0m Generating Rollout Epochs:   0%|          | 0/1 [00:00<?, ?it/s]
[36m(RolloutGroup(rank=0) pid=104005)[0m Generating Rollout Epochs: 100%|██████████| 1/1 [08:46<00:00, 526.37s/it]Generating Rollout Epochs: 100%|██████████| 1/1 [08:46<00:00, 526.37s/it]

╭──────────────────────────────────────────────────────────────────────────────────────────────────────────────────────╮
├──────────────────────────────────────────────────── Metric Table ────────────────────────────────────────────────────┤
│ Global Step: 1390/90000 │ Progress: ░░░░░░░░░░░░░░░░░░░░░░░░░░░░░░░░░░░░░░░░ │   1.5%                                │
│ Elapsed: 13:57 │ ETA: 14:49:45 │ Step Time: 0.602s                                                                   │
├──────────────────────────────────────────────────────── Time ────────────────────────────────────────────────────────┤
│                                                                                                                      │
│actor/actor/recv_ogpo_traj=528.7       │actor/actor/sync_model_to_rollout=12.4…│actor/run_training=0.449              │
│cal_adv_and_returns=0.0036             │env/compute_bootstrap_rewards=0.0027   │env/env/bootstrap_step=29.907         │
│env/env/send_rollout_trajectories=0.883│env/env_interact_step=490.6            │env/env_interact_step_ogpo=490.5      │
│env/interact=527.7                     │env/run_interact_once=527.3            │generate_rollouts=528.9               │
│rollout/generate_one_epoch=526.4       │rollout/predict=24.234                 │rollout/rollout/generate=526.4        │
│step=530.2                             │sync_weights=0.903                     │                                      │
│                                                                                                                      │
├──────────────────────────────────────────────────── Environment ─────────────────────────────────────────────────────┤
│                                                                                                                      │
│episode_len=200.0                      │num_trajectories=8                     │return=0.25                           │
│reward=0.00125                         │success_once=0.25                      │                                      │
│                                                                                                                      │
├────────────────────────────────────────────────────── Rollout ───────────────────────────────────────────────────────┤
│                                                                                                                      │
│ogpo/global_inserted_rows=1390.0       │ogpo/local_inserted_rows=695.0         │ogpo/previous_online_rows=0.0000      │
│ogpo/replay_rows=695.0                 │ogpo/success_rows=95.000               │ogpo/total_online_rows=1390.0         │
│                                                                                                                      │
├─────────────────────────────────────────────────── Training/Other ───────────────────────────────────────────────────┤
│                                                                                                                      │
│ogpo/actor_updates=0.0000              │ogpo/critic_updates=0.0000             │ogpo/global_inserted_rows=1390.0      │
│ogpo/local_inserted_rows=695.0         │ogpo/pending_actor_updates=0.0000      │ogpo/pending_critic_updates=0.0000    │
│ogpo/policy_version=0.0000             │ogpo/previous_online_rows=0.0000       │ogpo/replay_rows=695.0                │
│ogpo/success_rows=95.000               │ogpo/total_online_rows=1390.0          │ogpo/updates_run=0.0000               │
│                                                                                                                      │
╰──────────────────────────────────────────────────────────────────────────────────────────────────────────────────────╯

[36m(RolloutGroup(rank=0) pid=104005)[0m Generating Rollout Epochs:   0%|          | 0/1 [00:00<?, ?it/s]
[36m(RolloutGroup(rank=0) pid=104005)[0m Generating Rollout Epochs: 100%|██████████| 1/1 [07:50<00:00, 470.81s/it]Generating Rollout Epochs: 100%|██████████| 1/1 [07:50<00:00, 470.81s/it]

╭──────────────────────────────────────────────────────────────────────────────────────────────────────────────────────╮
├──────────────────────────────────────────────────── Metric Table ────────────────────────────────────────────────────┤
│ Global Step: 2735/90000 │ Progress: █░░░░░░░░░░░░░░░░░░░░░░░░░░░░░░░░░░░░░░░ │   3.0%                                │
│ Elapsed: 22:05 │ ETA: 11:45:04 │ Step Time: 0.485s                                                                   │
├──────────────────────────────────────────────────────── Time ────────────────────────────────────────────────────────┤
│                                                                                                                      │
│actor/actor/recv_ogpo_traj=486.9       │actor/actor/sync_model_to_rollout=0.444│actor/run_training=0.445              │
│cal_adv_and_returns=0.0031             │env/compute_bootstrap_rewards=0.0024   │env/env/bootstrap_step=30.366         │
│env/env/send_rollout_trajectories=0.860│env/env_interact_step=449.2            │env/env_interact_step_ogpo=449.2      │
│env/interact=485.9                     │env/run_interact_once=485.5            │generate_rollouts=487.0               │
│rollout/generate_one_epoch=484.6       │rollout/predict=4.781                  │rollout/rollout/generate=484.6        │
│step=488.4                             │sync_weights=0.928                     │                                      │
│                                                                                                                      │
├──────────────────────────────────────────────────── Environment ─────────────────────────────────────────────────────┤
│                                                                                                                      │
│episode_len=200.0                      │num_trajectories=8                     │return=0.375                          │
│reward=0.001875                        │success_once=0.375                     │                                      │
│                                                                                                                      │
├────────────────────────────────────────────────────── Rollout ───────────────────────────────────────────────────────┤
│                                                                                                                      │
│ogpo/global_inserted_rows=1345.0       │ogpo/local_inserted_rows=672.5         │ogpo/previous_online_rows=1390.0      │
│ogpo/replay_rows=1367.5                │ogpo/success_rows=267.5                │ogpo/total_online_rows=2735.0         │
│                                                                                                                      │
├─────────────────────────────────────────────────── Training/Other ───────────────────────────────────────────────────┤
│                                                                                                                      │
│ogpo/actor_updates=0.0000              │ogpo/critic_updates=0.0000             │ogpo/global_inserted_rows=1345.0      │
│ogpo/local_inserted_rows=672.5         │ogpo/pending_actor_updates=0.0000      │ogpo/pending_critic_updates=0.0000    │
│ogpo/policy_version=0.0000             │ogpo/previous_online_rows=1390.0       │ogpo/replay_rows=1367.5               │
│ogpo/success_rows=267.5                │ogpo/total_online_rows=2735.0          │ogpo/updates_run=0.0000               │
│                                                                                                                      │
╰──────────────────────────────────────────────────────────────────────────────────────────────────────────────────────╯

[36m(RolloutGroup(rank=0) pid=104005)[0m Generating Rollout Epochs:   0%|          | 0/1 [00:00<?, ?it/s]
[36m(RolloutGroup(rank=0) pid=104005)[0m Generating Rollout Epochs: 100%|██████████| 1/1 [07:44<00:00, 464.48s/it]Generating Rollout Epochs: 100%|██████████| 1/1 [07:44<00:00, 464.48s/it]

╭──────────────────────────────────────────────────────────────────────────────────────────────────────────────────────╮
├──────────────────────────────────────────────────── Metric Table ────────────────────────────────────────────────────┤
│ Global Step: 4050/90000 │ Progress: █░░░░░░░░░░░░░░░░░░░░░░░░░░░░░░░░░░░░░░░ │   4.5%                                │
│ Elapsed: 29:54 │ ETA: 10:34:38 │ Step Time: 0.443s                                                                   │
├──────────────────────────────────────────────────────── Time ────────────────────────────────────────────────────────┤
│                                                                                                                      │
│actor/actor/recv_ogpo_traj=466.9       │actor/actor/sync_model_to_rollout=0.447│actor/run_training=0.450              │
│cal_adv_and_returns=0.0032             │env/compute_bootstrap_rewards=0.0025   │env/env/bootstrap_step=29.850         │
│env/env/send_rollout_trajectories=0.855│env/env_interact_step=429.2            │env/env_interact_step_ogpo=429.1      │
│env/interact=465.8                     │env/run_interact_once=465.4            │generate_rollouts=467.0               │
│rollout/generate_one_epoch=464.5       │rollout/predict=4.729                  │rollout/rollout/generate=464.5        │
│step=468.4                             │sync_weights=0.933                     │                                      │
│                                                                                                                      │
├──────────────────────────────────────────────────── Environment ─────────────────────────────────────────────────────┤
│                                                                                                                      │
│episode_len=200.0                      │num_trajectories=8                     │return=0.375                          │
│reward=0.001875                        │success_once=0.375                     │                                      │
│                                                                                                                      │
├────────────────────────────────────────────────────── Rollout ───────────────────────────────────────────────────────┤
│                                                                                                                      │
│ogpo/global_inserted_rows=1315.0       │ogpo/local_inserted_rows=657.5         │ogpo/previous_online_rows=2735.0      │
│ogpo/replay_rows=2025.0                │ogpo/success_rows=425.0                │ogpo/total_online_rows=4050.0         │
│                                                                                                                      │
├─────────────────────────────────────────────────── Training/Other ───────────────────────────────────────────────────┤
│                                                                                                                      │
│ogpo/actor_updates=0.0000              │ogpo/critic_updates=0.0000             │ogpo/global_inserted_rows=1315.0      │
│ogpo/local_inserted_rows=657.5         │ogpo/pending_actor_updates=0.0000      │ogpo/pending_critic_updates=0.0000    │
│ogpo/policy_version=0.0000             │ogpo/previous_online_rows=2735.0       │ogpo/replay_rows=2025.0               │
│ogpo/success_rows=425.0                │ogpo/total_online_rows=4050.0          │ogpo/updates_run=0.0000               │
│                                                                                                                      │
╰──────────────────────────────────────────────────────────────────────────────────────────────────────────────────────╯

[36m(RolloutGroup(rank=0) pid=104005)[0m Generating Rollout Epochs:   0%|          | 0/1 [00:00<?, ?it/s]
[36m(RolloutGroup(rank=0) pid=104005)[0m Generating Rollout Epochs: 100%|██████████| 1/1 [08:09<00:00, 489.64s/it]Generating Rollout Epochs: 100%|██████████| 1/1 [08:09<00:00, 489.64s/it]

╭──────────────────────────────────────────────────────────────────────────────────────────────────────────────────────╮
├──────────────────────────────────────────────────── Metric Table ────────────────────────────────────────────────────┤
│ Global Step: 5563/90000 │ Progress: ██░░░░░░░░░░░░░░░░░░░░░░░░░░░░░░░░░░░░░░ │   6.2%                                │
│ Elapsed: 38:07 │ ETA: 09:38:45 │ Step Time: 0.411s                                                                   │
├──────────────────────────────────────────────────────── Time ────────────────────────────────────────────────────────┤
│                                                                                                                      │
│actor/actor/recv_ogpo_traj=492.0       │actor/actor/sync_model_to_rollout=0.441│actor/run_training=0.457              │
│cal_adv_and_returns=0.0030             │env/compute_bootstrap_rewards=0.0020   │env/env/bootstrap_step=29.598         │
│env/env/send_rollout_trajectories=0.842│env/env_interact_step=454.5            │env/env_interact_step_ogpo=454.4      │
│env/interact=490.9                     │env/run_interact_once=490.5            │generate_rollouts=492.1               │
│rollout/generate_one_epoch=489.6       │rollout/predict=4.778                  │rollout/rollout/generate=489.6        │
│step=493.5                             │sync_weights=0.947                     │                                      │
│                                                                                                                      │
├──────────────────────────────────────────────────── Environment ─────────────────────────────────────────────────────┤
│                                                                                                                      │
│episode_len=200.0                      │num_trajectories=8                     │return=0.125                          │
│reward=0.000625                        │success_once=0.125                     │                                      │
│                                                                                                                      │
├────────────────────────────────────────────────────── Rollout ───────────────────────────────────────────────────────┤
│                                                                                                                      │
│ogpo/global_inserted_rows=1513.0       │ogpo/local_inserted_rows=756.5         │ogpo/previous_online_rows=4050.0      │
│ogpo/replay_rows=2781.5                │ogpo/success_rows=481.5                │ogpo/total_online_rows=5563.0         │
│                                                                                                                      │
├─────────────────────────────────────────────────── Training/Other ───────────────────────────────────────────────────┤
│                                                                                                                      │
│ogpo/actor_updates=0.0000              │ogpo/critic_updates=0.0000             │ogpo/global_inserted_rows=1513.0      │
│ogpo/local_inserted_rows=756.5         │ogpo/pending_actor_updates=0.0000      │ogpo/pending_critic_updates=0.0000    │
│ogpo/policy_version=0.0000             │ogpo/previous_online_rows=4050.0       │ogpo/replay_rows=2781.5               │
│ogpo/success_rows=481.5                │ogpo/total_online_rows=5563.0          │ogpo/updates_run=0.0000               │
│                                                                                                                      │
╰──────────────────────────────────────────────────────────────────────────────────────────────────────────────────────╯

[36m(RolloutGroup(rank=0) pid=104005)[0m Generating Rollout Epochs:   0%|          | 0/1 [00:00<?, ?it/s]
[36m(RolloutGroup(rank=0) pid=104005)[0m Generating Rollout Epochs: 100%|██████████| 1/1 [08:05<00:00, 485.94s/it]Generating Rollout Epochs: 100%|██████████| 1/1 [08:05<00:00, 485.94s/it]

╭──────────────────────────────────────────────────────────────────────────────────────────────────────────────────────╮
├──────────────────────────────────────────────────── Metric Table ────────────────────────────────────────────────────┤
│ Global Step: 7076/90000 │ Progress: ███░░░░░░░░░░░░░░░░░░░░░░░░░░░░░░░░░░░░░ │   7.9%                                │
│ Elapsed: 46:17 │ ETA: 09:02:32 │ Step Time: 0.393s                                                                   │
├──────────────────────────────────────────────────────── Time ────────────────────────────────────────────────────────┤
│                                                                                                                      │
│actor/actor/recv_ogpo_traj=488.4       │actor/actor/sync_model_to_rollout=0.444│actor/run_training=0.457              │
│cal_adv_and_returns=0.0034             │env/compute_bootstrap_rewards=0.0025   │env/env/bootstrap_step=30.525         │
│env/env/send_rollout_trajectories=0.848│env/env_interact_step=449.7            │env/env_interact_step_ogpo=449.6      │
│env/interact=487.3                     │env/run_interact_once=486.8            │generate_rollouts=488.5               │
│rollout/generate_one_epoch=485.9       │rollout/predict=4.573                  │rollout/rollout/generate=485.9        │
│step=489.9                             │sync_weights=0.926                     │                                      │
│                                                                                                                      │
├──────────────────────────────────────────────────── Environment ─────────────────────────────────────────────────────┤
│                                                                                                                      │
│episode_len=200.0                      │num_trajectories=8                     │return=0.125                          │
│reward=0.000625                        │success_once=0.125                     │                                      │
│                                                                                                                      │
├────────────────────────────────────────────────────── Rollout ───────────────────────────────────────────────────────┤
│                                                                                                                      │
│ogpo/global_inserted_rows=1513.0       │ogpo/local_inserted_rows=756.5         │ogpo/previous_online_rows=5563.0      │
│ogpo/replay_rows=3538.0                │ogpo/success_rows=538.0                │ogpo/total_online_rows=7076.0         │
│                                                                                                                      │
├─────────────────────────────────────────────────── Training/Other ───────────────────────────────────────────────────┤
│                                                                                                                      │
│ogpo/actor_updates=0.0000              │ogpo/critic_updates=0.0000             │ogpo/global_inserted_rows=1513.0      │
│ogpo/local_inserted_rows=756.5         │ogpo/pending_actor_updates=0.0000      │ogpo/pending_critic_updates=0.0000    │
│ogpo/policy_version=0.0000             │ogpo/previous_online_rows=5563.0       │ogpo/replay_rows=3538.0               │
│ogpo/success_rows=538.0                │ogpo/total_online_rows=7076.0          │ogpo/updates_run=0.0000               │
│                                                                                                                      │
╰──────────────────────────────────────────────────────────────────────────────────────────────────────────────────────╯

[36m(RolloutGroup(rank=0) pid=104005)[0m Generating Rollout Epochs:   0%|          | 0/1 [00:00<?, ?it/s]
[36m(RolloutGroup(rank=0) pid=104005)[0m Generating Rollout Epochs: 100%|██████████| 1/1 [08:07<00:00, 487.09s/it]Generating Rollout Epochs: 100%|██████████| 1/1 [08:07<00:00, 487.09s/it]

╭──────────────────────────────────────────────────────────────────────────────────────────────────────────────────────╮
├──────────────────────────────────────────────────── Metric Table ────────────────────────────────────────────────────┤
│ Global Step: 8676/90000 │ Progress: ███░░░░░░░░░░░░░░░░░░░░░░░░░░░░░░░░░░░░░ │   9.6%                                │
│ Elapsed: 54:28 │ ETA: 08:30:40 │ Step Time: 0.377s                                                                   │
├──────────────────────────────────────────────────────── Time ────────────────────────────────────────────────────────┤
│                                                                                                                      │
│actor/actor/recv_ogpo_traj=489.6       │actor/actor/sync_model_to_rollout=0.448│actor/run_training=0.462              │
│cal_adv_and_returns=0.0035             │env/compute_bootstrap_rewards=0.0023   │env/env/bootstrap_step=30.068         │
│env/env/send_rollout_trajectories=0.843│env/env_interact_step=451.3            │env/env_interact_step_ogpo=451.2      │
│env/interact=488.4                     │env/run_interact_once=488.0            │generate_rollouts=489.7               │
│rollout/generate_one_epoch=487.1       │rollout/predict=4.647                  │rollout/rollout/generate=487.1        │
│step=491.1                             │sync_weights=0.925                     │                                      │
│                                                                                                                      │
├──────────────────────────────────────────────────── Environment ─────────────────────────────────────────────────────┤
│                                                                                                                      │
│episode_len=200.0                      │num_trajectories=8                     │return=0.0                            │
│reward=0.0                             │success_once=0.0                       │                                      │
│                                                                                                                      │
├────────────────────────────────────────────────────── Rollout ───────────────────────────────────────────────────────┤
│                                                                                                                      │
│ogpo/global_inserted_rows=1600.0       │ogpo/local_inserted_rows=800.0         │ogpo/previous_online_rows=7076.0      │
│ogpo/replay_rows=4338.0                │ogpo/success_rows=538.0                │ogpo/total_online_rows=8676.0         │
│                                                                                                                      │
├─────────────────────────────────────────────────── Training/Other ───────────────────────────────────────────────────┤
│                                                                                                                      │
│ogpo/actor_updates=0.0000              │ogpo/critic_updates=0.0000             │ogpo/global_inserted_rows=1600.0      │
│ogpo/local_inserted_rows=800.0         │ogpo/pending_actor_updates=0.0000      │ogpo/pending_critic_updates=0.0000    │
│ogpo/policy_version=0.0000             │ogpo/previous_online_rows=7076.0       │ogpo/replay_rows=4338.0               │
│ogpo/success_rows=538.0                │ogpo/total_online_rows=8676.0          │ogpo/updates_run=0.0000               │
│                                                                                                                      │
╰──────────────────────────────────────────────────────────────────────────────────────────────────────────────────────╯

[36m(RolloutGroup(rank=0) pid=104005)[0m Generating Rollout Epochs:   0%|          | 0/1 [00:00<?, ?it/s]
[36m(RolloutGroup(rank=0) pid=104005)[0m Generating Rollout Epochs: 100%|██████████| 1/1 [07:47<00:00, 467.95s/it]Generating Rollout Epochs: 100%|██████████| 1/1 [07:47<00:00, 467.95s/it]
[36m(RolloutGroup(rank=0) pid=104005)[0m Evaluating Rollout Epochs:   0%|          | 0/5 [00:00<?, ?it/s]
[36m(RolloutGroup(rank=0) pid=104005)[0m Evaluating Rollout Epochs:  20%|██        | 1/5 [00:54<03:37, 54.36s/it]
[36m(RolloutGroup(rank=0) pid=104005)[0m Evaluating Rollout Epochs:  40%|████      | 2/5 [01:49<02:44, 54.90s/it]
[36m(RolloutGroup(rank=0) pid=104005)[0m Evaluating Rollout Epochs:  60%|██████    | 3/5 [02:43<01:49, 54.50s/it]
[36m(RolloutGroup(rank=0) pid=104005)[0m Evaluating Rollout Epochs:  80%|████████  | 4/5 [03:33<00:52, 52.82s/it]
[36m(RolloutGroup(rank=0) pid=104005)[0m Evaluating Rollout Epochs: 100%|██████████| 5/5 [04:26<00:00, 52.87s/it]Evaluating Rollout Epochs: 100%|██████████| 5/5 [04:26<00:00, 53.37s/it]

╭──────────────────────────────────────────────────────────────────────────────────────────────────────────────────────╮
├──────────────────────────────────────────────────── Metric Table ────────────────────────────────────────────────────┤
│ Global Step: 10088/90000 │ Progress: ████░░░░░░░░░░░░░░░░░░░░░░░░░░░░░░░░░░░░ │  11.2%                               │
│ Elapsed: 01:08:18 │ ETA: 09:01:05 │ Step Time: 0.406s                                                                │
├──────────────────────────────────────────────────────── Time ────────────────────────────────────────────────────────┤
│                                                                                                                      │
│actor/actor/recv_ogpo_traj=489.6       │actor/actor/sync_model_to_rollout=1.837│actor/run_training=49.498             │
│cal_adv_and_returns=0.0029             │env/compute_bootstrap_rewards=0.0022   │env/env/bootstrap_step=30.629         │
│env/env/send_rollout_trajectories=0.850│env/env_interact_step=451.6            │env/env_interact_step_ogpo=451.5      │
│env/interact=488.5                     │env/run_interact_once=488.1            │eval=289.4                            │
│generate_rollouts=489.7                │rollout/generate_one_epoch=487.2       │rollout/predict=23.017                │
│rollout/rollout/generate=487.2         │step=829.5                             │sync_weights=0.939                    │
│                                                                                                                      │
├──────────────────────────────────────────────────── Environment ─────────────────────────────────────────────────────┤
│                                                                                                                      │
│episode_len=200.0                      │num_trajectories=8                     │return=0.25                           │
│reward=0.00125                         │success_once=0.25                      │                                      │
│                                                                                                                      │
├────────────────────────────────────────────────────── Rollout ───────────────────────────────────────────────────────┤
│                                                                                                                      │
│ogpo/global_inserted_rows=1412.0       │ogpo/local_inserted_rows=706.0         │ogpo/previous_online_rows=8676.0      │
│ogpo/replay_rows=5044.0                │ogpo/success_rows=644.0                │ogpo/total_online_rows=1.01e+04       │
│                                                                                                                      │
├───────────────────────────────────────────────────── Evaluation ─────────────────────────────────────────────────────┤
│                                                                                                                      │
│episode_len=200.0                      │num_trajectories=20                    │return=0.05                           │
│reward=0.00024999998                   │success_at_end=0.05                    │success_once=0.05                     │
│                                                                                                                      │
├─────────────────────────────────────────────────── Training/Other ───────────────────────────────────────────────────┤
│                                                                                                                      │
│ogpo/actor_grad_norm=1.206             │ogpo/actor_loss=5.79e-07               │ogpo/actor_lr=5.60e-06                │
│ogpo/actor_updates=4.000               │ogpo/bc_loss=0.115                     │ogpo/critic_grad_norm=172.8           │
│ogpo/critic_loss=15.038                │ogpo/critic_updates=4.000              │ogpo/global_inserted_rows=1412.0      │
│ogpo/local_inserted_rows=706.0         │ogpo/pending_actor_updates=0.400       │ogpo/pending_critic_updates=0.400     │
│ogpo/policy_version=4.000              │ogpo/previous_online_rows=8676.0       │ogpo/q_mean=-0.267                    │
│ogpo/ratio=0.948                       │ogpo/replay_rows=5044.0                │ogpo/success_rows=644.0               │
│ogpo/td_target_mean=-0.354             │ogpo/total_online_rows=1.01e+04        │ogpo/updates_run=4.000                │
│                                                                                                                      │
╰──────────────────────────────────────────────────────────────────────────────────────────────────────────────────────╯

[36m(RolloutGroup(rank=0) pid=104005)[0m Generating Rollout Epochs:   0%|          | 0/1 [00:00<?, ?it/s]
[36m(RolloutGroup(rank=0) pid=104005)[0m Generating Rollout Epochs: 100%|██████████| 1/1 [08:40<00:00, 520.28s/it]Generating Rollout Epochs: 100%|██████████| 1/1 [08:40<00:00, 520.28s/it]

╭──────────────────────────────────────────────────────────────────────────────────────────────────────────────────────╮
├──────────────────────────────────────────────────── Metric Table ────────────────────────────────────────────────────┤
│ Global Step: 11593/90000 │ Progress: █████░░░░░░░░░░░░░░░░░░░░░░░░░░░░░░░░░░░ │  12.9%                               │
│ Elapsed: 01:32:03 │ ETA: 10:22:39 │ Step Time: 0.476s                                                                │
├──────────────────────────────────────────────────────── Time ────────────────────────────────────────────────────────┤
│                                                                                                                      │
│actor/actor/recv_ogpo_traj=522.8       │actor/actor/sync_model_to_rollout=0.448│actor/run_training=901.5              │
│cal_adv_and_returns=0.0033             │env/compute_bootstrap_rewards=0.0025   │env/env/bootstrap_step=31.018         │
│env/env/send_rollout_trajectories=0.851│env/env_interact_step=483.7            │env/env_interact_step_ogpo=483.6      │
│env/interact=521.6                     │env/run_interact_once=521.2            │generate_rollouts=522.9               │
│rollout/generate_one_epoch=520.3       │rollout/predict=4.485                  │rollout/rollout/generate=520.3        │
│step=1425.3                            │sync_weights=0.918                     │                                      │
│                                                                                                                      │
├──────────────────────────────────────────────────── Environment ─────────────────────────────────────────────────────┤
│                                                                                                                      │
│episode_len=200.0                      │num_trajectories=8                     │return=0.125                          │
│reward=0.000625                        │success_once=0.125                     │                                      │
│                                                                                                                      │
├────────────────────────────────────────────────────── Rollout ───────────────────────────────────────────────────────┤
│                                                                                                                      │
│ogpo/global_inserted_rows=1505.0       │ogpo/local_inserted_rows=752.5         │ogpo/previous_online_rows=1.01e+04    │
│ogpo/replay_rows=5796.5                │ogpo/success_rows=696.5                │ogpo/total_online_rows=1.16e+04       │
│                                                                                                                      │
├─────────────────────────────────────────────────── Training/Other ───────────────────────────────────────────────────┤
│                                                                                                                      │
│ogpo/actor_grad_norm=0.707             │ogpo/actor_loss=8.40e-08               │ogpo/actor_lr=5.60e-06                │
│ogpo/actor_updates=79.000              │ogpo/bc_loss=0.089                     │ogpo/critic_grad_norm=5.032           │
│ogpo/critic_loss=0.097                 │ogpo/critic_updates=79.000             │ogpo/global_inserted_rows=1505.0      │
│ogpo/local_inserted_rows=752.5         │ogpo/pending_actor_updates=0.650       │ogpo/pending_critic_updates=0.650     │
│ogpo/policy_version=79.000             │ogpo/previous_online_rows=1.01e+04     │ogpo/q_mean=-0.049                    │
│ogpo/ratio=0.123                       │ogpo/replay_rows=5796.5                │ogpo/success_rows=696.5               │
│ogpo/td_target_mean=-0.054             │ogpo/total_online_rows=1.16e+04        │ogpo/updates_run=75.000               │
│                                                                                                                      │
╰──────────────────────────────────────────────────────────────────────────────────────────────────────────────────────╯

[36m(RolloutGroup(rank=0) pid=104005)[0m Generating Rollout Epochs:   0%|          | 0/1 [00:00<?, ?it/s]
[36m(RolloutGroup(rank=0) pid=104005)[0m Generating Rollout Epochs: 100%|██████████| 1/1 [07:49<00:00, 469.75s/it]Generating Rollout Epochs: 100%|██████████| 1/1 [07:49<00:00, 469.75s/it]

╭──────────────────────────────────────────────────────────────────────────────────────────────────────────────────────╮
├──────────────────────────────────────────────────── Metric Table ────────────────────────────────────────────────────┤
│ Global Step: 12934/90000 │ Progress: █████░░░░░░░░░░░░░░░░░░░░░░░░░░░░░░░░░░░ │  14.4%                               │
│ Elapsed: 01:53:27 │ ETA: 11:16:03 │ Step Time: 0.526s                                                                │
├──────────────────────────────────────────────────────── Time ────────────────────────────────────────────────────────┤
│                                                                                                                      │
│actor/actor/recv_ogpo_traj=472.1       │actor/actor/sync_model_to_rollout=1.801│actor/run_training=809.1              │
│cal_adv_and_returns=0.0026             │env/compute_bootstrap_rewards=0.0023   │env/env/bootstrap_step=29.777         │
│env/env/send_rollout_trajectories=0.979│env/env_interact_step=434.3            │env/env_interact_step_ogpo=434.2      │
│env/interact=471.0                     │env/run_interact_once=470.6            │generate_rollouts=472.2               │
│rollout/generate_one_epoch=469.8       │rollout/predict=4.564                  │rollout/rollout/generate=469.8        │
│step=1283.9                            │sync_weights=2.558                     │                                      │
│                                                                                                                      │
├──────────────────────────────────────────────────── Environment ─────────────────────────────────────────────────────┤
│                                                                                                                      │
│episode_len=200.0                      │num_trajectories=8                     │return=0.375                          │
│reward=0.001875                        │success_once=0.375                     │                                      │
│                                                                                                                      │
├────────────────────────────────────────────────────── Rollout ───────────────────────────────────────────────────────┤
│                                                                                                                      │
│ogpo/global_inserted_rows=1341.0       │ogpo/local_inserted_rows=670.5         │ogpo/previous_online_rows=1.16e+04    │
│ogpo/replay_rows=6467.0                │ogpo/success_rows=867.0                │ogpo/total_online_rows=1.29e+04       │
│                                                                                                                      │
├─────────────────────────────────────────────────── Training/Other ───────────────────────────────────────────────────┤
│                                                                                                                      │
│ogpo/actor_grad_norm=0.344             │ogpo/actor_loss=2.42e-06               │ogpo/actor_lr=5.60e-06                │
│ogpo/actor_updates=146.0               │ogpo/bc_loss=0.057                     │ogpo/critic_grad_norm=1.393           │
│ogpo/critic_loss=0.014                 │ogpo/critic_updates=146.0              │ogpo/global_inserted_rows=1341.0      │
│ogpo/local_inserted_rows=670.5         │ogpo/pending_actor_updates=0.700       │ogpo/pending_critic_updates=0.700     │
│ogpo/policy_version=146.0              │ogpo/previous_online_rows=1.16e+04     │ogpo/q_mean=0.012                     │
│ogpo/ratio=0.139                       │ogpo/replay_rows=6467.0                │ogpo/success_rows=867.0               │
│ogpo/td_target_mean=0.012              │ogpo/total_online_rows=1.29e+04        │ogpo/updates_run=67.000               │
│                                                                                                                      │
╰──────────────────────────────────────────────────────────────────────────────────────────────────────────────────────╯

[36m(RolloutGroup(rank=0) pid=104005)[0m Generating Rollout Epochs:   0%|          | 0/1 [00:00<?, ?it/s]
[36m(RolloutGroup(rank=0) pid=104005)[0m Generating Rollout Epochs: 100%|██████████| 1/1 [08:33<00:00, 513.85s/it]Generating Rollout Epochs: 100%|██████████| 1/1 [08:33<00:00, 513.85s/it]

╭──────────────────────────────────────────────────────────────────────────────────────────────────────────────────────╮
├──────────────────────────────────────────────────── Metric Table ────────────────────────────────────────────────────┤
│ Global Step: 14534/90000 │ Progress: ██████░░░░░░░░░░░░░░░░░░░░░░░░░░░░░░░░░░ │  16.1%                               │
│ Elapsed: 02:18:10 │ ETA: 11:57:26 │ Step Time: 0.570s                                                                │
├──────────────────────────────────────────────────────── Time ────────────────────────────────────────────────────────┤
│                                                                                                                      │
│actor/actor/recv_ogpo_traj=516.4       │actor/actor/sync_model_to_rollout=1.719│actor/run_training=963.7              │
│cal_adv_and_returns=0.0037             │env/compute_bootstrap_rewards=0.0025   │env/env/bootstrap_step=30.230         │
│env/env/send_rollout_trajectories=1.054│env/env_interact_step=477.5            │env/env_interact_step_ogpo=477.4      │
│env/interact=515.1                     │env/run_interact_once=514.7            │generate_rollouts=516.5               │
│rollout/generate_one_epoch=513.8       │rollout/predict=4.931                  │rollout/rollout/generate=513.8        │
│step=1482.6                            │sync_weights=2.467                     │                                      │
│                                                                                                                      │
├──────────────────────────────────────────────────── Environment ─────────────────────────────────────────────────────┤
│                                                                                                                      │
│episode_len=200.0                      │num_trajectories=8                     │return=0.0                            │
│reward=0.0                             │success_once=0.0                       │                                      │
│                                                                                                                      │
├────────────────────────────────────────────────────── Rollout ───────────────────────────────────────────────────────┤
│                                                                                                                      │
│ogpo/global_inserted_rows=1600.0       │ogpo/local_inserted_rows=800.0         │ogpo/previous_online_rows=1.29e+04    │
│ogpo/replay_rows=7267.0                │ogpo/success_rows=867.0                │ogpo/total_online_rows=1.45e+04       │
│                                                                                                                      │
├─────────────────────────────────────────────────── Training/Other ───────────────────────────────────────────────────┤
│                                                                                                                      │
│ogpo/actor_grad_norm=0.258             │ogpo/actor_loss=1.33e-05               │ogpo/actor_lr=5.60e-06                │
│ogpo/actor_updates=226.0               │ogpo/bc_loss=0.044                     │ogpo/critic_grad_norm=1.046           │
│ogpo/critic_loss=0.010                 │ogpo/critic_updates=226.0              │ogpo/global_inserted_rows=1600.0      │
│ogpo/local_inserted_rows=800.0         │ogpo/pending_actor_updates=0.700       │ogpo/pending_critic_updates=0.700     │
│ogpo/policy_version=226.0              │ogpo/previous_online_rows=1.29e+04     │ogpo/q_mean=0.024                     │
│ogpo/ratio=0.182                       │ogpo/replay_rows=7267.0                │ogpo/success_rows=867.0               │
│ogpo/td_target_mean=0.024              │ogpo/total_online_rows=1.45e+04        │ogpo/updates_run=80.000               │
│                                                                                                                      │
╰──────────────────────────────────────────────────────────────────────────────────────────────────────────────────────╯

[36m(RolloutGroup(rank=0) pid=104005)[0m Generating Rollout Epochs:   0%|          | 0/1 [00:00<?, ?it/s]
[36m(RolloutGroup(rank=0) pid=104005)[0m Generating Rollout Epochs: 100%|██████████| 1/1 [07:58<00:00, 478.26s/it]Generating Rollout Epochs: 100%|██████████| 1/1 [07:58<00:00, 478.26s/it]

╭──────────────────────────────────────────────────────────────────────────────────────────────────────────────────────╮
├──────────────────────────────────────────────────── Metric Table ────────────────────────────────────────────────────┤
│ Global Step: 16041/90000 │ Progress: ███████░░░░░░░░░░░░░░░░░░░░░░░░░░░░░░░░░ │  17.8%                               │
│ Elapsed: 02:41:55 │ ETA: 12:26:33 │ Step Time: 0.606s                                                                │
├──────────────────────────────────────────────────────── Time ────────────────────────────────────────────────────────┤
│                                                                                                                      │
│actor/actor/recv_ogpo_traj=506.0       │actor/actor/sync_model_to_rollout=1.680│actor/run_training=916.2              │
│cal_adv_and_returns=0.0033             │env/compute_bootstrap_rewards=0.0022   │env/env/bootstrap_step=30.006         │
│env/env/send_rollout_trajectories=0.840│env/env_interact_step=468.1            │env/env_interact_step_ogpo=468.1      │
│env/interact=504.8                     │env/run_interact_once=504.4            │generate_rollouts=506.1               │
│rollout/generate_one_epoch=503.5       │rollout/predict=4.596                  │rollout/rollout/generate=503.5        │
│step=1424.8                            │sync_weights=2.429                     │                                      │
│                                                                                                                      │
├──────────────────────────────────────────────────── Environment ─────────────────────────────────────────────────────┤
│                                                                                                                      │
│episode_len=200.0                      │num_trajectories=8                     │return=0.125                          │
│reward=0.000625                        │success_once=0.125                     │                                      │
│                                                                                                                      │
├────────────────────────────────────────────────────── Rollout ───────────────────────────────────────────────────────┤
│                                                                                                                      │
│ogpo/global_inserted_rows=1507.0       │ogpo/local_inserted_rows=753.5         │ogpo/previous_online_rows=1.45e+04    │
│ogpo/replay_rows=8020.5                │ogpo/success_rows=920.5                │ogpo/total_online_rows=1.60e+04       │
│                                                                                                                      │
├─────────────────────────────────────────────────── Training/Other ───────────────────────────────────────────────────┤
│                                                                                                                      │
│ogpo/actor_grad_norm=0.248             │ogpo/actor_loss=1.01e-04               │ogpo/actor_lr=5.60e-06                │
│ogpo/actor_updates=302.0               │ogpo/bc_loss=0.040                     │ogpo/critic_grad_norm=0.569           │
│ogpo/critic_loss=0.0073                │ogpo/critic_updates=302.0              │ogpo/global_inserted_rows=1507.0      │
│ogpo/local_inserted_rows=753.5         │ogpo/pending_actor_updates=0.050       │ogpo/pending_critic_updates=0.050     │
│ogpo/policy_version=302.0              │ogpo/previous_online_rows=1.45e+04     │ogpo/q_mean=0.044                     │
│ogpo/ratio=0.225                       │ogpo/replay_rows=8020.5                │ogpo/success_rows=920.5               │
│ogpo/td_target_mean=0.045              │ogpo/total_online_rows=1.60e+04        │ogpo/updates_run=76.000               │
│                                                                                                                      │
╰──────────────────────────────────────────────────────────────────────────────────────────────────────────────────────╯

[36m(RolloutGroup(rank=0) pid=104005)[0m Generating Rollout Epochs:   0%|          | 0/1 [00:00<?, ?it/s]
[36m(RolloutGroup(rank=0) pid=104005)[0m Generating Rollout Epochs: 100%|██████████| 1/1 [08:00<00:00, 480.85s/it]Generating Rollout Epochs: 100%|██████████| 1/1 [08:00<00:00, 480.85s/it]

╭──────────────────────────────────────────────────────────────────────────────────────────────────────────────────────╮
├──────────────────────────────────────────────────── Metric Table ────────────────────────────────────────────────────┤
│ Global Step: 17447/90000 │ Progress: ███████░░░░░░░░░░░░░░░░░░░░░░░░░░░░░░░░░ │  19.4%                               │
│ Elapsed: 03:04:08 │ ETA: 12:45:45 │ Step Time: 0.633s                                                                │
├──────────────────────────────────────────────────────── Time ────────────────────────────────────────────────────────┤
│                                                                                                                      │
│actor/actor/recv_ogpo_traj=483.8       │actor/actor/sync_model_to_rollout=1.637│actor/run_training=847.1              │
│cal_adv_and_returns=0.0028             │env/compute_bootstrap_rewards=0.0021   │env/env/bootstrap_step=29.972         │
│env/env/send_rollout_trajectories=0.852│env/env_interact_step=446.0            │env/env_interact_step_ogpo=445.9      │
│env/interact=482.7                     │env/run_interact_once=482.3            │generate_rollouts=483.9               │
│rollout/generate_one_epoch=481.4       │rollout/predict=4.645                  │rollout/rollout/generate=481.4        │
│step=1333.4                            │sync_weights=2.383                     │                                      │
│                                                                                                                      │
├──────────────────────────────────────────────────── Environment ─────────────────────────────────────────────────────┤
│                                                                                                                      │
│episode_len=200.0                      │num_trajectories=8                     │return=0.25                           │
│reward=0.00125                         │success_once=0.25                      │                                      │
│                                                                                                                      │
├────────────────────────────────────────────────────── Rollout ───────────────────────────────────────────────────────┤
│                                                                                                                      │
│ogpo/global_inserted_rows=1406.0       │ogpo/local_inserted_rows=703.0         │ogpo/previous_online_rows=1.60e+04    │
│ogpo/replay_rows=8723.5                │ogpo/success_rows=1023.5               │ogpo/total_online_rows=1.74e+04       │
│                                                                                                                      │
├─────────────────────────────────────────────────── Training/Other ───────────────────────────────────────────────────┤
│                                                                                                                      │
│ogpo/actor_grad_norm=0.240             │ogpo/actor_loss=2.09e-04               │ogpo/actor_lr=5.60e-06                │
│ogpo/actor_updates=372.0               │ogpo/bc_loss=0.038                     │ogpo/critic_grad_norm=0.680           │
│ogpo/critic_loss=0.0085                │ogpo/critic_updates=372.0              │ogpo/global_inserted_rows=1406.0      │
│ogpo/local_inserted_rows=703.0         │ogpo/pending_actor_updates=0.350       │ogpo/pending_critic_updates=0.350     │
│ogpo/policy_version=372.0              │ogpo/previous_online_rows=1.60e+04     │ogpo/q_mean=0.059                     │
│ogpo/ratio=0.335                       │ogpo/replay_rows=8723.5                │ogpo/success_rows=1023.5              │
│ogpo/td_target_mean=0.060              │ogpo/total_online_rows=1.74e+04        │ogpo/updates_run=70.000               │
│                                                                                                                      │
╰──────────────────────────────────────────────────────────────────────────────────────────────────────────────────────╯

[36m(RolloutGroup(rank=0) pid=104005)[0m Generating Rollout Epochs:   0%|          | 0/1 [00:00<?, ?it/s]
[36m(RolloutGroup(rank=0) pid=104005)[0m Generating Rollout Epochs: 100%|██████████| 1/1 [08:06<00:00, 486.23s/it]Generating Rollout Epochs: 100%|██████████| 1/1 [08:06<00:00, 486.23s/it]

╭──────────────────────────────────────────────────────────────────────────────────────────────────────────────────────╮
├──────────────────────────────────────────────────── Metric Table ────────────────────────────────────────────────────┤
│ Global Step: 18958/90000 │ Progress: ████████░░░░░░░░░░░░░░░░░░░░░░░░░░░░░░░░ │  21.1%                               │
│ Elapsed: 03:27:48 │ ETA: 12:58:44 │ Step Time: 0.658s                                                                │
├──────────────────────────────────────────────────────── Time ────────────────────────────────────────────────────────┤
│                                                                                                                      │
│actor/actor/recv_ogpo_traj=513.1       │actor/actor/sync_model_to_rollout=1.587│actor/run_training=904.6              │
│cal_adv_and_returns=0.0032             │env/compute_bootstrap_rewards=0.0027   │env/env/bootstrap_step=29.363         │
│env/env/send_rollout_trajectories=0.825│env/env_interact_step=476.2            │env/env_interact_step_ogpo=476.1      │
│env/interact=512.0                     │env/run_interact_once=511.6            │generate_rollouts=513.2               │
│rollout/generate_one_epoch=510.8       │rollout/predict=4.531                  │rollout/rollout/generate=510.8        │
│step=1420.2                            │sync_weights=2.306                     │                                      │
│                                                                                                                      │
├──────────────────────────────────────────────────── Environment ─────────────────────────────────────────────────────┤
│                                                                                                                      │
│episode_len=200.0                      │num_trajectories=8                     │return=0.125                          │
│reward=0.000625                        │success_once=0.125                     │                                      │
│                                                                                                                      │
├────────────────────────────────────────────────────── Rollout ───────────────────────────────────────────────────────┤
│                                                                                                                      │
│ogpo/global_inserted_rows=1511.0       │ogpo/local_inserted_rows=755.5         │ogpo/previous_online_rows=1.74e+04    │
│ogpo/replay_rows=9479.0                │ogpo/success_rows=1079.0               │ogpo/total_online_rows=1.90e+04       │
│                                                                                                                      │
├─────────────────────────────────────────────────── Training/Other ───────────────────────────────────────────────────┤
│                                                                                                                      │
│ogpo/actor_grad_norm=0.209             │ogpo/actor_loss=2.09e-04               │ogpo/actor_lr=5.60e-06                │
│ogpo/actor_updates=447.0               │ogpo/bc_loss=0.034                     │ogpo/critic_grad_norm=0.580           │
│ogpo/critic_loss=0.0065                │ogpo/critic_updates=447.0              │ogpo/global_inserted_rows=1511.0      │
│ogpo/local_inserted_rows=755.5         │ogpo/pending_actor_updates=0.900       │ogpo/pending_critic_updates=0.900     │
│ogpo/policy_version=447.0              │ogpo/previous_online_rows=1.74e+04     │ogpo/q_mean=0.067                     │
│ogpo/ratio=0.493                       │ogpo/replay_rows=9479.0                │ogpo/success_rows=1079.0              │
│ogpo/td_target_mean=0.066              │ogpo/total_online_rows=1.90e+04        │ogpo/updates_run=75.000               │
│                                                                                                                      │
╰──────────────────────────────────────────────────────────────────────────────────────────────────────────────────────╯

[36m(RolloutGroup(rank=0) pid=104005)[0m Generating Rollout Epochs:   0%|          | 0/1 [00:00<?, ?it/s]
[36m(RolloutGroup(rank=0) pid=104005)[0m Generating Rollout Epochs: 100%|██████████| 1/1 [08:25<00:00, 505.73s/it]Generating Rollout Epochs: 100%|██████████| 1/1 [08:25<00:00, 505.73s/it]
[36m(RolloutGroup(rank=0) pid=104005)[0m Evaluating Rollout Epochs:   0%|          | 0/5 [00:00<?, ?it/s]
[36m(RolloutGroup(rank=0) pid=104005)[0m Evaluating Rollout Epochs:  20%|██        | 1/5 [00:49<03:16, 49.19s/it]
[36m(RolloutGroup(rank=0) pid=104005)[0m Evaluating Rollout Epochs:  40%|████      | 2/5 [01:44<02:38, 52.87s/it]
[36m(RolloutGroup(rank=0) pid=104005)[0m Evaluating Rollout Epochs:  60%|██████    | 3/5 [02:34<01:42, 51.30s/it]
[36m(RolloutGroup(rank=0) pid=104005)[0m Evaluating Rollout Epochs:  80%|████████  | 4/5 [03:28<00:52, 52.57s/it]
[36m(RolloutGroup(rank=0) pid=104005)[0m Evaluating Rollout Epochs: 100%|██████████| 5/5 [04:25<00:00, 54.15s/it]Evaluating Rollout Epochs: 100%|██████████| 5/5 [04:25<00:00, 53.11s/it]

╭──────────────────────────────────────────────────────────────────────────────────────────────────────────────────────╮
├──────────────────────────────────────────────────── Metric Table ────────────────────────────────────────────────────┤
│ Global Step: 20360/90000 │ Progress: █████████░░░░░░░░░░░░░░░░░░░░░░░░░░░░░░░ │  22.6%                               │
│ Elapsed: 03:55:30 │ ETA: 13:25:30 │ Step Time: 0.694s                                                                │
├──────────────────────────────────────────────────────── Time ────────────────────────────────────────────────────────┤
│                                                                                                                      │
│actor/actor/recv_ogpo_traj=508.2       │actor/actor/sync_model_to_rollout=3.041│actor/run_training=859.1              │
│cal_adv_and_returns=0.0029             │env/compute_bootstrap_rewards=0.0022   │env/env/bootstrap_step=30.029         │
│env/env/send_rollout_trajectories=0.830│env/env_interact_step=470.6            │env/env_interact_step_ogpo=470.6      │
│env/interact=506.9                     │env/run_interact_once=506.6            │eval=291.7                            │
│generate_rollouts=508.2                │rollout/generate_one_epoch=505.7       │rollout/predict=23.426                │
│rollout/rollout/generate=505.7         │step=1661.2                            │sync_weights=2.233                    │
│                                                                                                                      │
├──────────────────────────────────────────────────── Environment ─────────────────────────────────────────────────────┤
│                                                                                                                      │
│episode_len=200.0                      │num_trajectories=8                     │return=0.25                           │
│reward=0.00125                         │success_once=0.25                      │                                      │
│                                                                                                                      │
├────────────────────────────────────────────────────── Rollout ───────────────────────────────────────────────────────┤
│                                                                                                                      │
│ogpo/global_inserted_rows=1402.0       │ogpo/local_inserted_rows=701.0         │ogpo/previous_online_rows=1.90e+04    │
│ogpo/replay_rows=1.02e+04              │ogpo/success_rows=1180.0               │ogpo/total_online_rows=2.04e+04       │
│                                                                                                                      │
├───────────────────────────────────────────────────── Evaluation ─────────────────────────────────────────────────────┤
│                                                                                                                      │
│episode_len=200.0                      │num_trajectories=20                    │return=0.15                           │
│reward=0.00075                         │success_at_end=0.15                    │success_once=0.15                     │
│                                                                                                                      │
├─────────────────────────────────────────────────── Training/Other ───────────────────────────────────────────────────┤
│                                                                                                                      │
│ogpo/actor_grad_norm=0.208             │ogpo/actor_loss=2.08e-04               │ogpo/actor_lr=5.60e-06                │
│ogpo/actor_updates=518.0               │ogpo/bc_loss=0.034                     │ogpo/critic_grad_norm=0.651           │
│ogpo/critic_loss=0.0066                │ogpo/critic_updates=518.0              │ogpo/global_inserted_rows=1402.0      │
│ogpo/local_inserted_rows=701.0         │ogpo/pending_actor_updates=1.42e-14    │ogpo/pending_critic_updates=1.42e-14  │
│ogpo/policy_version=518.0              │ogpo/previous_online_rows=1.90e+04     │ogpo/q_mean=0.066                     │
│ogpo/ratio=0.609                       │ogpo/replay_rows=1.02e+04              │ogpo/success_rows=1180.0              │
│ogpo/td_target_mean=0.066              │ogpo/total_online_rows=2.04e+04        │ogpo/updates_run=71.000               │
│                                                                                                                      │
╰──────────────────────────────────────────────────────────────────────────────────────────────────────────────────────╯

[36m(RolloutGroup(rank=0) pid=104005)[0m Generating Rollout Epochs:   0%|          | 0/1 [00:00<?, ?it/s]
[36m(RolloutGroup(rank=0) pid=104005)[0m Generating Rollout Epochs: 100%|██████████| 1/1 [08:02<00:00, 482.11s/it]Generating Rollout Epochs: 100%|██████████| 1/1 [08:02<00:00, 482.11s/it]

╭──────────────────────────────────────────────────────────────────────────────────────────────────────────────────────╮
├──────────────────────────────────────────────────── Metric Table ────────────────────────────────────────────────────┤
│ Global Step: 21802/90000 │ Progress: █████████░░░░░░░░░░░░░░░░░░░░░░░░░░░░░░░ │  24.2%                               │
│ Elapsed: 04:18:03 │ ETA: 13:27:14 │ Step Time: 0.710s                                                                │
├──────────────────────────────────────────────────────── Time ────────────────────────────────────────────────────────┤
│                                                                                                                      │
│actor/actor/recv_ogpo_traj=484.5       │actor/actor/sync_model_to_rollout=0.455│actor/run_training=868.2              │
│cal_adv_and_returns=0.0029             │env/compute_bootstrap_rewards=0.0024   │env/env/bootstrap_step=30.281         │
│env/env/send_rollout_trajectories=0.878│env/env_interact_step=446.0            │env/env_interact_step_ogpo=445.9      │
│env/interact=483.4                     │env/run_interact_once=483.0            │generate_rollouts=484.7               │
│rollout/generate_one_epoch=482.1       │rollout/predict=4.873                  │rollout/rollout/generate=482.1        │
│step=1353.8                            │sync_weights=0.933                     │                                      │
│                                                                                                                      │
├──────────────────────────────────────────────────── Environment ─────────────────────────────────────────────────────┤
│                                                                                                                      │
│episode_len=200.0                      │num_trajectories=8                     │return=0.25                           │
│reward=0.00125                         │success_once=0.25                      │                                      │
│                                                                                                                      │
├────────────────────────────────────────────────────── Rollout ───────────────────────────────────────────────────────┤
│                                                                                                                      │
│ogpo/global_inserted_rows=1442.0       │ogpo/local_inserted_rows=721.0         │ogpo/previous_online_rows=2.04e+04    │
│ogpo/replay_rows=1.09e+04              │ogpo/success_rows=1301.0               │ogpo/total_online_rows=2.18e+04       │
│                                                                                                                      │
├─────────────────────────────────────────────────── Training/Other ───────────────────────────────────────────────────┤
│                                                                                                                      │
│ogpo/actor_grad_norm=0.238             │ogpo/actor_loss=2.14e-04               │ogpo/actor_lr=5.60e-06                │
│ogpo/actor_updates=590.0               │ogpo/bc_loss=0.035                     │ogpo/critic_grad_norm=0.359           │
│ogpo/critic_loss=0.0055                │ogpo/critic_updates=590.0              │ogpo/global_inserted_rows=1442.0      │
│ogpo/local_inserted_rows=721.0         │ogpo/pending_actor_updates=0.100       │ogpo/pending_critic_updates=0.100     │
│ogpo/policy_version=590.0              │ogpo/previous_online_rows=2.04e+04     │ogpo/q_mean=0.092                     │
│ogpo/ratio=0.703                       │ogpo/replay_rows=1.09e+04              │ogpo/success_rows=1301.0              │
│ogpo/td_target_mean=0.092              │ogpo/total_online_rows=2.18e+04        │ogpo/updates_run=72.000               │
│                                                                                                                      │
╰──────────────────────────────────────────────────────────────────────────────────────────────────────────────────────╯

[36m(RolloutGroup(rank=0) pid=104005)[0m Generating Rollout Epochs:   0%|          | 0/1 [00:00<?, ?it/s]
[36m(RolloutGroup(rank=0) pid=104005)[0m Generating Rollout Epochs: 100%|██████████| 1/1 [08:04<00:00, 484.93s/it]Generating Rollout Epochs: 100%|██████████| 1/1 [08:04<00:00, 484.93s/it]
