
╭──────────────────────────────────────────────────────────────────────────────────────────────────────────────────────╮
├──────────────────────────────────────────────────── Metric Table ────────────────────────────────────────────────────┤
│ Global Step:    2/2 │ Progress: ████████████████████████████████████████ │ 100.0%                                    │
│ Elapsed: 06:15 │ ETA: 00:00 │ Step Time: 375.282s                                                                    │
├──────────────────────────────────────────────────────── Time ────────────────────────────────────────────────────────┤
│                                                                                                                      │
│actor/actor/compute_adv=6.74e-05       │actor/actor/recv_traj=36.290           │actor/actor/sync_model_to_rollout=8.5…│
│actor/forward_actor=67.289             │actor/forward_alpha=32.173             │actor/forward_critic=82.454           │
│actor/run_training=307.9               │actor/sample=1.028                     │actor/update_one_epoch=307.8          │
│actor_training=307.9                   │cal_adv_and_returns=0.0067             │env/compute_bootstrap_rewards=9.01e-04│
│env/env/bootstrap_step=18.914          │env/env/send_rollout_trajectories=0.496│env/env_interact_step=12.239          │
│env/interact=35.934                    │env/run_interact_once=35.111           │generate_rollouts=36.338              │
│rollout/generate_one_epoch=34.598      │rollout/predict=2.261                  │rollout/rollout/generate=34.599       │
│rollout/sync_model_from_actor=9.050    │step=375.2                             │sync_weights=9.057                    │
│                                                                                                                      │
├──────────────────────────────────────────────────── Environment ─────────────────────────────────────────────────────┤
│                                                                                                                      │
│episode_len=200.0                      │num_trajectories=4                     │return=1.25                           │
│reward=0.00625                         │success_once=0.25                      │                                      │
│                                                                                                                      │
├─────────────────────────────────────────────────── Replay Buffer ────────────────────────────────────────────────────┤
│                                                                                                                      │
│local_capacity=1.25e+04                │resident_transitions=38.000            │total_inserted=38.000                 │
│write_cursor=38.000                    │                                       │                                      │
│                                                                                                                      │
├─────────────────────────────────────────────────── Training/Actor ───────────────────────────────────────────────────┤
│                                                                                                                      │
│actor/entropy=21.831                   │actor/grad_norm=4.793                  │actor/lr=1.00e-04                     │
│actor/q_pi=-5.438                      │actor/q_value_0=-5.447                 │actor/q_value_1=-5.448                │
│                                                                                                                      │
├────────────────────────────────────────────────── Training/Critic ───────────────────────────────────────────────────┤
│                                                                                                                      │
│critic/grad_norm=0.106                 │critic/lr=3.00e-04                     │critic/q_data=-5.424                  │
│                                                                                                                      │
├─────────────────────────────────────────────────── Training/Other ───────────────────────────────────────────────────┤
│                                                                                                                      │
│alpha/grad_norm=20.769                 │sac/actor_loss=-11.920                 │sac/alpha=0.795                       │
│sac/alpha_loss=30.122                  │sac/critic_loss=0.0085                 │sac/global_new_transitions=36.000     │
│sac/global_resident_transitions=76.000 │sac/planned_optimizer_updates=720.0    │                                      │
│                                                                                                                      │
╰──────────────────────────────────────────────────────────────────────────────────────────────────────────────────────╯

