
╭──────────────────────────────────────────────────────────────────────────────────────────────────────────────────────╮
├──────────────────────────────────────────────────── Metric Table ────────────────────────────────────────────────────┤
│ Global Step:    1/100 │ Progress: ░░░░░░░░░░░░░░░░░░░░░░░░░░░░░░░░░░░░░░░░ │   1.0%                                  │
│ Elapsed: 25:50 │ ETA: 42:37:47 │ Step Time: 1550.181s                                                                │
├──────────────────────────────────────────────────────── Time ────────────────────────────────────────────────────────┤
│                                                                                                                      │
│actor/actor/compute_adv=0.021          │actor/actor/recv_traj=1503.9           │actor/actor/sync_model_to_rollout=11.…│
│actor/run_training=34.266              │cal_adv_and_returns=0.025              │env/compute_bootstrap_rewards=0.0067  │
│env/env/bootstrap_step=858.8           │env/env/send_rollout_trajectories=0.759│env/env_interact_step=610.5           │
│env/interact=1503.1                    │env/run_interact_once=1502.4           │generate_rollouts=1503.9              │
│rollout/generate_one_epoch=1501.6      │rollout/predict=26.765                 │rollout/rollout/generate=1501.6       │
│step=1550.2                            │sync_weights=11.922                    │                                      │
│                                                                                                                      │
├──────────────────────────────────────────────────── Environment ─────────────────────────────────────────────────────┤
│                                                                                                                      │
│episode_len=200.0                      │num_trajectories=256                   │return=0.8515625                      │
│reward=0.004257812                     │success_once=0.8515625                 │                                      │
│                                                                                                                      │
├────────────────────────────────────────────────────── Rollout ───────────────────────────────────────────────────────┤
│                                                                                                                      │
│advantages_max=1.208                   │advantages_mean=-0.111                 │advantages_min=-2.475                 │
│rewards=0.0048                         │                                       │                                      │
│                                                                                                                      │
├─────────────────────────────────────────────────── Training/Actor ───────────────────────────────────────────────────┤
│                                                                                                                      │
│actor/approx_kl=0.162                  │actor/clip_fraction=0.184              │actor/clipped_ratio=0.975             │
│actor/dual_cliped_ratio=0.0000         │actor/dvac_current_mean=-4.473         │actor/dvac_current_std=0.624          │
│actor/dvac_history_mean=0.0000         │actor/dvac_history_std=0.0000          │actor/dvac_warmup=1.000               │
│actor/dvac_weight_mean_rank_local=1.000│actor/entropy_loss=0.0000              │actor/grad_norm=34.840                │
│actor/lr=5.60e-06                      │actor/policy_loss=0.011                │actor/policy_loss_abs=0.445           │
│actor/ratio=0.986                      │actor/ratio_abs=0.279                  │actor/total_loss=0.0014               │
│                                                                                                                      │
╰──────────────────────────────────────────────────────────────────────────────────────────────────────────────────────╯


╭──────────────────────────────────────────────────────────────────────────────────────────────────────────────────────╮
├──────────────────────────────────────────────────── Metric Table ────────────────────────────────────────────────────┤
│ Global Step:    2/100 │ Progress: ░░░░░░░░░░░░░░░░░░░░░░░░░░░░░░░░░░░░░░░░ │   2.0%                                  │
│ Elapsed: 50:58 │ ETA: 41:38:09 │ Step Time: 1529.488s                                                                │
├──────────────────────────────────────────────────────── Time ────────────────────────────────────────────────────────┤
│                                                                                                                      │
│actor/actor/compute_adv=0.0031         │actor/actor/recv_traj=1473.3           │actor/actor/sync_model_to_rollout=0.9…│
│actor/run_training=33.842              │cal_adv_and_returns=0.0069             │env/compute_bootstrap_rewards=0.0063  │
│env/env/bootstrap_step=862.2           │env/env/send_rollout_trajectories=0.735│env/env_interact_step=580.1           │
│env/interact=1472.6                    │env/run_interact_once=1471.7           │generate_rollouts=1473.4              │
│rollout/generate_one_epoch=1470.9      │rollout/predict=26.223                 │rollout/rollout/generate=1470.9       │
│step=1508.8                            │sync_weights=1.505                     │                                      │
│                                                                                                                      │
├──────────────────────────────────────────────────── Environment ─────────────────────────────────────────────────────┤
│                                                                                                                      │
│episode_len=200.0                      │num_trajectories=256                   │return=0.69140625                     │
│reward=0.003457031                     │success_once=0.69140625                │                                      │
│                                                                                                                      │
├────────────────────────────────────────────────────── Rollout ───────────────────────────────────────────────────────┤
│                                                                                                                      │
│advantages_max=2.475                   │advantages_mean=-0.115                 │advantages_min=-2.475                 │
│rewards=0.0038                         │                                       │                                      │
│                                                                                                                      │
├─────────────────────────────────────────────────── Training/Actor ───────────────────────────────────────────────────┤
│                                                                                                                      │
│actor/approx_kl=0.052                  │actor/clip_fraction=0.151              │actor/clipped_ratio=0.986             │
│actor/dual_cliped_ratio=0.0000         │actor/dvac_current_mean=-4.391         │actor/dvac_current_std=0.674          │
│actor/dvac_history_mean=-4.473         │actor/dvac_history_std=0.624           │actor/dvac_warmup=0.0000              │
│actor/dvac_weight_mean_rank_local=1.174│actor/entropy_loss=0.0000              │actor/grad_norm=47.279                │
│actor/lr=5.60e-06                      │actor/policy_loss=-8.36e-04            │actor/policy_loss_abs=0.589           │
│actor/ratio=1.000                      │actor/ratio_abs=0.174                  │actor/total_loss=-1.05e-04            │
│                                                                                                                      │
╰──────────────────────────────────────────────────────────────────────────────────────────────────────────────────────╯

