RESOLVED mode: isolated_inference_no_training
denoiser: none
seeds:
- 100100001
- 100100005
- 100100018
max_episodes: 3
max_action_slots_per_episode: 192
max_policy_queries_per_episode: 8
optimizer_updates: 0
model:
  model_type: fastwam
  model_path: /data/chenyiteng/models/fastwam/release-8eaceeb/robotwin_uncond_3cam_384.pt
  checkpoint_path: /data/chenyiteng/models/fastwam/release-8eaceeb/robotwin_uncond_3cam_384.pt
  dataset_stats_path: /data/chenyiteng/models/fastwam/release-8eaceeb/robotwin_uncond_3cam_384_dataset_stats.json
  precision: bf16
  is_lora: false
  action_dim: 14
  action_horizon: 32
  num_action_chunks: 24
  num_inference_steps: 10
  sigma_shift: 5.0
  text_cfg_scale: 1.0
  negative_prompt: ''
  rand_device: cpu
  tiled: false
  model_forward_batch_size: 2
  eval_seed: 0
  add_value_head: false
  rl:
    noise_level: 0.3
  fastwam:
    config_name: sim_robotwin
    task: robotwin_uncond_3cam_384_1e-4
env:
  env_type: robotwin
  total_num_envs: 1
  auto_reset: false
  ignore_terminations: true
  reward_coef: 1.0
  use_custom_reward: true
  use_rel_reward: true
  center_crop: false
  seed: 0
  group_size: 1
  use_fixed_reset_state_ids: true
  max_steps_per_rollout_epoch: 192
  max_episode_steps: 192
  is_eval: true
  assets_path: /data/chenyiteng/projects/rlinf-shenzhen/RoboTwin-RLinf-support
  seeds_path: /data/chenyiteng/projects/rlinf-shenzhen/worktrees/fastwam-current-grpo/rlinf/envs/robotwin/seeds/eval_seeds.json
  video_cfg:
    save_video: false
    info_on_video: true
    video_base_dir: /data/chenyiteng/results/rlinf-shenzhen/fastwam-grpo/diagnostics/oidn-toggle-20260904/none/video
  enable_offload: false
  task_config:
    task_name: move_stapler_pad
    step_lim: 192
    planner_backend: mplib
    render_freq: 0
    episode_num: 100
    use_seed: false
    save_freq: 15
    embodiment:
    - aloha-agilex
    language_num: 100
    domain_randomization:
      random_background: false
      cluttered_table: false
      clean_background_rate: 1
      random_head_camera_dis: 0
      random_table_height: 0
      random_light: false
      crazy_random_light_rate: 0
    camera:
      head_camera_type: D435
      wrist_camera_type: D435
      collect_head_camera: true
      collect_wrist_camera: true
    data_type:
      rgb: true
      third_view: false
      depth: false
      pointcloud: false
      observer: false
      endpose: false
      qpos: true
      mesh_segmentation: false
      actor_segmentation: false
    pcd_down_sample_num: 1024
    pcd_crop: true
    save_path: /data/chenyiteng/results/rlinf-shenzhen/fastwam-grpo/diagnostics/oidn-toggle-20260904/none/robotwin_data
    clear_cache_freq: 1
    collect_data: true
    eval_video_log: true
    ray_tracing_denoiser: none
  rollout_epoch: 1
render:
  shader: rt
  spp: 32
  path_depth: 8
physical_gpu: 6

/home/chenyiteng/venvs/rlinf-7d07-openpi-robotwin/lib/python3.11/site-packages/sapien/_vulkan_tricks.py:73: UserWarning: Failed to find Vulkan ICD file. This is probably due to an incorrect or partial installation of the NVIDIA driver. SAPIEN will attempt to provide an ICD file anyway but it may not work.
  warn(
INFO:curobo:Environment variable for CUROBO_TORCH_COMPILE is not set, Disabling.
INFO:curobo:Environment variable for CUROBO_TORCH_COMPILE is not set, Disabling.
INFO:curobo:Environment variable for CUROBO_TORCH_COMPILE is not set, Disabling.
INFO:curobo:Environment variable for CUROBO_TORCH_COMPILE is not set, Disabling.
INFO:curobo:Environment variable for CUROBO_TORCH_COMPILE is not set, Disabling.
INFO:curobo:Environment variable for CUROBO_TORCH_COMPILE is not set, Disabling.
INFO:curobo:Environment variable for CUROBO_TORCH_COMPILE is not set, Disabling.
INFO:curobo:Environment variable for CUROBO_TORCH_COMPILE is not set, Disabling.
INFO:curobo:Environment variable for CUROBO_TORCH_COMPILE is not set, Disabling.
INFO:curobo:Environment variable for CUROBO_TORCH_COMPILE is not set, Disabling.
INFO:curobo:Environment variable for CUROBO_TORCH_COMPILE is not set, Disabling.
INFO:curobo:Environment variable for CUROBO_TORCH_COMPILE is not set, Disabling.
INFO:curobo:Environment variable for CUROBO_TORCH_COMPILE is not set, Disabling.
INFO:curobo:Environment variable for CUROBO_TORCH_COMPILE is not set, Disabling.
INFO:curobo:Environment variable for CUROBO_TORCH_COMPILE is not set, Disabling.
INFO:curobo:Environment variable for CUROBO_TORCH_COMPILE is not set, Disabling.
INFO:curobo:Environment variable for CUROBO_TORCH_COMPILE is not set, Disabling.
INFO:curobo:USDParser failed to import, install curobo with pip install .[usd] or pip install usd-core, NOTE: Do not install this if using with Isaac Sim.
INFO:curobo:Environment variable for CUROBO_TORCH_COMPILE is not set, Disabling.
INFO:curobo:Environment variable for CUROBO_TORCH_COMPILE is not set, Disabling.
INFO:curobo:Environment variable for CUROBO_TORCH_COMPILE is not set, Disabling.
INFO:curobo:Environment variable for CUROBO_TORCH_COMPILE is not set, Disabling.
INFO:curobo:Environment variable for CUROBO_USE_LRU_CACHE is not set, Enabling as default.
INFO:curobo:Environment variable for CUROBO_USE_LRU_CACHE is not set, Enabling as default.
INFO:curobo:Environment variable for CUROBO_TORCH_COMPILE is not set, Disabling.
INFO:curobo:Environment variable for CUROBO_TORCH_COMPILE is not set, Disabling.
INFO:curobo:Environment variable for CUROBO_TORCH_COMPILE is not set, Disabling.
INFO:curobo:Environment variable for CUROBO_TORCH_COMPILE is not set, Disabling.
INFO:curobo:Environment variable for CUROBO_TORCH_COMPILE is not set, Disabling.
INFO:curobo:Environment variable for CUROBO_TORCH_COMPILE is not set, Disabling.
INFO:curobo:Environment variable for CUROBO_USE_LRU_CACHE is not set, Enabling as default.
INFO:curobo:Environment variable for CUROBO_TORCH_COMPILE is not set, Disabling.
INFO:curobo:Environment variable for CUROBO_TORCH_COMPILE is not set, Disabling.
INFO:curobo:Environment variable for CUROBO_TORCH_COMPILE is not set, Disabling.
INFO:curobo:Environment variable for CUROBO_TORCH_COMPILE is not set, Disabling.
INFO:curobo:Environment variable for CUROBO_TORCH_COMPILE is not set, Disabling.
INFO:curobo:Environment variable for CUROBO_TORCH_COMPILE is not set, Disabling.
INFO:curobo:Environment variable for CUROBO_TORCH_COMPILE is not set, Disabling.
INFO:curobo:Environment variable for CUROBO_TORCH_COMPILE is not set, Disabling.
INFO:curobo:Environment variable for CUROBO_TORCH_COMPILE is not set, Disabling.
INFO:curobo:Environment variable for CUROBO_TORCH_COMPILE is not set, Disabling.
INFO:curobo:Environment variable for CUROBO_TORCH_COMPILE is not set, Disabling.
INFO:curobo:Environment variable for CUROBO_TORCH_COMPILE is not set, Disabling.
INFO:curobo:Environment variable for CUROBO_TORCH_COMPILE is not set, Disabling.
INFO:curobo:Environment variable for CUROBO_TORCH_COMPILE is not set, Disabling.
INFO:curobo:Environment variable for CUROBO_TORCH_COMPILE is not set, Disabling.
INFO:curobo:Environment variable for CUROBO_TORCH_COMPILE is not set, Disabling.
INFO:curobo:Environment variable for CUROBO_TORCH_COMPILE is not set, Disabling.
INFO:curobo:Environment variable for CUROBO_TORCH_COMPILE is not set, Disabling.
INFO:curobo:Environment variable for CUROBO_TORCH_COMPILE is not set, Disabling.
INFO:curobo:Environment variable for CUROBO_TORCH_COMPILE is not set, Disabling.
INFO:curobo:Environment variable for CUROBO_TORCH_COMPILE is not set, Disabling.
INFO:curobo:Environment variable for CUROBO_TORCH_COMPILE is not set, Disabling.
INFO:curobo:Environment variable for CUROBO_TORCH_COMPILE is not set, Disabling.
INFO:curobo:Environment variable for CUROBO_TORCH_COMPILE is not set, Disabling.
INFO:curobo:Environment variable for CUROBO_TORCH_COMPILE is not set, Disabling.
INFO:curobo:Environment variable for CUROBO_TORCH_COMPILE is not set, Disabling.
INFO:curobo:Environment variable for CUROBO_TORCH_COMPILE is not set, Disabling.
INFO:curobo:Environment variable for CUROBO_TORCH_COMPILE is not set, Disabling.
INFO:curobo:Environment variable for CUROBO_TORCH_COMPILE is not set, Disabling.
INFO:curobo:Environment variable for CUROBO_TORCH_COMPILE is not set, Disabling.
INFO:curobo:Environment variable for CUROBO_TORCH_COMPILE is not set, Disabling.
INFO:curobo:Environment variable for CUROBO_TORCH_COMPILE is not set, Disabling.
INFO:curobo:Environment variable for CUROBO_TORCH_COMPILE is not set, Disabling.
INFO:curobo:Environment variable for CUROBO_TORCH_COMPILE is not set, Disabling.
INFO:curobo:Environment variable for CUROBO_TORCH_COMPILE is not set, Disabling.
INFO:curobo:Environment variable for CUROBO_TORCH_COMPILE is not set, Disabling.
INFO:curobo:Environment variable for CUROBO_TORCH_COMPILE is not set, Disabling.
INFO:curobo:Environment variable for CUROBO_TORCH_COMPILE is not set, Disabling.
INFO:curobo:Environment variable for CUROBO_TORCH_COMPILE is not set, Disabling.
INFO:curobo:Environment variable for CUROBO_TORCH_COMPILE is not set, Disabling.
INFO:curobo:Environment variable for CUROBO_TORCH_COMPILE is not set, Disabling.
INFO:curobo:Environment variable for CUROBO_TORCH_COMPILE is not set, Disabling.
INFO:curobo:Environment variable for CUROBO_TORCH_COMPILE is not set, Disabling.
INFO:curobo:Environment variable for CUROBO_TORCH_COMPILE is not set, Disabling.
INFO:curobo:Environment variable for CUROBO_TORCH_COMPILE is not set, Disabling.
INFO:curobo:Environment variable for CUROBO_TORCH_COMPILE is not set, Disabling.
INFO:curobo:Environment variable for CUROBO_TORCH_COMPILE is not set, Disabling.
INFO:curobo:Environment variable for CUROBO_TORCH_COMPILE is not set, Disabling.
INFO:curobo:Environment variable for CUROBO_TORCH_COMPILE is not set, Disabling.
INFO:curobo:Environment variable for CUROBO_TORCH_COMPILE is not set, Disabling.
INFO:curobo:Environment variable for CUROBO_TORCH_COMPILE is not set, Disabling.
INFO:curobo:Environment variable for CUROBO_TORCH_COMPILE is not set, Disabling.
INFO:curobo:Environment variable for CUROBO_TORCH_COMPILE is not set, Disabling.
INFO:curobo:Environment variable for CUROBO_TORCH_COMPILE is not set, Disabling.
INFO:curobo:Environment variable for CUROBO_TORCH_COMPILE is not set, Disabling.
SOURCE_BASE_TASK /data/chenyiteng/projects/rlinf-shenzhen/worktrees/robotwin-oidn-toggle-20260904/envs/_base_task.py
CUDA NVIDIA H100 80GB HBM3 6
MODEL_LOAD_BEGIN
INFO:fastwam.models.wan22.helpers.loader:Loading Wan2.2-TI2V-5B components...
INFO:fastwam.models.wan22.helpers.loader:Skipping pretrained video DiT load (`skip_dit_load_from_pretrain=True`); initializing video expert randomly and expecting checkpoint override.
INFO:fastwam.models.wan22.helpers.loader:Finished loading Wan2.2-TI2V-5B components in 54.00 seconds.
INFO:fastwam.models.wan22.action_dit:Skipping ActionDiT pretrained load (`skip_dit_load_from_pretrain=True`); initializing action expert randomly and expecting checkpoint override.
INFO:fastwam.models.wan22.mot:Initialized MoT with experts: ['video', 'action'], num_layers=30
INFO:fastwam.models.wan22.mot:  Expert 'video': num_params=5.00 B
INFO:fastwam.models.wan22.mot:  Expert 'action': num_params=1.02 B
INFO:RLinf:Built Fast-WAM RoboTwin policy | checkpoint=/data/chenyiteng/models/fastwam/release-8eaceeb/robotwin_uncond_3cam_384.pt | stats=/data/chenyiteng/models/fastwam/release-8eaceeb/robotwin_uncond_3cam_384_dataset_stats.json | trainable_parameters=824 | H/N/S=32/24/10
MODEL_LOAD_DONE 65.75656835595146
DENOISER_SET none
EPISODE_BEGIN 0 100100001
DENOISER_SET none
QUERY {"query": 1, "seconds": 1.9001037669368088, "success_once": false, "terminated": false, "truncated": false, "run_steps": 0}
QUERY {"query": 2, "seconds": 1.028498400002718, "success_once": false, "terminated": false, "truncated": false, "run_steps": 0}
QUERY {"query": 3, "seconds": 1.0934776470530778, "success_once": false, "terminated": false, "truncated": false, "run_steps": 0}
QUERY {"query": 4, "seconds": 1.043213943950832, "success_once": false, "terminated": false, "truncated": false, "run_steps": 0}
QUERY {"query": 5, "seconds": 1.0902584621217102, "success_once": false, "terminated": false, "truncated": false, "run_steps": 0}
QUERY {"query": 6, "seconds": 1.242728937184438, "success_once": false, "terminated": false, "truncated": false, "run_steps": 0}
QUERY {"query": 7, "seconds": 1.1732523571699858, "success_once": false, "terminated": false, "truncated": false, "run_steps": 0}
QUERY {"query": 8, "seconds": 1.1027463800273836, "success_once": false, "terminated": false, "truncated": true, "run_steps": 0}
EPISODE_DONE 0 False 8
EPISODE_BEGIN 1 100100005
DENOISER_SET none
QUERY {"query": 1, "seconds": 0.9800166359636933, "success_once": false, "terminated": false, "truncated": false, "run_steps": 0}
QUERY {"query": 2, "seconds": 0.9613360781222582, "success_once": false, "terminated": false, "truncated": false, "run_steps": 0}
QUERY {"query": 3, "seconds": 0.9974361429922283, "success_once": false, "terminated": false, "truncated": false, "run_steps": 0}
QUERY {"query": 4, "seconds": 1.0045594859402627, "success_once": false, "terminated": false, "truncated": false, "run_steps": 0}
QUERY {"query": 5, "seconds": 1.0469547279644758, "success_once": false, "terminated": false, "truncated": false, "run_steps": 0}
QUERY {"query": 6, "seconds": 1.064185390016064, "success_once": false, "terminated": false, "truncated": false, "run_steps": 0}
QUERY {"query": 7, "seconds": 1.0329161470290273, "success_once": false, "terminated": false, "truncated": false, "run_steps": 0}
QUERY {"query": 8, "seconds": 1.0980504150502384, "success_once": false, "terminated": false, "truncated": true, "run_steps": 0}
EPISODE_DONE 1 False 8
EPISODE_BEGIN 2 100100018
DENOISER_SET none
QUERY {"query": 1, "seconds": 0.9415301270782948, "success_once": false, "terminated": false, "truncated": false, "run_steps": 0}
QUERY {"query": 2, "seconds": 0.9736574650742114, "success_once": false, "terminated": false, "truncated": false, "run_steps": 0}
QUERY {"query": 3, "seconds": 1.1285017621703446, "success_once": false, "terminated": false, "truncated": false, "run_steps": 0}
QUERY {"query": 4, "seconds": 1.0466293569188565, "success_once": false, "terminated": false, "truncated": false, "run_steps": 0}
QUERY {"query": 5, "seconds": 1.0856918529607356, "success_once": false, "terminated": false, "truncated": false, "run_steps": 0}
QUERY {"query": 6, "seconds": 1.11056814994663, "success_once": false, "terminated": false, "truncated": false, "run_steps": 0}
QUERY {"query": 7, "seconds": 1.0517811949830502, "success_once": false, "terminated": false, "truncated": false, "run_steps": 0}
QUERY {"query": 8, "seconds": 1.0082015171647072, "success_once": false, "terminated": false, "truncated": true, "run_steps": 0}
EPISODE_DONE 2 False 8
TRIAL_COMPLETE none 3 0
