/data/chenyiteng/projects/rlinf-shenzhen/worktrees/pi0-online-bc/examples/embodiment/train_embodied_agent.py:35: Hydra14MigrationWarning: 
version_base="1.1" selects Hydra 1.1 compatibility behavior.
Hydra 1.4 will remove this compatibility behavior.
Before upgrading to Hydra 1.4, set version_base="1.3" and test your application.
See https://hydra.cc/docs/upgrades/1.3_to_1.4/prepare_for_1_4/ for preparation instructions.
  @hydra.main(
/home/chenyiteng/venvs/rlinf-7d07-openpi-robotwin/lib/python3.11/site-packages/hydra/_internal/hydra.py:119: UserWarning: Future Hydra versions will no longer change working directory at job runtime by default.
See https://hydra.cc/docs/1.2/upgrades/1.1_to_1.2/changes_to_job_working_dir/ for more information.
  ret = run_job(
[INFO 04:34:36 RLinf] RLinf Ray code sync is enabled (py_modules=('/data/chenyiteng/projects/rlinf-shenzhen/worktrees/pi0-online-bc/rlinf',)); workers receive only the rlinf package from the launch node. Disable with RLINF_CODE_WORKING_DIR=0.
2026-09-05 04:34:36,170	INFO worker.py:1683 -- Using address 172.17.0.1:6389 set in the environment variable RAY_ADDRESS
2026-09-05 04:34:36,177	INFO worker.py:1833 -- Connecting to existing Ray cluster at address: 172.17.0.1:6389...
2026-09-05 04:34:36,259	INFO worker.py:2015 -- Connected to Ray cluster. View the dashboard at [1m[32mhttp://127.0.0.1:8266 [39m[22m
[INFO 04:34:36 RLinf] Ray namespace conflict detected. Retrying to initialize Cluster with a new namespace (attempt 1).
[INFO 04:34:36 RLinf] RLinf Ray code sync is enabled (py_modules=('/data/chenyiteng/projects/rlinf-shenzhen/worktrees/pi0-online-bc/rlinf',)); workers receive only the rlinf package from the launch node. Disable with RLINF_CODE_WORKING_DIR=0.
2026-09-05 04:34:36,609	INFO worker.py:1683 -- Using address 172.17.0.1:6389 set in the environment variable RAY_ADDRESS
2026-09-05 04:34:36,611	INFO worker.py:1833 -- Connecting to existing Ray cluster at address: 172.17.0.1:6389...
2026-09-05 04:34:36,676	INFO worker.py:2015 -- Connected to Ray cluster. View the dashboard at [1m[32mhttp://127.0.0.1:8266 [39m[22m
[INFO 04:34:39 RLinf] RLinf is running on a cluster with 1 node and 8 accelerators. The nodes' details are: 
node_labels: []
node_rank: 0
ray_id: 2730f38e60da6b4c0f68d8779893624a0917240589c544541c894c54
node_ip: 172.17.0.1
num_cpus: 128
python_interpreter_path: /home/chenyiteng/venvs/rlinf-7d07-openpi-robotwin/bin/python
hardware_resources:
- type: Accelerator
  infos:
  - type: Accelerator
    model: NV_GPU:H100 80GB HBM3
  - type: Accelerator
    model: NV_GPU:H100 80GB HBM3
  - type: Accelerator
    model: NV_GPU:H100 80GB HBM3
  - type: Accelerator
    model: NV_GPU:H100 80GB HBM3
  - type: Accelerator
    model: NV_GPU:H100 80GB HBM3
  - type: Accelerator
    model: NV_GPU:H100 80GB HBM3
  - type: Accelerator
    model: NV_GPU:H100 80GB HBM3
  - type: Accelerator
    model: NV_GPU:H100 80GB HBM3
profiler_backends: []

Node groups' details are: 
label: cluster
nodes: '0'
hardware_type: Accelerator
ignore_hardware: false
env_configs: null

label: node
nodes: '0'
hardware_type: null
ignore_hardware: true
env_configs: null

[INFO 04:34:39 FlexiblePlacementStrategy] 
[INFO 04:34:39 FlexiblePlacementStrategy] Using flexible placement with hardware ranks: [[6]], node groups: ['cluster'].
[INFO 04:34:39 FlexiblePlacementStrategy] 
[INFO 04:34:39 FlexiblePlacementStrategy] Using flexible placement with hardware ranks: [[6]], node groups: ['cluster'].
{
  "env": {
    "train": {
      "env_type": "robotwin",
      "total_num_envs": 32,
      "auto_reset": false,
      "ignore_terminations": false,
      "reward_coef": 1.0,
      "use_custom_reward": true,
      "use_rel_reward": true,
      "center_crop": false,
      "seed": 0,
      "group_size": 1,
      "use_fixed_reset_state_ids": false,
      "max_steps_per_rollout_epoch": 200,
      "max_episode_steps": 200,
      "is_eval": false,
      "assets_path": "/data/chenyiteng/projects/rlinf-shenzhen/RoboTwin-RLinf-support",
      "seeds_path": "/data/chenyiteng/projects/rlinf-shenzhen/worktrees/pi0-online-bc/rlinf/envs/robotwin/seeds/train_seeds.json",
      "video_cfg": {
        "save_video": false,
        "info_on_video": true,
        "video_base_dir": "/data/chenyiteng/results/rlinf-shenzhen/online-bc/pi0-adjust-bottle-smoke32x1-m4-gpu6-20260905-v5/video/train"
      },
      "enable_offload": false,
      "task_config": {
        "task_name": "adjust_bottle",
        "step_lim": 200,
        "planner_backend": "mplib",
        "render_freq": 0,
        "episode_num": 100,
        "use_seed": false,
        "save_freq": 15,
        "embodiment": [
          "aloha-agilex"
        ],
        "language_num": 100,
        "domain_randomization": {
          "random_background": false,
          "cluttered_table": false,
          "clean_background_rate": 1,
          "random_head_camera_dis": 0,
          "random_table_height": 0,
          "random_light": false,
          "crazy_random_light_rate": 0
        },
        "camera": {
          "head_camera_type": "D435",
          "wrist_camera_type": "D435",
          "collect_head_camera": true,
          "collect_wrist_camera": true
        },
        "data_type": {
          "rgb": true,
          "third_view": false,
          "depth": false,
          "pointcloud": false,
          "observer": false,
          "endpose": false,
          "qpos": true,
          "mesh_segmentation": false,
          "actor_segmentation": false
        },
        "pcd_down_sample_num": 1024,
        "pcd_crop": true,
        "save_path": "/data/chenyiteng/results/rlinf-shenzhen/online-bc/pi0-adjust-bottle-smoke32x1-m4-gpu6-20260905-v5/robotwin_data",
        "clear_cache_freq": 1,
        "collect_data": true,
        "eval_video_log": true
      },
      "rollout_epoch": 1
    },
    "eval": {
      "env_type": "robotwin",
      "total_num_envs": 32,
      "auto_reset": true,
      "ignore_terminations": true,
      "reward_coef": 1.0,
      "use_custom_reward": true,
      "use_rel_reward": true,
      "center_crop": false,
      "seed": 0,
      "group_size": 1,
      "use_fixed_reset_state_ids": true,
      "max_steps_per_rollout_epoch": 200,
      "max_episode_steps": 200,
      "is_eval": true,
      "assets_path": "/data/chenyiteng/projects/rlinf-shenzhen/RoboTwin-RLinf-support",
      "seeds_path": "/data/chenyiteng/projects/rlinf-shenzhen/worktrees/pi0-online-bc/rlinf/envs/robotwin/seeds/eval_seeds.json",
      "video_cfg": {
        "save_video": false,
        "info_on_video": true,
        "video_base_dir": "/data/chenyiteng/results/rlinf-shenzhen/online-bc/pi0-adjust-bottle-smoke32x1-m4-gpu6-20260905-v5/video/train"
      },
      "enable_offload": false,
      "task_config": {
        "task_name": "adjust_bottle",
        "step_lim": 200,
        "planner_backend": "mplib",
        "render_freq": 0,
        "episode_num": 100,
        "use_seed": false,
        "save_freq": 15,
        "embodiment": [
          "aloha-agilex"
        ],
        "language_num": 100,
        "domain_randomization": {
          "random_background": false,
          "cluttered_table": false,
          "clean_background_rate": 1,
          "random_head_camera_dis": 0,
          "random_table_height": 0,
          "random_light": false,
          "crazy_random_light_rate": 0
        },
        "camera": {
          "head_camera_type": "D435",
          "wrist_camera_type": "D435",
          "collect_head_camera": true,
          "collect_wrist_camera": true
        },
        "data_type": {
          "rgb": true,
          "third_view": false,
          "depth": false,
          "pointcloud": false,
          "observer": false,
          "endpose": false,
          "qpos": true,
          "mesh_segmentation": false,
          "actor_segmentation": false
        },
        "pcd_down_sample_num": 1024,
        "pcd_crop": true,
        "save_path": "/data/chenyiteng/results/rlinf-shenzhen/online-bc/pi0-adjust-bottle-smoke32x1-m4-gpu6-20260905-v5/robotwin_data",
        "clear_cache_freq": 1,
        "collect_data": true,
        "eval_video_log": true
      },
      "rollout_epoch": 1
    },
    "group_name": "EnvGroup"
  },
  "actor": {
    "model": {
      "model_type": "openpi",
      "model_path": "/data/chenyiteng/models/rlinf/RLinf-Pi0-RoboTwin-SFT-adjust_bottle@92684e50",
      "precision": null,
      "num_action_chunks": 50,
      "action_dim": 14,
      "is_lora": false,
      "lora_rank": 32,
      "use_proprio": true,
      "num_steps": 4,
      "add_value_head": false,
      "openpi": {
        "config_name": "pi0_aloha_robotwin",
        "num_images_in_input": 3,
        "noise_level": 0.5,
        "action_chunk": 50,
        "num_steps": 4,
        "train_expert_only": true,
        "action_env_dim": 14,
        "noise_method": "flow_sde",
        "add_value_head": false,
        "detach_critic_input": false,
        "use_dsrl": false,
        "dsrl_state_dim": 8,
        "dsrl_action_noise_dim": 32,
        "dsrl_num_q_heads": 10,
        "dsrl_agg_q": "mean",
        "dsrl_image_latent_dim": 64,
        "dsrl_state_latent_dim": 64,
        "dsrl_hidden_dims": [
          128,
          128,
          128
        ],
        "image_augmentation": false
      }
    },
    "fsdp_config": {
      "strategy": "fsdp",
      "sharding_strategy": "no_shard",
      "gradient_checkpointing": false,
      "cpu_offload": false,
      "offload_pin_memory": false,
      "reshard_after_forward": true,
      "enable_gradient_accumulation": true,
      "forward_prefetch": false,
      "limit_all_gathers": false,
      "backward_prefetch": null,
      "use_orig_params": false,
      "use_liger_kernel": false,
      "mixed_precision": {
        "param_dtype": null,
        "reduce_dtype": null,
        "buffer_dtype": null
      },
      "amp_autocast": {
        "enabled": false,
        "precision": "bf16"
      },
      "grad_scaler": {
        "enabled": false,
        "init_scale": null,
        "growth_interval": null
      },
      "checkpoint_format": "local_shard",
      "wrap_policy": {
        "transformer_layer_cls_to_wrap": [
          "GemmaMLP",
          "SiglipVisionEmbeddings",
          "GemmaRMSNorm",
          "GemmaRotaryEmbedding"
        ],
        "no_split_names": [
          "q_proj",
          "k_proj",
          "v_proj",
          "o_proj",
          "action_in_proj",
          "action_out_proj",
          "lm_head",
          "state_proj",
          "action_time_mlp_in",
          "action_time_mlp_out",
          "time_mlp_in",
          "time_mlp_out"
        ]
      }
    },
    "group_name": "ActorGroup",
    "training_backend": "fsdp",
    "micro_batch_size": 32,
    "global_batch_size": 1024,
    "seed": 1234,
    "enable_offload": true,
    "enable_drq": false,
    "optim": {
      "lr": 2.5e-05,
      "value_lr": 2.5e-05,
      "adam_beta1": 0.9,
      "adam_beta2": 0.95,
      "adam_eps": 1e-08,
      "weight_decay": 1e-10,
      "clip_grad": 1.0,
      "total_training_steps": 4,
      "lr_warmup_steps": 0,
      "lr_scheduler": "constant",
      "min_lr": 2.5e-05
    }
  },
  "weight_syncer": {
    "type": "patch",
    "patch": {
      "snapshot_device": "cpu",
      "delta_encoding": true,
      "compression": "none",
      "init_sync": {
        "enabled": true,
        "prefixes": null,
        "bucket_size": 134217728
      }
    }
  },
  "cluster": {
    "num_nodes": 1,
    "component_placement": {
      "actor,env,rollout": "6"
    },
    "tracer": {
      "enable": false
    }
  },
  "runner": {
    "task_type": "embodied",
    "logger": {
      "log_path": "/data/chenyiteng/results/rlinf-shenzhen/online-bc/pi0-adjust-bottle-smoke32x1-m4-gpu6-20260905-v5",
      "project_name": "rlinf-online-bc",
      "experiment_name": "pi0-adjust-bottle-online-bc-smoke32-m4-gpu6",
      "logger_backends": [
        "tensorboard"
      ]
    },
    "max_epochs": 2,
    "max_steps": -1,
    "only_eval": false,
    "val_check_interval": 1,
    "save_interval": 1,
    "resume_dir": null,
    "ckpt_path": null,
    "overlap_env_bootstrap": false,
    "per_worker_log": false,
    "per_worker_log_path": null,
    "weight_sync_interval": 1
  },
  "algorithm": {
    "loss_type": "online_bc",
    "adv_type": "gae",
    "gamma": 0.99,
    "reward_coef": 1.0,
    "update_epoch": 2,
    "online_bc": {
      "data_path": "/data/chenyiteng/results/rlinf-shenzhen/online-bc/pi0-adjust-bottle-smoke32x1-m4-gpu6-20260905-v5/success_data",
      "demo_weight": 0.0,
      "demo_data_path": null
    },
    "replay_buffer": {
      "min_buffer_size": 1
    }
  },
  "rollout": {
    "group_name": "RolloutGroup",
    "backend": "huggingface",
    "recompute_logprobs": false,
    "enable_offload": true,
    "pipeline_stage_num": 1,
    "collect_prev_infos": false,
    "collect_final_values": false,
    "expert_model": null,
    "model": {
      "model_path": "/data/chenyiteng/models/rlinf/RLinf-Pi0-RoboTwin-SFT-adjust_bottle@92684e50",
      "precision": null
    }
  },
  "reward": {
    "use_reward_model": false
  },
  "critic": {
    "use_critic_model": false
  }
}
[INFO 04:34:39 FlexiblePlacementStrategy] 
[INFO 04:34:39 FlexiblePlacementStrategy] Using flexible placement with hardware ranks: [[6]], node groups: ['cluster'].
[36m(_RemoteNodeProbe pid=527459)[0m /data/chenyiteng/projects/rlinf-shenzhen/worktrees/pi0-online-bc/rlinf/scheduler/cluster/node.py:532: UserWarning: Python interpreter used to launch Ray on node with IP 172.17.0.1 is different from that on the head node /home/chenyiteng/venvs/rlinf-7d07-openpi-robotwin/bin/python. Keep using the current interpreter /home/chenyiteng/venvs/rlinf-7d07-openpi-robotwin/bin/python3 on this node.
[36m(_RemoteNodeProbe pid=527459)[0m   warnings.warn(
[INFO 04:34:39 FlexiblePlacementStrategy] Generated 1 placements: [Placement(rank=0, cluster_node_rank=0, placement_node_rank=0, local_accelerator_rank=6, accelerator_type='NV_GPU', local_rank=0, local_world_size=1, visible_accelerators=['6'], isolate_accelerator=True, local_hardware_ranks=[6], node_group_label='cluster')].
[INFO 04:34:39 FlexiblePlacementStrategy] Generated 1 placements: [Placement(rank=0, cluster_node_rank=0, placement_node_rank=0, local_accelerator_rank=6, accelerator_type='NV_GPU', local_rank=0, local_world_size=1, visible_accelerators=['6'], isolate_accelerator=True, local_hardware_ranks=[6], node_group_label='cluster')].
[INFO 04:34:39 FlexiblePlacementStrategy] Generated 1 placements: [Placement(rank=0, cluster_node_rank=0, placement_node_rank=0, local_accelerator_rank=6, accelerator_type='NV_GPU', local_rank=0, local_world_size=1, visible_accelerators=['6'], isolate_accelerator=True, local_hardware_ranks=[6], node_group_label='cluster')].
[INFO 04:34:39 NodePlacementStrategy] 
[INFO 04:34:39 NodePlacementStrategy] Using node placement with node ranks: [0], node groups: ['node'].
[INFO 04:34:39 NodePlacementStrategy] Generated 1 placements: [Placement(rank=0, cluster_node_rank=0, placement_node_rank=0, local_accelerator_rank='0', accelerator_type='NV_GPU', local_rank=0, local_world_size=1, visible_accelerators=['0', '1', '2', '3', '4', '5', '6', '7'], isolate_accelerator=True, local_hardware_ranks=[], node_group_label='cluster')].
[INFO 04:34:39 NodePlacementStrategy] 
[INFO 04:34:39 NodePlacementStrategy] Using node placement with node ranks: [0], node groups: ['node'].
[INFO 04:34:39 NodePlacementStrategy] Generated 1 placements: [Placement(rank=0, cluster_node_rank=0, placement_node_rank=0, local_accelerator_rank='0', accelerator_type='NV_GPU', local_rank=0, local_world_size=1, visible_accelerators=['0', '1', '2', '3', '4', '5', '6', '7'], isolate_accelerator=True, local_hardware_ranks=[], node_group_label='cluster')].
[INFO 04:34:39 NodePlacementStrategy] 
[INFO 04:34:39 NodePlacementStrategy] Using node placement with node ranks: [0], node groups: ['node'].
[INFO 04:34:39 NodePlacementStrategy] Generated 1 placements: [Placement(rank=0, cluster_node_rank=0, placement_node_rank=0, local_accelerator_rank='0', accelerator_type='NV_GPU', local_rank=0, local_world_size=1, visible_accelerators=['0', '1', '2', '3', '4', '5', '6', '7'], isolate_accelerator=True, local_hardware_ranks=[], node_group_label='cluster')].
WARNING: All log messages before absl::InitializeLog() is called are written to STDERR
I0000 00:00:1788582880.332614  527029 port.cc:153] oneDNN custom operations are on. You may see slightly different numerical results due to floating-point round-off errors from different computation orders. To turn them off, set the environment variable `TF_ENABLE_ONEDNN_OPTS=0`.
I0000 00:00:1788582880.393453  527029 cpu_feature_guard.cc:227] This TensorFlow binary is optimized to use available CPU instructions in performance-critical operations.
To enable the following instructions: AVX2 AVX512F AVX512_VNNI AVX512_BF16 AVX512_FP16 AVX_VNNI AMX_TILE AMX_INT8 AMX_BF16 FMA, in other operations, rebuild TensorFlow with the appropriate compiler flags.
WARNING: All log messages before absl::InitializeLog() is called are written to STDERR
I0000 00:00:1788582882.000585  527029 port.cc:153] oneDNN custom operations are on. You may see slightly different numerical results due to floating-point round-off errors from different computation orders. To turn them off, set the environment variable `TF_ENABLE_ONEDNN_OPTS=0`.
[36m(MultiStepRolloutWorker pid=527537)[0m [INFO 04:34:44 FlexiblePlacementStrategy] 
[36m(MultiStepRolloutWorker pid=527537)[0m [INFO 04:34:44 FlexiblePlacementStrategy] Using flexible placement with hardware ranks: [[6]], node groups: ['cluster'].
[36m(EnvWorker pid=527540)[0m [INFO 04:34:45 FlexiblePlacementStrategy] 
[36m(EnvWorker pid=527540)[0m [INFO 04:34:45 FlexiblePlacementStrategy] Using flexible placement with hardware ranks: [[6]], node groups: ['cluster'].
[36m(EnvGroup(rank=0) pid=527540)[0m /home/chenyiteng/venvs/rlinf-7d07-openpi-robotwin/lib/python3.11/site-packages/sapien/_vulkan_tricks.py:73: UserWarning: Failed to find Vulkan ICD file. This is probably due to an incorrect or partial installation of the NVIDIA driver. SAPIEN will attempt to provide an ICD file anyway but it may not work.
[36m(EnvGroup(rank=0) pid=527540)[0m   warn(
[36m(RolloutGroup(rank=0) pid=527537)[0m WARNING: All log messages before absl::InitializeLog() is called are written to STDERR
[36m(RolloutGroup(rank=0) pid=527537)[0m I0000 00:00:1788582887.394544  528377 port.cc:153] oneDNN custom operations are on. You may see slightly different numerical results due to floating-point round-off errors from different computation orders. To turn them off, set the environment variable `TF_ENABLE_ONEDNN_OPTS=0`.
[36m(EmbodiedOnlineBCFSDPPolicy pid=527533)[0m [WARNING 04:34:47 ActorGroup-Rank-0][fsdp_model_manager.py:79] Provided there is sufficient GPU memory, set the actor.model.precision parameter to fp32 to allow the optimizer to run in fp32 for better convergence. Meanwhile, setting mixed_precision.param_dtype to 16-bit dtype can help maximize speed, as it will automatically convert fp32 to fp16 during operator execution.
[36m(EmbodiedOnlineBCFSDPPolicy pid=527533)[0m [INFO 04:34:48 ActorGroup-Rank-0][fsdp_model_manager.py:133] [FSDP] AMP is disabled.
[36m(EmbodiedOnlineBCFSDPPolicy pid=527533)[0m [INFO 04:34:48 FlexiblePlacementStrategy] 
[36m(EmbodiedOnlineBCFSDPPolicy pid=527533)[0m [INFO 04:34:48 FlexiblePlacementStrategy] Using flexible placement with hardware ranks: [[6]], node groups: ['cluster'].
[36m(RolloutGroup(rank=0) pid=527537)[0m WARNING: All log messages before absl::InitializeLog() is called are written to STDERR
[36m(RolloutGroup(rank=0) pid=527537)[0m I0000 00:00:1788582888.788793  528377 port.cc:153] oneDNN custom operations are on. You may see slightly different numerical results due to floating-point round-off errors from different computation orders. To turn them off, set the environment variable `TF_ENABLE_ONEDNN_OPTS=0`.
[36m(RolloutGroup(rank=0) pid=527537)[0m INFO:root:Loaded norm stats from /data/chenyiteng/models/rlinf/RLinf-Pi0-RoboTwin-SFT-adjust_bottle@92684e50/physical-intelligence/robotwin
[36m(RolloutGroup(rank=0) pid=527537)[0m INFO:root:Loaded norm stats from /data/chenyiteng/models/rlinf/RLinf-Pi0-RoboTwin-SFT-adjust_bottle@92684e50/physical-intelligence/robotwin
[36m(ActorGroup(rank=0) pid=527533)[0m WARNING: All log messages before absl::InitializeLog() is called are written to STDERR
[36m(ActorGroup(rank=0) pid=527533)[0m I0000 00:00:1788582933.764803  528478 port.cc:153] oneDNN custom operations are on. You may see slightly different numerical results due to floating-point round-off errors from different computation orders. To turn them off, set the environment variable `TF_ENABLE_ONEDNN_OPTS=0`.
[36m(ActorGroup(rank=0) pid=527533)[0m WARNING: All log messages before absl::InitializeLog() is called are written to STDERR
[36m(ActorGroup(rank=0) pid=527533)[0m I0000 00:00:1788582935.748562  528478 port.cc:153] oneDNN custom operations are on. You may see slightly different numerical results due to floating-point round-off errors from different computation orders. To turn them off, set the environment variable `TF_ENABLE_ONEDNN_OPTS=0`.
[36m(ActorGroup(rank=0) pid=527533)[0m INFO:root:Loaded norm stats from /data/chenyiteng/models/rlinf/RLinf-Pi0-RoboTwin-SFT-adjust_bottle@92684e50/physical-intelligence/robotwin
[36m(ActorGroup(rank=0) pid=527533)[0m INFO:root:Loaded norm stats from /data/chenyiteng/models/rlinf/RLinf-Pi0-RoboTwin-SFT-adjust_bottle@92684e50/physical-intelligence/robotwin
[36m(ActorGroup(rank=0) pid=527533)[0m [INFO 04:36:17 ActorGroup-Rank-0][fsdp_model_manager.py:294] [FSDP] Gradient checkpointing is disabled
[36m(ActorGroup(rank=0) pid=527533)[0m [INFO 04:36:22 ActorGroup-Rank-0][fsdp_online_bc_policy_worker.py:31] Online BC trainable parameters: 578,036,768; expert_only=True
[36m(RolloutGroup(rank=0) pid=527537)[0m Generating Rollout Epochs:   0%|          | 0/1 [00:00<?, ?it/s]
[36m(RolloutGroup(rank=0) pid=527537)[0m Generating Rollout Epochs: 100%|██████████| 1/1 [05:59<00:00, 359.71s/it]Generating Rollout Epochs: 100%|██████████| 1/1 [05:59<00:00, 359.71s/it]
[36m(ActorGroup(rank=0) pid=527533)[0m INFO:root:Disabled gradient checkpointing for PI0Pytorch model
[36m(ActorGroup(rank=0) pid=527533)[0m Forcing gradient checkpointing to be enabled for Gemma expert model
[36m(ActorGroup(rank=0) pid=527533)[0m /home/chenyiteng/venvs/rlinf-7d07-openpi-robotwin/lib/python3.11/site-packages/torch/autograd/graph.py:869: UserWarning: The AccumulateGrad node's stream does not match the stream of the node that produced the incoming gradient. This may incur unnecessary synchronization and break CUDA graph capture if the AccumulateGrad node's stream is the default stream. This mismatch is caused by an AccumulateGrad node created prior to the current iteration being kept alive. This can happen if the autograd graph is still being kept alive by tensors such as the loss, or if you are using DDP, which will stash a reference to the node. To resolve the mismatch, delete all references to the autograd graph or ensure that DDP initialization is performed under the same stream as subsequent forwards. If the mismatch is intentional, you can use torch.autograd.graph.set_warn_on_accumulate_grad_stream_mismatch(False) to suppress this warning. (Triggered internally at /pytorch/torch/csrc/autograd/input_buffer.cpp:240.)
[36m(ActorGroup(rank=0) pid=527533)[0m   return Variable._execution_engine.run_backward(  # Calls into the C++ engine to run the backward pass
[36m(ActorGroup(rank=0) pid=527533)[0m INFO:root:Disabled gradient checkpointing for PI0Pytorch model
[36m(ActorGroup(rank=0) pid=527533)[0m Forcing gradient checkpointing to be enabled for Gemma expert model
[36m(ActorGroup(rank=0) pid=527533)[0m INFO:root:Disabled gradient checkpointing for PI0Pytorch model
[36m(ActorGroup(rank=0) pid=527533)[0m Forcing gradient checkpointing to be enabled for Gemma expert model
[36m(ActorGroup(rank=0) pid=527533)[0m INFO:root:Disabled gradient checkpointing for PI0Pytorch model
[36m(ActorGroup(rank=0) pid=527533)[0m Forcing gradient checkpointing to be enabled for Gemma expert model
[36m(ActorGroup(rank=0) pid=527533)[0m INFO:root:Disabled gradient checkpointing for PI0Pytorch model
[36m(ActorGroup(rank=0) pid=527533)[0m Forcing gradient checkpointing to be enabled for Gemma expert model
[36m(ActorGroup(rank=0) pid=527533)[0m INFO:root:Disabled gradient checkpointing for PI0Pytorch model
[36m(ActorGroup(rank=0) pid=527533)[0m Forcing gradient checkpointing to be enabled for Gemma expert model
[36m(ActorGroup(rank=0) pid=527533)[0m INFO:root:Disabled gradient checkpointing for PI0Pytorch model
[36m(ActorGroup(rank=0) pid=527533)[0m Forcing gradient checkpointing to be enabled for Gemma expert model
[36m(ActorGroup(rank=0) pid=527533)[0m INFO:root:Disabled gradient checkpointing for PI0Pytorch model
[36m(ActorGroup(rank=0) pid=527533)[0m Forcing gradient checkpointing to be enabled for Gemma expert model
[36m(ActorGroup(rank=0) pid=527533)[0m Forcing gradient checkpointing to be enabled for Gemma expert model
[36m(ActorGroup(rank=0) pid=527533)[0m INFO:root:Disabled gradient checkpointing for PI0Pytorch model
[36m(ActorGroup(rank=0) pid=527533)[0m INFO:root:Disabled gradient checkpointing for PI0Pytorch model
[36m(ActorGroup(rank=0) pid=527533)[0m Forcing gradient checkpointing to be enabled for Gemma expert model
[36m(ActorGroup(rank=0) pid=527533)[0m INFO:root:Disabled gradient checkpointing for PI0Pytorch model
[36m(ActorGroup(rank=0) pid=527533)[0m Forcing gradient checkpointing to be enabled for Gemma expert model
[36m(ActorGroup(rank=0) pid=527533)[0m INFO:root:Disabled gradient checkpointing for PI0Pytorch model
[36m(ActorGroup(rank=0) pid=527533)[0m Forcing gradient checkpointing to be enabled for Gemma expert model
[36m(ActorGroup(rank=0) pid=527533)[0m INFO:root:Disabled gradient checkpointing for PI0Pytorch model
[36m(ActorGroup(rank=0) pid=527533)[0m Forcing gradient checkpointing to be enabled for Gemma expert model
[36m(ActorGroup(rank=0) pid=527533)[0m INFO:root:Disabled gradient checkpointing for PI0Pytorch model
[36m(ActorGroup(rank=0) pid=527533)[0m Forcing gradient checkpointing to be enabled for Gemma expert model
[36m(ActorGroup(rank=0) pid=527533)[0m INFO:root:Disabled gradient checkpointing for PI0Pytorch model
[36m(ActorGroup(rank=0) pid=527533)[0m Forcing gradient checkpointing to be enabled for Gemma expert model
[36m(ActorGroup(rank=0) pid=527533)[0m INFO:root:Disabled gradient checkpointing for PI0Pytorch model
[36m(ActorGroup(rank=0) pid=527533)[0m Forcing gradient checkpointing to be enabled for Gemma expert model
[36m(ActorGroup(rank=0) pid=527533)[0m INFO:root:Disabled gradient checkpointing for PI0Pytorch model
[36m(ActorGroup(rank=0) pid=527533)[0m Forcing gradient checkpointing to be enabled for Gemma expert model
[36m(ActorGroup(rank=0) pid=527533)[0m INFO:root:Disabled gradient checkpointing for PI0Pytorch model
[36m(ActorGroup(rank=0) pid=527533)[0m Forcing gradient checkpointing to be enabled for Gemma expert model
[36m(ActorGroup(rank=0) pid=527533)[0m INFO:root:Disabled gradient checkpointing for PI0Pytorch model
[36m(ActorGroup(rank=0) pid=527533)[0m Forcing gradient checkpointing to be enabled for Gemma expert model
[36m(ActorGroup(rank=0) pid=527533)[0m INFO:root:Disabled gradient checkpointing for PI0Pytorch model
[36m(ActorGroup(rank=0) pid=527533)[0m Forcing gradient checkpointing to be enabled for Gemma expert model
[36m(ActorGroup(rank=0) pid=527533)[0m INFO:root:Disabled gradient checkpointing for PI0Pytorch model
[36m(ActorGroup(rank=0) pid=527533)[0m Forcing gradient checkpointing to be enabled for Gemma expert model
[36m(ActorGroup(rank=0) pid=527533)[0m INFO:root:Disabled gradient checkpointing for PI0Pytorch model
[36m(ActorGroup(rank=0) pid=527533)[0m Forcing gradient checkpointing to be enabled for Gemma expert model
[36m(ActorGroup(rank=0) pid=527533)[0m INFO:root:Disabled gradient checkpointing for PI0Pytorch model
[36m(ActorGroup(rank=0) pid=527533)[0m Forcing gradient checkpointing to be enabled for Gemma expert model
[36m(ActorGroup(rank=0) pid=527533)[0m INFO:root:Disabled gradient checkpointing for PI0Pytorch model
[36m(ActorGroup(rank=0) pid=527533)[0m Forcing gradient checkpointing to be enabled for Gemma expert model
[36m(ActorGroup(rank=0) pid=527533)[0m INFO:root:Disabled gradient checkpointing for PI0Pytorch model
[36m(ActorGroup(rank=0) pid=527533)[0m Forcing gradient checkpointing to be enabled for Gemma expert model
[36m(ActorGroup(rank=0) pid=527533)[0m INFO:root:Disabled gradient checkpointing for PI0Pytorch model
[36m(ActorGroup(rank=0) pid=527533)[0m Forcing gradient checkpointing to be enabled for Gemma expert model
[36m(ActorGroup(rank=0) pid=527533)[0m INFO:root:Disabled gradient checkpointing for PI0Pytorch model
[36m(ActorGroup(rank=0) pid=527533)[0m Forcing gradient checkpointing to be enabled for Gemma expert model
[36m(ActorGroup(rank=0) pid=527533)[0m INFO:root:Disabled gradient checkpointing for PI0Pytorch model
[36m(ActorGroup(rank=0) pid=527533)[0m Forcing gradient checkpointing to be enabled for Gemma expert model
[36m(ActorGroup(rank=0) pid=527533)[0m INFO:root:Disabled gradient checkpointing for PI0Pytorch model
[36m(ActorGroup(rank=0) pid=527533)[0m Forcing gradient checkpointing to be enabled for Gemma expert model
[36m(ActorGroup(rank=0) pid=527533)[0m INFO:root:Disabled gradient checkpointing for PI0Pytorch model
[36m(ActorGroup(rank=0) pid=527533)[0m Forcing gradient checkpointing to be enabled for Gemma expert model
[36m(ActorGroup(rank=0) pid=527533)[0m Forcing gradient checkpointing to be enabled for Gemma expert model
[36m(ActorGroup(rank=0) pid=527533)[0m INFO:root:Disabled gradient checkpointing for PI0Pytorch model
[36m(ActorGroup(rank=0) pid=527533)[0m INFO:root:Disabled gradient checkpointing for PI0Pytorch model
[36m(ActorGroup(rank=0) pid=527533)[0m Forcing gradient checkpointing to be enabled for Gemma expert model
[36m(ActorGroup(rank=0) pid=527533)[0m Forcing gradient checkpointing to be enabled for Gemma expert model
[36m(ActorGroup(rank=0) pid=527533)[0m INFO:root:Disabled gradient checkpointing for PI0Pytorch model
[36m(ActorGroup(rank=0) pid=527533)[0m INFO:root:Disabled gradient checkpointing for PI0Pytorch model
[36m(ActorGroup(rank=0) pid=527533)[0m Forcing gradient checkpointing to be enabled for Gemma expert model
[36m(ActorGroup(rank=0) pid=527533)[0m Forcing gradient checkpointing to be enabled for Gemma expert model
[36m(ActorGroup(rank=0) pid=527533)[0m INFO:root:Disabled gradient checkpointing for PI0Pytorch model
[36m(ActorGroup(rank=0) pid=527533)[0m INFO:root:Disabled gradient checkpointing for PI0Pytorch model
[36m(ActorGroup(rank=0) pid=527533)[0m Forcing gradient checkpointing to be enabled for Gemma expert model
[36m(ActorGroup(rank=0) pid=527533)[0m INFO:root:Disabled gradient checkpointing for PI0Pytorch model
[36m(ActorGroup(rank=0) pid=527533)[0m Forcing gradient checkpointing to be enabled for Gemma expert model
[36m(ActorGroup(rank=0) pid=527533)[0m INFO:root:Disabled gradient checkpointing for PI0Pytorch model
[36m(ActorGroup(rank=0) pid=527533)[0m Forcing gradient checkpointing to be enabled for Gemma expert model
[36m(ActorGroup(rank=0) pid=527533)[0m INFO:root:Disabled gradient checkpointing for PI0Pytorch model
[36m(ActorGroup(rank=0) pid=527533)[0m Forcing gradient checkpointing to be enabled for Gemma expert model
[36m(ActorGroup(rank=0) pid=527533)[0m INFO:root:Disabled gradient checkpointing for PI0Pytorch model
[36m(ActorGroup(rank=0) pid=527533)[0m Forcing gradient checkpointing to be enabled for Gemma expert model
[36m(ActorGroup(rank=0) pid=527533)[0m Forcing gradient checkpointing to be enabled for Gemma expert model
[36m(ActorGroup(rank=0) pid=527533)[0m INFO:root:Disabled gradient checkpointing for PI0Pytorch model
[36m(ActorGroup(rank=0) pid=527533)[0m INFO:root:Disabled gradient checkpointing for PI0Pytorch model
[36m(ActorGroup(rank=0) pid=527533)[0m Forcing gradient checkpointing to be enabled for Gemma expert model
[36m(ActorGroup(rank=0) pid=527533)[0m INFO:root:Disabled gradient checkpointing for PI0Pytorch model
[36m(ActorGroup(rank=0) pid=527533)[0m Forcing gradient checkpointing to be enabled for Gemma expert model
[36m(ActorGroup(rank=0) pid=527533)[0m Forcing gradient checkpointing to be enabled for Gemma expert model
[36m(ActorGroup(rank=0) pid=527533)[0m INFO:root:Disabled gradient checkpointing for PI0Pytorch model
[36m(ActorGroup(rank=0) pid=527533)[0m INFO:root:Disabled gradient checkpointing for PI0Pytorch model
[36m(ActorGroup(rank=0) pid=527533)[0m Forcing gradient checkpointing to be enabled for Gemma expert model
[36m(ActorGroup(rank=0) pid=527533)[0m INFO:root:Disabled gradient checkpointing for PI0Pytorch model
[36m(ActorGroup(rank=0) pid=527533)[0m Forcing gradient checkpointing to be enabled for Gemma expert model
[36m(ActorGroup(rank=0) pid=527533)[0m INFO:root:Disabled gradient checkpointing for PI0Pytorch model
[36m(ActorGroup(rank=0) pid=527533)[0m Forcing gradient checkpointing to be enabled for Gemma expert model
[36m(ActorGroup(rank=0) pid=527533)[0m INFO:root:Disabled gradient checkpointing for PI0Pytorch model
[36m(ActorGroup(rank=0) pid=527533)[0m Forcing gradient checkpointing to be enabled for Gemma expert model
[36m(ActorGroup(rank=0) pid=527533)[0m INFO:root:Disabled gradient checkpointing for PI0Pytorch model
[36m(ActorGroup(rank=0) pid=527533)[0m Forcing gradient checkpointing to be enabled for Gemma expert model
[36m(ActorGroup(rank=0) pid=527533)[0m INFO:root:Disabled gradient checkpointing for PI0Pytorch model
[36m(ActorGroup(rank=0) pid=527533)[0m Forcing gradient checkpointing to be enabled for Gemma expert model
[36m(ActorGroup(rank=0) pid=527533)[0m INFO:root:Disabled gradient checkpointing for PI0Pytorch model
[36m(ActorGroup(rank=0) pid=527533)[0m Forcing gradient checkpointing to be enabled for Gemma expert model
[36m(ActorGroup(rank=0) pid=527533)[0m INFO:root:Disabled gradient checkpointing for PI0Pytorch model
[36m(ActorGroup(rank=0) pid=527533)[0m Forcing gradient checkpointing to be enabled for Gemma expert model
[36m(ActorGroup(rank=0) pid=527533)[0m INFO:root:Disabled gradient checkpointing for PI0Pytorch model
[36m(ActorGroup(rank=0) pid=527533)[0m Forcing gradient checkpointing to be enabled for Gemma expert model
[36m(ActorGroup(rank=0) pid=527533)[0m INFO:root:Disabled gradient checkpointing for PI0Pytorch model
[36m(ActorGroup(rank=0) pid=527533)[0m Forcing gradient checkpointing to be enabled for Gemma expert model
[36m(ActorGroup(rank=0) pid=527533)[0m INFO:root:Disabled gradient checkpointing for PI0Pytorch model
[36m(ActorGroup(rank=0) pid=527533)[0m Forcing gradient checkpointing to be enabled for Gemma expert model
[36m(ActorGroup(rank=0) pid=527533)[0m INFO:root:Disabled gradient checkpointing for PI0Pytorch model
[36m(ActorGroup(rank=0) pid=527533)[0m Forcing gradient checkpointing to be enabled for Gemma expert model
[36m(ActorGroup(rank=0) pid=527533)[0m INFO:root:Disabled gradient checkpointing for PI0Pytorch model
[36m(ActorGroup(rank=0) pid=527533)[0m Forcing gradient checkpointing to be enabled for Gemma expert model
[36m(ActorGroup(rank=0) pid=527533)[0m INFO:root:Disabled gradient checkpointing for PI0Pytorch model
[36m(ActorGroup(rank=0) pid=527533)[0m Forcing gradient checkpointing to be enabled for Gemma expert model
[36m(ActorGroup(rank=0) pid=527533)[0m INFO:root:Disabled gradient checkpointing for PI0Pytorch model
[36m(ActorGroup(rank=0) pid=527533)[0m Forcing gradient checkpointing to be enabled for Gemma expert model
[36m(ActorGroup(rank=0) pid=527533)[0m Forcing gradient checkpointing to be enabled for Gemma expert model
[36m(ActorGroup(rank=0) pid=527533)[0m INFO:root:Disabled gradient checkpointing for PI0Pytorch model
[36m(ActorGroup(rank=0) pid=527533)[0m INFO:root:Disabled gradient checkpointing for PI0Pytorch model
[36m(ActorGroup(rank=0) pid=527533)[0m Forcing gradient checkpointing to be enabled for Gemma expert model
[36m(ActorGroup(rank=0) pid=527533)[0m INFO:root:Disabled gradient checkpointing for PI0Pytorch model
[36m(ActorGroup(rank=0) pid=527533)[0m Forcing gradient checkpointing to be enabled for Gemma expert model
[36m(ActorGroup(rank=0) pid=527533)[0m INFO:root:Disabled gradient checkpointing for PI0Pytorch model
[36m(ActorGroup(rank=0) pid=527533)[0m Forcing gradient checkpointing to be enabled for Gemma expert model
[36m(ActorGroup(rank=0) pid=527533)[0m INFO:root:Disabled gradient checkpointing for PI0Pytorch model
[36m(ActorGroup(rank=0) pid=527533)[0m Forcing gradient checkpointing to be enabled for Gemma expert model
[36m(ActorGroup(rank=0) pid=527533)[0m /home/chenyiteng/venvs/rlinf-7d07-openpi-robotwin/lib/python3.11/site-packages/torch/distributed/c10d_logger.py:83: UserWarning: barrier(): using the device under current context. You can specify `device_id` in `init_process_group` to mute this warning.
[36m(ActorGroup(rank=0) pid=527533)[0m   return func(*args, **kwargs)
[36m(RolloutGroup(rank=0) pid=527537)[0m Evaluating Rollout Epochs:   0%|          | 0/1 [00:00<?, ?it/s]
Exception occurred while running EnvWorker's function evaluate: exception is [36mray::EnvWorker.evaluate()[39m (pid=527540, ip=172.17.0.1, actor_id=8f780536f5d3914b472da92bcb010000, repr=EnvGroup(rank=0))
  File "/home/chenyiteng/.local/share/uv/python/cpython-3.11.14-linux-x86_64-gnu/lib/python3.11/concurrent/futures/_base.py", line 449, in result
  File "/home/chenyiteng/.local/share/uv/python/cpython-3.11.14-linux-x86_64-gnu/lib/python3.11/concurrent/futures/_base.py", line 401, in __get_result
           ^^^^^^^^^^^^^^^^^^^^^
           ^^^^^^^^^^^^^^^^^^^^^^^^^^^^^^^^^^^^
           ^^^^^^^^^^^^^^^^^^^^^^^^^^^^^^^
  File "/data/chenyiteng/projects/rlinf-shenzhen/worktrees/pi0-online-bc/rlinf/scheduler/worker/worker.py", line 82, in sync_func
    return func(*args, **kwargs)
           ^^^^^^^^^^^^^^^^^^^^^
  File "/data/chenyiteng/projects/rlinf-shenzhen/worktrees/pi0-online-bc/rlinf/scheduler/worker/worker.py", line 1375, in wrapper
    return func(self, *args, **kwargs)
           ^^^^^^^^^^^^^^^^^^^^^^^^^^^
  File "/data/chenyiteng/projects/rlinf-shenzhen/worktrees/pi0-online-bc/rlinf/workers/env/env_worker.py", line 1463, in evaluate
    extracted_obs, infos = self.eval_env_list[stage_id].reset()
                           ^^^^^^^^^^^^^^^^^^^^^^^^^^^^^^^^^^^^
  File "/data/chenyiteng/projects/rlinf-shenzhen/worktrees/pi0-online-bc/rlinf/envs/robotwin/robotwin_env.py", line 252, in reset
    raw_obs = self.venv.get_obs()
              ^^^^^^^^^^^^^^^^^^^
  File "/data/chenyiteng/projects/rlinf-shenzhen/RoboTwin-RLinf-support/robotwin/envs/vector_env.py", line 415, in get_obs
    obs_venv.append(env.get_obs())
                    ^^^^^^^^^^^^^
  File "/data/chenyiteng/projects/rlinf-shenzhen/RoboTwin-RLinf-support/robotwin/envs/vector_env.py", line 183, in get_obs
    obs = self.task.get_obs()
          ^^^^^^^^^^^^^^^^^^^
  File "/data/chenyiteng/projects/rlinf-shenzhen/RoboTwin-RLinf-support/envs/_base_task.py", line 464, in get_obs
    self.cameras.update_picture()
  File "/data/chenyiteng/projects/rlinf-shenzhen/RoboTwin-RLinf-support/envs/camera/camera.py", line 280, in update_picture
RuntimeError: vk::Device::getSemaphoreFdKHR: ErrorInitializationFailed
Exception occurred while running MultiStepRolloutWorker's function evaluate: exception is The actor died unexpectedly before finishing this task.
	class_name: MultiStepRolloutWorker
	actor_id: e94b88edd0a05d2cdde44491cb010000
	pid: 527537
	name: RolloutGroup:0
	namespace: RLinf_1
	ip: 172.17.0.1
The actor is dead because it was killed by `ray.kill`.
[36m(RolloutGroup(rank=0) pid=527537)[0m [ERROR 04:45:01 RolloutGroup-Rank-0][multi_channel_pg.py:521] Broadcast failed on ProcessGroup cg-Rollout:0-RolloutGroup:0gloo_send_0 rank 1 with error: [/pytorch/third_party/gloo/gloo/transport/tcp/pair.cc:547] Connection closed by peer [127.0.0.1]:30940. Args - tensor: tensor([-1608205200], dtype=torch.int32), src: 0, group: <torch.distributed.distributed_c10d.ProcessGroup object at 0x7fa6842afe70>, async_op: False.
[36m(RolloutGroup(rank=0) pid=527537)[0m Exception in thread Thread-5 (_run_queue):
[36m(RolloutGroup(rank=0) pid=527537)[0m Traceback (most recent call last):
[36m(RolloutGroup(rank=0) pid=527537)[0m   File "/home/chenyiteng/.local/share/uv/python/cpython-3.11.14-linux-x86_64-gnu/lib/python3.11/threading.py", line 1045, in _bootstrap_inner
[36m(RolloutGroup(rank=0) pid=527537)[0m     self.run()
[36m(RolloutGroup(rank=0) pid=527537)[0m   File "/home/chenyiteng/.local/share/uv/python/cpython-3.11.14-linux-x86_64-gnu/lib/python3.11/threading.py", line 982, in run
[36m(RolloutGroup(rank=0) pid=527537)[0m     self._target(*self._args, **self._kwargs)
[36m(RolloutGroup(rank=0) pid=527537)[0m   File "/data/chenyiteng/projects/rlinf-shenzhen/worktrees/pi0-online-bc/rlinf/scheduler/collective/collective_group.py", line 199, in _run_queue
[36m(RolloutGroup(rank=0) pid=527537)[0m     work(None)
[36m(RolloutGroup(rank=0) pid=527537)[0m   File "/data/chenyiteng/projects/rlinf-shenzhen/worktrees/pi0-online-bc/rlinf/scheduler/collective/async_work.py", line 118, in __call__
[36m(RolloutGroup(rank=0) pid=527537)[0m     self._result = self._func(self, *self._args, **self._kwargs)
[36m(RolloutGroup(rank=0) pid=527537)[0m                    ^^^^^^^^^^^^^^^^^^^^^^^^^^^^^^^^^^^^^^^^^^^^^
[36m(RolloutGroup(rank=0) pid=527537)[0m   File "/data/chenyiteng/projects/rlinf-shenzhen/worktrees/pi0-online-bc/rlinf/scheduler/collective/collective_group.py", line 514, in _atomic_recv
[36m(RolloutGroup(rank=0) pid=527537)[0m     self._recv(object_type_tensor, CollectiveGroup.CPU, comm_id)
[36m(RolloutGroup(rank=0) pid=527537)[0m   File "/data/chenyiteng/projects/rlinf-shenzhen/worktrees/pi0-online-bc/rlinf/scheduler/collective/collective_group.py", line 1190, in _recv
[36m(RolloutGroup(rank=0) pid=527537)[0m     return self._mc_group.recv(
[36m(RolloutGroup(rank=0) pid=527537)[0m            ^^^^^^^^^^^^^^^^^^^^
[36m(RolloutGroup(rank=0) pid=527537)[0m   File "/data/chenyiteng/projects/rlinf-shenzhen/worktrees/pi0-online-bc/rlinf/scheduler/collective/multi_channel_pg.py", line 386, in recv
[36m(RolloutGroup(rank=0) pid=527537)[0m     work = self._broadcast(
[36m(RolloutGroup(rank=0) pid=527537)[0m            ^^^^^^^^^^^^^^^^
[36m(RolloutGroup(rank=0) pid=527537)[0m   File "/data/chenyiteng/projects/rlinf-shenzhen/worktrees/pi0-online-bc/rlinf/scheduler/collective/multi_channel_pg.py", line 517, in _broadcast
[36m(RolloutGroup(rank=0) pid=527537)[0m     work.wait()
[36m(RolloutGroup(rank=0) pid=527537)[0m RuntimeError: [/pytorch/third_party/gloo/gloo/transport/tcp/pair.cc:547] Connection closed by peer [127.0.0.1]:30940
Exiting main process due to a failure upon worker execution.
