
╭──────────────────────────────────────────────────────────────────────────────────────────────────────────────────────╮
├──────────────────────────────────────────────────── Metric Table ────────────────────────────────────────────────────┤
│ Global Step:    1/1 │ Progress: ████████████████████████████████████████ │ 100.0%                                    │
│ Elapsed: 03:47 │ ETA: 00:00 │ Step Time: 227.935s                                                                    │
├──────────────────────────────────────────────────────── Time ────────────────────────────────────────────────────────┤
│                                                                                                                      │
│actor/actor/compute_adv=2.09e-05       │actor/actor/recv_traj=225.5            │actor/actor/sync_model_to_rollout=0.5…│
│actor/forward_actor=0.185              │actor/forward_critic=0.276             │actor/sample=0.023                    │
│actor/update_one_epoch=0.760           │cal_adv_and_returns=0.0030             │env/compute_bootstrap_rewards=0.0019  │
│env/env/bootstrap_step=60.634          │env/env/send_rollout_trajectories=0.465│env/env_interact_step=153.8           │
│env/interact=225.3                     │env/run_interact_once=224.6            │generate_rollouts=225.5               │
│rollout/generate_one_epoch=224.1       │rollout/rollout/generate=224.1         │step=227.9                            │
│sync_weights=0.916                     │                                       │                                      │
│                                                                                                                      │
├──────────────────────────────────────────────────── Environment ─────────────────────────────────────────────────────┤
│                                                                                                                      │
│episode_len=200.0                      │num_trajectories=8                     │return=2.375                          │
│reward=0.011875                        │success_once=0.25                      │                                      │
│                                                                                                                      │
├─────────────────────────────────────────────────── Replay Buffer ────────────────────────────────────────────────────┤
│                                                                                                                      │
│cache_size=143.0                       │num_trajectories=143.0                 │total_samples=143.0                   │
│                                                                                                                      │
├─────────────────────────────────────────────────── Training/Actor ───────────────────────────────────────────────────┤
│                                                                                                                      │
│actor/action_ref_abs_mean=0.312        │actor/actor_weight_in_warmup=0.500     │actor/actor_weight_ramp_progress=0.125│
│actor/actor_weight_schedule_enabled=1.…│actor/bc_human_loss=0.0000             │actor/bc_loss=0.226                   │
│actor/bc_ref_loss=0.225                │actor/bc_unweighted_loss=0.225         │actor/bc_weight=6.438                 │
│actor/entropy=-671.5                   │actor/grad_norm=3.375                  │actor/human_mask_ratio=0.0000         │
│actor/lr=1.00e-04                      │actor/policy_mask_ratio=1.000          │actor/q_pi=0.018                      │
│actor/q_value_0=0.018                  │actor/q_value_1=0.0067                 │actor/q_weight=0.100                  │
│actor/reference_dropout_prob=0.500     │actor/rlt_dvac/actor_switch_rate=0.0000│actor/rlt_dvac/application_q_gradient…│
│actor/rlt_dvac/application_success_epi…│actor/rlt_dvac/baseline_count=1430.0   │actor/rlt_dvac/baseline_frozen=1.000  │
│actor/rlt_dvac/baseline_mean=-4.869    │actor/rlt_dvac/baseline_std=0.559      │actor/rlt_dvac/downweighted_fraction=…│
│actor/rlt_dvac/enabled=1.000           │actor/rlt_dvac/log_v_mean=-4.889       │actor/rlt_dvac/log_v_std=0.554        │
│actor/rlt_dvac/max_weight_fraction=0.0…│actor/rlt_dvac/min_weight_fraction=0.0…│actor/rlt_dvac/mode_apply=1.000       │
│actor/rlt_dvac/mode_observe=0.0000     │actor/rlt_dvac/nonpositive_reward_coun…│actor/rlt_dvac/nonpositive_reward_wei…│
│actor/rlt_dvac/positive_reward_count=1…│actor/rlt_dvac/positive_reward_weight_…│actor/rlt_dvac/query_mean_z_std=0.666 │
│actor/rlt_dvac/query_weight_q_gap_corr…│actor/rlt_dvac/reference_route_count=7…│actor/rlt_dvac/reference_route_weight…│
│actor/rlt_dvac/replay_age_mean=3.000   │actor/rlt_dvac/replay_age_p95=3.000    │actor/rlt_dvac/student_route_count=0.…│
│actor/rlt_dvac/student_route_weight_su…│actor/rlt_dvac/success_target_referenc…│actor/rlt_dvac/teacher_v_mean=0.0090  │
│actor/rlt_dvac/top20_weight_mass=0.277 │actor/rlt_dvac/upweighted_fraction=0.5…│actor/rlt_dvac/weight_ess_ratio=0.912 │
│actor/rlt_dvac/weight_h00=0.850        │actor/rlt_dvac/weight_h01=0.858        │actor/rlt_dvac/weight_h02=0.930       │
│actor/rlt_dvac/weight_h03=0.943        │actor/rlt_dvac/weight_h04=0.930        │actor/rlt_dvac/weight_h05=1.043       │
│actor/rlt_dvac/weight_h06=1.052        │actor/rlt_dvac/weight_h07=1.124        │actor/rlt_dvac/weight_h08=1.128       │
│actor/rlt_dvac/weight_h09=1.141        │actor/rlt_dvac/weight_mean=1.000       │actor/rlt_dvac/weight_median=1.019    │
│actor/rlt_dvac/weight_p05=0.448        │actor/rlt_dvac/weight_p95=1.499        │actor/rlt_dvac/weight_student_ref_err…│
│actor/rlt_dvac/within_query_z_std=0.604│actor/rlt_dvac/z_mean=-0.058           │actor/rlt_dvac/z_std=0.921            │
│actor/rlt_dvac_bc/executed_target_rati…│actor/rlt_dvac_bc/success_action_count…│actor/rlt_dvac_bc/success_executed_re…│
│actor/rlt_dvac_bc/success_query_count=…│actor/rlt_dvac_bc/success_unweighted_l…│actor/rlt_dvac_bc/success_weight_ess_…│
│actor/rlt_dvac_bc/success_weight_mean=…│actor/rlt_dvac_bc/success_weighted_los…│actor/weighted_bc=1.460               │
│actor/weighted_q=0.0021                │                                       │                                      │
│                                                                                                                      │
├────────────────────────────────────────────────── Training/Critic ───────────────────────────────────────────────────┤
│                                                                                                                      │
│critic/grad_norm=3.226                 │critic/lr=1.00e-04                     │critic/q_data=0.034                   │
│                                                                                                                      │
├─────────────────────────────────────────────────── Training/Other ───────────────────────────────────────────────────┤
│                                                                                                                      │
│alpha/grad_norm=0.0000                 │replay/actor_switch_rate=0.0000        │replay/done_rate=0.056                │
│replay/intervention_rate=0.0000        │replay/intervention_requested_rate=0.0…│replay/record_transition_rate=1.000   │
│replay/reward_mean=0.014               │replay/reward_positive_rate=0.014      │replay/transition_count=143.0         │
│rlt/actor_updates_run=4.000            │rlt/critic_updates_run=8.000           │rlt/desired_total_updates=8.000       │
│rlt/global_min_replay_size=143.0       │rlt/global_total_transitions_added=143…│rlt/global_transitions_since_train=14…│
│rlt/max_updates_per_train_step=20.000  │rlt/min_replay_buffer_size=2.000       │rlt/pending_update_budget=0.0000      │
│rlt/ready_for_online=0.0000            │rlt/should_train=1.000                 │rlt/skip_reason=0.0000                │
│rlt/train_every_episodes=0.0000        │rlt/train_every_transitions=1.000      │rlt/update_epoch=5.000                │
│rlt/update_step=0.0000                 │rlt/updates_scheduled=8.000            │rlt/updates_to_run=8.000              │
│rlt/warmup_required_updates=8.000      │rlt_dvac/baseline_count=1430.0         │rlt_dvac/baseline_frozen=1.000        │
│rlt_dvac/baseline_mean=-4.869          │rlt_dvac/baseline_std=0.559            │rlt_dvac/enabled=1.000                │
│sac/actor_loss=1.457                   │sac/alpha=0.0000                       │sac/alpha_loss=0.0000                 │
│sac/critic_loss=0.026                  │                                       │                                      │
│                                                                                                                      │
╰──────────────────────────────────────────────────────────────────────────────────────────────────────────────────────╯

