/data/chenyiteng/projects/fasterwam-standalone/FasterWAM-hustvl-official/.venvs/robotwin/lib/python3.10/site-packages/sapien/__init__.py:2: UserWarning: pkg_resources is deprecated as an API. See https://setuptools.pypa.io/en/latest/pkg_resources.html. The pkg_resources package is slated for removal as early as 2025-11-30. Refrain from using this package or pin to Setuptools<81.
  import pkg_resources
/data/chenyiteng/projects/fasterwam-standalone/FasterWAM-hustvl-official/.venvs/robotwin/lib/python3.10/site-packages/sapien/_vulkan_tricks.py:37: UserWarning: Failed to find Vulkan ICD file. This is probably due to an incorrect or partial installation of the NVIDIA driver. SAPIEN will attempt to provide an ICD file anyway but it may not work.
  warn(
[32mRender Well[0m
============= Config =============

[95mMessy Table:[0m True
[95mRandom Background:[0m True
 - Clean Background Rate: 0.02
[95mRandom Light:[0m True
 - Crazy Random Light Rate: 0.02
[95mRandom Table Height:[0m 0.03
[95mRandom Head Camera Distance:[0m 0
[94mHead Camera Config:[0m D435, True
[94mWrist Camera Config:[0m D435, True
[94mEmbodiment Config:[0m aloha-agilex

==================================
missing pytorch3d
[INFO] [fasterwam.models.wan22.helpers.loader] Loading Wan2.2-TI2V-5B components...
[INFO] [fasterwam.models.wan22.helpers.loader] Skipping pretrained video DiT load (`skip_dit_load_from_pretrain=True`); initializing video expert randomly and expecting checkpoint override.
[INFO] [fasterwam.models.wan22.helpers.loader] Finished loading Wan2.2-TI2V-5B components in 61.24 seconds.
[INFO] [fasterwam.models.wan22.sparse_action_dit] Skipping SparseActionDiT pretrained load (`skip_dit_load_from_pretrain=True`); initializing action expert randomly and expecting checkpoint override.
[INFO] [fasterwam.models.wan22.sparse_mot] Initialized SparseMoT with layers=30, condition_layers=[0, 4, 8, 12, 16, 20, 24, 28], condition_heads=24, noncondition_heads=8, video_kv_fusion=interval_weighted_sum
[INFO] [fasterwam.models.wan22.sparse_mot]   Expert 'video': num_params=5.00 B
[INFO] [fasterwam.models.wan22.sparse_mot]   Expert 'action': num_params=0.56 B
[INFO] [fasterwam.models.wan22.fastwam] MoT Action->Video attention enabled at layers [0, 4, 8, 12, 16, 20, 24, 28] (disabled elsewhere).
[34mTask Name: move_stapler_pad[0m
[34mPolicy Name: fasterwam_policy[0m
[92mSuccess![0m
[93mmove_stapler_pad[0m | [94mfasterwam_policy[0m | [92mdemo_randomized[0m | [91m/data/chenyiteng/models/fasterwam/release-6bf9471/robotwin/step_029355.pt[0m
Success rate: [96m1/1[0m => [95m100.0%[0m, current seed: [90m100000[0m

Data has been saved to /data/chenyiteng/projects/fasterwam-standalone/FasterWAM-hustvl-official/evaluate_results/robotwin/step_029355/official-move-stapler-pad-random1-20260902-v1/move_stapler_pad/_result_random.txt
Evaluation finished successfully. Log saved to: /data/chenyiteng/projects/fasterwam-standalone/FasterWAM-hustvl-official/evaluate_results/robotwin/step_029355/official-move-stapler-pad-random1-20260902-v1/eval_move_stapler_pad_20260902_071828.log
