WARNING: All log messages before absl::InitializeLog() is called are written to STDERR
I0000 00:00:1787668161.977027  539449 port.cc:153] oneDNN custom operations are on. You may see slightly different numerical results due to floating-point round-off errors from different computation orders. To turn them off, set the environment variable `TF_ENABLE_ONEDNN_OPTS=0`.
I0000 00:00:1787668162.028288  539449 cpu_feature_guard.cc:227] This TensorFlow binary is optimized to use available CPU instructions in performance-critical operations.
To enable the following instructions: AVX2 AVX512F AVX512_VNNI FMA, in other operations, rebuild TensorFlow with the appropriate compiler flags.
WARNING: All log messages before absl::InitializeLog() is called are written to STDERR
I0000 00:00:1787668163.542535  539449 port.cc:153] oneDNN custom operations are on. You may see slightly different numerical results due to floating-point round-off errors from different computation orders. To turn them off, set the environment variable `TF_ENABLE_ONEDNN_OPTS=0`.
/root/autodl-tmp/RLinf/.venv/lib/python3.11/site-packages/hydra/_internal/hydra.py:119: UserWarning: Future Hydra versions will no longer change working directory at job runtime by default.
See https://hydra.cc/docs/1.2/upgrades/1.1_to_1.2/changes_to_job_working_dir/ for more information.
  ret = run_job(
[INFO 22:29:26 RLinf] RLinf Ray code sync is enabled (py_modules=('/root/autodl-tmp/RLinf_rlt_dvac_success_bc/rlinf',)); workers receive only the rlinf package from the launch node. Disable with RLINF_CODE_WORKING_DIR=0.
2026-08-25 22:29:26,966	INFO worker.py:1672 -- Using address 172.17.0.9:50001 set in the environment variable RAY_ADDRESS
2026-08-25 22:29:26,969	INFO worker.py:1814 -- Connecting to existing Ray cluster at address: 172.17.0.9:50001...
2026-08-25 22:29:26,987	INFO worker.py:2012 -- Connected to Ray cluster.
[INFO 22:29:27 RLinf] Ray namespace conflict detected. Retrying to initialize Cluster with a new namespace (attempt 1).
[INFO 22:29:27 RLinf] RLinf Ray code sync is enabled (py_modules=('/root/autodl-tmp/RLinf_rlt_dvac_success_bc/rlinf',)); workers receive only the rlinf package from the launch node. Disable with RLINF_CODE_WORKING_DIR=0.
2026-08-25 22:29:27,333	INFO worker.py:1672 -- Using address 172.17.0.9:50001 set in the environment variable RAY_ADDRESS
2026-08-25 22:29:27,335	INFO worker.py:1814 -- Connecting to existing Ray cluster at address: 172.17.0.9:50001...
2026-08-25 22:29:27,342	INFO worker.py:2012 -- Connected to Ray cluster.
[INFO 22:29:29 RLinf] RLinf is running on a cluster with 1 node and 2 accelerators. The nodes' details are: 
node_labels: []
node_rank: 0
ray_id: d2026cd830761a34f7e23a3dc5aaede1bb1d5fcd22a32de1c44c3ca4
node_ip: 172.17.0.9
num_cpus: 36
python_interpreter_path: /root/autodl-tmp/RLinf/.venv/bin/python
hardware_resources:
- type: Accelerator
  infos:
  - type: Accelerator
    model: NV_GPU:A800-SXM4-80GB
  - type: Accelerator
    model: NV_GPU:A800-SXM4-80GB
profiler_backends: []

Node groups' details are: 
label: cluster
nodes: '0'
hardware_type: Accelerator
ignore_hardware: false
env_configs: null

label: node
nodes: '0'
hardware_type: null
ignore_hardware: true
env_configs: null

[36m(_RemoteNodeProbe pid=540059)[0m /root/autodl-tmp/RLinf_rlt_dvac_success_bc/rlinf/scheduler/cluster/node.py:532: UserWarning: Python interpreter used to launch Ray on node with IP 172.17.0.9 is different from that on the head node /root/autodl-tmp/RLinf/.venv/bin/python. Keep using the current interpreter /root/autodl-tmp/RLinf/.venv/bin/python3 on this node.
[36m(_RemoteNodeProbe pid=540059)[0m   warnings.warn(
[INFO 22:29:29 FlexiblePlacementStrategy] 
[INFO 22:29:29 FlexiblePlacementStrategy] Using flexible placement with hardware ranks: [[1]], node groups: ['cluster'].
[INFO 22:29:29 FlexiblePlacementStrategy] 
[INFO 22:29:29 FlexiblePlacementStrategy] Using flexible placement with hardware ranks: [[1]], node groups: ['cluster'].
{
  "env": {
    "train": {
      "env_type": "robotwin",
      "total_num_envs": 8,
      "auto_reset": false,
      "ignore_terminations": false,
      "reward_coef": 1.0,
      "use_custom_reward": true,
      "use_rel_reward": false,
      "center_crop": false,
      "seed": 0,
      "group_size": 1,
      "use_fixed_reset_state_ids": false,
      "max_steps_per_rollout_epoch": 200,
      "max_episode_steps": 200,
      "is_eval": false,
      "assets_path": "/root/autodl-tmp/RoboTwin_RLinf",
      "seeds_path": "/root/autodl-tmp/RLinf_rlt_dvac_success_bc/rlinf/envs/robotwin/seeds/train_seeds.json",
      "video_cfg": {
        "save_video": false,
        "info_on_video": true,
        "video_base_dir": "/root/autodl-tmp/experiments/rlt_single_gpu_success_episode_bc_dvac_smoke_20260825_v9/video/train"
      },
      "enable_offload": true,
      "task_config": {
        "task_name": "adjust_bottle",
        "step_lim": 200,
        "planner_backend": "mplib",
        "render_freq": 0,
        "episode_num": 100,
        "use_seed": false,
        "save_freq": 15,
        "embodiment": [
          "aloha-agilex"
        ],
        "language_num": 100,
        "domain_randomization": {
          "random_background": false,
          "cluttered_table": false,
          "clean_background_rate": 1,
          "random_head_camera_dis": 0,
          "random_table_height": 0,
          "random_light": false,
          "crazy_random_light_rate": 0
        },
        "camera": {
          "head_camera_type": "D435",
          "wrist_camera_type": "D435",
          "collect_head_camera": true,
          "collect_wrist_camera": true
        },
        "data_type": {
          "rgb": true,
          "third_view": false,
          "depth": false,
          "pointcloud": false,
          "observer": false,
          "endpose": false,
          "qpos": true,
          "mesh_segmentation": false,
          "actor_segmentation": false
        },
        "pcd_down_sample_num": 1024,
        "pcd_crop": true,
        "save_path": "/root/autodl-tmp/experiments/rlt_single_gpu_success_episode_bc_dvac_smoke_20260825_v9/robotwin_data/train",
        "clear_cache_freq": 1,
        "collect_data": true,
        "eval_video_log": true
      },
      "rollout_epoch": 1
    },
    "eval": {
      "env_type": "robotwin",
      "total_num_envs": 4,
      "auto_reset": false,
      "ignore_terminations": true,
      "reward_coef": 1.0,
      "use_custom_reward": true,
      "use_rel_reward": false,
      "center_crop": false,
      "seed": 0,
      "group_size": 1,
      "use_fixed_reset_state_ids": false,
      "max_steps_per_rollout_epoch": 200,
      "max_episode_steps": 200,
      "is_eval": true,
      "assets_path": "/root/autodl-tmp/RoboTwin_RLinf",
      "seeds_path": "/root/autodl-tmp/RLinf_rlt_dvac_success_bc/rlinf/envs/robotwin/seeds/eval_seeds_adjust_bottle_rlt_periodic20_v1.json",
      "video_cfg": {
        "save_video": false,
        "info_on_video": true,
        "video_base_dir": "/root/autodl-tmp/experiments/rlt_single_gpu_success_episode_bc_dvac_smoke_20260825_v9/video/eval"
      },
      "enable_offload": false,
      "task_config": {
        "task_name": "adjust_bottle",
        "step_lim": 200,
        "planner_backend": "mplib",
        "render_freq": 0,
        "episode_num": 100,
        "use_seed": false,
        "save_freq": 15,
        "embodiment": [
          "aloha-agilex"
        ],
        "language_num": 100,
        "domain_randomization": {
          "random_background": false,
          "cluttered_table": false,
          "clean_background_rate": 1,
          "random_head_camera_dis": 0,
          "random_table_height": 0,
          "random_light": false,
          "crazy_random_light_rate": 0
        },
        "camera": {
          "head_camera_type": "D435",
          "wrist_camera_type": "D435",
          "collect_head_camera": true,
          "collect_wrist_camera": true
        },
        "data_type": {
          "rgb": true,
          "third_view": false,
          "depth": false,
          "pointcloud": false,
          "observer": false,
          "endpose": false,
          "qpos": true,
          "mesh_segmentation": false,
          "actor_segmentation": false
        },
        "pcd_down_sample_num": 1024,
        "pcd_crop": true,
        "save_path": "/root/autodl-tmp/experiments/rlt_single_gpu_success_episode_bc_dvac_smoke_20260825_v9/robotwin_data/eval",
        "clear_cache_freq": 1,
        "collect_data": true,
        "eval_video_log": true
      },
      "rollout_epoch": 5
    },
    "group_name": "EnvGroup",
    "enable_offload": true
  },
  "actor": {
    "fsdp_config": {
      "strategy": "fsdp",
      "sharding_strategy": "no_shard",
      "gradient_checkpointing": false,
      "cpu_offload": false,
      "offload_pin_memory": false,
      "reshard_after_forward": true,
      "enable_gradient_accumulation": true,
      "forward_prefetch": false,
      "limit_all_gathers": false,
      "backward_prefetch": null,
      "use_orig_params": false,
      "use_liger_kernel": false,
      "mixed_precision": {
        "param_dtype": "fp32",
        "reduce_dtype": "fp32",
        "buffer_dtype": "fp32"
      },
      "amp_autocast": {
        "enabled": false,
        "precision": "bf16"
      },
      "grad_scaler": {
        "enabled": false,
        "init_scale": null,
        "growth_interval": null
      }
    },
    "group_name": "ActorGroup",
    "training_backend": "fsdp",
    "micro_batch_size": 128,
    "global_batch_size": 512,
    "seed": 1234,
    "enable_offload": false,
    "model": {
      "model_type": "rlt_mlp_policy",
      "precision": "fp32",
      "z_dim": 2048,
      "proprio_dim": 14,
      "action_dim": 14,
      "num_action_chunks": 10,
      "ref_num_action_chunks": 10,
      "add_value_head": false,
      "add_q_head": true,
      "q_head_type": "default",
      "fixed_std": 0.002,
      "is_lora": false,
      "lora_rank": 32
    },
    "optim": {
      "clip_grad": 10.0,
      "lr": 0.0001,
      "lr_scheduler": "torch_constant"
    },
    "critic_optim": {
      "clip_grad": 10.0,
      "lr": 0.0001,
      "lr_scheduler": "torch_constant"
    }
  },
  "weight_syncer": {
    "type": "patch",
    "patch": {
      "snapshot_device": "cpu",
      "delta_encoding": true,
      "compression": "none",
      "init_sync": {
        "enabled": true,
        "prefixes": null,
        "bucket_size": 134217728
      }
    }
  },
  "cluster": {
    "num_nodes": 1,
    "component_placement": {
      "actor, env, rollout": 1
    }
  },
  "runner": {
    "task_type": "embodied",
    "logger": {
      "log_path": "/root/autodl-tmp/experiments/rlt_single_gpu_success_episode_bc_dvac_smoke_20260825_v9",
      "project_name": "rlinf-rlt",
      "experiment_name": "robotwin_adjust_bottle_rlt_single_gpu_success_episode_bc_dvac_smoke_v9",
      "logger_backends": [
        "tensorboard"
      ]
    },
    "max_epochs": 1000,
    "max_steps": 1,
    "only_eval": false,
    "weight_sync_interval": 1,
    "val_check_interval": 1,
    "save_interval": 1,
    "resume_dir": null,
    "ckpt_path": null,
    "per_worker_log": false,
    "per_worker_log_path": null,
    "overlap_env_bootstrap": false
  },
  "algorithm": {
    "update_epoch": 5,
    "group_size": 1,
    "adv_type": "embodied_sac",
    "loss_type": "rlt_ac",
    "loss_agg_func": "token-mean",
    "agg_q": "min",
    "actor_agg_q": "q1",
    "enable_drq": false,
    "q_head_type": "default",
    "bootstrap_type": "standard",
    "gamma": 0.99,
    "tau": 0.005,
    "rlt_route": {
      "type": "full_task"
    },
    "rlt_transition_replay": {
      "enable": true,
      "compact": true,
      "bootstrap_on_truncation": true
    },
    "rlt_schedule": {
      "enable": true,
      "max_updates_per_train_step": 20,
      "warmup_min_size": 2,
      "warmup_post_collect_updates": 8,
      "train_every_episodes": 0,
      "train_every_transitions": 1
    },
    "q_weight": 1.0,
    "bc_weight": 1.0,
    "reference_dropout_prob": 0.5,
    "actor_weight_schedule": {
      "enable": true,
      "warmup_updates": 4,
      "ramp_updates": 8,
      "warmup_bc_weight": 7.0,
      "warmup_q_weight": 0.05,
      "online_bc_weight": 2.5,
      "online_q_weight": 0.45
    },
    "entropy_tuning": {
      "alpha_type": "fixed_alpha",
      "initial_alpha": 0.0,
      "optim": {
        "lr": 0.0003,
        "lr_scheduler": "torch_constant",
        "clip_grad": 10.0
      }
    },
    "replay_buffer": {
      "enable_cache": true,
      "cache_size": 50000,
      "sample_window_size": 50000,
      "min_buffer_size": 1,
      "auto_save": false
    },
    "target_update_freq": 1,
    "target_update_type": "all",
    "critic_actor_ratio": 2,
    "critic_subsample_size": 0,
    "backup_entropy": false,
    "rlt_resume": {
      "enable": true,
      "schema_version": 1,
      "contract": {
        "stage1_manifest_path": "/root/autodl-tmp/experiment_exports/rlt_stage1_formal_20260729_v1/artifact_acceptance_v2/stage1_artifact_manifest.json",
        "stage1_manifest_id": "robotwin-adjust_bottle-rlt-stage1-clean50-step2000-v1",
        "stage1_manifest_sha256": "6ca58f26f801e4630f26d6aed36c5084ce1ea3fa93730e54aa69a0f2a3712433",
        "norm_stats_sha256": "649ed92b431bd70627febdb00b2385e35fcab5088e72a4e4a4845585f8ce4f6a",
        "canonical_adapter_version": "robotwin_aloha_canonical_v1"
      }
    },
    "rlt_dvac": {
      "mode": "apply",
      "application": "success_episode_bc",
      "l_values": [
        2,
        3,
        4
      ],
      "selected_l": 3,
      "applied_horizon": 10,
      "log_eps": 1e-12,
      "std_floor": 1e-06,
      "z_clip": 2.0,
      "strength": 0.25,
      "success_scale": 1.0,
      "raw_trace_interval_updates": 1,
      "raw_trace_queries_per_update": 4,
      "output_dir": "/root/autodl-tmp/experiments/rlt_single_gpu_success_episode_bc_dvac_smoke_20260825_v9/robotwin_adjust_bottle_rlt_single_gpu_success_episode_bc_dvac_smoke_v9/rlt_dvac"
    }
  },
  "rollout": {
    "group_name": "RolloutGroup",
    "backend": "huggingface",
    "enable_offload": false,
    "pipeline_stage_num": 1,
    "collect_transitions": true,
    "collect_prev_infos": false,
    "model": {
      "model_type": "rlt_mlp_policy",
      "model_path": null,
      "precision": "fp32",
      "action_dim": 14,
      "num_action_chunks": 10,
      "ref_num_action_chunks": 10,
      "z_dim": 2048,
      "proprio_dim": 14,
      "add_q_head": true,
      "q_head_type": "default",
      "fixed_std": 0.002,
      "is_lora": false,
      "lora_rank": 32
    },
    "rlt_feature_model": {
      "model_type": "openpi",
      "model_path": "/root/autodl-tmp/experiments/rlt_stage1_formal_20260729_v1/robotwin_adjust_bottle_rlt_stage1_clean50_2k_v1/checkpoints/global_step_2000",
      "precision": null,
      "num_action_chunks": 10,
      "action_dim": 14,
      "add_value_head": false,
      "is_lora": false,
      "lora_rank": 32,
      "openpi_data": {
        "repo_id": "physical-intelligence/robotwin",
        "default_prompt": "adjust the bottle",
        "norm_stats_path": "/root/autodl-tmp/models/rlinf/RLinf-Pi0-RoboTwin-SFT-adjust_bottle/physical-intelligence/robotwin/norm_stats.json"
      },
      "openpi": {
        "config_name": "pi0_aloha_robotwin",
        "num_images_in_input": 3,
        "action_horizon": 50,
        "action_chunk": 10,
        "action_env_dim": 14,
        "num_steps": 4,
        "state_indices": [],
        "train_expert_only": false,
        "add_value_head": false,
        "detach_critic_input": true,
        "noise_method": "flow_ode",
        "use_rlt": true,
        "rlt_train_vla": false,
        "rlt_alpha": 0.0,
        "rlt_input_dim": 2048,
        "rlt_embed_dim": 2048,
        "rlt_num_rl_tokens": 1,
        "rlt_prefix_seq_len": 768,
        "rlt_num_layers": 2,
        "rlt_num_heads": 8,
        "rlt_mlp_ratio": 4.0,
        "rlt_image_only": true,
        "rlt_use_mask": true,
        "rlt_action_adapter": "robotwin_aloha_canonical_v1",
        "rlt_dvac_mode": "apply"
      }
    },
    "enable_torch_compile": false,
    "enable_cuda_graph": false
  },
  "reward": {
    "use_reward_model": false
  },
  "critic": {
    "use_critic_model": false
  }
}
[INFO 22:29:29 FlexiblePlacementStrategy] 
[INFO 22:29:29 FlexiblePlacementStrategy] Using flexible placement with hardware ranks: [[1]], node groups: ['cluster'].
[INFO 22:29:29 FlexiblePlacementStrategy] Generated 1 placements: [Placement(rank=0, cluster_node_rank=0, placement_node_rank=0, local_accelerator_rank=1, accelerator_type='NV_GPU', local_rank=0, local_world_size=1, visible_accelerators=['1'], isolate_accelerator=True, local_hardware_ranks=[1], node_group_label='cluster')].
[INFO 22:29:30 FlexiblePlacementStrategy] Generated 1 placements: [Placement(rank=0, cluster_node_rank=0, placement_node_rank=0, local_accelerator_rank=1, accelerator_type='NV_GPU', local_rank=0, local_world_size=1, visible_accelerators=['1'], isolate_accelerator=True, local_hardware_ranks=[1], node_group_label='cluster')].
[INFO 22:29:30 FlexiblePlacementStrategy] Generated 1 placements: [Placement(rank=0, cluster_node_rank=0, placement_node_rank=0, local_accelerator_rank=1, accelerator_type='NV_GPU', local_rank=0, local_world_size=1, visible_accelerators=['1'], isolate_accelerator=True, local_hardware_ranks=[1], node_group_label='cluster')].
[INFO 22:29:30 NodePlacementStrategy] 
[INFO 22:29:30 NodePlacementStrategy] Using node placement with node ranks: [0], node groups: ['node'].
[INFO 22:29:30 NodePlacementStrategy] Generated 1 placements: [Placement(rank=0, cluster_node_rank=0, placement_node_rank=0, local_accelerator_rank='0', accelerator_type='NV_GPU', local_rank=0, local_world_size=1, visible_accelerators=['0', '1'], isolate_accelerator=True, local_hardware_ranks=[], node_group_label='cluster')].
[INFO 22:29:30 NodePlacementStrategy] 
[INFO 22:29:30 NodePlacementStrategy] Using node placement with node ranks: [0], node groups: ['node'].
[INFO 22:29:30 NodePlacementStrategy] Generated 1 placements: [Placement(rank=0, cluster_node_rank=0, placement_node_rank=0, local_accelerator_rank='0', accelerator_type='NV_GPU', local_rank=0, local_world_size=1, visible_accelerators=['0', '1'], isolate_accelerator=True, local_hardware_ranks=[], node_group_label='cluster')].
[INFO 22:29:30 NodePlacementStrategy] 
[INFO 22:29:30 NodePlacementStrategy] Using node placement with node ranks: [0], node groups: ['node'].
[INFO 22:29:30 NodePlacementStrategy] Generated 1 placements: [Placement(rank=0, cluster_node_rank=0, placement_node_rank=0, local_accelerator_rank='0', accelerator_type='NV_GPU', local_rank=0, local_world_size=1, visible_accelerators=['0', '1'], isolate_accelerator=True, local_hardware_ranks=[], node_group_label='cluster')].
[36m(MultiStepRolloutWorker pid=540312)[0m [INFO 22:29:34 FlexiblePlacementStrategy] 
[36m(MultiStepRolloutWorker pid=540312)[0m [INFO 22:29:34 FlexiblePlacementStrategy] Using flexible placement with hardware ranks: [[1]], node groups: ['cluster'].
[36m(pid=540345)[0m WARNING: All log messages before absl::InitializeLog() is called are written to STDERR
[36m(pid=540345)[0m I0000 00:00:1787668174.322445  540345 port.cc:153] oneDNN custom operations are on. You may see slightly different numerical results due to floating-point round-off errors from different computation orders. To turn them off, set the environment variable `TF_ENABLE_ONEDNN_OPTS=0`.
[36m(RLTACFSDPPolicy pid=540300)[0m [INFO 22:29:35 ActorGroup-Rank-0][fsdp_model_manager.py:124] [FSDP] AMP is disabled.
[36m(RLTACFSDPPolicy pid=540300)[0m [INFO 22:29:35 FlexiblePlacementStrategy] 
[36m(RLTACFSDPPolicy pid=540300)[0m [INFO 22:29:35 FlexiblePlacementStrategy] Using flexible placement with hardware ranks: [[1]], node groups: ['cluster'].
[36m(pid=540345)[0m WARNING: All log messages before absl::InitializeLog() is called are written to STDERR
[36m(pid=540345)[0m I0000 00:00:1787668175.880075  540345 port.cc:153] oneDNN custom operations are on. You may see slightly different numerical results due to floating-point round-off errors from different computation orders. To turn them off, set the environment variable `TF_ENABLE_ONEDNN_OPTS=0`.
[36m(RolloutGroup(rank=0) pid=540312)[0m WARNING: All log messages before absl::InitializeLog() is called are written to STDERR
[36m(RolloutGroup(rank=0) pid=540312)[0m I0000 00:00:1787668176.588727  541171 port.cc:153] oneDNN custom operations are on. You may see slightly different numerical results due to floating-point round-off errors from different computation orders. To turn them off, set the environment variable `TF_ENABLE_ONEDNN_OPTS=0`.
[36m(EnvWorker pid=540345)[0m [INFO 22:29:37 FlexiblePlacementStrategy] 
[36m(EnvWorker pid=540345)[0m [INFO 22:29:37 FlexiblePlacementStrategy] Using flexible placement with hardware ranks: [[1]], node groups: ['cluster'].
[36m(RolloutGroup(rank=0) pid=540312)[0m WARNING: All log messages before absl::InitializeLog() is called are written to STDERR
[36m(RolloutGroup(rank=0) pid=540312)[0m I0000 00:00:1787668177.942672  541171 port.cc:153] oneDNN custom operations are on. You may see slightly different numerical results due to floating-point round-off errors from different computation orders. To turn them off, set the environment variable `TF_ENABLE_ONEDNN_OPTS=0`.
[36m(EnvGroup(rank=0) pid=540345)[0m /root/autodl-tmp/RLinf/.venv/lib/python3.11/site-packages/sapien/_vulkan_tricks.py:73: UserWarning: Failed to find Vulkan ICD file. This is probably due to an incorrect or partial installation of the NVIDIA driver. SAPIEN will attempt to provide an ICD file anyway but it may not work.
[36m(EnvGroup(rank=0) pid=540345)[0m   warn(
[36m(RolloutGroup(rank=0) pid=540312)[0m INFO:datasets:PyTorch version 2.6.0 available.
[36m(RolloutGroup(rank=0) pid=540312)[0m INFO:datasets:Polars version 1.41.2 available.
[36m(RolloutGroup(rank=0) pid=540312)[0m INFO:datasets:TensorFlow version 2.21.0 available.
[36m(RolloutGroup(rank=0) pid=540312)[0m INFO:datasets:JAX version 0.5.3 available.
[36m(EnvGroup(rank=0) pid=540345)[0m [planner.py]: Something wrong happened when importing CuroboPlanner! Please check if Curobo is installed correctly. If the problem still exists, you can install Curobo from https://github.com/NVlabs/curobo manually.
[36m(EnvGroup(rank=0) pid=540345)[0m Exception traceback:
[36m(EnvGroup(rank=0) pid=540345)[0m missing pytorch3d
[36m(EnvGroup(rank=0) pid=540345)[0m Traceback (most recent call last):
[36m(EnvGroup(rank=0) pid=540345)[0m   File "/root/autodl-tmp/RoboTwin_RLinf/envs/robot/planner.py", line 297, in <module>
[36m(EnvGroup(rank=0) pid=540345)[0m     from curobo.types.math import Pose as CuroboPose
[36m(EnvGroup(rank=0) pid=540345)[0m ModuleNotFoundError: No module named 'curobo.types.math'; 'curobo.types' is not a package
[36m(RolloutGroup(rank=0) pid=540312)[0m INFO:root:Loaded norm stats from /root/autodl-tmp/models/rlinf/RLinf-Pi0-RoboTwin-SFT-adjust_bottle/physical-intelligence/robotwin
[36m(ActorGroup(rank=0) pid=540300)[0m [INFO 22:30:48 ActorGroup-Rank-0][fsdp_sac_policy_worker.py:103] [FSDP] Gradient checkpointing is disabled
[36m(ActorGroup(rank=0) pid=540300)[0m [WARNING 22:30:48 ActorGroup-Rank-0][replay_buffer.py:672] auto_save is disabled, enabling cache with size 50000
[36m(RolloutGroup(rank=0) pid=540312)[0m Generating Rollout Epochs:   0%|          | 0/1 [00:00<?, ?it/s]
[36m(RolloutGroup(rank=0) pid=540312)[0m Generating Rollout Epochs: 100%|██████████| 1/1 [03:50<00:00, 230.63s/it]Generating Rollout Epochs: 100%|██████████| 1/1 [03:50<00:00, 230.63s/it]
[36m(RolloutGroup(rank=0) pid=540312)[0m Evaluating Rollout Epochs:   0%|          | 0/5 [00:00<?, ?it/s]
[36m(RolloutGroup(rank=0) pid=540312)[0m Evaluating Rollout Epochs:  20%|██        | 1/5 [01:42<06:48, 102.02s/it]
[36m(RolloutGroup(rank=0) pid=540312)[0m Evaluating Rollout Epochs:  40%|████      | 2/5 [03:27<05:11, 103.91s/it]
[36m(RolloutGroup(rank=0) pid=540312)[0m Evaluating Rollout Epochs:  60%|██████    | 3/5 [05:12<03:28, 104.36s/it]
[36m(RolloutGroup(rank=0) pid=540312)[0m Evaluating Rollout Epochs:  80%|████████  | 4/5 [06:56<01:44, 104.26s/it]
[36m(RolloutGroup(rank=0) pid=540312)[0m Evaluating Rollout Epochs: 100%|██████████| 5/5 [08:45<00:00, 106.08s/it]Evaluating Rollout Epochs: 100%|██████████| 5/5 [08:45<00:00, 105.11s/it]
[INFO 22:43:32 RLinf] Saving checkpoint at step 1.
[36m(ActorGroup(rank=0) pid=540300)[0m /root/autodl-tmp/RLinf/.venv/lib/python3.11/site-packages/torch/distributed/distributed_c10d.py:863: UserWarning: `_get_pg_default_device` will be deprecated, it only stays for backward-compatiblity reason. If you need to find a device for object collectives, please use `_get_object_coll_device`. If you need to query the device types supported by group, please use `_device_capability(group)`. 
[36m(ActorGroup(rank=0) pid=540300)[0m   warnings.warn(
[36m(ActorGroup(rank=0) pid=540300)[0m /root/autodl-tmp/RLinf/.venv/lib/python3.11/site-packages/torch/distributed/distributed_c10d.py:863: UserWarning: `_get_pg_default_device` will be deprecated, it only stays for backward-compatiblity reason. If you need to find a device for object collectives, please use `_get_object_coll_device`. If you need to query the device types supported by group, please use `_device_capability(group)`. 
[36m(ActorGroup(rank=0) pid=540300)[0m   warnings.warn(

╭──────────────────────────────────────────────────────────────────────────────────────────────────────────────────────╮
├──────────────────────────────────────────────────── Metric Table ────────────────────────────────────────────────────┤
│ Global Step:    1/1 │ Progress: ████████████████████████████████████████ │ 100.0%                                    │
│ Elapsed: 12:44 │ ETA: 00:00 │ Step Time: 764.888s                                                                    │
├──────────────────────────────────────────────────────── Time ────────────────────────────────────────────────────────┤
│                                                                                                                      │
│actor/actor/compute_adv=2.16e-05       │actor/actor/recv_traj=232.0            │actor/actor/sync_model_to_rollout=0.6…│
│actor/forward_actor=0.283              │actor/forward_critic=0.407             │actor/sample=0.033                    │
│actor/update_one_epoch=1.182           │cal_adv_and_returns=0.0036             │env/compute_bootstrap_rewards=0.0021  │
│env/env/bootstrap_step=61.905          │env/env/send_rollout_trajectories=0.434│env/env_interact_step=159.4           │
│env/interact=231.9                     │env/run_interact_once=231.1            │eval=529.9                            │
│generate_rollouts=232.1                │rollout/generate_one_epoch=230.6       │rollout/rollout/generate=230.6        │
│step=764.9                             │sync_weights=0.924                     │                                      │
│                                                                                                                      │
├──────────────────────────────────────────────────── Environment ─────────────────────────────────────────────────────┤
│                                                                                                                      │
│episode_len=200.0                      │num_trajectories=8                     │return=1.25                           │
│reward=0.00625                         │success_once=0.125                     │                                      │
│                                                                                                                      │
├───────────────────────────────────────────────────── Evaluation ─────────────────────────────────────────────────────┤
│                                                                                                                      │
│episode_len=200.0                      │num_trajectories=20                    │return=0.0                            │
│reward=0.0                             │success_at_end=0.0                     │success_once=0.0                      │
│                                                                                                                      │
├─────────────────────────────────────────────────── Replay Buffer ────────────────────────────────────────────────────┤
│                                                                                                                      │
│cache_size=151.0                       │num_trajectories=151.0                 │total_samples=151.0                   │
│                                                                                                                      │
├─────────────────────────────────────────────────── Training/Actor ───────────────────────────────────────────────────┤
│                                                                                                                      │
│actor/action_ref_abs_mean=0.307        │actor/actor_weight_in_warmup=0.500     │actor/actor_weight_ramp_progress=0.125│
│actor/actor_weight_schedule_enabled=1.…│actor/bc_human_loss=0.0000             │actor/bc_loss=0.220                   │
│actor/bc_ref_loss=0.221                │actor/bc_unweighted_loss=0.220         │actor/bc_weight=6.438                 │
│actor/entropy=-671.5                   │actor/grad_norm=4.006                  │actor/human_mask_ratio=0.0000         │
│actor/lr=1.00e-04                      │actor/policy_mask_ratio=1.000          │actor/q_pi=-0.075                     │
│actor/q_value_0=-0.075                 │actor/q_value_1=-0.141                 │actor/q_weight=0.100                  │
│actor/reference_dropout_prob=0.500     │actor/rlt_dvac/actor_switch_rate=0.0000│actor/rlt_dvac/application_q_gradient…│
│actor/rlt_dvac/application_success_epi…│actor/rlt_dvac/baseline_count=1510.0   │actor/rlt_dvac/baseline_frozen=1.000  │
│actor/rlt_dvac/baseline_mean=-4.899    │actor/rlt_dvac/baseline_std=0.563      │actor/rlt_dvac/downweighted_fraction=…│
│actor/rlt_dvac/enabled=1.000           │actor/rlt_dvac/log_v_mean=-4.922       │actor/rlt_dvac/log_v_std=0.532        │
│actor/rlt_dvac/max_weight_fraction=0.0…│actor/rlt_dvac/min_weight_fraction=0.0…│actor/rlt_dvac/mode_apply=1.000       │
│actor/rlt_dvac/mode_observe=0.0000     │actor/rlt_dvac/nonpositive_reward_coun…│actor/rlt_dvac/nonpositive_reward_wei…│
│actor/rlt_dvac/positive_reward_count=0…│actor/rlt_dvac/positive_reward_weight_…│actor/rlt_dvac/query_mean_z_std=0.605 │
│actor/rlt_dvac/query_weight_q_gap_corr…│actor/rlt_dvac/reference_route_count=3…│actor/rlt_dvac/reference_route_weight…│
│actor/rlt_dvac/replay_age_mean=3.000   │actor/rlt_dvac/replay_age_p95=3.000    │actor/rlt_dvac/student_route_count=0.…│
│actor/rlt_dvac/student_route_weight_su…│actor/rlt_dvac/teacher_v_mean=0.0087   │actor/rlt_dvac/top20_weight_mass=0.241│
│actor/rlt_dvac/upweighted_fraction=0.5…│actor/rlt_dvac/weight_ess_ratio=0.975  │actor/rlt_dvac/weight_h00=0.917       │
│actor/rlt_dvac/weight_h01=0.931        │actor/rlt_dvac/weight_h02=0.953        │actor/rlt_dvac/weight_h03=0.970       │
│actor/rlt_dvac/weight_h04=0.966        │actor/rlt_dvac/weight_h05=1.013        │actor/rlt_dvac/weight_h06=1.044       │
│actor/rlt_dvac/weight_h07=1.049        │actor/rlt_dvac/weight_h08=1.069        │actor/rlt_dvac/weight_h09=1.087       │
│actor/rlt_dvac/weight_mean=1.000       │actor/rlt_dvac/weight_median=1.006     │actor/rlt_dvac/weight_p05=0.741       │
│actor/rlt_dvac/weight_p95=1.264        │actor/rlt_dvac/weight_student_ref_erro…│actor/rlt_dvac/within_query_z_std=0.6…│
│actor/rlt_dvac/z_mean=-0.062           │actor/rlt_dvac/z_std=0.884             │actor/rlt_dvac_bc/executed_target_rat…│
│actor/rlt_dvac_bc/success_action_count…│actor/rlt_dvac_bc/success_executed_ref…│actor/rlt_dvac_bc/success_query_count…│
│actor/rlt_dvac_bc/success_unweighted_l…│actor/rlt_dvac_bc/success_weight_ess_r…│actor/rlt_dvac_bc/success_weight_mean…│
│actor/rlt_dvac_bc/success_weighted_los…│actor/weighted_bc=1.423                │actor/weighted_q=-0.0060              │
│                                                                                                                      │
├────────────────────────────────────────────────── Training/Critic ───────────────────────────────────────────────────┤
│                                                                                                                      │
│critic/grad_norm=3.561                 │critic/lr=1.00e-04                     │critic/q_data=-0.109                  │
│                                                                                                                      │
├─────────────────────────────────────────────────── Training/Other ───────────────────────────────────────────────────┤
│                                                                                                                      │
│alpha/grad_norm=0.0000                 │replay/actor_switch_rate=0.0000        │replay/done_rate=0.053                │
│replay/intervention_rate=0.0000        │replay/intervention_requested_rate=0.0…│replay/record_transition_rate=1.000   │
│replay/reward_mean=0.0066              │replay/reward_positive_rate=0.0066     │replay/transition_count=151.0         │
│rlt/actor_updates_run=4.000            │rlt/critic_updates_run=8.000           │rlt/desired_total_updates=8.000       │
│rlt/global_min_replay_size=151.0       │rlt/global_total_transitions_added=151…│rlt/global_transitions_since_train=15…│
│rlt/max_updates_per_train_step=20.000  │rlt/min_replay_buffer_size=2.000       │rlt/pending_update_budget=0.0000      │
│rlt/ready_for_online=0.0000            │rlt/should_train=1.000                 │rlt/skip_reason=0.0000                │
│rlt/train_every_episodes=0.0000        │rlt/train_every_transitions=1.000      │rlt/update_epoch=5.000                │
│rlt/update_step=0.0000                 │rlt/updates_scheduled=8.000            │rlt/updates_to_run=8.000              │
│rlt/warmup_required_updates=8.000      │rlt_dvac/baseline_count=1510.0         │rlt_dvac/baseline_frozen=1.000        │
│rlt_dvac/baseline_mean=-4.899          │rlt_dvac/baseline_std=0.563            │rlt_dvac/enabled=1.000                │
│sac/actor_loss=1.429                   │sac/alpha=0.0000                       │sac/alpha_loss=0.0000                 │
│sac/critic_loss=0.026                  │                                       │                                      │
│                                                                                                                      │
╰──────────────────────────────────────────────────────────────────────────────────────────────────────────────────────╯

