├─────────────────────────────────────────────────── Training/Actor ───────────────────────────────────────────────────┤
│                                                                                                                      │
│actor/approx_kl=0.017                  │actor/clip_fraction=0.056              │actor/clipped_ratio=0.997             │
│actor/dual_cliped_ratio=0.0000         │actor/entropy_loss=0.0000              │actor/grad_norm=23.194                │
│actor/lr=5.00e-06                      │actor/policy_loss=4.69e-04             │actor/policy_loss_abs=0.626           │
│actor/ratio=1.002                      │actor/ratio_abs=0.067                  │actor/total_loss=2.93e-05             │
│                                                                                                                      │
╰──────────────────────────────────────────────────────────────────────────────────────────────────────────────────────╯

[36m(RolloutGroup(rank=0) pid=3177202)[0m 
Generating Rollout Epochs:   0%|          | 0/4 [00:00<?, ?it/s]
[36m(RolloutGroup(rank=0) pid=3177202)[0m 
Generating Rollout Epochs:  25%|██▌       | 1/4 [05:20<16:01, 320.60s/it]
[36m(RolloutGroup(rank=0) pid=3177202)[0m 
Generating Rollout Epochs:  50%|█████     | 2/4 [10:20<10:17, 308.58s/it]
[36m(RolloutGroup(rank=0) pid=3177202)[0m 
Generating Rollout Epochs:  75%|███████▌  | 3/4 [15:50<05:18, 318.05s/it]
[36m(RolloutGroup(rank=0) pid=3177202)[0m 
Generating Rollout Epochs: 100%|██████████| 4/4 [21:18<00:00, 321.95s/it]
Generating Rollout Epochs: 100%|██████████| 4/4 [21:18<00:00, 319.51s/it]

╭──────────────────────────────────────────────────────────────────────────────────────────────────────────────────────╮
├──────────────────────────────────────────────────── Metric Table ────────────────────────────────────────────────────┤
│ Global Step:   98/100 │ Progress: ███████████████████████████████████████░ │  98.0%                                  │
│ Elapsed: 39:38:36 │ ETA: 48:32 │ Step Time: 1456.293s                                                                │
├──────────────────────────────────────────────────────── Time ────────────────────────────────────────────────────────┤
│                                                                                                                      │
│actor/actor/compute_adv=0.0072         │actor/actor/recv_traj=1280.7           │actor/actor/sync_model_to_rollout=2.4…│
│actor/run_training=23.445              │actor_training=23.449                  │cal_adv_and_returns=0.013             │
│env/compute_bootstrap_rewards=0.0013   │env/env/bootstrap_step=910.2           │env/env/send_rollout_trajectories=1.0…│
│env/env_interact_step=352.8            │env/interact=1280.0                    │env/run_interact_once=1280.0          │
│generate_rollouts=1282.3               │rollout/generate_one_epoch=1278.0      │rollout/predict=14.102                │
│rollout/rollout/generate=1282.3        │rollout/sync_model_from_actor=6.162    │step=1311.9                           │
│sync_weights=6.165                     │                                       │                                      │
│                                                                                                                      │
├──────────────────────────────────────────────────── Environment ─────────────────────────────────────────────────────┤
│                                                                                                                      │
│episode_len=200.0                      │num_trajectories=256                   │return=0.6328125                      │
│reward=0.0031640623                    │success_once=0.6328125                 │                                      │
│                                                                                                                      │
├────────────────────────────────────────────────────── Rollout ───────────────────────────────────────────────────────┤
│                                                                                                                      │
│advantages_max=2.475                   │advantages_mean=-0.036                 │advantages_min=-2.475                 │
│rewards=0.0029                         │                                       │                                      │
│                                                                                                                      │
├─────────────────────────────────────────────────── Training/Actor ───────────────────────────────────────────────────┤
│                                                                                                                      │
│actor/approx_kl=0.013                  │actor/clip_fraction=0.048              │actor/clipped_ratio=1.000             │
│actor/dual_cliped_ratio=0.0000         │actor/entropy_loss=0.0000              │actor/grad_norm=21.658                │
│actor/lr=5.00e-06                      │actor/policy_loss=0.0063               │actor/policy_loss_abs=0.613           │
│actor/ratio=1.005                      │actor/ratio_abs=0.072                  │actor/total_loss=3.91e-04             │
│                                                                                                                      │
╰──────────────────────────────────────────────────────────────────────────────────────────────────────────────────────╯

[36m(RolloutGroup(rank=0) pid=3177202)[0m 
Generating Rollout Epochs:   0%|          | 0/4 [00:00<?, ?it/s]
[36m(RolloutGroup(rank=0) pid=3177202)[0m 
Generating Rollout Epochs:  25%|██▌       | 1/4 [06:01<18:04, 361.34s/it]
[36m(RolloutGroup(rank=0) pid=3177202)[0m 
Generating Rollout Epochs:  50%|█████     | 2/4 [11:59<11:59, 359.61s/it]
[36m(RolloutGroup(rank=0) pid=3177202)[0m 
Generating Rollout Epochs:  75%|███████▌  | 3/4 [17:17<05:40, 340.34s/it]
[36m(RolloutGroup(rank=0) pid=3177202)[0m 
Generating Rollout Epochs: 100%|██████████| 4/4 [23:31<00:00, 353.94s/it]
Generating Rollout Epochs: 100%|██████████| 4/4 [23:31<00:00, 352.98s/it]

╭──────────────────────────────────────────────────────────────────────────────────────────────────────────────────────╮
├──────────────────────────────────────────────────── Metric Table ────────────────────────────────────────────────────┤
│ Global Step:   99/100 │ Progress: ███████████████████████████████████████░ │  99.0%                                  │
│ Elapsed: 40:02:42 │ ETA: 24:16 │ Step Time: 1456.189s                                                                │
├──────────────────────────────────────────────────────── Time ────────────────────────────────────────────────────────┤
│                                                                                                                      │
│actor/actor/compute_adv=0.0053         │actor/actor/recv_traj=1414.9           │actor/actor/sync_model_to_rollout=2.3…│
│actor/run_training=22.175              │actor_training=22.179                  │cal_adv_and_returns=0.013             │
│env/compute_bootstrap_rewards=0.0014   │env/env/bootstrap_step=1008.9          │env/env/send_rollout_trajectories=1.2…│
│env/env_interact_step=386.1            │env/interact=1414.1                    │env/run_interact_once=1414.1          │
│generate_rollouts=1417.3               │rollout/generate_one_epoch=1411.9      │rollout/predict=14.249                │
│rollout/rollout/generate=1417.3        │rollout/sync_model_from_actor=6.451    │step=1446.0                           │
│sync_weights=6.455                     │                                       │                                      │
│                                                                                                                      │
├──────────────────────────────────────────────────── Environment ─────────────────────────────────────────────────────┤
│                                                                                                                      │
│episode_len=200.0                      │num_trajectories=256                   │return=0.6484375                      │
│reward=0.0032421874                    │success_once=0.6484375                 │                                      │
│                                                                                                                      │
├────────────────────────────────────────────────────── Rollout ───────────────────────────────────────────────────────┤
│                                                                                                                      │
│advantages_max=2.475                   │advantages_mean=-0.023                 │advantages_min=-2.475                 │
│rewards=0.0029                         │                                       │                                      │
│                                                                                                                      │
├─────────────────────────────────────────────────── Training/Actor ───────────────────────────────────────────────────┤
│                                                                                                                      │
│actor/approx_kl=0.034                  │actor/clip_fraction=0.055              │actor/clipped_ratio=0.990             │
│actor/dual_cliped_ratio=0.0000         │actor/entropy_loss=0.0000              │actor/grad_norm=25.134                │
│actor/lr=5.00e-06                      │actor/policy_loss=0.0068               │actor/policy_loss_abs=0.624           │
│actor/ratio=0.991                      │actor/ratio_abs=0.080                  │actor/total_loss=4.25e-04             │
│                                                                                                                      │
╰──────────────────────────────────────────────────────────────────────────────────────────────────────────────────────╯

[36m(RolloutGroup(rank=0) pid=3177202)[0m 
Generating Rollout Epochs:   0%|          | 0/4 [00:00<?, ?it/s]
[36m(RolloutGroup(rank=0) pid=3177202)[0m 
Generating Rollout Epochs:  25%|██▌       | 1/4 [06:02<18:07, 362.45s/it]
[36m(RolloutGroup(rank=0) pid=3177202)[0m 
Generating Rollout Epochs:  50%|█████     | 2/4 [12:07<12:08, 364.25s/it]
[36m(RolloutGroup(rank=0) pid=3177202)[0m 
Generating Rollout Epochs:  75%|███████▌  | 3/4 [17:45<05:52, 352.04s/it]
[36m(RolloutGroup(rank=0) pid=3177202)[0m 
Generating Rollout Epochs: 100%|██████████| 4/4 [23:32<00:00, 350.09s/it]
Generating Rollout Epochs: 100%|██████████| 4/4 [23:32<00:00, 353.14s/it]
[36m(RolloutGroup(rank=0) pid=3177202)[0m 
Evaluating Rollout Epochs:   0%|          | 0/1 [00:00<?, ?it/s]
[36m(RolloutGroup(rank=0) pid=3177202)[0m 
Evaluating Rollout Epochs: 100%|██████████| 1/1 [02:51<00:00, 171.47s/it]
Evaluating Rollout Epochs: 100%|██████████| 1/1 [02:51<00:00, 171.47s/it]
[INFO 04:59:41 RLinf] Saving checkpoint at step 100.
[36m(ActorGroup(rank=0) pid=3177199)[0m /home/chenyiteng/venvs/rlinf-7d07-openpi-robotwin/lib/python3.11/site-packages/torch/distributed/c10d_logger.py:83: UserWarning: barrier(): using the device under current context. You can specify `device_id` in `init_process_group` to mute this warning.
[36m(ActorGroup(rank=0) pid=3177199)[0m   return func(*args, **kwargs)
[36m(ActorGroup(rank=0) pid=3177199)[0m /home/chenyiteng/venvs/rlinf-7d07-openpi-robotwin/lib/python3.11/site-packages/torch/distributed/c10d_logger.py:83: UserWarning: barrier(): using the device under current context. You can specify `device_id` in `init_process_group` to mute this warning.
[36m(ActorGroup(rank=0) pid=3177199)[0m   return func(*args, **kwargs)

╭──────────────────────────────────────────────────────────────────────────────────────────────────────────────────────╮
├──────────────────────────────────────────────────── Metric Table ────────────────────────────────────────────────────┤
│ Global Step:  100/100 │ Progress: ████████████████████████████████████████ │ 100.0%                                  │
│ Elapsed: 40:33:07 │ ETA: 00:00 │ Step Time: 1459.876s                                                                │
├──────────────────────────────────────────────────────── Time ────────────────────────────────────────────────────────┤
│                                                                                                                      │
│actor/actor/compute_adv=0.0090         │actor/actor/recv_traj=1418.2           │actor/actor/sync_model_to_rollout=5.1…│
│actor/run_training=24.855              │actor_training=24.859                  │cal_adv_and_returns=0.013             │
│env/compute_bootstrap_rewards=0.0017   │env/env/bootstrap_step=1031.0          │env/env/send_rollout_trajectories=1.0…│
│env/env_interact_step=372.1            │env/evaluate=329.3                     │env/interact=1417.3                   │
│env/run_interact_once=1417.3           │eval=337.0                             │generate_rollouts=1420.6              │
│rollout/evaluate=182.3                 │rollout/generate_one_epoch=1414.6      │rollout/predict=16.224                │
│rollout/rollout/generate=1420.6        │rollout/sync_model_from_actor=13.168   │step=1824.9                           │
│sync_weights=5.526                     │                                       │                                      │
│                                                                                                                      │
├──────────────────────────────────────────────────── Environment ─────────────────────────────────────────────────────┤
│                                                                                                                      │
│episode_len=200.0                      │num_trajectories=256                   │return=0.64453125                     │
│reward=0.0032226564                    │success_once=0.64453125                │                                      │
│                                                                                                                      │
├────────────────────────────────────────────────────── Rollout ───────────────────────────────────────────────────────┤
│                                                                                                                      │
│advantages_max=2.475                   │advantages_mean=-0.044                 │advantages_min=-2.475                 │
│rewards=0.0033                         │                                       │                                      │
│                                                                                                                      │
├───────────────────────────────────────────────────── Evaluation ─────────────────────────────────────────────────────┤
│                                                                                                                      │
│episode_len=200.0                      │num_trajectories=32                    │return=0.59375                        │
│reward=0.00296875                      │success_at_end=0.59375                 │success_once=0.59375                  │
│                                                                                                                      │
├─────────────────────────────────────────────────── Training/Actor ───────────────────────────────────────────────────┤
│                                                                                                                      │
│actor/approx_kl=0.012                  │actor/clip_fraction=0.038              │actor/clipped_ratio=0.998             │
│actor/dual_cliped_ratio=0.0000         │actor/entropy_loss=0.0000              │actor/grad_norm=17.093                │
│actor/lr=5.00e-06                      │actor/policy_loss=-0.0011              │actor/policy_loss_abs=0.588           │
│actor/ratio=1.000                      │actor/ratio_abs=0.050                  │actor/total_loss=-7.12e-05            │
│                                                                                                                      │
╰──────────────────────────────────────────────────────────────────────────────────────────────────────────────────────╯

