
╭──────────────────────────────────────────────────────────────────────────────────────────────────────────────────────╮
├──────────────────────────────────────────────────── Metric Table ────────────────────────────────────────────────────┤
│ Global Step:    1/2 │ Progress: ████████████████████░░░░░░░░░░░░░░░░░░░░ │  50.0%                                    │
│ Elapsed: 18:33 │ ETA: 18:33 │ Step Time: 1113.382s                                                                   │
├──────────────────────────────────────────────────────── Time ────────────────────────────────────────────────────────┤
│                                                                                                                      │
│actor/actor/compute_adv=5.39e-05       │actor/actor/recv_traj=336.1            │actor/actor/sync_model_to_rollout=6.5…│
│actor/forward_actor=162.0              │actor/run_training=812.9               │actor/sample=3.739                    │
│actor/update_one_epoch=405.1           │actor_training=406.5                   │cal_adv_and_returns=0.0065            │
│env/compute_bootstrap_rewards=3.58e-04 │env/env/bootstrap_step=242.4           │env/env_interact_step=87.384          │
│env/evaluate=333.8                     │env/interact=334.7                     │env/run_interact_once=334.7           │
│eval=337.2                             │generate_rollouts=340.1                │rollout/evaluate=333.0                │
│rollout/generate_one_epoch=333.6       │rollout/predict=4.859                  │rollout/rollout/generate=340.0        │
│rollout/sync_model_from_actor=6.305    │step=1113.4                            │sync_weights=4.468                    │
│                                                                                                                      │
├──────────────────────────────────────────────────── Environment ─────────────────────────────────────────────────────┤
│                                                                                                                      │
│episode_len=200.0                      │num_trajectories=32                    │return=0.75                           │
│reward=0.00375                         │success_once=0.75                      │                                      │
│                                                                                                                      │
├───────────────────────────────────────────────────── Evaluation ─────────────────────────────────────────────────────┤
│                                                                                                                      │
│episode_len=200.0                      │num_trajectories=32                    │return=0.75                           │
│reward=0.00375                         │success_at_end=0.75                    │success_once=0.75                     │
│                                                                                                                      │
├─────────────────────────────────────────────────── Replay Buffer ────────────────────────────────────────────────────┤
│                                                                                                                      │
│query_records=72.000                   │success_episodes=24.000                │                                      │
│                                                                                                                      │
├─────────────────────────────────────────────────── Training/Actor ───────────────────────────────────────────────────┤
│                                                                                                                      │
│actor/grad_norm=0.226                  │actor/lr=2.50e-05                      │                                      │
│                                                                                                                      │
├─────────────────────────────────────────────────── Training/Other ───────────────────────────────────────────────────┤
│                                                                                                                      │
│bc/actor_loss=0.023                    │dvac/calibrated=0.0000                 │dvac/log_mean=0.0000                  │
│dvac/log_std=1.000                     │dvac/new_action_positions=5200.0       │dvac/reference_positions=0.0000       │
│dvac/round=1.000                       │dvac/weight_max=1.000                  │dvac/weight_mean=1.000                │
│dvac/weight_min=1.000                  │dvac/weight_std=0.0000                 │                                      │
│                                                                                                                      │
╰──────────────────────────────────────────────────────────────────────────────────────────────────────────────────────╯


╭──────────────────────────────────────────────────────────────────────────────────────────────────────────────────────╮
├──────────────────────────────────────────────────── Metric Table ────────────────────────────────────────────────────┤
│ Global Step:    2/2 │ Progress: ████████████████████████████████████████ │ 100.0%                                    │
│ Elapsed: 36:27 │ ETA: 00:00 │ Step Time: 1093.859s                                                                   │
├──────────────────────────────────────────────────────── Time ────────────────────────────────────────────────────────┤
│                                                                                                                      │
│actor/actor/compute_adv=9.45e-05       │actor/actor/recv_traj=327.1            │actor/actor/sync_model_to_rollout=3.2…│
│actor/forward_actor=155.3              │actor/run_training=797.0               │actor/sample=3.527                    │
│actor/update_one_epoch=397.3           │actor_training=398.5                   │cal_adv_and_returns=0.0049            │
│env/compute_bootstrap_rewards=3.11e-04 │env/env/bootstrap_step=238.7           │env/env_interact_step=84.749          │
│env/evaluate=317.3                     │env/interact=326.6                     │env/run_interact_once=326.6           │
│eval=319.9                             │generate_rollouts=329.7                │rollout/evaluate=315.9                │
│rollout/generate_one_epoch=325.4       │rollout/predict=4.142                  │rollout/rollout/generate=329.7        │
│rollout/sync_model_from_actor=3.866    │step=1074.3                            │sync_weights=1.541                    │
│                                                                                                                      │
├──────────────────────────────────────────────────── Environment ─────────────────────────────────────────────────────┤
│                                                                                                                      │
│episode_len=200.0                      │num_trajectories=32                    │return=0.65625                        │
│reward=0.00328125                      │success_once=0.65625                   │                                      │
│                                                                                                                      │
├───────────────────────────────────────────────────── Evaluation ─────────────────────────────────────────────────────┤
│                                                                                                                      │
│episode_len=200.0                      │num_trajectories=32                    │return=0.78125                        │
│reward=0.00390625                      │success_at_end=0.78125                 │success_once=0.78125                  │
│                                                                                                                      │
├─────────────────────────────────────────────────── Replay Buffer ────────────────────────────────────────────────────┤
│                                                                                                                      │
│query_records=135.0                    │success_episodes=45.000                │                                      │
│                                                                                                                      │
├─────────────────────────────────────────────────── Training/Actor ───────────────────────────────────────────────────┤
│                                                                                                                      │
│actor/grad_norm=0.107                  │actor/lr=2.50e-05                      │                                      │
│                                                                                                                      │
├─────────────────────────────────────────────────── Training/Other ───────────────────────────────────────────────────┤
│                                                                                                                      │
│bc/actor_loss=0.016                    │dvac/calibrated=1.000                  │dvac/log_mean=-4.381                  │
│dvac/log_std=0.694                     │dvac/new_action_positions=5350.0       │dvac/reference_positions=5200.0       │
│dvac/round=2.000                       │dvac/weight_max=1.780                  │dvac/weight_mean=1.000                │
│dvac/weight_min=0.602                  │dvac/weight_std=0.160                  │                                      │
│                                                                                                                      │
╰──────────────────────────────────────────────────────────────────────────────────────────────────────────────────────╯

