
╭──────────────────────────────────────────────────────────────────────────────────────────────────────────────────────╮
├──────────────────────────────────────────────────── Metric Table ────────────────────────────────────────────────────┤
│ Global Step:    1/100 │ Progress: ░░░░░░░░░░░░░░░░░░░░░░░░░░░░░░░░░░░░░░░░ │   1.0%                                  │
│ Elapsed: 12:10 │ ETA: 20:06:00 │ Step Time: 730.919s                                                                 │
├──────────────────────────────────────────────────────── Time ────────────────────────────────────────────────────────┤
│                                                                                                                      │
│actor/actor/compute_adv=0.038          │actor/actor/recv_traj=704.4            │actor/actor/sync_model_to_rollout=9.8…│
│actor/run_training=14.192              │actor_training=14.197                  │cal_adv_and_returns=0.045             │
│env/compute_bootstrap_rewards=0.0037   │env/env/bootstrap_step=502.4           │env/env/send_rollout_trajectories=0.8…│
│env/env_interact_step=188.8            │env/interact=702.3                     │env/run_interact_once=702.3           │
│generate_rollouts=706.8                │rollout/generate_one_epoch=700.5       │rollout/predict=8.531                 │
│rollout/rollout/generate=706.7         │rollout/sync_model_from_actor=9.464    │step=730.9                            │
│sync_weights=9.846                     │                                       │                                      │
│                                                                                                                      │
├──────────────────────────────────────────────────── Environment ─────────────────────────────────────────────────────┤
│                                                                                                                      │
│episode_len=200.0                      │num_trajectories=256                   │return=0.7421875                      │
│reward=0.0037109375                    │success_once=0.7421875                 │                                      │
│                                                                                                                      │
├────────────────────────────────────────────────────── Rollout ───────────────────────────────────────────────────────┤
│                                                                                                                      │
│advantages_max=1.208                   │advantages_mean=-0.121                 │advantages_min=-2.475                 │
│rewards=0.0042                         │                                       │                                      │
│                                                                                                                      │
├─────────────────────────────────────────────────── Training/Actor ───────────────────────────────────────────────────┤
│                                                                                                                      │
│actor/approx_kl=0.198                  │actor/clip_fraction=0.195              │actor/clipped_ratio=0.980             │
│actor/dual_cliped_ratio=0.0000         │actor/dvac_current_mean=-4.399         │actor/dvac_current_std=0.669          │
│actor/dvac_history_mean=0.0000         │actor/dvac_history_std=0.0000          │actor/dvac_warmup=1.000               │
│actor/dvac_weight_ess_fraction=1.000   │actor/dvac_weight_mean=1.000           │actor/dvac_weight_sq_mean=1.000       │
│actor/dvac_z_high_clip_fraction=0.0000 │actor/dvac_z_low_clip_fraction=0.0000  │actor/entropy_loss=0.0000             │
│actor/grad_norm=34.613                 │actor/lr=5.60e-06                      │actor/policy_loss=0.0078              │
│actor/policy_loss_abs=0.476            │actor/ratio=1.085                      │actor/ratio_abs=0.369                 │
│actor/total_loss=0.0019                │                                       │                                      │
│                                                                                                                      │
╰──────────────────────────────────────────────────────────────────────────────────────────────────────────────────────╯


╭──────────────────────────────────────────────────────────────────────────────────────────────────────────────────────╮
├──────────────────────────────────────────────────── Metric Table ────────────────────────────────────────────────────┤
│ Global Step:    2/100 │ Progress: ░░░░░░░░░░░░░░░░░░░░░░░░░░░░░░░░░░░░░░░░ │   2.0%                                  │
│ Elapsed: 23:56 │ ETA: 19:32:52 │ Step Time: 718.082s                                                                 │
├──────────────────────────────────────────────────────── Time ────────────────────────────────────────────────────────┤
│                                                                                                                      │
│actor/actor/compute_adv=0.0070         │actor/actor/recv_traj=685.2            │actor/actor/sync_model_to_rollout=2.0…│
│actor/run_training=13.386              │actor_training=13.392                  │cal_adv_and_returns=0.014             │
│env/compute_bootstrap_rewards=0.0035   │env/env/bootstrap_step=498.3           │env/env/send_rollout_trajectories=0.8…│
│env/env_interact_step=182.6            │env/interact=684.7                     │env/run_interact_once=684.7           │
│generate_rollouts=689.1                │rollout/generate_one_epoch=682.7       │rollout/predict=7.845                 │
│rollout/rollout/generate=689.0         │rollout/sync_model_from_actor=2.695    │step=705.2                            │
│sync_weights=2.698                     │                                       │                                      │
│                                                                                                                      │
├──────────────────────────────────────────────────── Environment ─────────────────────────────────────────────────────┤
│                                                                                                                      │
│episode_len=200.0                      │num_trajectories=256                   │return=0.75390625                     │
│reward=0.0037695311                    │success_once=0.75390625                │                                      │
│                                                                                                                      │
├────────────────────────────────────────────────────── Rollout ───────────────────────────────────────────────────────┤
│                                                                                                                      │
│advantages_max=1.620                   │advantages_mean=-0.119                 │advantages_min=-2.475                 │
│rewards=0.0042                         │                                       │                                      │
│                                                                                                                      │
├─────────────────────────────────────────────────── Training/Actor ───────────────────────────────────────────────────┤
│                                                                                                                      │
│actor/approx_kl=0.067                  │actor/clip_fraction=0.142              │actor/clipped_ratio=0.984             │
│actor/dual_cliped_ratio=0.0000         │actor/dvac_current_mean=-4.384         │actor/dvac_current_std=0.661          │
│actor/dvac_history_mean=-4.399         │actor/dvac_history_std=0.669           │actor/dvac_warmup=0.0000              │
│actor/dvac_weight_ess_fraction=0.824   │actor/dvac_weight_mean=1.001           │actor/dvac_weight_sq_mean=1.216       │
│actor/dvac_z_high_clip_fraction=0.031  │actor/dvac_z_low_clip_fraction=0.0078  │actor/entropy_loss=0.0000             │
│actor/grad_norm=45.101                 │actor/lr=5.60e-06                      │actor/policy_loss=0.0091              │
│actor/policy_loss_abs=0.457            │actor/ratio=1.022                      │actor/ratio_abs=0.208                 │
│actor/total_loss=0.0023                │                                       │                                      │
│                                                                                                                      │
╰──────────────────────────────────────────────────────────────────────────────────────────────────────────────────────╯


╭──────────────────────────────────────────────────────────────────────────────────────────────────────────────────────╮
├──────────────────────────────────────────────────── Metric Table ────────────────────────────────────────────────────┤
│ Global Step:    3/100 │ Progress: █░░░░░░░░░░░░░░░░░░░░░░░░░░░░░░░░░░░░░░░ │   3.0%                                  │
│ Elapsed: 35:57 │ ETA: 19:22:24 │ Step Time: 719.017s                                                                 │
├──────────────────────────────────────────────────────── Time ────────────────────────────────────────────────────────┤
│                                                                                                                      │
│actor/actor/compute_adv=0.0067         │actor/actor/recv_traj=701.2            │actor/actor/sync_model_to_rollout=2.0…│
│actor/run_training=13.014              │actor_training=13.019                  │cal_adv_and_returns=0.014             │
│env/compute_bootstrap_rewards=0.0034   │env/env/bootstrap_step=500.9           │env/env/send_rollout_trajectories=0.7…│
│env/env_interact_step=188.3            │env/interact=700.8                     │env/run_interact_once=700.8           │
│generate_rollouts=705.3                │rollout/generate_one_epoch=698.9       │rollout/predict=7.836                 │
│rollout/rollout/generate=705.2         │rollout/sync_model_from_actor=2.532    │step=720.8                            │
│sync_weights=2.536                     │                                       │                                      │
│                                                                                                                      │
├──────────────────────────────────────────────────── Environment ─────────────────────────────────────────────────────┤
│                                                                                                                      │
│episode_len=200.0                      │num_trajectories=256                   │return=0.7734375                      │
│reward=0.0038671875                    │success_once=0.7734375                 │                                      │
│                                                                                                                      │
├────────────────────────────────────────────────────── Rollout ───────────────────────────────────────────────────────┤
│                                                                                                                      │
│advantages_max=1.208                   │advantages_mean=-0.121                 │advantages_min=-2.475                 │
│rewards=0.0039                         │                                       │                                      │
│                                                                                                                      │
├─────────────────────────────────────────────────── Training/Actor ───────────────────────────────────────────────────┤
│                                                                                                                      │
│actor/approx_kl=0.054                  │actor/clip_fraction=0.136              │actor/clipped_ratio=0.988             │
│actor/dual_cliped_ratio=0.0000         │actor/dvac_current_mean=-4.359         │actor/dvac_current_std=0.674          │
│actor/dvac_history_mean=-4.391         │actor/dvac_history_std=0.665           │actor/dvac_warmup=0.0000              │
│actor/dvac_weight_ess_fraction=0.824   │actor/dvac_weight_mean=1.011           │actor/dvac_weight_sq_mean=1.240       │
│actor/dvac_z_high_clip_fraction=0.038  │actor/dvac_z_low_clip_fraction=0.0058  │actor/entropy_loss=0.0000             │
│actor/grad_norm=44.791                 │actor/lr=5.60e-06                      │actor/policy_loss=0.0093              │
│actor/policy_loss_abs=0.519            │actor/ratio=0.993                      │actor/ratio_abs=0.154                 │
│actor/total_loss=0.0023                │                                       │                                      │
│                                                                                                                      │
╰──────────────────────────────────────────────────────────────────────────────────────────────────────────────────────╯


╭──────────────────────────────────────────────────────────────────────────────────────────────────────────────────────╮
├──────────────────────────────────────────────────── Metric Table ────────────────────────────────────────────────────┤
│ Global Step:    4/100 │ Progress: █░░░░░░░░░░░░░░░░░░░░░░░░░░░░░░░░░░░░░░░ │   4.0%                                  │
│ Elapsed: 47:17 │ ETA: 18:54:55 │ Step Time: 709.328s                                                                 │
├──────────────────────────────────────────────────────── Time ────────────────────────────────────────────────────────┤
│                                                                                                                      │
│actor/actor/compute_adv=0.0097         │actor/actor/recv_traj=660.9            │actor/actor/sync_model_to_rollout=1.7…│
│actor/run_training=13.247              │actor_training=13.252                  │cal_adv_and_returns=0.017             │
│env/compute_bootstrap_rewards=0.0034   │env/env/bootstrap_step=471.7           │env/env/send_rollout_trajectories=0.7…│
│env/env_interact_step=182.7            │env/interact=660.4                     │env/run_interact_once=660.4           │
│generate_rollouts=664.8                │rollout/generate_one_epoch=658.1       │rollout/predict=7.725                 │
│rollout/rollout/generate=664.7         │rollout/sync_model_from_actor=2.175    │step=680.2                            │
│sync_weights=2.180                     │                                       │                                      │
│                                                                                                                      │
├──────────────────────────────────────────────────── Environment ─────────────────────────────────────────────────────┤
│                                                                                                                      │
│episode_len=200.0                      │num_trajectories=256                   │return=0.765625                       │
│reward=0.0038281248                    │success_once=0.765625                  │                                      │
│                                                                                                                      │
├────────────────────────────────────────────────────── Rollout ───────────────────────────────────────────────────────┤
│                                                                                                                      │
│advantages_max=1.208                   │advantages_mean=-0.118                 │advantages_min=-2.475                 │
│rewards=0.0042                         │                                       │                                      │
│                                                                                                                      │
├─────────────────────────────────────────────────── Training/Actor ───────────────────────────────────────────────────┤
│                                                                                                                      │
│actor/approx_kl=0.041                  │actor/clip_fraction=0.124              │actor/clipped_ratio=0.986             │
│actor/dual_cliped_ratio=0.0000         │actor/dvac_current_mean=-4.378         │actor/dvac_current_std=0.663          │
│actor/dvac_history_mean=-4.381         │actor/dvac_history_std=0.668           │actor/dvac_warmup=0.0000              │
│actor/dvac_weight_ess_fraction=0.821   │actor/dvac_weight_mean=0.990           │actor/dvac_weight_sq_mean=1.194       │
│actor/dvac_z_high_clip_fraction=0.038  │actor/dvac_z_low_clip_fraction=0.0043  │actor/entropy_loss=0.0000             │
│actor/grad_norm=51.653                 │actor/lr=5.60e-06                      │actor/policy_loss=0.0059              │
│actor/policy_loss_abs=0.601            │actor/ratio=0.999                      │actor/ratio_abs=0.148                 │
│actor/total_loss=0.0015                │                                       │                                      │
│                                                                                                                      │
╰──────────────────────────────────────────────────────────────────────────────────────────────────────────────────────╯


╭──────────────────────────────────────────────────────────────────────────────────────────────────────────────────────╮
├──────────────────────────────────────────────────── Metric Table ────────────────────────────────────────────────────┤
│ Global Step:    5/100 │ Progress: ██░░░░░░░░░░░░░░░░░░░░░░░░░░░░░░░░░░░░░░ │   5.0%                                  │
│ Elapsed: 59:00 │ ETA: 18:41:07 │ Step Time: 708.082s                                                                 │
├──────────────────────────────────────────────────────── Time ────────────────────────────────────────────────────────┤
│                                                                                                                      │
│actor/actor/compute_adv=0.0079         │actor/actor/recv_traj=682.8            │actor/actor/sync_model_to_rollout=2.0…│
│actor/run_training=14.030              │actor_training=14.036                  │cal_adv_and_returns=0.015             │
│env/compute_bootstrap_rewards=0.0033   │env/env/bootstrap_step=486.6           │env/env/send_rollout_trajectories=0.9…│
│env/env_interact_step=184.1            │env/interact=682.4                     │env/run_interact_once=682.4           │
│generate_rollouts=686.7                │rollout/generate_one_epoch=680.2       │rollout/predict=7.881                 │
│rollout/rollout/generate=686.6         │rollout/sync_model_from_actor=2.341    │step=703.1                            │
│sync_weights=2.345                     │                                       │                                      │
│                                                                                                                      │
├──────────────────────────────────────────────────── Environment ─────────────────────────────────────────────────────┤
│                                                                                                                      │
│episode_len=200.0                      │num_trajectories=256                   │return=0.76953125                     │
│reward=0.003847656                     │success_once=0.76953125                │                                      │
│                                                                                                                      │
├────────────────────────────────────────────────────── Rollout ───────────────────────────────────────────────────────┤
│                                                                                                                      │
│advantages_max=1.620                   │advantages_mean=-0.120                 │advantages_min=-2.475                 │
│rewards=0.0041                         │                                       │                                      │
│                                                                                                                      │
├─────────────────────────────────────────────────── Training/Actor ───────────────────────────────────────────────────┤
│                                                                                                                      │
│actor/approx_kl=0.045                  │actor/clip_fraction=0.113              │actor/clipped_ratio=0.984             │
│actor/dual_cliped_ratio=0.0000         │actor/dvac_current_mean=-4.346         │actor/dvac_current_std=0.666          │
│actor/dvac_history_mean=-4.380         │actor/dvac_history_std=0.667           │actor/dvac_warmup=0.0000              │
│actor/dvac_weight_ess_fraction=0.834   │actor/dvac_weight_mean=1.010           │actor/dvac_weight_sq_mean=1.223       │
│actor/dvac_z_high_clip_fraction=0.038  │actor/dvac_z_low_clip_fraction=0.0036  │actor/entropy_loss=0.0000             │
│actor/grad_norm=45.067                 │actor/lr=5.60e-06                      │actor/policy_loss=-0.0018             │
│actor/policy_loss_abs=0.490            │actor/ratio=0.987                      │actor/ratio_abs=0.124                 │
│actor/total_loss=-4.43e-04             │                                       │                                      │
│                                                                                                                      │
╰──────────────────────────────────────────────────────────────────────────────────────────────────────────────────────╯


╭──────────────────────────────────────────────────────────────────────────────────────────────────────────────────────╮
├──────────────────────────────────────────────────── Metric Table ────────────────────────────────────────────────────┤
│ Global Step:    6/100 │ Progress: ██░░░░░░░░░░░░░░░░░░░░░░░░░░░░░░░░░░░░░░ │   6.0%                                  │
│ Elapsed: 01:10:26 │ ETA: 18:23:35 │ Step Time: 704.424s                                                              │
├──────────────────────────────────────────────────────── Time ────────────────────────────────────────────────────────┤
│                                                                                                                      │
│actor/actor/compute_adv=0.0059         │actor/actor/recv_traj=669.9            │actor/actor/sync_model_to_rollout=2.0…│
│actor/run_training=11.542              │actor_training=11.544                  │cal_adv_and_returns=0.0088            │
│env/compute_bootstrap_rewards=0.0034   │env/env/bootstrap_step=473.3           │env/env/send_rollout_trajectories=0.8…│
│env/env_interact_step=189.9            │env/interact=669.5                     │env/run_interact_once=669.5           │
│generate_rollouts=672.2                │rollout/generate_one_epoch=667.9       │rollout/predict=7.863                 │
│rollout/rollout/generate=672.1         │rollout/sync_model_from_actor=2.362    │step=686.1                            │
│sync_weights=2.367                     │                                       │                                      │
│                                                                                                                      │
├──────────────────────────────────────────────────── Environment ─────────────────────────────────────────────────────┤
│                                                                                                                      │
│episode_len=200.0                      │num_trajectories=256                   │return=0.8046875                      │
│reward=0.0040234374                    │success_once=0.8046875                 │                                      │
│                                                                                                                      │
├────────────────────────────────────────────────────── Rollout ───────────────────────────────────────────────────────┤
│                                                                                                                      │
│advantages_max=2.475                   │advantages_mean=-0.116                 │advantages_min=-2.475                 │
│rewards=0.0044                         │                                       │                                      │
│                                                                                                                      │
├─────────────────────────────────────────────────── Training/Actor ───────────────────────────────────────────────────┤
│                                                                                                                      │
│actor/approx_kl=0.033                  │actor/clip_fraction=0.120              │actor/clipped_ratio=0.992             │
│actor/dual_cliped_ratio=0.0000         │actor/dvac_current_mean=-4.353         │actor/dvac_current_std=0.617          │
│actor/dvac_history_mean=-4.373         │actor/dvac_history_std=0.667           │actor/dvac_warmup=0.0000              │
│actor/dvac_weight_ess_fraction=0.841   │actor/dvac_weight_mean=1.007           │actor/dvac_weight_sq_mean=1.206       │
│actor/dvac_z_high_clip_fraction=0.027  │actor/dvac_z_low_clip_fraction=0.0031  │actor/entropy_loss=0.0000             │
│actor/grad_norm=50.248                 │actor/lr=5.60e-06                      │actor/policy_loss=-8.87e-04           │
│actor/policy_loss_abs=0.514            │actor/ratio=1.003                      │actor/ratio_abs=0.137                 │
│actor/total_loss=-2.22e-04             │                                       │                                      │
│                                                                                                                      │
╰──────────────────────────────────────────────────────────────────────────────────────────────────────────────────────╯


╭──────────────────────────────────────────────────────────────────────────────────────────────────────────────────────╮
├──────────────────────────────────────────────────── Metric Table ────────────────────────────────────────────────────┤
│ Global Step:    7/100 │ Progress: ██░░░░░░░░░░░░░░░░░░░░░░░░░░░░░░░░░░░░░░ │   7.0%                                  │
│ Elapsed: 01:22:54 │ ETA: 18:21:35 │ Step Time: 710.699s                                                              │
├──────────────────────────────────────────────────────── Time ────────────────────────────────────────────────────────┤
│                                                                                                                      │
│actor/actor/compute_adv=0.0089         │actor/actor/recv_traj=716.2            │actor/actor/sync_model_to_rollout=1.4…│
│actor/run_training=26.122              │actor_training=26.126                  │cal_adv_and_returns=0.015             │
│env/compute_bootstrap_rewards=0.0029   │env/env/bootstrap_step=523.3           │env/env/send_rollout_trajectories=1.1…│
│env/env_interact_step=183.0            │env/interact=715.8                     │env/run_interact_once=715.8           │
│generate_rollouts=720.3                │rollout/generate_one_epoch=713.5       │rollout/predict=8.437                 │
│rollout/rollout/generate=720.2         │rollout/sync_model_from_actor=1.924    │step=748.3                            │
│sync_weights=1.927                     │                                       │                                      │
│                                                                                                                      │
├──────────────────────────────────────────────────── Environment ─────────────────────────────────────────────────────┤
│                                                                                                                      │
│episode_len=200.0                      │num_trajectories=256                   │return=0.7734375                      │
│reward=0.0038671873                    │success_once=0.7734375                 │                                      │
│                                                                                                                      │
├────────────────────────────────────────────────────── Rollout ───────────────────────────────────────────────────────┤
│                                                                                                                      │
│advantages_max=0.935                   │advantages_mean=-0.123                 │advantages_min=-2.475                 │
│rewards=0.0043                         │                                       │                                      │
│                                                                                                                      │
├─────────────────────────────────────────────────── Training/Actor ───────────────────────────────────────────────────┤
│                                                                                                                      │
│actor/approx_kl=0.037                  │actor/clip_fraction=0.104              │actor/clipped_ratio=0.988             │
│actor/dual_cliped_ratio=0.0000         │actor/dvac_current_mean=-4.316         │actor/dvac_current_std=0.652          │
│actor/dvac_history_mean=-4.364         │actor/dvac_history_std=0.657           │actor/dvac_warmup=0.0000              │
│actor/dvac_weight_ess_fraction=0.836   │actor/dvac_weight_mean=1.022           │actor/dvac_weight_sq_mean=1.248       │
│actor/dvac_z_high_clip_fraction=0.039  │actor/dvac_z_low_clip_fraction=0.0031  │actor/entropy_loss=0.0000             │
│actor/grad_norm=51.572                 │actor/lr=5.60e-06                      │actor/policy_loss=-0.0014             │
│actor/policy_loss_abs=0.522            │actor/ratio=0.999                      │actor/ratio_abs=0.131                 │
│actor/total_loss=-3.57e-04             │                                       │                                      │
│                                                                                                                      │
╰──────────────────────────────────────────────────────────────────────────────────────────────────────────────────────╯


╭──────────────────────────────────────────────────────────────────────────────────────────────────────────────────────╮
├──────────────────────────────────────────────────── Metric Table ────────────────────────────────────────────────────┤
│ Global Step:    8/100 │ Progress: ███░░░░░░░░░░░░░░░░░░░░░░░░░░░░░░░░░░░░░ │   8.0%                                  │
│ Elapsed: 01:35:44 │ ETA: 18:20:59 │ Step Time: 718.040s                                                              │
├──────────────────────────────────────────────────────── Time ────────────────────────────────────────────────────────┤
│                                                                                                                      │
│actor/actor/compute_adv=0.0065         │actor/actor/recv_traj=738.2            │actor/actor/sync_model_to_rollout=2.0…│
│actor/run_training=24.866              │actor_training=24.871                  │cal_adv_and_returns=0.013             │
│env/compute_bootstrap_rewards=0.0033   │env/env/bootstrap_step=541.2           │env/env/send_rollout_trajectories=0.8…│
│env/env_interact_step=184.1            │env/interact=737.8                     │env/run_interact_once=737.8           │
│generate_rollouts=742.0                │rollout/generate_one_epoch=735.7       │rollout/predict=9.487                 │
│rollout/rollout/generate=741.9         │rollout/sync_model_from_actor=2.528    │step=769.4                            │
│sync_weights=2.530                     │                                       │                                      │
│                                                                                                                      │
├──────────────────────────────────────────────────── Environment ─────────────────────────────────────────────────────┤
│                                                                                                                      │
│episode_len=200.0                      │num_trajectories=256                   │return=0.8671875                      │
│reward=0.004335937                     │success_once=0.8671875                 │                                      │
│                                                                                                                      │
├────────────────────────────────────────────────────── Rollout ───────────────────────────────────────────────────────┤
│                                                                                                                      │
│advantages_max=1.208                   │advantages_mean=-0.115                 │advantages_min=-2.475                 │
│rewards=0.0048                         │                                       │                                      │
│                                                                                                                      │
├─────────────────────────────────────────────────── Training/Actor ───────────────────────────────────────────────────┤
│                                                                                                                      │
│actor/approx_kl=0.030                  │actor/clip_fraction=0.070              │actor/clipped_ratio=0.989             │
│actor/dual_cliped_ratio=0.0000         │actor/dvac_current_mean=-4.351         │actor/dvac_current_std=0.610          │
│actor/dvac_history_mean=-4.350         │actor/dvac_history_std=0.655           │actor/dvac_warmup=0.0000              │
│actor/dvac_weight_ess_fraction=0.836   │actor/dvac_weight_mean=0.991           │actor/dvac_weight_sq_mean=1.175       │
│actor/dvac_z_high_clip_fraction=0.027  │actor/dvac_z_low_clip_fraction=0.0034  │actor/entropy_loss=0.0000             │
│actor/grad_norm=43.668                 │actor/lr=5.60e-06                      │actor/policy_loss=0.0010              │
│actor/policy_loss_abs=0.433            │actor/ratio=0.990                      │actor/ratio_abs=0.095                 │
│actor/total_loss=2.51e-04              │                                       │                                      │
│                                                                                                                      │
╰──────────────────────────────────────────────────────────────────────────────────────────────────────────────────────╯


╭──────────────────────────────────────────────────────────────────────────────────────────────────────────────────────╮
├──────────────────────────────────────────────────── Metric Table ────────────────────────────────────────────────────┤
│ Global Step:    9/100 │ Progress: ███░░░░░░░░░░░░░░░░░░░░░░░░░░░░░░░░░░░░░ │   9.0%                                  │
│ Elapsed: 01:48:15 │ ETA: 18:14:33 │ Step Time: 721.685s                                                              │
├──────────────────────────────────────────────────────── Time ────────────────────────────────────────────────────────┤
│                                                                                                                      │
│actor/actor/compute_adv=0.249          │actor/actor/recv_traj=721.9            │actor/actor/sync_model_to_rollout=2.6…│
│actor/run_training=21.486              │actor_training=21.491                  │cal_adv_and_returns=0.258             │
│env/compute_bootstrap_rewards=0.0032   │env/env/bootstrap_step=523.0           │env/env/send_rollout_trajectories=0.7…│
│env/env_interact_step=187.4            │env/interact=721.5                     │env/run_interact_once=721.5           │
│generate_rollouts=726.0                │rollout/generate_one_epoch=718.7       │rollout/predict=8.061                 │
│rollout/rollout/generate=725.9         │rollout/sync_model_from_actor=3.107    │step=750.8                            │
│sync_weights=3.111                     │                                       │                                      │
│                                                                                                                      │
├──────────────────────────────────────────────────── Environment ─────────────────────────────────────────────────────┤
│                                                                                                                      │
│episode_len=200.0                      │num_trajectories=256                   │return=0.859375                       │
│reward=0.0042968746                    │success_once=0.859375                  │                                      │
│                                                                                                                      │
├────────────────────────────────────────────────────── Rollout ───────────────────────────────────────────────────────┤
│                                                                                                                      │
│advantages_max=1.208                   │advantages_mean=-0.113                 │advantages_min=-2.475                 │
│rewards=0.0045                         │                                       │                                      │
│                                                                                                                      │
├─────────────────────────────────────────────────── Training/Actor ───────────────────────────────────────────────────┤
│                                                                                                                      │
│actor/approx_kl=0.042                  │actor/clip_fraction=0.102              │actor/clipped_ratio=0.985             │
│actor/dual_cliped_ratio=0.0000         │actor/dvac_current_mean=-4.362         │actor/dvac_current_std=0.609          │
│actor/dvac_history_mean=-4.349         │actor/dvac_history_std=0.642           │actor/dvac_warmup=0.0000              │
│actor/dvac_weight_ess_fraction=0.832   │actor/dvac_weight_mean=0.979           │actor/dvac_weight_sq_mean=1.152       │
│actor/dvac_z_high_clip_fraction=0.031  │actor/dvac_z_low_clip_fraction=0.0043  │actor/entropy_loss=0.0000             │
│actor/grad_norm=42.720                 │actor/lr=5.60e-06                      │actor/policy_loss=0.0052              │
│actor/policy_loss_abs=0.389            │actor/ratio=0.996                      │actor/ratio_abs=0.138                 │
│actor/total_loss=0.0013                │                                       │                                      │
│                                                                                                                      │
╰──────────────────────────────────────────────────────────────────────────────────────────────────────────────────────╯


╭──────────────────────────────────────────────────────────────────────────────────────────────────────────────────────╮
├──────────────────────────────────────────────────── Metric Table ────────────────────────────────────────────────────┤
│ Global Step:   10/100 │ Progress: ████░░░░░░░░░░░░░░░░░░░░░░░░░░░░░░░░░░░░ │  10.0%                                  │
│ Elapsed: 02:07:25 │ ETA: 19:06:47 │ Step Time: 764.526s                                                              │
├──────────────────────────────────────────────────────── Time ────────────────────────────────────────────────────────┤
│                                                                                                                      │
│actor/actor/compute_adv=0.0099         │actor/actor/recv_traj=757.2            │actor/actor/sync_model_to_rollout=3.6…│
│actor/run_training=16.588              │actor_training=16.593                  │cal_adv_and_returns=0.017             │
│env/compute_bootstrap_rewards=0.0033   │env/env/bootstrap_step=560.4           │env/env/send_rollout_trajectories=0.7…│
│env/env_interact_step=186.3            │env/evaluate=344.2                     │env/interact=756.7                    │
│env/run_interact_once=756.7            │eval=347.0                             │generate_rollouts=760.7               │
│rollout/evaluate=182.2                 │rollout/generate_one_epoch=753.9       │rollout/predict=10.292                │
│rollout/rollout/generate=760.7         │rollout/sync_model_from_actor=4.915    │step=1150.1                           │
│sync_weights=2.187                     │                                       │                                      │
│                                                                                                                      │
├──────────────────────────────────────────────────── Environment ─────────────────────────────────────────────────────┤
│                                                                                                                      │
│episode_len=200.0                      │num_trajectories=256                   │return=0.85546875                     │
│reward=0.0042773434                    │success_once=0.85546875                │                                      │
│                                                                                                                      │
├────────────────────────────────────────────────────── Rollout ───────────────────────────────────────────────────────┤
│                                                                                                                      │
│advantages_max=0.725                   │advantages_mean=-0.111                 │advantages_min=-2.475                 │
│rewards=0.0051                         │                                       │                                      │
│                                                                                                                      │
├───────────────────────────────────────────────────── Evaluation ─────────────────────────────────────────────────────┤
│                                                                                                                      │
│episode_len=200.0                      │num_trajectories=64                    │return=0.90625                        │
│reward=0.00453125                      │success_at_end=0.90625                 │success_once=0.90625                  │
│                                                                                                                      │
├─────────────────────────────────────────────────── Training/Actor ───────────────────────────────────────────────────┤
│                                                                                                                      │
│actor/approx_kl=0.025                  │actor/clip_fraction=0.099              │actor/clipped_ratio=0.995             │
│actor/dual_cliped_ratio=0.0000         │actor/dvac_current_mean=-4.316         │actor/dvac_current_std=0.622          │
│actor/dvac_history_mean=-4.345         │actor/dvac_history_std=0.631           │actor/dvac_warmup=0.0000              │
│actor/dvac_weight_ess_fraction=0.831   │actor/dvac_weight_mean=1.011           │actor/dvac_weight_sq_mean=1.231       │
│actor/dvac_z_high_clip_fraction=0.033  │actor/dvac_z_low_clip_fraction=0.0039  │actor/entropy_loss=0.0000             │
│actor/grad_norm=55.115                 │actor/lr=5.60e-06                      │actor/policy_loss=0.0029              │
│actor/policy_loss_abs=0.524            │actor/ratio=1.008                      │actor/ratio_abs=0.130                 │
│actor/total_loss=7.31e-04              │                                       │                                      │
│                                                                                                                      │
╰──────────────────────────────────────────────────────────────────────────────────────────────────────────────────────╯


╭──────────────────────────────────────────────────────────────────────────────────────────────────────────────────────╮
├──────────────────────────────────────────────────── Metric Table ────────────────────────────────────────────────────┤
│ Global Step:   11/100 │ Progress: ████░░░░░░░░░░░░░░░░░░░░░░░░░░░░░░░░░░░░ │  11.0%                                  │
│ Elapsed: 02:20:05 │ ETA: 18:53:31 │ Step Time: 764.172s                                                              │
├──────────────────────────────────────────────────────── Time ────────────────────────────────────────────────────────┤
│                                                                                                                      │
│actor/actor/compute_adv=0.0082         │actor/actor/recv_traj=740.5            │actor/actor/sync_model_to_rollout=1.4…│
│actor/run_training=14.619              │actor_training=14.624                  │cal_adv_and_returns=0.016             │
│env/compute_bootstrap_rewards=0.0029   │env/env/bootstrap_step=560.3           │env/env/send_rollout_trajectories=0.8…│
│env/env_interact_step=172.3            │env/interact=740.1                     │env/run_interact_once=740.1           │
│generate_rollouts=744.5                │rollout/generate_one_epoch=736.7       │rollout/predict=7.783                 │
│rollout/rollout/generate=744.4         │rollout/sync_model_from_actor=1.415    │step=760.6                            │
│sync_weights=1.477                     │                                       │                                      │
│                                                                                                                      │
├──────────────────────────────────────────────────── Environment ─────────────────────────────────────────────────────┤
│                                                                                                                      │
│episode_len=200.0                      │num_trajectories=256                   │return=0.859375                       │
│reward=0.0042968746                    │success_once=0.859375                  │                                      │
│                                                                                                                      │
├────────────────────────────────────────────────────── Rollout ───────────────────────────────────────────────────────┤
│                                                                                                                      │
│advantages_max=2.475                   │advantages_mean=-0.111                 │advantages_min=-2.475                 │
│rewards=0.0046                         │                                       │                                      │
│                                                                                                                      │
├─────────────────────────────────────────────────── Training/Actor ───────────────────────────────────────────────────┤
│                                                                                                                      │
│actor/approx_kl=0.043                  │actor/clip_fraction=0.122              │actor/clipped_ratio=0.987             │
│actor/dual_cliped_ratio=0.0000         │actor/dvac_current_mean=-4.294         │actor/dvac_current_std=0.649          │
│actor/dvac_history_mean=-4.340         │actor/dvac_history_std=0.623           │actor/dvac_warmup=0.0000              │
│actor/dvac_weight_ess_fraction=0.829   │actor/dvac_weight_mean=1.017           │actor/dvac_weight_sq_mean=1.247       │
│actor/dvac_z_high_clip_fraction=0.042  │actor/dvac_z_low_clip_fraction=0.0041  │actor/entropy_loss=0.0000             │
│actor/grad_norm=47.379                 │actor/lr=5.60e-06                      │actor/policy_loss=0.0019              │
│actor/policy_loss_abs=0.398            │actor/ratio=0.997                      │actor/ratio_abs=0.151                 │
│actor/total_loss=4.71e-04              │                                       │                                      │
│                                                                                                                      │
╰──────────────────────────────────────────────────────────────────────────────────────────────────────────────────────╯


╭──────────────────────────────────────────────────────────────────────────────────────────────────────────────────────╮
├──────────────────────────────────────────────────── Metric Table ────────────────────────────────────────────────────┤
│ Global Step:   12/100 │ Progress: ████░░░░░░░░░░░░░░░░░░░░░░░░░░░░░░░░░░░░ │  12.0%                                  │
│ Elapsed: 02:32:53 │ ETA: 18:41:09 │ Step Time: 764.429s                                                              │
├──────────────────────────────────────────────────────── Time ────────────────────────────────────────────────────────┤
│                                                                                                                      │
│actor/actor/compute_adv=0.012          │actor/actor/recv_traj=746.4            │actor/actor/sync_model_to_rollout=2.0…│
│actor/run_training=14.742              │actor_training=14.747                  │cal_adv_and_returns=0.019             │
│env/compute_bootstrap_rewards=0.0029   │env/env/bootstrap_step=562.9           │env/env/send_rollout_trajectories=0.7…│
│env/env_interact_step=174.0            │env/interact=745.9                     │env/run_interact_once=745.9           │
│generate_rollouts=749.9                │rollout/generate_one_epoch=744.0       │rollout/predict=8.035                 │
│rollout/rollout/generate=749.8         │rollout/sync_model_from_actor=2.549    │step=767.2                            │
│sync_weights=2.553                     │                                       │                                      │
│                                                                                                                      │
├──────────────────────────────────────────────────── Environment ─────────────────────────────────────────────────────┤
│                                                                                                                      │
│episode_len=200.0                      │num_trajectories=256                   │return=0.8515625                      │
│reward=0.004257812                     │success_once=0.8515625                 │                                      │
│                                                                                                                      │
├────────────────────────────────────────────────────── Rollout ───────────────────────────────────────────────────────┤
│                                                                                                                      │
│advantages_max=1.208                   │advantages_mean=-0.114                 │advantages_min=-2.475                 │
│rewards=0.0048                         │                                       │                                      │
│                                                                                                                      │
├─────────────────────────────────────────────────── Training/Actor ───────────────────────────────────────────────────┤
│                                                                                                                      │
│actor/approx_kl=0.027                  │actor/clip_fraction=0.088              │actor/clipped_ratio=0.991             │
│actor/dual_cliped_ratio=0.0000         │actor/dvac_current_mean=-4.330         │actor/dvac_current_std=0.614          │
│actor/dvac_history_mean=-4.328         │actor/dvac_history_std=0.629           │actor/dvac_warmup=0.0000              │
│actor/dvac_weight_ess_fraction=0.822   │actor/dvac_weight_mean=0.989           │actor/dvac_weight_sq_mean=1.188       │
│actor/dvac_z_high_clip_fraction=0.033  │actor/dvac_z_low_clip_fraction=0.0044  │actor/entropy_loss=0.0000             │
│actor/grad_norm=51.804                 │actor/lr=5.60e-06                      │actor/policy_loss=0.0039              │
│actor/policy_loss_abs=0.473            │actor/ratio=0.995                      │actor/ratio_abs=0.107                 │
│actor/total_loss=9.64e-04              │                                       │                                      │
│                                                                                                                      │
╰──────────────────────────────────────────────────────────────────────────────────────────────────────────────────────╯

