
╭──────────────────────────────────────────────────────────────────────────────────────────────────────────────────────╮
├──────────────────────────────────────────────────── Metric Table ────────────────────────────────────────────────────┤
│ Global Step: 1600/35000 │ Progress: █░░░░░░░░░░░░░░░░░░░░░░░░░░░░░░░░░░░░░░░ │   4.6%                                │
│ Elapsed: 13:34 │ ETA: 04:43:23 │ Step Time: 0.509s                                                                   │
├──────────────────────────────────────────────────────── Time ────────────────────────────────────────────────────────┤
│                                                                                                                      │
│actor/actor/recv_ogpo_traj=502.6       │actor/actor/sync_model_to_rollout=13.0…│actor/run_training=0.440              │
│cal_adv_and_returns=0.0032             │env/compute_bootstrap_rewards=0.0025   │env/env/bootstrap_step=30.246         │
│env/env/send_rollout_trajectories=0.858│env/env_interact_step=464.7            │env/env_interact_step_ogpo=464.7      │
│env/interact=501.6                     │env/run_interact_once=501.2            │generate_rollouts=502.8               │
│rollout/generate_one_epoch=500.3       │rollout/predict=24.350                 │rollout/rollout/generate=500.3        │
│step=504.1                             │sync_weights=0.914                     │                                      │
│                                                                                                                      │
├──────────────────────────────────────────────────── Environment ─────────────────────────────────────────────────────┤
│                                                                                                                      │
│episode_len=200.0                      │num_trajectories=8                     │return=0.0                            │
│reward=0.0                             │success_once=0.0                       │                                      │
│                                                                                                                      │
├────────────────────────────────────────────────────── Rollout ───────────────────────────────────────────────────────┤
│                                                                                                                      │
│ogpo/global_inserted_rows=1600.0       │ogpo/local_inserted_rows=800.0         │ogpo/previous_online_rows=0.0000      │
│ogpo/replay_rows=800.0                 │ogpo/success_rows=0.0000               │ogpo/total_online_rows=1600.0         │
│                                                                                                                      │
├─────────────────────────────────────────────────── Training/Other ───────────────────────────────────────────────────┤
│                                                                                                                      │
│ogpo/actor_updates=0.0000              │ogpo/critic_updates=0.0000             │ogpo/global_inserted_rows=1600.0      │
│ogpo/local_inserted_rows=800.0         │ogpo/pending_actor_updates=0.0000      │ogpo/pending_critic_updates=0.0000    │
│ogpo/policy_version=0.0000             │ogpo/previous_online_rows=0.0000       │ogpo/replay_rows=800.0                │
│ogpo/success_rows=0.0000               │ogpo/total_online_rows=1600.0          │ogpo/updates_run=0.0000               │
│                                                                                                                      │
╰──────────────────────────────────────────────────────────────────────────────────────────────────────────────────────╯


╭──────────────────────────────────────────────────────────────────────────────────────────────────────────────────────╮
├──────────────────────────────────────────────────── Metric Table ────────────────────────────────────────────────────┤
│ Global Step: 3200/35000 │ Progress: ███░░░░░░░░░░░░░░░░░░░░░░░░░░░░░░░░░░░░░ │   9.1%                                │
│ Elapsed: 21:52 │ ETA: 03:37:25 │ Step Time: 0.410s                                                                   │
├──────────────────────────────────────────────────────── Time ────────────────────────────────────────────────────────┤
│                                                                                                                      │
│actor/actor/recv_ogpo_traj=496.6       │actor/actor/sync_model_to_rollout=0.454│actor/run_training=0.447              │
│cal_adv_and_returns=0.0034             │env/compute_bootstrap_rewards=0.0024   │env/env/bootstrap_step=30.529         │
│env/env/send_rollout_trajectories=0.848│env/env_interact_step=458.0            │env/env_interact_step_ogpo=457.9      │
│env/interact=495.6                     │env/run_interact_once=495.2            │generate_rollouts=496.8               │
│rollout/generate_one_epoch=494.3       │rollout/predict=4.674                  │rollout/rollout/generate=494.3        │
│step=498.1                             │sync_weights=0.929                     │                                      │
│                                                                                                                      │
├──────────────────────────────────────────────────── Environment ─────────────────────────────────────────────────────┤
│                                                                                                                      │
│episode_len=200.0                      │num_trajectories=8                     │return=0.0                            │
│reward=0.0                             │success_once=0.0                       │                                      │
│                                                                                                                      │
├────────────────────────────────────────────────────── Rollout ───────────────────────────────────────────────────────┤
│                                                                                                                      │
│ogpo/global_inserted_rows=1600.0       │ogpo/local_inserted_rows=800.0         │ogpo/previous_online_rows=1600.0      │
│ogpo/replay_rows=1600.0                │ogpo/success_rows=0.0000               │ogpo/total_online_rows=3200.0         │
│                                                                                                                      │
├─────────────────────────────────────────────────── Training/Other ───────────────────────────────────────────────────┤
│                                                                                                                      │
│ogpo/actor_updates=0.0000              │ogpo/critic_updates=0.0000             │ogpo/global_inserted_rows=1600.0      │
│ogpo/local_inserted_rows=800.0         │ogpo/pending_actor_updates=0.0000      │ogpo/pending_critic_updates=0.0000    │
│ogpo/policy_version=0.0000             │ogpo/previous_online_rows=1600.0       │ogpo/replay_rows=1600.0               │
│ogpo/success_rows=0.0000               │ogpo/total_online_rows=3200.0          │ogpo/updates_run=0.0000               │
│                                                                                                                      │
╰──────────────────────────────────────────────────────────────────────────────────────────────────────────────────────╯


╭──────────────────────────────────────────────────────────────────────────────────────────────────────────────────────╮
├──────────────────────────────────────────────────── Metric Table ────────────────────────────────────────────────────┤
│ Global Step: 4504/35000 │ Progress: █████░░░░░░░░░░░░░░░░░░░░░░░░░░░░░░░░░░░ │  12.9%                                │
│ Elapsed: 29:43 │ ETA: 03:21:14 │ Step Time: 0.396s                                                                   │
├──────────────────────────────────────────────────────── Time ────────────────────────────────────────────────────────┤
│                                                                                                                      │
│actor/actor/recv_ogpo_traj=469.0       │actor/actor/sync_model_to_rollout=0.450│actor/run_training=0.450              │
│cal_adv_and_returns=0.0030             │env/compute_bootstrap_rewards=0.0024   │env/env/bootstrap_step=29.510         │
│env/env/send_rollout_trajectories=0.854│env/env_interact_step=432.1            │env/env_interact_step_ogpo=432.0      │
│env/interact=468.0                     │env/run_interact_once=467.5            │generate_rollouts=469.1               │
│rollout/generate_one_epoch=466.7       │rollout/predict=4.680                  │rollout/rollout/generate=466.7        │
│step=470.5                             │sync_weights=0.921                     │                                      │
│                                                                                                                      │
├──────────────────────────────────────────────────── Environment ─────────────────────────────────────────────────────┤
│                                                                                                                      │
│episode_len=200.0                      │num_trajectories=8                     │return=0.375                          │
│reward=0.001875                        │success_once=0.375                     │                                      │
│                                                                                                                      │
├────────────────────────────────────────────────────── Rollout ───────────────────────────────────────────────────────┤
│                                                                                                                      │
│ogpo/global_inserted_rows=1304.0       │ogpo/local_inserted_rows=652.0         │ogpo/previous_online_rows=3200.0      │
│ogpo/replay_rows=2252.0                │ogpo/success_rows=152.0                │ogpo/total_online_rows=4504.0         │
│                                                                                                                      │
├─────────────────────────────────────────────────── Training/Other ───────────────────────────────────────────────────┤
│                                                                                                                      │
│ogpo/actor_updates=0.0000              │ogpo/critic_updates=0.0000             │ogpo/global_inserted_rows=1304.0      │
│ogpo/local_inserted_rows=652.0         │ogpo/pending_actor_updates=0.0000      │ogpo/pending_critic_updates=0.0000    │
│ogpo/policy_version=0.0000             │ogpo/previous_online_rows=3200.0       │ogpo/replay_rows=2252.0               │
│ogpo/success_rows=152.0                │ogpo/total_online_rows=4504.0          │ogpo/updates_run=0.0000               │
│                                                                                                                      │
╰──────────────────────────────────────────────────────────────────────────────────────────────────────────────────────╯


╭──────────────────────────────────────────────────────────────────────────────────────────────────────────────────────╮
├──────────────────────────────────────────────────── Metric Table ────────────────────────────────────────────────────┤
│ Global Step: 5748/35000 │ Progress: ██████░░░░░░░░░░░░░░░░░░░░░░░░░░░░░░░░░░ │  16.4%                                │
│ Elapsed: 37:47 │ ETA: 03:12:17 │ Step Time: 0.394s                                                                   │
├──────────────────────────────────────────────────────── Time ────────────────────────────────────────────────────────┤
│                                                                                                                      │
│actor/actor/recv_ogpo_traj=482.3       │actor/actor/sync_model_to_rollout=0.444│actor/run_training=0.498              │
│cal_adv_and_returns=0.0038             │env/compute_bootstrap_rewards=0.0025   │env/env/bootstrap_step=29.900         │
│env/env/send_rollout_trajectories=0.839│env/env_interact_step=444.4            │env/env_interact_step_ogpo=444.4      │
│env/interact=481.1                     │env/run_interact_once=480.8            │generate_rollouts=482.4               │
│rollout/generate_one_epoch=479.9       │rollout/predict=4.635                  │rollout/rollout/generate=479.9        │
│step=483.8                             │sync_weights=0.918                     │                                      │
│                                                                                                                      │
├──────────────────────────────────────────────────── Environment ─────────────────────────────────────────────────────┤
│                                                                                                                      │
│episode_len=200.0                      │num_trajectories=8                     │return=0.5                            │
│reward=0.0025                          │success_once=0.5                       │                                      │
│                                                                                                                      │
├────────────────────────────────────────────────────── Rollout ───────────────────────────────────────────────────────┤
│                                                                                                                      │
│ogpo/global_inserted_rows=1244.0       │ogpo/local_inserted_rows=622.0         │ogpo/previous_online_rows=4504.0      │
│ogpo/replay_rows=2874.0                │ogpo/success_rows=374.0                │ogpo/total_online_rows=5748.0         │
│                                                                                                                      │
├─────────────────────────────────────────────────── Training/Other ───────────────────────────────────────────────────┤
│                                                                                                                      │
│ogpo/actor_updates=0.0000              │ogpo/critic_updates=0.0000             │ogpo/global_inserted_rows=1244.0      │
│ogpo/local_inserted_rows=622.0         │ogpo/pending_actor_updates=0.0000      │ogpo/pending_critic_updates=0.0000    │
│ogpo/policy_version=0.0000             │ogpo/previous_online_rows=4504.0       │ogpo/replay_rows=2874.0               │
│ogpo/success_rows=374.0                │ogpo/total_online_rows=5748.0          │ogpo/updates_run=0.0000               │
│                                                                                                                      │
╰──────────────────────────────────────────────────────────────────────────────────────────────────────────────────────╯


╭──────────────────────────────────────────────────────────────────────────────────────────────────────────────────────╮
├──────────────────────────────────────────────────── Metric Table ────────────────────────────────────────────────────┤
│ Global Step: 7258/35000 │ Progress: ████████░░░░░░░░░░░░░░░░░░░░░░░░░░░░░░░░ │  20.7%                                │
│ Elapsed: 46:09 │ ETA: 02:56:26 │ Step Time: 0.382s                                                                   │
├──────────────────────────────────────────────────────── Time ────────────────────────────────────────────────────────┤
│                                                                                                                      │
│actor/actor/recv_ogpo_traj=501.1       │actor/actor/sync_model_to_rollout=0.446│actor/run_training=0.457              │
│cal_adv_and_returns=0.0030             │env/compute_bootstrap_rewards=0.0023   │env/env/bootstrap_step=29.857         │
│env/env/send_rollout_trajectories=0.847│env/env_interact_step=463.6            │env/env_interact_step_ogpo=463.5      │
│env/interact=499.9                     │env/run_interact_once=499.5            │generate_rollouts=501.2               │
│rollout/generate_one_epoch=498.6       │rollout/predict=4.735                  │rollout/rollout/generate=498.6        │
│step=502.6                             │sync_weights=0.920                     │                                      │
│                                                                                                                      │
├──────────────────────────────────────────────────── Environment ─────────────────────────────────────────────────────┤
│                                                                                                                      │
│episode_len=200.0                      │num_trajectories=8                     │return=0.125                          │
│reward=0.000625                        │success_once=0.125                     │                                      │
│                                                                                                                      │
├────────────────────────────────────────────────────── Rollout ───────────────────────────────────────────────────────┤
│                                                                                                                      │
│ogpo/global_inserted_rows=1510.0       │ogpo/local_inserted_rows=755.0         │ogpo/previous_online_rows=5748.0      │
│ogpo/replay_rows=3629.0                │ogpo/success_rows=429.0                │ogpo/total_online_rows=7258.0         │
│                                                                                                                      │
├─────────────────────────────────────────────────── Training/Other ───────────────────────────────────────────────────┤
│                                                                                                                      │
│ogpo/actor_updates=0.0000              │ogpo/critic_updates=0.0000             │ogpo/global_inserted_rows=1510.0      │
│ogpo/local_inserted_rows=755.0         │ogpo/pending_actor_updates=0.0000      │ogpo/pending_critic_updates=0.0000    │
│ogpo/policy_version=0.0000             │ogpo/previous_online_rows=5748.0       │ogpo/replay_rows=3629.0               │
│ogpo/success_rows=429.0                │ogpo/total_online_rows=7258.0          │ogpo/updates_run=0.0000               │
│                                                                                                                      │
╰──────────────────────────────────────────────────────────────────────────────────────────────────────────────────────╯


╭──────────────────────────────────────────────────────────────────────────────────────────────────────────────────────╮
├──────────────────────────────────────────────────── Metric Table ────────────────────────────────────────────────────┤
│ Global Step: 8590/35000 │ Progress: █████████░░░░░░░░░░░░░░░░░░░░░░░░░░░░░░░ │  24.5%                                │
│ Elapsed: 54:45 │ ETA: 02:48:21 │ Step Time: 0.382s                                                                   │
├──────────────────────────────────────────────────────── Time ────────────────────────────────────────────────────────┤
│                                                                                                                      │
│actor/actor/recv_ogpo_traj=514.4       │actor/actor/sync_model_to_rollout=0.462│actor/run_training=0.457              │
│cal_adv_and_returns=0.0028             │env/compute_bootstrap_rewards=0.0025   │env/env/bootstrap_step=29.839         │
│env/env/send_rollout_trajectories=0.842│env/env_interact_step=476.2            │env/env_interact_step_ogpo=476.1      │
│env/interact=513.2                     │env/run_interact_once=512.8            │generate_rollouts=514.5               │
│rollout/generate_one_epoch=511.9       │rollout/predict=4.835                  │rollout/rollout/generate=511.9        │
│step=515.9                             │sync_weights=0.941                     │                                      │
│                                                                                                                      │
├──────────────────────────────────────────────────── Environment ─────────────────────────────────────────────────────┤
│                                                                                                                      │
│episode_len=200.0                      │num_trajectories=8                     │return=0.375                          │
│reward=0.001875                        │success_once=0.375                     │                                      │
│                                                                                                                      │
├────────────────────────────────────────────────────── Rollout ───────────────────────────────────────────────────────┤
│                                                                                                                      │
│ogpo/global_inserted_rows=1332.0       │ogpo/local_inserted_rows=666.0         │ogpo/previous_online_rows=7258.0      │
│ogpo/replay_rows=4295.0                │ogpo/success_rows=595.0                │ogpo/total_online_rows=8590.0         │
│                                                                                                                      │
├─────────────────────────────────────────────────── Training/Other ───────────────────────────────────────────────────┤
│                                                                                                                      │
│ogpo/actor_updates=0.0000              │ogpo/critic_updates=0.0000             │ogpo/global_inserted_rows=1332.0      │
│ogpo/local_inserted_rows=666.0         │ogpo/pending_actor_updates=0.0000      │ogpo/pending_critic_updates=0.0000    │
│ogpo/policy_version=0.0000             │ogpo/previous_online_rows=7258.0       │ogpo/replay_rows=4295.0               │
│ogpo/success_rows=595.0                │ogpo/total_online_rows=8590.0          │ogpo/updates_run=0.0000               │
│                                                                                                                      │
╰──────────────────────────────────────────────────────────────────────────────────────────────────────────────────────╯


╭──────────────────────────────────────────────────────────────────────────────────────────────────────────────────────╮
├──────────────────────────────────────────────────── Metric Table ────────────────────────────────────────────────────┤
│ Global Step: 10094/35000 │ Progress: ███████████░░░░░░░░░░░░░░░░░░░░░░░░░░░░░ │  28.8%                               │
│ Elapsed: 01:04:39 │ ETA: 02:39:33 │ Step Time: 0.384s                                                                │
├──────────────────────────────────────────────────────── Time ────────────────────────────────────────────────────────┤
│                                                                                                                      │
│actor/actor/recv_ogpo_traj=483.6       │actor/actor/sync_model_to_rollout=0.447│actor/run_training=109.4              │
│cal_adv_and_returns=0.0034             │env/compute_bootstrap_rewards=0.0022   │env/env/bootstrap_step=30.118         │
│env/env/send_rollout_trajectories=0.841│env/env_interact_step=445.7            │env/env_interact_step_ogpo=445.6      │
│env/interact=482.4                     │env/run_interact_once=482.1            │generate_rollouts=483.7               │
│rollout/generate_one_epoch=481.2       │rollout/predict=4.715                  │rollout/rollout/generate=481.2        │
│step=594.1                             │sync_weights=0.928                     │                                      │
│                                                                                                                      │
├──────────────────────────────────────────────────── Environment ─────────────────────────────────────────────────────┤
│                                                                                                                      │
│episode_len=200.0                      │num_trajectories=8                     │return=0.125                          │
│reward=0.000625                        │success_once=0.125                     │                                      │
│                                                                                                                      │
├────────────────────────────────────────────────────── Rollout ───────────────────────────────────────────────────────┤
│                                                                                                                      │
│ogpo/global_inserted_rows=1504.0       │ogpo/local_inserted_rows=752.0         │ogpo/previous_online_rows=8590.0      │
│ogpo/replay_rows=5047.0                │ogpo/success_rows=647.0                │ogpo/total_online_rows=1.01e+04       │
│                                                                                                                      │
├─────────────────────────────────────────────────── Training/Other ───────────────────────────────────────────────────┤
│                                                                                                                      │
│ogpo/actor_grad_norm=1.108             │ogpo/actor_loss=-1.81e-07              │ogpo/actor_lr=5.60e-06                │
│ogpo/actor_updates=9.000               │ogpo/bc_loss=0.115                     │ogpo/critic_grad_norm=91.335          │
│ogpo/critic_loss=7.043                 │ogpo/critic_updates=9.000              │ogpo/global_inserted_rows=1504.0      │
│ogpo/local_inserted_rows=752.0         │ogpo/pending_actor_updates=0.400       │ogpo/pending_critic_updates=0.400     │
│ogpo/policy_version=9.000              │ogpo/previous_online_rows=8590.0       │ogpo/q_mean=-0.219                    │
│ogpo/ratio=0.740                       │ogpo/replay_rows=5047.0                │ogpo/success_rows=647.0               │
│ogpo/td_target_mean=-0.224             │ogpo/total_online_rows=1.01e+04        │ogpo/updates_run=9.000                │
│                                                                                                                      │
╰──────────────────────────────────────────────────────────────────────────────────────────────────────────────────────╯


╭──────────────────────────────────────────────────────────────────────────────────────────────────────────────────────╮
├──────────────────────────────────────────────────── Metric Table ────────────────────────────────────────────────────┤
│ Global Step: 11444/35000 │ Progress: █████████████░░░░░░░░░░░░░░░░░░░░░░░░░░░ │  32.7%                               │
│ Elapsed: 01:40:37 │ ETA: 03:27:08 │ Step Time: 0.528s                                                                │
├──────────────────────────────────────────────────────── Time ────────────────────────────────────────────────────────┤
│                                                                                                                      │
│actor/actor/recv_ogpo_traj=500.4       │actor/actor/sync_model_to_rollout=1.475│actor/run_training=1655.3             │
│cal_adv_and_returns=0.0033             │env/compute_bootstrap_rewards=0.0026   │env/env/bootstrap_step=30.474         │
│env/env/send_rollout_trajectories=0.861│env/env_interact_step=462.2            │env/env_interact_step_ogpo=462.1      │
│env/interact=499.3                     │env/run_interact_once=498.9            │generate_rollouts=500.5               │
│rollout/generate_one_epoch=498.0       │rollout/predict=4.456                  │rollout/rollout/generate=498.0        │
│step=2158.1                            │sync_weights=2.208                     │                                      │
│                                                                                                                      │
├──────────────────────────────────────────────────── Environment ─────────────────────────────────────────────────────┤
│                                                                                                                      │
│episode_len=200.0                      │num_trajectories=8                     │return=0.375                          │
│reward=0.001875                        │success_once=0.375                     │                                      │
│                                                                                                                      │
├────────────────────────────────────────────────────── Rollout ───────────────────────────────────────────────────────┤
│                                                                                                                      │
│ogpo/global_inserted_rows=1350.0       │ogpo/local_inserted_rows=675.0         │ogpo/previous_online_rows=1.01e+04    │
│ogpo/replay_rows=5722.0                │ogpo/success_rows=822.0                │ogpo/total_online_rows=1.14e+04       │
│                                                                                                                      │
├─────────────────────────────────────────────────── Training/Other ───────────────────────────────────────────────────┤
│                                                                                                                      │
│ogpo/actor_grad_norm=0.511             │ogpo/actor_loss=1.11e-05               │ogpo/actor_lr=5.60e-06                │
│ogpo/actor_updates=144.0               │ogpo/bc_loss=0.074                     │ogpo/critic_grad_norm=2.489           │
│ogpo/critic_loss=0.037                 │ogpo/critic_updates=144.0              │ogpo/global_inserted_rows=1350.0      │
│ogpo/local_inserted_rows=675.0         │ogpo/pending_actor_updates=0.400       │ogpo/pending_critic_updates=0.400     │
│ogpo/policy_version=144.0              │ogpo/previous_online_rows=1.01e+04     │ogpo/q_mean=-0.193                    │
│ogpo/ratio=0.133                       │ogpo/replay_rows=5722.0                │ogpo/success_rows=822.0               │
│ogpo/td_target_mean=-0.191             │ogpo/total_online_rows=1.14e+04        │ogpo/updates_run=135.0                │
│                                                                                                                      │
╰──────────────────────────────────────────────────────────────────────────────────────────────────────────────────────╯


╭──────────────────────────────────────────────────────────────────────────────────────────────────────────────────────╮
├──────────────────────────────────────────────────── Metric Table ────────────────────────────────────────────────────┤
│ Global Step: 12758/35000 │ Progress: ██████████████░░░░░░░░░░░░░░░░░░░░░░░░░░ │  36.5%                               │
│ Elapsed: 02:15:15 │ ETA: 03:55:48 │ Step Time: 0.636s                                                                │
├──────────────────────────────────────────────────────── Time ────────────────────────────────────────────────────────┤
│                                                                                                                      │
│actor/actor/recv_ogpo_traj=476.6       │actor/actor/sync_model_to_rollout=1.813│actor/run_training=1598.4             │
│cal_adv_and_returns=0.0032             │env/compute_bootstrap_rewards=0.0026   │env/env/bootstrap_step=29.828         │
│env/env/send_rollout_trajectories=0.918│env/env_interact_step=438.0            │env/env_interact_step_ogpo=438.0      │
│env/interact=475.4                     │env/run_interact_once=474.9            │generate_rollouts=476.7               │
│rollout/generate_one_epoch=473.9       │rollout/predict=4.930                  │rollout/rollout/generate=473.9        │
│step=2077.9                            │sync_weights=2.707                     │                                      │
│                                                                                                                      │
├──────────────────────────────────────────────────── Environment ─────────────────────────────────────────────────────┤
│                                                                                                                      │
│episode_len=200.0                      │num_trajectories=8                     │return=0.375                          │
│reward=0.001875                        │success_once=0.375                     │                                      │
│                                                                                                                      │
├────────────────────────────────────────────────────── Rollout ───────────────────────────────────────────────────────┤
│                                                                                                                      │
│ogpo/global_inserted_rows=1314.0       │ogpo/local_inserted_rows=657.0         │ogpo/previous_online_rows=1.14e+04    │
│ogpo/replay_rows=6379.0                │ogpo/success_rows=979.0                │ogpo/total_online_rows=1.28e+04       │
│                                                                                                                      │
├─────────────────────────────────────────────────── Training/Other ───────────────────────────────────────────────────┤
│                                                                                                                      │
│ogpo/actor_grad_norm=0.261             │ogpo/actor_loss=4.14e-05               │ogpo/actor_lr=5.60e-06                │
│ogpo/actor_updates=275.0               │ogpo/bc_loss=0.045                     │ogpo/critic_grad_norm=1.119           │
│ogpo/critic_loss=0.017                 │ogpo/critic_updates=275.0              │ogpo/global_inserted_rows=1314.0      │
│ogpo/local_inserted_rows=657.0         │ogpo/pending_actor_updates=0.800       │ogpo/pending_critic_updates=0.800     │
│ogpo/policy_version=275.0              │ogpo/previous_online_rows=1.14e+04     │ogpo/q_mean=-0.080                    │
│ogpo/ratio=0.195                       │ogpo/replay_rows=6379.0                │ogpo/success_rows=979.0               │
│ogpo/td_target_mean=-0.082             │ogpo/total_online_rows=1.28e+04        │ogpo/updates_run=131.0                │
│                                                                                                                      │
╰──────────────────────────────────────────────────────────────────────────────────────────────────────────────────────╯


╭──────────────────────────────────────────────────────────────────────────────────────────────────────────────────────╮
├──────────────────────────────────────────────────── Metric Table ────────────────────────────────────────────────────┤
│ Global Step: 14162/35000 │ Progress: ████████████████░░░░░░░░░░░░░░░░░░░░░░░░ │  40.5%                               │
│ Elapsed: 02:52:18 │ ETA: 04:13:31 │ Step Time: 0.730s                                                                │
├──────────────────────────────────────────────────────── Time ────────────────────────────────────────────────────────┤
│                                                                                                                      │
│actor/actor/recv_ogpo_traj=492.0       │actor/actor/sync_model_to_rollout=2.009│actor/run_training=1727.4             │
│cal_adv_and_returns=0.0026             │env/compute_bootstrap_rewards=0.0021   │env/env/bootstrap_step=29.857         │
│env/env/send_rollout_trajectories=1.054│env/env_interact_step=453.8            │env/env_interact_step_ogpo=453.7      │
│env/interact=490.9                     │env/run_interact_once=490.5            │generate_rollouts=492.1               │
│rollout/generate_one_epoch=489.6       │rollout/predict=4.805                  │rollout/rollout/generate=489.6        │
│step=2222.5                            │sync_weights=2.979                     │                                      │
│                                                                                                                      │
├──────────────────────────────────────────────────── Environment ─────────────────────────────────────────────────────┤
│                                                                                                                      │
│episode_len=200.0                      │num_trajectories=8                     │return=0.25                           │
│reward=0.00125                         │success_once=0.25                      │                                      │
│                                                                                                                      │
├────────────────────────────────────────────────────── Rollout ───────────────────────────────────────────────────────┤
│                                                                                                                      │
│ogpo/global_inserted_rows=1404.0       │ogpo/local_inserted_rows=702.0         │ogpo/previous_online_rows=1.28e+04    │
│ogpo/replay_rows=7081.0                │ogpo/success_rows=1081.0               │ogpo/total_online_rows=1.42e+04       │
│                                                                                                                      │
├─────────────────────────────────────────────────── Training/Other ───────────────────────────────────────────────────┤
│                                                                                                                      │
│ogpo/actor_grad_norm=0.242             │ogpo/actor_loss=1.67e-04               │ogpo/actor_lr=5.60e-06                │
│ogpo/actor_updates=416.0               │ogpo/bc_loss=0.040                     │ogpo/critic_grad_norm=0.700           │
│ogpo/critic_loss=0.013                 │ogpo/critic_updates=416.0              │ogpo/global_inserted_rows=1404.0      │
│ogpo/local_inserted_rows=702.0         │ogpo/pending_actor_updates=0.200       │ogpo/pending_critic_updates=0.200     │
│ogpo/policy_version=416.0              │ogpo/previous_online_rows=1.28e+04     │ogpo/q_mean=0.0067                    │
│ogpo/ratio=0.329                       │ogpo/replay_rows=7081.0                │ogpo/success_rows=1081.0              │
│ogpo/td_target_mean=0.0066             │ogpo/total_online_rows=1.42e+04        │ogpo/updates_run=141.0                │
│                                                                                                                      │
╰──────────────────────────────────────────────────────────────────────────────────────────────────────────────────────╯


╭──────────────────────────────────────────────────────────────────────────────────────────────────────────────────────╮
├──────────────────────────────────────────────────── Metric Table ────────────────────────────────────────────────────┤
│ Global Step: 15664/35000 │ Progress: █████████████████░░░░░░░░░░░░░░░░░░░░░░░ │  44.8%                               │
│ Elapsed: 03:31:26 │ ETA: 04:21:00 │ Step Time: 0.810s                                                                │
├──────────────────────────────────────────────────────── Time ────────────────────────────────────────────────────────┤
│                                                                                                                      │
│actor/actor/recv_ogpo_traj=515.6       │actor/actor/sync_model_to_rollout=1.627│actor/run_training=1830.0             │
│cal_adv_and_returns=0.0028             │env/compute_bootstrap_rewards=0.0022   │env/env/bootstrap_step=30.412         │
│env/env/send_rollout_trajectories=0.869│env/env_interact_step=477.9            │env/env_interact_step_ogpo=477.8      │
│env/interact=514.4                     │env/run_interact_once=514.0            │generate_rollouts=515.7               │
│rollout/generate_one_epoch=513.1       │rollout/predict=4.776                  │rollout/rollout/generate=513.1        │
│step=2348.1                            │sync_weights=2.419                     │                                      │
│                                                                                                                      │
├──────────────────────────────────────────────────── Environment ─────────────────────────────────────────────────────┤
│                                                                                                                      │
│episode_len=200.0                      │num_trajectories=8                     │return=0.125                          │
│reward=0.000625                        │success_once=0.125                     │                                      │
│                                                                                                                      │
├────────────────────────────────────────────────────── Rollout ───────────────────────────────────────────────────────┤
│                                                                                                                      │
│ogpo/global_inserted_rows=1502.0       │ogpo/local_inserted_rows=751.0         │ogpo/previous_online_rows=1.42e+04    │
│ogpo/replay_rows=7832.0                │ogpo/success_rows=1132.0               │ogpo/total_online_rows=1.57e+04       │
│                                                                                                                      │
├─────────────────────────────────────────────────── Training/Other ───────────────────────────────────────────────────┤
│                                                                                                                      │
│ogpo/actor_grad_norm=0.218             │ogpo/actor_loss=2.50e-04               │ogpo/actor_lr=5.60e-06                │
│ogpo/actor_updates=566.0               │ogpo/bc_loss=0.036                     │ogpo/critic_grad_norm=0.623           │
│ogpo/critic_loss=0.0099                │ogpo/critic_updates=566.0              │ogpo/global_inserted_rows=1502.0      │
│ogpo/local_inserted_rows=751.0         │ogpo/pending_actor_updates=0.400       │ogpo/pending_critic_updates=0.400     │
│ogpo/policy_version=566.0              │ogpo/previous_online_rows=1.42e+04     │ogpo/q_mean=0.054                     │
│ogpo/ratio=0.575                       │ogpo/replay_rows=7832.0                │ogpo/success_rows=1132.0              │
│ogpo/td_target_mean=0.054              │ogpo/total_online_rows=1.57e+04        │ogpo/updates_run=150.0                │
│                                                                                                                      │
╰──────────────────────────────────────────────────────────────────────────────────────────────────────────────────────╯


╭──────────────────────────────────────────────────────────────────────────────────────────────────────────────────────╮
├──────────────────────────────────────────────────── Metric Table ────────────────────────────────────────────────────┤
│ Global Step: 17070/35000 │ Progress: ███████████████████░░░░░░░░░░░░░░░░░░░░░ │  48.8%                               │
│ Elapsed: 04:08:15 │ ETA: 04:20:46 │ Step Time: 0.873s                                                                │
├──────────────────────────────────────────────────────── Time ────────────────────────────────────────────────────────┤
│                                                                                                                      │
│actor/actor/recv_ogpo_traj=485.3       │actor/actor/sync_model_to_rollout=1.600│actor/run_training=1721.3             │
│cal_adv_and_returns=0.0031             │env/compute_bootstrap_rewards=0.0023   │env/env/bootstrap_step=29.765         │
│env/env/send_rollout_trajectories=0.867│env/env_interact_step=447.5            │env/env_interact_step_ogpo=447.4      │
│env/interact=484.1                     │env/run_interact_once=483.7            │generate_rollouts=485.4               │
│rollout/generate_one_epoch=482.8       │rollout/predict=4.701                  │rollout/rollout/generate=482.8        │
│step=2209.0                            │sync_weights=2.324                     │                                      │
│                                                                                                                      │
├──────────────────────────────────────────────────── Environment ─────────────────────────────────────────────────────┤
│                                                                                                                      │
│episode_len=200.0                      │num_trajectories=8                     │return=0.25                           │
│reward=0.00125                         │success_once=0.25                      │                                      │
│                                                                                                                      │
├────────────────────────────────────────────────────── Rollout ───────────────────────────────────────────────────────┤
│                                                                                                                      │
│ogpo/global_inserted_rows=1406.0       │ogpo/local_inserted_rows=703.0         │ogpo/previous_online_rows=1.57e+04    │
│ogpo/replay_rows=8535.0                │ogpo/success_rows=1235.0               │ogpo/total_online_rows=1.71e+04       │
│                                                                                                                      │
├─────────────────────────────────────────────────── Training/Other ───────────────────────────────────────────────────┤
│                                                                                                                      │
│ogpo/actor_grad_norm=0.226             │ogpo/actor_loss=1.75e-04               │ogpo/actor_lr=5.60e-06                │
│ogpo/actor_updates=707.0               │ogpo/bc_loss=0.036                     │ogpo/critic_grad_norm=0.601           │
│ogpo/critic_loss=0.0091                │ogpo/critic_updates=707.0              │ogpo/global_inserted_rows=1406.0      │
│ogpo/local_inserted_rows=703.0         │ogpo/pending_actor_updates=2.84e-14    │ogpo/pending_critic_updates=2.84e-14  │
│ogpo/policy_version=707.0              │ogpo/previous_online_rows=1.57e+04     │ogpo/q_mean=0.065                     │
│ogpo/ratio=0.745                       │ogpo/replay_rows=8535.0                │ogpo/success_rows=1235.0              │
│ogpo/td_target_mean=0.064              │ogpo/total_online_rows=1.71e+04        │ogpo/updates_run=141.0                │
│                                                                                                                      │
╰──────────────────────────────────────────────────────────────────────────────────────────────────────────────────────╯


╭──────────────────────────────────────────────────────────────────────────────────────────────────────────────────────╮
├──────────────────────────────────────────────────── Metric Table ────────────────────────────────────────────────────┤
│ Global Step: 18481/35000 │ Progress: █████████████████████░░░░░░░░░░░░░░░░░░░ │  52.8%                               │
│ Elapsed: 04:45:11 │ ETA: 04:14:55 │ Step Time: 0.926s                                                                │
├──────────────────────────────────────────────────────── Time ────────────────────────────────────────────────────────┤
│                                                                                                                      │
│actor/actor/recv_ogpo_traj=487.2       │actor/actor/sync_model_to_rollout=1.600│actor/run_training=1726.6             │
│cal_adv_and_returns=0.0027             │env/compute_bootstrap_rewards=0.0025   │env/env/bootstrap_step=30.183         │
│env/env/send_rollout_trajectories=0.850│env/env_interact_step=449.1            │env/env_interact_step_ogpo=449.0      │
│env/interact=486.1                     │env/run_interact_once=485.7            │generate_rollouts=487.3               │
│rollout/generate_one_epoch=484.8       │rollout/predict=5.015                  │rollout/rollout/generate=484.8        │
│step=2216.2                            │sync_weights=2.318                     │                                      │
│                                                                                                                      │
├──────────────────────────────────────────────────── Environment ─────────────────────────────────────────────────────┤
│                                                                                                                      │
│episode_len=200.0                      │num_trajectories=8                     │return=0.25                           │
│reward=0.00125                         │success_once=0.25                      │                                      │
│                                                                                                                      │
├────────────────────────────────────────────────────── Rollout ───────────────────────────────────────────────────────┤
│                                                                                                                      │
│ogpo/global_inserted_rows=1411.0       │ogpo/local_inserted_rows=705.5         │ogpo/previous_online_rows=1.71e+04    │
│ogpo/replay_rows=9240.5                │ogpo/success_rows=1340.5               │ogpo/total_online_rows=1.85e+04       │
│                                                                                                                      │
├─────────────────────────────────────────────────── Training/Other ───────────────────────────────────────────────────┤
│                                                                                                                      │
│ogpo/actor_grad_norm=0.210             │ogpo/actor_loss=9.97e-05               │ogpo/actor_lr=5.60e-06                │
│ogpo/actor_updates=848.0               │ogpo/bc_loss=0.033                     │ogpo/critic_grad_norm=0.676           │
│ogpo/critic_loss=0.0090                │ogpo/critic_updates=848.0              │ogpo/global_inserted_rows=1411.0      │
│ogpo/local_inserted_rows=705.5         │ogpo/pending_actor_updates=0.100       │ogpo/pending_critic_updates=0.100     │
│ogpo/policy_version=848.0              │ogpo/previous_online_rows=1.71e+04     │ogpo/q_mean=0.054                     │
│ogpo/ratio=0.830                       │ogpo/replay_rows=9240.5                │ogpo/success_rows=1340.5              │
│ogpo/td_target_mean=0.054              │ogpo/total_online_rows=1.85e+04        │ogpo/updates_run=141.0                │
│                                                                                                                      │
╰──────────────────────────────────────────────────────────────────────────────────────────────────────────────────────╯


╭──────────────────────────────────────────────────────────────────────────────────────────────────────────────────────╮
├──────────────────────────────────────────────────── Metric Table ────────────────────────────────────────────────────┤
│ Global Step: 20081/35000 │ Progress: ██████████████████████░░░░░░░░░░░░░░░░░░ │  57.4%                               │
│ Elapsed: 05:30:52 │ ETA: 04:05:48 │ Step Time: 0.989s                                                                │
├──────────────────────────────────────────────────────── Time ────────────────────────────────────────────────────────┤
│                                                                                                                      │
│actor/actor/recv_ogpo_traj=509.3       │actor/actor/sync_model_to_rollout=3.069│actor/run_training=1954.8             │
│cal_adv_and_returns=0.0033             │env/compute_bootstrap_rewards=0.0024   │env/env/bootstrap_step=30.127         │
│env/env/send_rollout_trajectories=0.857│env/env_interact_step=470.5            │env/env_interact_step_ogpo=470.5      │
│env/interact=508.2                     │env/run_interact_once=507.8            │eval=273.7                            │
│generate_rollouts=509.4                │rollout/generate_one_epoch=506.9       │rollout/predict=25.126                │
│rollout/rollout/generate=506.9         │step=2740.2                            │sync_weights=2.281                    │
│                                                                                                                      │
├──────────────────────────────────────────────────── Environment ─────────────────────────────────────────────────────┤
│                                                                                                                      │
│episode_len=200.0                      │num_trajectories=8                     │return=0.0                            │
│reward=0.0                             │success_once=0.0                       │                                      │
│                                                                                                                      │
├────────────────────────────────────────────────────── Rollout ───────────────────────────────────────────────────────┤
│                                                                                                                      │
│ogpo/global_inserted_rows=1600.0       │ogpo/local_inserted_rows=800.0         │ogpo/previous_online_rows=1.85e+04    │
│ogpo/replay_rows=1.00e+04              │ogpo/success_rows=1340.5               │ogpo/total_online_rows=2.01e+04       │
│                                                                                                                      │
├───────────────────────────────────────────────────── Evaluation ─────────────────────────────────────────────────────┤
│                                                                                                                      │
│episode_len=200.0                      │num_trajectories=20                    │return=0.35                           │
│reward=0.0017499998                    │success_at_end=0.35                    │success_once=0.35                     │
│                                                                                                                      │
├─────────────────────────────────────────────────── Training/Other ───────────────────────────────────────────────────┤
│                                                                                                                      │
│ogpo/actor_grad_norm=0.198             │ogpo/actor_loss=6.81e-05               │ogpo/actor_lr=5.60e-06                │
│ogpo/actor_updates=1008.0              │ogpo/bc_loss=0.031                     │ogpo/critic_grad_norm=0.723           │
│ogpo/critic_loss=0.011                 │ogpo/critic_updates=1008.0             │ogpo/global_inserted_rows=1600.0      │
│ogpo/local_inserted_rows=800.0         │ogpo/pending_actor_updates=0.100       │ogpo/pending_critic_updates=0.100     │
│ogpo/policy_version=1008.0             │ogpo/previous_online_rows=1.85e+04     │ogpo/q_mean=0.020                     │
│ogpo/ratio=0.880                       │ogpo/replay_rows=1.00e+04              │ogpo/success_rows=1340.5              │
│ogpo/td_target_mean=0.022              │ogpo/total_online_rows=2.01e+04        │ogpo/updates_run=160.0                │
│                                                                                                                      │
╰──────────────────────────────────────────────────────────────────────────────────────────────────────────────────────╯


╭──────────────────────────────────────────────────────────────────────────────────────────────────────────────────────╮
├──────────────────────────────────────────────────── Metric Table ────────────────────────────────────────────────────┤
│ Global Step: 21323/35000 │ Progress: ████████████████████████░░░░░░░░░░░░░░░░ │  60.9%                               │
│ Elapsed: 06:03:59 │ ETA: 03:53:28 │ Step Time: 1.024s                                                                │
├──────────────────────────────────────────────────────── Time ────────────────────────────────────────────────────────┤
│                                                                                                                      │
│actor/actor/recv_ogpo_traj=469.6       │actor/actor/sync_model_to_rollout=0.483│actor/run_training=1516.9             │
│cal_adv_and_returns=0.0093             │env/compute_bootstrap_rewards=0.0024   │env/env/bootstrap_step=31.154         │
│env/env/send_rollout_trajectories=0.881│env/env_interact_step=430.1            │env/env_interact_step_ogpo=430.0      │
│env/interact=468.2                     │env/run_interact_once=467.8            │generate_rollouts=469.8               │
│rollout/generate_one_epoch=466.9       │rollout/predict=4.761                  │rollout/rollout/generate=466.9        │
│step=1987.6                            │sync_weights=0.917                     │                                      │
│                                                                                                                      │
├──────────────────────────────────────────────────── Environment ─────────────────────────────────────────────────────┤
│                                                                                                                      │
│episode_len=200.0                      │num_trajectories=8                     │return=0.5                            │
│reward=0.0025                          │success_once=0.5                       │                                      │
│                                                                                                                      │
├────────────────────────────────────────────────────── Rollout ───────────────────────────────────────────────────────┤
│                                                                                                                      │
│ogpo/global_inserted_rows=1242.0       │ogpo/local_inserted_rows=621.0         │ogpo/previous_online_rows=2.01e+04    │
│ogpo/replay_rows=1.07e+04              │ogpo/success_rows=1561.5               │ogpo/total_online_rows=2.13e+04       │
│                                                                                                                      │
├─────────────────────────────────────────────────── Training/Other ───────────────────────────────────────────────────┤
│                                                                                                                      │
│ogpo/actor_grad_norm=0.206             │ogpo/actor_loss=5.94e-05               │ogpo/actor_lr=5.60e-06                │
│ogpo/actor_updates=1132.0              │ogpo/bc_loss=0.030                     │ogpo/critic_grad_norm=0.602           │
│ogpo/critic_loss=0.0097                │ogpo/critic_updates=1132.0             │ogpo/global_inserted_rows=1242.0      │
│ogpo/local_inserted_rows=621.0         │ogpo/pending_actor_updates=0.300       │ogpo/pending_critic_updates=0.300     │
│ogpo/policy_version=1132.0             │ogpo/previous_online_rows=2.01e+04     │ogpo/q_mean=0.0094                    │
│ogpo/ratio=0.893                       │ogpo/replay_rows=1.07e+04              │ogpo/success_rows=1561.5              │
│ogpo/td_target_mean=0.0086             │ogpo/total_online_rows=2.13e+04        │ogpo/updates_run=124.0                │
│                                                                                                                      │
╰──────────────────────────────────────────────────────────────────────────────────────────────────────────────────────╯


╭──────────────────────────────────────────────────────────────────────────────────────────────────────────────────────╮
├──────────────────────────────────────────────────── Metric Table ────────────────────────────────────────────────────┤
│ Global Step: 22742/35000 │ Progress: █████████████████████████░░░░░░░░░░░░░░░ │  65.0%                               │
│ Elapsed: 06:40:55 │ ETA: 03:36:06 │ Step Time: 1.058s                                                                │
├──────────────────────────────────────────────────────── Time ────────────────────────────────────────────────────────┤
│                                                                                                                      │
│actor/actor/recv_ogpo_traj=477.9       │actor/actor/sync_model_to_rollout=1.467│actor/run_training=1735.9             │
│cal_adv_and_returns=0.0030             │env/compute_bootstrap_rewards=0.0023   │env/env/bootstrap_step=30.500         │
│env/env/send_rollout_trajectories=0.848│env/env_interact_step=439.2            │env/env_interact_step_ogpo=439.1      │
│env/interact=476.8                     │env/run_interact_once=476.4            │generate_rollouts=478.0               │
│rollout/generate_one_epoch=475.5       │rollout/predict=4.845                  │rollout/rollout/generate=475.5        │
│step=2216.0                            │sync_weights=2.133                     │                                      │
│                                                                                                                      │
├──────────────────────────────────────────────────── Environment ─────────────────────────────────────────────────────┤
│                                                                                                                      │
│episode_len=200.0                      │num_trajectories=8                     │return=0.25                           │
│reward=0.00125                         │success_once=0.25                      │                                      │
│                                                                                                                      │
├────────────────────────────────────────────────────── Rollout ───────────────────────────────────────────────────────┤
│                                                                                                                      │
│ogpo/global_inserted_rows=1419.0       │ogpo/local_inserted_rows=709.5         │ogpo/previous_online_rows=2.13e+04    │
│ogpo/replay_rows=1.14e+04              │ogpo/success_rows=1671.0               │ogpo/total_online_rows=2.27e+04       │
│                                                                                                                      │
├─────────────────────────────────────────────────── Training/Other ───────────────────────────────────────────────────┤
│                                                                                                                      │
│ogpo/actor_grad_norm=0.207             │ogpo/actor_loss=5.30e-05               │ogpo/actor_lr=5.60e-06                │
│ogpo/actor_updates=1274.0              │ogpo/bc_loss=0.031                     │ogpo/critic_grad_norm=0.556           │
│ogpo/critic_loss=0.010                 │ogpo/critic_updates=1274.0             │ogpo/global_inserted_rows=1419.0      │
│ogpo/local_inserted_rows=709.5         │ogpo/pending_actor_updates=0.200       │ogpo/pending_critic_updates=0.200     │
│ogpo/policy_version=1274.0             │ogpo/previous_online_rows=2.13e+04     │ogpo/q_mean=0.018                     │
│ogpo/ratio=0.908                       │ogpo/replay_rows=1.14e+04              │ogpo/success_rows=1671.0              │
│ogpo/td_target_mean=0.018              │ogpo/total_online_rows=2.27e+04        │ogpo/updates_run=142.0                │
│                                                                                                                      │
╰──────────────────────────────────────────────────────────────────────────────────────────────────────────────────────╯


╭──────────────────────────────────────────────────────────────────────────────────────────────────────────────────────╮
├──────────────────────────────────────────────────── Metric Table ────────────────────────────────────────────────────┤
│ Global Step: 24079/35000 │ Progress: ███████████████████████████░░░░░░░░░░░░░ │  68.8%                               │
│ Elapsed: 07:15:52 │ ETA: 03:17:41 │ Step Time: 1.086s                                                                │
├──────────────────────────────────────────────────────── Time ────────────────────────────────────────────────────────┤
│                                                                                                                      │
│actor/actor/recv_ogpo_traj=465.4       │actor/actor/sync_model_to_rollout=1.467│actor/run_training=1628.6             │
│cal_adv_and_returns=0.0034             │env/compute_bootstrap_rewards=0.0022   │env/env/bootstrap_step=29.586         │
│env/env/send_rollout_trajectories=0.838│env/env_interact_step=427.8            │env/env_interact_step_ogpo=427.7      │
│env/interact=464.3                     │env/run_interact_once=463.9            │generate_rollouts=465.5               │
│rollout/generate_one_epoch=463.0       │rollout/predict=4.882                  │rollout/rollout/generate=463.0        │
│step=2096.3                            │sync_weights=2.164                     │                                      │
│                                                                                                                      │
├──────────────────────────────────────────────────── Environment ─────────────────────────────────────────────────────┤
│                                                                                                                      │
│episode_len=200.0                      │num_trajectories=8                     │return=0.375                          │
│reward=0.001875                        │success_once=0.375                     │                                      │
│                                                                                                                      │
├────────────────────────────────────────────────────── Rollout ───────────────────────────────────────────────────────┤
│                                                                                                                      │
│ogpo/global_inserted_rows=1337.0       │ogpo/local_inserted_rows=668.5         │ogpo/previous_online_rows=2.27e+04    │
│ogpo/replay_rows=1.20e+04              │ogpo/success_rows=1839.5               │ogpo/total_online_rows=2.41e+04       │
│                                                                                                                      │
├─────────────────────────────────────────────────── Training/Other ───────────────────────────────────────────────────┤
│                                                                                                                      │
│ogpo/actor_grad_norm=0.206             │ogpo/actor_loss=5.16e-05               │ogpo/actor_lr=5.60e-06                │
│ogpo/actor_updates=1407.0              │ogpo/bc_loss=0.029                     │ogpo/critic_grad_norm=0.607           │
│ogpo/critic_loss=0.011                 │ogpo/critic_updates=1407.0             │ogpo/global_inserted_rows=1337.0      │
│ogpo/local_inserted_rows=668.5         │ogpo/pending_actor_updates=0.900       │ogpo/pending_critic_updates=0.900     │
│ogpo/policy_version=1407.0             │ogpo/previous_online_rows=2.27e+04     │ogpo/q_mean=0.020                     │
│ogpo/ratio=0.912                       │ogpo/replay_rows=1.20e+04              │ogpo/success_rows=1839.5              │
│ogpo/td_target_mean=0.020              │ogpo/total_online_rows=2.41e+04        │ogpo/updates_run=133.0                │
│                                                                                                                      │
╰──────────────────────────────────────────────────────────────────────────────────────────────────────────────────────╯


╭──────────────────────────────────────────────────────────────────────────────────────────────────────────────────────╮
├──────────────────────────────────────────────────── Metric Table ────────────────────────────────────────────────────┤
│ Global Step: 25333/35000 │ Progress: ████████████████████████████░░░░░░░░░░░░ │  72.4%                               │
│ Elapsed: 07:49:25 │ ETA: 02:59:07 │ Step Time: 1.112s                                                                │
├──────────────────────────────────────────────────────── Time ────────────────────────────────────────────────────────┤
│                                                                                                                      │
│actor/actor/recv_ogpo_traj=464.5       │actor/actor/sync_model_to_rollout=1.462│actor/run_training=1546.6             │
│cal_adv_and_returns=0.0029             │env/compute_bootstrap_rewards=0.0023   │env/env/bootstrap_step=29.812         │
│env/env/send_rollout_trajectories=0.856│env/env_interact_step=426.5            │env/env_interact_step_ogpo=426.4      │
│env/interact=463.4                     │env/run_interact_once=463.0            │generate_rollouts=464.6               │
│rollout/generate_one_epoch=462.1       │rollout/predict=4.955                  │rollout/rollout/generate=462.1        │
│step=2013.3                            │sync_weights=2.152                     │                                      │
│                                                                                                                      │
├──────────────────────────────────────────────────── Environment ─────────────────────────────────────────────────────┤
│                                                                                                                      │
│episode_len=200.0                      │num_trajectories=8                     │return=0.5                            │
│reward=0.0025                          │success_once=0.5                       │                                      │
│                                                                                                                      │
├────────────────────────────────────────────────────── Rollout ───────────────────────────────────────────────────────┤
│                                                                                                                      │
│ogpo/global_inserted_rows=1254.0       │ogpo/local_inserted_rows=627.0         │ogpo/previous_online_rows=2.41e+04    │
│ogpo/replay_rows=1.27e+04              │ogpo/success_rows=2066.5               │ogpo/total_online_rows=2.53e+04       │
│                                                                                                                      │
├─────────────────────────────────────────────────── Training/Other ───────────────────────────────────────────────────┤
│                                                                                                                      │
│ogpo/actor_grad_norm=0.212             │ogpo/actor_loss=4.62e-05               │ogpo/actor_lr=5.60e-06                │
│ogpo/actor_updates=1533.0              │ogpo/bc_loss=0.029                     │ogpo/critic_grad_norm=0.638           │
│ogpo/critic_loss=0.012                 │ogpo/critic_updates=1533.0             │ogpo/global_inserted_rows=1254.0      │
│ogpo/local_inserted_rows=627.0         │ogpo/pending_actor_updates=0.300       │ogpo/pending_critic_updates=0.300     │
│ogpo/policy_version=1533.0             │ogpo/previous_online_rows=2.41e+04     │ogpo/q_mean=0.0013                    │
│ogpo/ratio=0.914                       │ogpo/replay_rows=1.27e+04              │ogpo/success_rows=2066.5              │
│ogpo/td_target_mean=0.0022             │ogpo/total_online_rows=2.53e+04        │ogpo/updates_run=126.0                │
│                                                                                                                      │
╰──────────────────────────────────────────────────────────────────────────────────────────────────────────────────────╯


╭──────────────────────────────────────────────────────────────────────────────────────────────────────────────────────╮
├──────────────────────────────────────────────────── Metric Table ────────────────────────────────────────────────────┤
│ Global Step: 26769/35000 │ Progress: ██████████████████████████████░░░░░░░░░░ │  76.5%                               │
│ Elapsed: 08:27:20 │ ETA: 02:36:00 │ Step Time: 1.137s                                                                │
├──────────────────────────────────────────────────────── Time ────────────────────────────────────────────────────────┤
│                                                                                                                      │
│actor/actor/recv_ogpo_traj=523.2       │actor/actor/sync_model_to_rollout=1.491│actor/run_training=1749.9             │
│cal_adv_and_returns=0.0035             │env/compute_bootstrap_rewards=0.0023   │env/env/bootstrap_step=30.438         │
│env/env/send_rollout_trajectories=0.850│env/env_interact_step=484.2            │env/env_interact_step_ogpo=484.1      │
│env/interact=522.0                     │env/run_interact_once=521.6            │generate_rollouts=523.4               │
│rollout/generate_one_epoch=520.8       │rollout/predict=5.199                  │rollout/rollout/generate=520.8        │
│step=2275.5                            │sync_weights=2.176                     │                                      │
│                                                                                                                      │
├──────────────────────────────────────────────────── Environment ─────────────────────────────────────────────────────┤
│                                                                                                                      │
│episode_len=200.0                      │num_trajectories=8                     │return=0.25                           │
│reward=0.00125                         │success_once=0.25                      │                                      │
│                                                                                                                      │
├────────────────────────────────────────────────────── Rollout ───────────────────────────────────────────────────────┤
│                                                                                                                      │
│ogpo/global_inserted_rows=1436.0       │ogpo/local_inserted_rows=718.0         │ogpo/previous_online_rows=2.53e+04    │
│ogpo/replay_rows=1.34e+04              │ogpo/success_rows=2184.5               │ogpo/total_online_rows=2.68e+04       │
│                                                                                                                      │
├─────────────────────────────────────────────────── Training/Other ───────────────────────────────────────────────────┤
│                                                                                                                      │
│ogpo/actor_grad_norm=0.197             │ogpo/actor_loss=3.91e-05               │ogpo/actor_lr=5.60e-06                │
│ogpo/actor_updates=1676.0              │ogpo/bc_loss=0.027                     │ogpo/critic_grad_norm=0.574           │
│ogpo/critic_loss=0.011                 │ogpo/critic_updates=1676.0             │ogpo/global_inserted_rows=1436.0      │
│ogpo/local_inserted_rows=718.0         │ogpo/pending_actor_updates=0.900       │ogpo/pending_critic_updates=0.900     │
│ogpo/policy_version=1676.0             │ogpo/previous_online_rows=2.53e+04     │ogpo/q_mean=2.12e-04                  │
│ogpo/ratio=0.928                       │ogpo/replay_rows=1.34e+04              │ogpo/success_rows=2184.5              │
│ogpo/td_target_mean=2.05e-04           │ogpo/total_online_rows=2.68e+04        │ogpo/updates_run=143.0                │
│                                                                                                                      │
╰──────────────────────────────────────────────────────────────────────────────────────────────────────────────────────╯


╭──────────────────────────────────────────────────────────────────────────────────────────────────────────────────────╮
├──────────────────────────────────────────────────── Metric Table ────────────────────────────────────────────────────┤
│ Global Step: 28054/35000 │ Progress: ████████████████████████████████░░░░░░░░ │  80.2%                               │
│ Elapsed: 09:01:47 │ ETA: 02:14:08 │ Step Time: 1.159s                                                                │
├──────────────────────────────────────────────────────── Time ────────────────────────────────────────────────────────┤
│                                                                                                                      │
│actor/actor/recv_ogpo_traj=485.3       │actor/actor/sync_model_to_rollout=1.414│actor/run_training=1579.3             │
│cal_adv_and_returns=0.0028             │env/compute_bootstrap_rewards=0.0022   │env/env/bootstrap_step=29.914         │
│env/env/send_rollout_trajectories=0.837│env/env_interact_step=446.7            │env/env_interact_step_ogpo=446.6      │
│env/interact=484.1                     │env/run_interact_once=483.7            │generate_rollouts=485.4               │
│rollout/generate_one_epoch=482.8       │rollout/predict=5.068                  │rollout/rollout/generate=482.8        │
│step=2066.8                            │sync_weights=2.095                     │                                      │
│                                                                                                                      │
├──────────────────────────────────────────────────── Environment ─────────────────────────────────────────────────────┤
│                                                                                                                      │
│episode_len=200.0                      │num_trajectories=8                     │return=0.5                            │
│reward=0.0025                          │success_once=0.5                       │                                      │
│                                                                                                                      │
├────────────────────────────────────────────────────── Rollout ───────────────────────────────────────────────────────┤
│                                                                                                                      │
│ogpo/global_inserted_rows=1285.0       │ogpo/local_inserted_rows=642.5         │ogpo/previous_online_rows=2.68e+04    │
│ogpo/replay_rows=1.40e+04              │ogpo/success_rows=2427.0               │ogpo/total_online_rows=2.81e+04       │
│                                                                                                                      │
├─────────────────────────────────────────────────── Training/Other ───────────────────────────────────────────────────┤
│                                                                                                                      │
│ogpo/actor_grad_norm=0.204             │ogpo/actor_loss=4.11e-05               │ogpo/actor_lr=5.60e-06                │
│ogpo/actor_updates=1805.0              │ogpo/bc_loss=0.027                     │ogpo/critic_grad_norm=0.565           │
│ogpo/critic_loss=0.013                 │ogpo/critic_updates=1805.0             │ogpo/global_inserted_rows=1285.0      │
│ogpo/local_inserted_rows=642.5         │ogpo/pending_actor_updates=0.400       │ogpo/pending_critic_updates=0.400     │
│ogpo/policy_version=1805.0             │ogpo/previous_online_rows=2.68e+04     │ogpo/q_mean=-0.0028                   │
│ogpo/ratio=0.926                       │ogpo/replay_rows=1.40e+04              │ogpo/success_rows=2427.0              │
│ogpo/td_target_mean=-0.0022            │ogpo/total_online_rows=2.81e+04        │ogpo/updates_run=129.0                │
│                                                                                                                      │
╰──────────────────────────────────────────────────────────────────────────────────────────────────────────────────────╯


╭──────────────────────────────────────────────────────────────────────────────────────────────────────────────────────╮
├──────────────────────────────────────────────────── Metric Table ────────────────────────────────────────────────────┤
│ Global Step: 29394/35000 │ Progress: █████████████████████████████████░░░░░░░ │  84.0%                               │
│ Elapsed: 09:37:33 │ ETA: 01:50:09 │ Step Time: 1.179s                                                                │
├──────────────────────────────────────────────────────── Time ────────────────────────────────────────────────────────┤
│                                                                                                                      │
│actor/actor/recv_ogpo_traj=470.9       │actor/actor/sync_model_to_rollout=1.352│actor/run_training=1673.1             │
│cal_adv_and_returns=0.017              │env/compute_bootstrap_rewards=0.0023   │env/env/bootstrap_step=30.201         │
│env/env/send_rollout_trajectories=0.877│env/env_interact_step=432.6            │env/env_interact_step_ogpo=432.5      │
│env/interact=469.7                     │env/run_interact_once=469.2            │generate_rollouts=471.0               │
│rollout/generate_one_epoch=468.3       │rollout/predict=4.845                  │rollout/rollout/generate=468.3        │
│step=2146.1                            │sync_weights=2.012                     │                                      │
│                                                                                                                      │
├──────────────────────────────────────────────────── Environment ─────────────────────────────────────────────────────┤
│                                                                                                                      │
│episode_len=200.0                      │num_trajectories=8                     │return=0.375                          │
│reward=0.001875                        │success_once=0.375                     │                                      │
│                                                                                                                      │
├────────────────────────────────────────────────────── Rollout ───────────────────────────────────────────────────────┤
│                                                                                                                      │
│ogpo/global_inserted_rows=1340.0       │ogpo/local_inserted_rows=670.0         │ogpo/previous_online_rows=2.81e+04    │
│ogpo/replay_rows=1.47e+04              │ogpo/success_rows=2597.0               │ogpo/total_online_rows=2.94e+04       │
│                                                                                                                      │
├─────────────────────────────────────────────────── Training/Other ───────────────────────────────────────────────────┤
│                                                                                                                      │
│ogpo/actor_grad_norm=0.203             │ogpo/actor_loss=4.73e-05               │ogpo/actor_lr=5.60e-06                │
│ogpo/actor_updates=1939.0              │ogpo/bc_loss=0.027                     │ogpo/critic_grad_norm=0.489           │
│ogpo/critic_loss=0.011                 │ogpo/critic_updates=1939.0             │ogpo/global_inserted_rows=1340.0      │
│ogpo/local_inserted_rows=670.0         │ogpo/pending_actor_updates=0.400       │ogpo/pending_critic_updates=0.400     │
│ogpo/policy_version=1939.0             │ogpo/previous_online_rows=2.81e+04     │ogpo/q_mean=0.020                     │
│ogpo/ratio=0.932                       │ogpo/replay_rows=1.47e+04              │ogpo/success_rows=2597.0              │
│ogpo/td_target_mean=0.020              │ogpo/total_online_rows=2.94e+04        │ogpo/updates_run=134.0                │
│                                                                                                                      │
╰──────────────────────────────────────────────────────────────────────────────────────────────────────────────────────╯


╭──────────────────────────────────────────────────────────────────────────────────────────────────────────────────────╮
├──────────────────────────────────────────────────── Metric Table ────────────────────────────────────────────────────┤
│ Global Step: 30730/35000 │ Progress: ███████████████████████████████████░░░░░ │  87.8%                               │
│ Elapsed: 10:13:44 │ ETA: 01:25:16 │ Step Time: 1.198s                                                                │
├──────────────────────────────────────────────────────── Time ────────────────────────────────────────────────────────┤
│                                                                                                                      │
│actor/actor/recv_ogpo_traj=492.6       │actor/actor/sync_model_to_rollout=1.382│actor/run_training=1675.6             │
│cal_adv_and_returns=0.0030             │env/compute_bootstrap_rewards=0.0032   │env/env/bootstrap_step=30.041         │
│env/env/send_rollout_trajectories=0.869│env/env_interact_step=454.8            │env/env_interact_step_ogpo=454.8      │
│env/interact=491.5                     │env/run_interact_once=491.1            │generate_rollouts=492.7               │
│rollout/generate_one_epoch=490.2       │rollout/predict=5.025                  │rollout/rollout/generate=490.2        │
│step=2170.4                            │sync_weights=2.063                     │                                      │
│                                                                                                                      │
├──────────────────────────────────────────────────── Environment ─────────────────────────────────────────────────────┤
│                                                                                                                      │
│episode_len=200.0                      │num_trajectories=8                     │return=0.375                          │
│reward=0.001875                        │success_once=0.375                     │                                      │
│                                                                                                                      │
├────────────────────────────────────────────────────── Rollout ───────────────────────────────────────────────────────┤
│                                                                                                                      │
│ogpo/global_inserted_rows=1336.0       │ogpo/local_inserted_rows=668.0         │ogpo/previous_online_rows=2.94e+04    │
│ogpo/replay_rows=1.54e+04              │ogpo/success_rows=2765.0               │ogpo/total_online_rows=3.07e+04       │
│                                                                                                                      │
├─────────────────────────────────────────────────── Training/Other ───────────────────────────────────────────────────┤
│                                                                                                                      │
│ogpo/actor_grad_norm=0.203             │ogpo/actor_loss=3.96e-05               │ogpo/actor_lr=5.60e-06                │
│ogpo/actor_updates=2073.0              │ogpo/bc_loss=0.027                     │ogpo/critic_grad_norm=0.602           │
│ogpo/critic_loss=0.011                 │ogpo/critic_updates=2073.0             │ogpo/global_inserted_rows=1336.0      │
│ogpo/local_inserted_rows=668.0         │ogpo/pending_actor_updates=5.68e-14    │ogpo/pending_critic_updates=5.68e-14  │
│ogpo/policy_version=2073.0             │ogpo/previous_online_rows=2.94e+04     │ogpo/q_mean=0.030                     │
│ogpo/ratio=0.937                       │ogpo/replay_rows=1.54e+04              │ogpo/success_rows=2765.0              │
│ogpo/td_target_mean=0.030              │ogpo/total_online_rows=3.07e+04        │ogpo/updates_run=134.0                │
│                                                                                                                      │
╰──────────────────────────────────────────────────────────────────────────────────────────────────────────────────────╯

