WARNING: All log messages before absl::InitializeLog() is called are written to STDERR
I0000 00:00:1787238576.096477   45635 port.cc:153] oneDNN custom operations are on. You may see slightly different numerical results due to floating-point round-off errors from different computation orders. To turn them off, set the environment variable `TF_ENABLE_ONEDNN_OPTS=0`.
I0000 00:00:1787238576.147986   45635 cpu_feature_guard.cc:227] This TensorFlow binary is optimized to use available CPU instructions in performance-critical operations.
To enable the following instructions: AVX2 AVX512F AVX512_VNNI FMA, in other operations, rebuild TensorFlow with the appropriate compiler flags.
WARNING: All log messages before absl::InitializeLog() is called are written to STDERR
I0000 00:00:1787238577.596593   45635 port.cc:153] oneDNN custom operations are on. You may see slightly different numerical results due to floating-point round-off errors from different computation orders. To turn them off, set the environment variable `TF_ENABLE_ONEDNN_OPTS=0`.
/root/autodl-tmp/RLinf/.venv/lib/python3.11/site-packages/hydra/_internal/hydra.py:119: UserWarning: Future Hydra versions will no longer change working directory at job runtime by default.
See https://hydra.cc/docs/1.2/upgrades/1.1_to_1.2/changes_to_job_working_dir/ for more information.
  ret = run_job(
2026-08-20 23:09:43,928	WARNING utils.py:461 -- Detecting docker specified CPUs. In previous versions of Ray, CPU detection in containers was incorrect. Please ensure that Ray has enough CPUs allocated. As a temporary workaround to revert to the prior behavior, set `RAY_USE_MULTIPROCESSING_CPU_COUNT=1` as an env var before starting Ray. Set the env var: `RAY_DISABLE_DOCKER_CPU_WARNING=1` to mute this warning.
2026-08-20 23:09:46,276	INFO worker.py:2003 -- Started a local Ray instance. View the dashboard at [1m[32mhttp://127.0.0.1:8265 [39m[22m
[INFO 23:09:48 RLinf] RLinf is running on a cluster with 1 node and 2 accelerators. The nodes' details are: 
node_labels: []
node_rank: 0
ray_id: 48c4a279fe74ca5175499231212b1c357f3f019bd3e7103e4344a229
node_ip: 172.17.0.4
num_cpus: 36
python_interpreter_path: /root/autodl-tmp/RLinf/.venv/bin/python
hardware_resources:
- type: Accelerator
  infos:
  - type: Accelerator
    model: NV_GPU:A800-SXM4-80GB
  - type: Accelerator
    model: NV_GPU:A800-SXM4-80GB
profiler_backends: []

Node groups' details are: 
label: cluster
nodes: '0'
hardware_type: Accelerator
ignore_hardware: false
env_configs: null

label: node
nodes: '0'
hardware_type: null
ignore_hardware: true
env_configs: null

[INFO 23:09:48 FlexiblePlacementStrategy] 
[INFO 23:09:48 FlexiblePlacementStrategy] Using flexible placement with hardware ranks: [[0], [1]], node groups: ['cluster'].
[INFO 23:09:48 FlexiblePlacementStrategy] 
[INFO 23:09:48 FlexiblePlacementStrategy] Using flexible placement with hardware ranks: [[0], [1]], node groups: ['cluster'].
{
  "env": {
    "train": {
      "env_type": "robotwin",
      "total_num_envs": 16,
      "auto_reset": false,
      "ignore_terminations": false,
      "reward_coef": 1.0,
      "use_custom_reward": true,
      "use_rel_reward": true,
      "center_crop": false,
      "seed": 0,
      "group_size": 8,
      "use_fixed_reset_state_ids": false,
      "max_steps_per_rollout_epoch": 200,
      "max_episode_steps": 200,
      "is_eval": false,
      "assets_path": "/root/autodl-tmp/idea2_dvac_train_wamppo/RoboTwin_RLinf",
      "seeds_path": "/root/autodl-tmp/RLinf_idea2_dvac_train/rlinf/envs/robotwin/seeds/train_seeds.json",
      "video_cfg": {
        "save_video": false,
        "info_on_video": true,
        "video_base_dir": "/root/autodl-tmp/idea2_dvac_train_runs/idea2_dvac_apply_smoke_2step_2gpu16env_20260820/video/train"
      },
      "enable_offload": true,
      "task_config": {
        "task_name": "adjust_bottle",
        "step_lim": 200,
        "planner_backend": "mplib",
        "render_freq": 0,
        "episode_num": 100,
        "use_seed": false,
        "save_freq": 15,
        "embodiment": [
          "aloha-agilex"
        ],
        "language_num": 100,
        "domain_randomization": {
          "random_background": false,
          "cluttered_table": false,
          "clean_background_rate": 1,
          "random_head_camera_dis": 0,
          "random_table_height": 0,
          "random_light": false,
          "crazy_random_light_rate": 0
        },
        "camera": {
          "head_camera_type": "D435",
          "wrist_camera_type": "D435",
          "collect_head_camera": true,
          "collect_wrist_camera": true
        },
        "data_type": {
          "rgb": true,
          "third_view": false,
          "depth": false,
          "pointcloud": false,
          "observer": false,
          "endpose": false,
          "qpos": true,
          "mesh_segmentation": false,
          "actor_segmentation": false
        },
        "pcd_down_sample_num": 1024,
        "pcd_crop": true,
        "save_path": "./data",
        "clear_cache_freq": 1,
        "collect_data": true,
        "eval_video_log": true,
        "control_trace": {
          "enabled": true,
          "output_dir": "/root/autodl-tmp/idea2_dvac_train_runs/idea2_dvac_apply_smoke_2step_2gpu16env_20260820/control_trace",
          "worker_indices": [
            0
          ],
          "env_slots": [
            0
          ],
          "max_episodes_per_slot": 1,
          "camera": "head_camera",
          "fps": 10,
          "crf": 32,
          "output_width": 160,
          "output_height": 120,
          "max_frames_per_episode": 200,
          "max_frames_per_query": 50
        }
      },
      "rollout_epoch": 8
    },
    "eval": {
      "env_type": "robotwin",
      "total_num_envs": 4,
      "auto_reset": true,
      "ignore_terminations": true,
      "reward_coef": 1.0,
      "use_custom_reward": true,
      "use_rel_reward": true,
      "center_crop": false,
      "seed": 0,
      "group_size": 1,
      "use_fixed_reset_state_ids": false,
      "max_steps_per_rollout_epoch": 200,
      "max_episode_steps": 200,
      "is_eval": true,
      "assets_path": "/root/autodl-tmp/idea2_dvac_train_wamppo/RoboTwin_RLinf",
      "seeds_path": "/root/autodl-tmp/RLinf_idea2_dvac_train/rlinf/envs/robotwin/seeds/eval_seeds.json",
      "video_cfg": {
        "save_video": false,
        "info_on_video": true,
        "video_base_dir": "/root/autodl-tmp/idea2_dvac_train_runs/idea2_dvac_apply_smoke_2step_2gpu16env_20260820/video/eval"
      },
      "enable_offload": false,
      "task_config": {
        "task_name": "adjust_bottle",
        "step_lim": 200,
        "planner_backend": "mplib",
        "render_freq": 0,
        "episode_num": 100,
        "use_seed": false,
        "save_freq": 15,
        "embodiment": [
          "aloha-agilex"
        ],
        "language_num": 100,
        "domain_randomization": {
          "random_background": false,
          "cluttered_table": false,
          "clean_background_rate": 1,
          "random_head_camera_dis": 0,
          "random_table_height": 0,
          "random_light": false,
          "crazy_random_light_rate": 0
        },
        "camera": {
          "head_camera_type": "D435",
          "wrist_camera_type": "D435",
          "collect_head_camera": true,
          "collect_wrist_camera": true
        },
        "data_type": {
          "rgb": true,
          "third_view": false,
          "depth": false,
          "pointcloud": false,
          "observer": false,
          "endpose": false,
          "qpos": true,
          "mesh_segmentation": false,
          "actor_segmentation": false
        },
        "pcd_down_sample_num": 1024,
        "pcd_crop": true,
        "save_path": "./data",
        "clear_cache_freq": 1,
        "collect_data": true,
        "eval_video_log": true
      },
      "rollout_epoch": 16
    },
    "group_name": "EnvGroup",
    "enable_offload": false
  },
  "actor": {
    "model": {
      "model_type": "openpi",
      "model_path": "/root/autodl-tmp/models/rlinf/RLinf-Pi0-RoboTwin-SFT-adjust_bottle",
      "precision": null,
      "num_action_chunks": 50,
      "action_dim": 14,
      "is_lora": false,
      "lora_rank": 32,
      "use_proprio": true,
      "num_steps": 4,
      "add_value_head": false,
      "openpi": {
        "config_name": "pi0_aloha_robotwin",
        "num_images_in_input": 3,
        "noise_level": 0.5,
        "action_chunk": 50,
        "num_steps": 4,
        "train_expert_only": true,
        "action_env_dim": 14,
        "noise_method": "flow_sde",
        "add_value_head": false,
        "detach_critic_input": false,
        "use_dsrl": false,
        "dsrl_state_dim": 8,
        "dsrl_action_noise_dim": 32,
        "dsrl_num_q_heads": 10,
        "dsrl_agg_q": "mean",
        "dsrl_image_latent_dim": 64,
        "dsrl_state_latent_dim": 64,
        "dsrl_hidden_dims": [
          128,
          128,
          128
        ]
      }
    },
    "fsdp_config": {
      "strategy": "fsdp",
      "sharding_strategy": "full_shard",
      "gradient_checkpointing": false,
      "cpu_offload": false,
      "offload_pin_memory": false,
      "reshard_after_forward": true,
      "enable_gradient_accumulation": true,
      "forward_prefetch": false,
      "limit_all_gathers": false,
      "backward_prefetch": null,
      "use_orig_params": false,
      "use_liger_kernel": false,
      "mixed_precision": {
        "param_dtype": null,
        "reduce_dtype": null,
        "buffer_dtype": null
      },
      "amp_autocast": {
        "enabled": false,
        "precision": "bf16"
      },
      "grad_scaler": {
        "enabled": false,
        "init_scale": null,
        "growth_interval": null
      },
      "save_full_model_weights": false
    },
    "group_name": "ActorGroup",
    "training_backend": "fsdp",
    "micro_batch_size": 32,
    "global_batch_size": 512,
    "seed": 1234,
    "enable_offload": false,
    "optim": {
      "lr": 5.6e-06,
      "value_lr": 0.00011,
      "adam_beta1": 0.9,
      "adam_beta2": 0.95,
      "adam_eps": 1e-08,
      "weight_decay": 0.01,
      "clip_grad": 1.0,
      "critic_warmup_steps": 0
    }
  },
  "weight_syncer": {
    "type": "patch",
    "patch": {
      "snapshot_device": "cpu",
      "delta_encoding": true,
      "compression": "none",
      "init_sync": {
        "enabled": true,
        "prefixes": null,
        "bucket_size": 134217728
      },
      "transport_device": "cpu"
    }
  },
  "cluster": {
    "num_nodes": 1,
    "component_placement": {
      "actor, env, rollout": "0-1"
    }
  },
  "runner": {
    "task_type": "embodied",
    "logger": {
      "log_path": "/root/autodl-tmp/idea2_dvac_train_runs/idea2_dvac_apply_smoke_2step_2gpu16env_20260820",
      "project_name": "rlinf",
      "experiment_name": "idea2_dvac_apply_smoke_2step_2gpu16env_20260820",
      "logger_backends": [
        "tensorboard"
      ]
    },
    "max_epochs": 1000,
    "max_steps": 2,
    "only_eval": false,
    "val_check_interval": -1,
    "save_interval": 10,
    "resume_dir": null,
    "ckpt_path": null,
    "per_worker_log": false,
    "per_worker_log_path": null,
    "weight_sync_interval": 1,
    "overlap_env_bootstrap": false
  },
  "algorithm": {
    "normalize_advantages": true,
    "kl_penalty": "kl",
    "group_size": 8,
    "reward_coef": 1.0,
    "reward_type": "chunk_level",
    "logprob_type": "chunk_level",
    "entropy_type": "token_level",
    "update_epoch": 2,
    "adv_type": "grpo",
    "loss_type": "actor",
    "loss_agg_func": "token-mean",
    "kl_beta": 0.0,
    "entropy_bonus": 0,
    "clip_ratio_high": 0.2,
    "clip_ratio_low": 0.2,
    "clip_ratio_c": 3.0,
    "value_clip": 0.2,
    "huber_delta": 10.0,
    "gamma": 0.99,
    "gae_lambda": 0.95,
    "filter_rewards": true,
    "rewards_lower_bound": 0.1,
    "rewards_upper_bound": 0.9,
    "dvac_gradient_weighting": {
      "mode": "apply",
      "l_values": [
        2,
        3,
        4
      ],
      "selected_l": 3,
      "warmup_steps": 1,
      "window_steps": 5,
      "stats_scope": "global_all_queries_all_h",
      "log_eps": 1e-12,
      "std_floor": 1e-06,
      "z_clip": 2.0,
      "strength": 0.1,
      "output_dir": "/root/autodl-tmp/idea2_dvac_train_runs/idea2_dvac_apply_smoke_2step_2gpu16env_20260820/dvac_train"
    }
  },
  "rollout": {
    "group_name": "RolloutGroup",
    "backend": "huggingface",
    "recompute_logprobs": false,
    "enable_offload": false,
    "pipeline_stage_num": 1,
    "model": {
      "model_path": "/root/autodl-tmp/models/rlinf/RLinf-Pi0-RoboTwin-SFT-adjust_bottle",
      "precision": null
    }
  },
  "reward": {
    "use_reward_model": false
  },
  "critic": {
    "use_critic_model": false
  }
}[INFO 23:09:48 FlexiblePlacementStrategy] 
[INFO 23:09:48 FlexiblePlacementStrategy] Using flexible placement with hardware ranks: [[0], [1]], node groups: ['cluster'].
[INFO 23:09:48 FlexiblePlacementStrategy] Generated 2 placements: [Placement(rank=0, cluster_node_rank=0, placement_node_rank=0, local_accelerator_rank=0, accelerator_type='NV_GPU', local_rank=0, local_world_size=2, visible_accelerators=['0'], isolate_accelerator=True, local_hardware_ranks=[0], node_group_label='cluster'), Placement(rank=1, cluster_node_rank=0, placement_node_rank=0, local_accelerator_rank=1, accelerator_type='NV_GPU', local_rank=1, local_world_size=2, visible_accelerators=['1'], isolate_accelerator=True, local_hardware_ranks=[1], node_group_label='cluster')].
[INFO 23:09:48 FlexiblePlacementStrategy] Generated 2 placements: [Placement(rank=0, cluster_node_rank=0, placement_node_rank=0, local_accelerator_rank=0, accelerator_type='NV_GPU', local_rank=0, local_world_size=2, visible_accelerators=['0'], isolate_accelerator=True, local_hardware_ranks=[0], node_group_label='cluster'), Placement(rank=1, cluster_node_rank=0, placement_node_rank=0, local_accelerator_rank=1, accelerator_type='NV_GPU', local_rank=1, local_world_size=2, visible_accelerators=['1'], isolate_accelerator=True, local_hardware_ranks=[1], node_group_label='cluster')].
[INFO 23:09:48 FlexiblePlacementStrategy] Generated 2 placements: [Placement(rank=0, cluster_node_rank=0, placement_node_rank=0, local_accelerator_rank=0, accelerator_type='NV_GPU', local_rank=0, local_world_size=2, visible_accelerators=['0'], isolate_accelerator=True, local_hardware_ranks=[0], node_group_label='cluster'), Placement(rank=1, cluster_node_rank=0, placement_node_rank=0, local_accelerator_rank=1, accelerator_type='NV_GPU', local_rank=1, local_world_size=2, visible_accelerators=['1'], isolate_accelerator=True, local_hardware_ranks=[1], node_group_label='cluster')].
[INFO 23:09:48 NodePlacementStrategy] 
[INFO 23:09:48 NodePlacementStrategy] Using node placement with node ranks: [0], node groups: ['node'].
[INFO 23:09:48 NodePlacementStrategy] Generated 1 placements: [Placement(rank=0, cluster_node_rank=0, placement_node_rank=0, local_accelerator_rank='0', accelerator_type='NV_GPU', local_rank=0, local_world_size=1, visible_accelerators=['0', '1'], isolate_accelerator=True, local_hardware_ranks=[], node_group_label='cluster')].
[INFO 23:09:48 NodePlacementStrategy] 
[INFO 23:09:48 NodePlacementStrategy] Using node placement with node ranks: [0], node groups: ['node'].
[INFO 23:09:48 NodePlacementStrategy] Generated 1 placements: [Placement(rank=0, cluster_node_rank=0, placement_node_rank=0, local_accelerator_rank='0', accelerator_type='NV_GPU', local_rank=0, local_world_size=1, visible_accelerators=['0', '1'], isolate_accelerator=True, local_hardware_ranks=[], node_group_label='cluster')].
[INFO 23:09:49 NodePlacementStrategy] 
[INFO 23:09:49 NodePlacementStrategy] Using node placement with node ranks: [0], node groups: ['node'].
[INFO 23:09:49 NodePlacementStrategy] Generated 1 placements: [Placement(rank=0, cluster_node_rank=0, placement_node_rank=0, local_accelerator_rank='0', accelerator_type='NV_GPU', local_rank=0, local_world_size=1, visible_accelerators=['0', '1'], isolate_accelerator=True, local_hardware_ranks=[], node_group_label='cluster')].
[36m(MultiStepRolloutWorker pid=49218)[0m [INFO 23:09:53 FlexiblePlacementStrategy] 
[36m(MultiStepRolloutWorker pid=49218)[0m [INFO 23:09:53 FlexiblePlacementStrategy] Using flexible placement with hardware ranks: [[0], [1]], node groups: ['cluster'].
[36m(MultiStepRolloutWorker pid=49227)[0m [INFO 23:09:53 FlexiblePlacementStrategy] 
[36m(MultiStepRolloutWorker pid=49227)[0m [INFO 23:09:53 FlexiblePlacementStrategy] Using flexible placement with hardware ranks: [[0], [1]], node groups: ['cluster'].
[36m(pid=49241)[0m WARNING: All log messages before absl::InitializeLog() is called are written to STDERR
[36m(pid=49241)[0m I0000 00:00:1787238593.308705   49241 port.cc:153] oneDNN custom operations are on. You may see slightly different numerical results due to floating-point round-off errors from different computation orders. To turn them off, set the environment variable `TF_ENABLE_ONEDNN_OPTS=0`.
[36m(pid=49244)[0m WARNING: All log messages before absl::InitializeLog() is called are written to STDERR
[36m(pid=49244)[0m I0000 00:00:1787238593.420012   49244 port.cc:153] oneDNN custom operations are on. You may see slightly different numerical results due to floating-point round-off errors from different computation orders. To turn them off, set the environment variable `TF_ENABLE_ONEDNN_OPTS=0`.
[36m(EmbodiedFSDPActor pid=49209)[0m [INFO 23:09:54 FlexiblePlacementStrategy] 
[36m(EmbodiedFSDPActor pid=49209)[0m [INFO 23:09:54 FlexiblePlacementStrategy] Using flexible placement with hardware ranks: [[0], [1]], node groups: ['cluster'].
[36m(EmbodiedFSDPActor pid=49215)[0m [INFO 23:09:54 FlexiblePlacementStrategy] 
[36m(EmbodiedFSDPActor pid=49215)[0m [INFO 23:09:54 FlexiblePlacementStrategy] Using flexible placement with hardware ranks: [[0], [1]], node groups: ['cluster'].
[36m(pid=49241)[0m WARNING: All log messages before absl::InitializeLog() is called are written to STDERR
[36m(pid=49241)[0m I0000 00:00:1787238595.038351   49241 port.cc:153] oneDNN custom operations are on. You may see slightly different numerical results due to floating-point round-off errors from different computation orders. To turn them off, set the environment variable `TF_ENABLE_ONEDNN_OPTS=0`.
[36m(pid=49244)[0m WARNING: All log messages before absl::InitializeLog() is called are written to STDERR
[36m(pid=49244)[0m I0000 00:00:1787238595.001032   49244 port.cc:153] oneDNN custom operations are on. You may see slightly different numerical results due to floating-point round-off errors from different computation orders. To turn them off, set the environment variable `TF_ENABLE_ONEDNN_OPTS=0`.
[36m(RolloutGroup(rank=0) pid=49218)[0m WARNING: All log messages before absl::InitializeLog() is called are written to STDERR
[36m(RolloutGroup(rank=0) pid=49218)[0m I0000 00:00:1787238595.125249   50969 port.cc:153] oneDNN custom operations are on. You may see slightly different numerical results due to floating-point round-off errors from different computation orders. To turn them off, set the environment variable `TF_ENABLE_ONEDNN_OPTS=0`.
[36m(RolloutGroup(rank=1) pid=49227)[0m WARNING: All log messages before absl::InitializeLog() is called are written to STDERR
[36m(RolloutGroup(rank=1) pid=49227)[0m I0000 00:00:1787238595.136233   50967 port.cc:153] oneDNN custom operations are on. You may see slightly different numerical results due to floating-point round-off errors from different computation orders. To turn them off, set the environment variable `TF_ENABLE_ONEDNN_OPTS=0`.
[36m(RolloutGroup(rank=0) pid=49218)[0m WARNING: All log messages before absl::InitializeLog() is called are written to STDERR
[36m(RolloutGroup(rank=0) pid=49218)[0m I0000 00:00:1787238596.702163   50969 port.cc:153] oneDNN custom operations are on. You may see slightly different numerical results due to floating-point round-off errors from different computation orders. To turn them off, set the environment variable `TF_ENABLE_ONEDNN_OPTS=0`.
[36m(RolloutGroup(rank=1) pid=49227)[0m WARNING: All log messages before absl::InitializeLog() is called are written to STDERR
[36m(RolloutGroup(rank=1) pid=49227)[0m I0000 00:00:1787238596.702165   50967 port.cc:153] oneDNN custom operations are on. You may see slightly different numerical results due to floating-point round-off errors from different computation orders. To turn them off, set the environment variable `TF_ENABLE_ONEDNN_OPTS=0`.
[36m(EnvWorker pid=49241)[0m [INFO 23:09:56 FlexiblePlacementStrategy] 
[36m(EnvWorker pid=49241)[0m [INFO 23:09:56 FlexiblePlacementStrategy] Using flexible placement with hardware ranks: [[0], [1]], node groups: ['cluster'].
[36m(EnvWorker pid=49244)[0m [INFO 23:09:56 FlexiblePlacementStrategy] 
[36m(EnvWorker pid=49244)[0m [INFO 23:09:56 FlexiblePlacementStrategy] Using flexible placement with hardware ranks: [[0], [1]], node groups: ['cluster'].
[36m(EnvGroup(rank=0) pid=49241)[0m /root/autodl-tmp/RLinf/.venv/lib/python3.11/site-packages/sapien/_vulkan_tricks.py:73: UserWarning: Failed to find Vulkan ICD file. This is probably due to an incorrect or partial installation of the NVIDIA driver. SAPIEN will attempt to provide an ICD file anyway but it may not work.
[36m(EnvGroup(rank=0) pid=49241)[0m   warn(
[36m(EnvGroup(rank=1) pid=49244)[0m /root/autodl-tmp/RLinf/.venv/lib/python3.11/site-packages/sapien/_vulkan_tricks.py:73: UserWarning: Failed to find Vulkan ICD file. This is probably due to an incorrect or partial installation of the NVIDIA driver. SAPIEN will attempt to provide an ICD file anyway but it may not work.
[36m(EnvGroup(rank=1) pid=49244)[0m   warn(
[36m(RolloutGroup(rank=1) pid=49227)[0m INFO:datasets:PyTorch version 2.6.0 available.
[36m(RolloutGroup(rank=1) pid=49227)[0m INFO:datasets:Polars version 1.41.2 available.
[36m(RolloutGroup(rank=1) pid=49227)[0m INFO:datasets:TensorFlow version 2.21.0 available.
[36m(RolloutGroup(rank=1) pid=49227)[0m INFO:datasets:JAX version 0.5.3 available.
[36m(RolloutGroup(rank=0) pid=49218)[0m INFO:datasets:PyTorch version 2.6.0 available.
[36m(RolloutGroup(rank=0) pid=49218)[0m INFO:datasets:Polars version 1.41.2 available.
[36m(RolloutGroup(rank=0) pid=49218)[0m INFO:datasets:TensorFlow version 2.21.0 available.
[36m(RolloutGroup(rank=0) pid=49218)[0m INFO:datasets:JAX version 0.5.3 available.
[36m(EnvGroup(rank=0) pid=49241)[0m Traceback (most recent call last):
[36m(EnvGroup(rank=0) pid=49241)[0m   File "/root/autodl-tmp/idea2_dvac_train_wamppo/RoboTwin_RLinf/envs/robot/planner.py", line 297, in <module>
[36m(EnvGroup(rank=0) pid=49241)[0m     from curobo.types.math import Pose as CuroboPose
[36m(EnvGroup(rank=0) pid=49241)[0m ModuleNotFoundError: No module named 'curobo.types.math'; 'curobo.types' is not a package
[36m(EnvGroup(rank=1) pid=49244)[0m Traceback (most recent call last):
[36m(EnvGroup(rank=1) pid=49244)[0m   File "/root/autodl-tmp/idea2_dvac_train_wamppo/RoboTwin_RLinf/envs/robot/planner.py", line 297, in <module>
[36m(EnvGroup(rank=1) pid=49244)[0m     from curobo.types.math import Pose as CuroboPose
[36m(EnvGroup(rank=1) pid=49244)[0m ModuleNotFoundError: No module named 'curobo.types.math'; 'curobo.types' is not a package
[36m(RolloutGroup(rank=1) pid=49227)[0m INFO:root:Loaded norm stats from /root/autodl-tmp/models/rlinf/RLinf-Pi0-RoboTwin-SFT-adjust_bottle/physical-intelligence/robotwin
[36m(RolloutGroup(rank=1) pid=49227)[0m INFO:root:Loaded norm stats from /root/autodl-tmp/models/rlinf/RLinf-Pi0-RoboTwin-SFT-adjust_bottle/physical-intelligence/robotwin
[36m(RolloutGroup(rank=0) pid=49218)[0m INFO:root:Loaded norm stats from /root/autodl-tmp/models/rlinf/RLinf-Pi0-RoboTwin-SFT-adjust_bottle/physical-intelligence/robotwin
[36m(RolloutGroup(rank=0) pid=49218)[0m INFO:root:Loaded norm stats from /root/autodl-tmp/models/rlinf/RLinf-Pi0-RoboTwin-SFT-adjust_bottle/physical-intelligence/robotwin
[36m(ActorGroup(rank=0) pid=49209)[0m WARNING: All log messages before absl::InitializeLog() is called are written to STDERR
[36m(ActorGroup(rank=0) pid=49209)[0m I0000 00:00:1787238652.616257   51115 port.cc:153] oneDNN custom operations are on. You may see slightly different numerical results due to floating-point round-off errors from different computation orders. To turn them off, set the environment variable `TF_ENABLE_ONEDNN_OPTS=0`.
[36m(ActorGroup(rank=1) pid=49215)[0m WARNING: All log messages before absl::InitializeLog() is called are written to STDERR
[36m(ActorGroup(rank=1) pid=49215)[0m I0000 00:00:1787238652.742071   51113 port.cc:153] oneDNN custom operations are on. You may see slightly different numerical results due to floating-point round-off errors from different computation orders. To turn them off, set the environment variable `TF_ENABLE_ONEDNN_OPTS=0`.
[36m(ActorGroup(rank=0) pid=49209)[0m WARNING: All log messages before absl::InitializeLog() is called are written to STDERR
[36m(ActorGroup(rank=0) pid=49209)[0m I0000 00:00:1787238653.823373   51115 port.cc:153] oneDNN custom operations are on. You may see slightly different numerical results due to floating-point round-off errors from different computation orders. To turn them off, set the environment variable `TF_ENABLE_ONEDNN_OPTS=0`.
[36m(ActorGroup(rank=1) pid=49215)[0m WARNING: All log messages before absl::InitializeLog() is called are written to STDERR
[36m(ActorGroup(rank=1) pid=49215)[0m I0000 00:00:1787238653.988205   51113 port.cc:153] oneDNN custom operations are on. You may see slightly different numerical results due to floating-point round-off errors from different computation orders. To turn them off, set the environment variable `TF_ENABLE_ONEDNN_OPTS=0`.
[36m(ActorGroup(rank=0) pid=49209)[0m INFO:datasets:PyTorch version 2.6.0 available.
[36m(ActorGroup(rank=0) pid=49209)[0m INFO:datasets:Polars version 1.41.2 available.
[36m(ActorGroup(rank=0) pid=49209)[0m INFO:datasets:TensorFlow version 2.21.0 available.
[36m(ActorGroup(rank=0) pid=49209)[0m INFO:datasets:JAX version 0.5.3 available.
[36m(ActorGroup(rank=1) pid=49215)[0m INFO:datasets:PyTorch version 2.6.0 available.
[36m(ActorGroup(rank=1) pid=49215)[0m INFO:datasets:Polars version 1.41.2 available.
[36m(ActorGroup(rank=1) pid=49215)[0m INFO:datasets:TensorFlow version 2.21.0 available.
[36m(ActorGroup(rank=1) pid=49215)[0m INFO:datasets:JAX version 0.5.3 available.
[36m(ActorGroup(rank=0) pid=49209)[0m INFO:root:Loaded norm stats from /root/autodl-tmp/models/rlinf/RLinf-Pi0-RoboTwin-SFT-adjust_bottle/physical-intelligence/robotwin
[36m(ActorGroup(rank=0) pid=49209)[0m INFO:root:Loaded norm stats from /root/autodl-tmp/models/rlinf/RLinf-Pi0-RoboTwin-SFT-adjust_bottle/physical-intelligence/robotwin
[36m(ActorGroup(rank=1) pid=49215)[0m INFO:root:Loaded norm stats from /root/autodl-tmp/models/rlinf/RLinf-Pi0-RoboTwin-SFT-adjust_bottle/physical-intelligence/robotwin
[36m(ActorGroup(rank=1) pid=49215)[0m INFO:root:Loaded norm stats from /root/autodl-tmp/models/rlinf/RLinf-Pi0-RoboTwin-SFT-adjust_bottle/physical-intelligence/robotwin
[36m(RolloutGroup(rank=0) pid=49218)[0m Generating Rollout Epochs:   0%|          | 0/8 [00:00<?, ?it/s]
[36m(RolloutGroup(rank=0) pid=49218)[0m Generating Rollout Epochs:  12%|█▎        | 1/8 [02:21<16:28, 141.20s/it]
[36m(RolloutGroup(rank=0) pid=49218)[0m Generating Rollout Epochs:  25%|██▌       | 2/8 [03:47<10:53, 108.91s/it]
[36m(RolloutGroup(rank=0) pid=49218)[0m Generating Rollout Epochs:  38%|███▊      | 3/8 [05:21<08:31, 102.28s/it]
[36m(RolloutGroup(rank=0) pid=49218)[0m Generating Rollout Epochs:  50%|█████     | 4/8 [06:46<06:21, 95.36s/it] 
[36m(RolloutGroup(rank=0) pid=49218)[0m Generating Rollout Epochs:  62%|██████▎   | 5/8 [08:18<04:41, 93.95s/it]
[36m(RolloutGroup(rank=0) pid=49218)[0m Generating Rollout Epochs:  75%|███████▌  | 6/8 [09:50<03:06, 93.42s/it]
[36m(RolloutGroup(rank=0) pid=49218)[0m Generating Rollout Epochs:  88%|████████▊ | 7/8 [11:20<01:32, 92.20s/it]
[36m(RolloutGroup(rank=0) pid=49218)[0m Generating Rollout Epochs: 100%|██████████| 8/8 [12:52<00:00, 92.12s/it]Generating Rollout Epochs: 100%|██████████| 8/8 [12:52<00:00, 96.52s/it]
[36m(RolloutGroup(rank=0) pid=49218)[0m Generating Rollout Epochs:   0%|          | 0/8 [00:00<?, ?it/s]
[36m(RolloutGroup(rank=0) pid=49218)[0m Generating Rollout Epochs:  12%|█▎        | 1/8 [01:40<11:44, 100.63s/it]
[36m(RolloutGroup(rank=0) pid=49218)[0m Generating Rollout Epochs:  25%|██▌       | 2/8 [03:04<09:04, 90.69s/it] 
[36m(RolloutGroup(rank=0) pid=49218)[0m Generating Rollout Epochs:  38%|███▊      | 3/8 [04:29<07:20, 88.12s/it]
[36m(RolloutGroup(rank=0) pid=49218)[0m Generating Rollout Epochs:  50%|█████     | 4/8 [06:02<06:00, 90.17s/it]
[36m(RolloutGroup(rank=0) pid=49218)[0m Generating Rollout Epochs:  62%|██████▎   | 5/8 [07:33<04:31, 90.44s/it]
[36m(RolloutGroup(rank=0) pid=49218)[0m Generating Rollout Epochs:  75%|███████▌  | 6/8 [08:59<02:57, 88.74s/it]
[36m(RolloutGroup(rank=0) pid=49218)[0m Generating Rollout Epochs:  88%|████████▊ | 7/8 [10:35<01:31, 91.25s/it]
[36m(RolloutGroup(rank=0) pid=49218)[0m Generating Rollout Epochs: 100%|██████████| 8/8 [12:06<00:00, 91.28s/it]Generating Rollout Epochs: 100%|██████████| 8/8 [12:06<00:00, 90.86s/it]
[INFO 23:37:38 RLinf] Saving checkpoint at step 2.
[36m(ActorGroup(rank=0) pid=49209)[0m /root/autodl-tmp/RLinf/.venv/lib/python3.11/site-packages/torch/distributed/distributed_c10d.py:863: UserWarning: `_get_pg_default_device` will be deprecated, it only stays for backward-compatiblity reason. If you need to find a device for object collectives, please use `_get_object_coll_device`. If you need to query the device types supported by group, please use `_device_capability(group)`. 
[36m(ActorGroup(rank=0) pid=49209)[0m   warnings.warn(
[36m(ActorGroup(rank=1) pid=49215)[0m /root/autodl-tmp/RLinf/.venv/lib/python3.11/site-packages/torch/distributed/distributed_c10d.py:863: UserWarning: `_get_pg_default_device` will be deprecated, it only stays for backward-compatiblity reason. If you need to find a device for object collectives, please use `_get_object_coll_device`. If you need to query the device types supported by group, please use `_device_capability(group)`. 
[36m(ActorGroup(rank=1) pid=49215)[0m   warnings.warn(

[36m(EmbodiedFSDPActor pid=49209)[0m [WARNING 23:09:54 ActorGroup-Rank-0][fsdp_model_manager.py:70] Provided there is sufficient GPU memory, set the actor.model.precision parameter to fp32 to allow the optimizer to run in fp32 for better convergence. Meanwhile, setting mixed_precision.param_dtype to 16-bit dtype can help maximize speed, as it will automatically convert fp32 to fp16 during operator execution.
[36m(EmbodiedFSDPActor pid=49215)[0m [WARNING 23:09:54 ActorGroup-Rank-1][fsdp_model_manager.py:70] Provided there is sufficient GPU memory, set the actor.model.precision parameter to fp32 to allow the optimizer to run in fp32 for better convergence. Meanwhile, setting mixed_precision.param_dtype to 16-bit dtype can help maximize speed, as it will automatically convert fp32 to fp16 during operator execution.
[36m(EmbodiedFSDPActor pid=49209)[0m [INFO 23:09:54 ActorGroup-Rank-0][fsdp_model_manager.py:124] [FSDP] AMP is disabled.
[36m(EmbodiedFSDPActor pid=49215)[0m [INFO 23:09:54 ActorGroup-Rank-1][fsdp_model_manager.py:124] [FSDP] AMP is disabled.
[36m(EnvGroup(rank=0) pid=49241)[0m [planner.py]: Something wrong happened when importing CuroboPlanner! Please check if Curobo is installed correctly. If the problem still exists, you can install Curobo from https://github.com/NVlabs/curobo manually.
[36m(EnvGroup(rank=0) pid=49241)[0m Exception traceback:
[36m(EnvGroup(rank=0) pid=49241)[0m missing pytorch3d
[36m(EnvGroup(rank=1) pid=49244)[0m [planner.py]: Something wrong happened when importing CuroboPlanner! Please check if Curobo is installed correctly. If the problem still exists, you can install Curobo from https://github.com/NVlabs/curobo manually.
[36m(EnvGroup(rank=1) pid=49244)[0m Exception traceback:
[36m(EnvGroup(rank=1) pid=49244)[0m missing pytorch3d
[36m(ActorGroup(rank=1) pid=49215)[0m [INFO 23:11:48 ActorGroup-Rank-1][fsdp_model_manager.py:282] [FSDP] Gradient checkpointing is disabled
[36m(ActorGroup(rank=0) pid=49209)[0m [INFO 23:11:48 ActorGroup-Rank-0][fsdp_model_manager.py:282] [FSDP] Gradient checkpointing is disabled

╭──────────────────────────────────────────────────────────────────────────────────────────────────────────────────────╮
├──────────────────────────────────────────────────── Metric Table ────────────────────────────────────────────────────┤
│ Global Step:    1/2 │ Progress: ████████████████████░░░░░░░░░░░░░░░░░░░░ │  50.0%                                    │
│ Elapsed: 13:22 │ ETA: 13:22 │ Step Time: 802.636s                                                                    │
├──────────────────────────────────────────────────────── Time ────────────────────────────────────────────────────────┤
│                                                                                                                      │
│actor/actor/compute_adv=0.048          │actor/actor/recv_traj=773.6            │actor/actor/sync_model_to_rollout=11.…│
│actor/run_training=17.144              │cal_adv_and_returns=0.052              │env/compute_bootstrap_rewards=0.0028  │
│env/env/bootstrap_step=439.3           │env/env/send_rollout_trajectories=0.523│env/env_interact_step=315.6           │
│env/interact=773.4                     │env/run_interact_once=772.7            │generate_rollouts=773.8               │
│rollout/generate_one_epoch=772.1       │rollout/predict=13.288                 │rollout/rollout/generate=772.1        │
│step=802.6                             │sync_weights=11.663                    │                                      │
│                                                                                                                      │
├──────────────────────────────────────────────────── Environment ─────────────────────────────────────────────────────┤
│                                                                                                                      │
│episode_len=200.0                      │num_trajectories=128                   │return=0.828125                       │
│reward=0.004140625                     │success_once=0.828125                  │                                      │
│                                                                                                                      │
├────────────────────────────────────────────────────── Rollout ───────────────────────────────────────────────────────┤
│                                                                                                                      │
│advantages_max=0.935                   │advantages_mean=-0.118                 │advantages_min=-2.475                 │
│rewards=0.0046                         │                                       │                                      │
│                                                                                                                      │
├─────────────────────────────────────────────────── Training/Actor ───────────────────────────────────────────────────┤
│                                                                                                                      │
│actor/approx_kl=0.088                  │actor/clip_fraction=0.194              │actor/clipped_ratio=0.982             │
│actor/dual_cliped_ratio=0.0000         │actor/dvac_current_mean=-4.443         │actor/dvac_current_std=0.669          │
│actor/dvac_history_mean=0.0000         │actor/dvac_history_std=0.0000          │actor/dvac_warmup=1.000               │
│actor/dvac_weight_mean_rank_local=1.000│actor/entropy_loss=0.0000              │actor/grad_norm=46.749                │
│actor/lr=5.60e-06                      │actor/policy_loss=-1.23e-04            │actor/policy_loss_abs=0.519           │
│actor/ratio=1.001                      │actor/ratio_abs=0.219                  │actor/total_loss=-1.54e-05            │
│                                                                                                                      │
╰──────────────────────────────────────────────────────────────────────────────────────────────────────────────────────╯


╭──────────────────────────────────────────────────────────────────────────────────────────────────────────────────────╮
├──────────────────────────────────────────────────── Metric Table ────────────────────────────────────────────────────┤
│ Global Step:    2/2 │ Progress: ████████████████████████████████████████ │ 100.0%                                    │
│ Elapsed: 26:05 │ ETA: 00:00 │ Step Time: 782.587s                                                                    │
├──────────────────────────────────────────────────────── Time ────────────────────────────────────────────────────────┤
│                                                                                                                      │
│actor/actor/compute_adv=0.0052         │actor/actor/recv_traj=728.4            │actor/actor/sync_model_to_rollout=0.7…│
│actor/run_training=16.613              │cal_adv_and_returns=0.0084             │env/compute_bootstrap_rewards=0.0026  │
│env/env/bootstrap_step=431.4           │env/env/send_rollout_trajectories=0.452│env/env_interact_step=279.3           │
│env/interact=728.1                     │env/run_interact_once=727.4            │generate_rollouts=728.5               │
│rollout/generate_one_epoch=726.9       │rollout/predict=12.919                 │rollout/rollout/generate=726.9        │
│step=762.5                             │sync_weights=1.475                     │                                      │
│                                                                                                                      │
├──────────────────────────────────────────────────── Environment ─────────────────────────────────────────────────────┤
│                                                                                                                      │
│episode_len=200.0                      │num_trajectories=128                   │return=0.7734375                      │
│reward=0.0038671875                    │success_once=0.7734375                 │                                      │
│                                                                                                                      │
├────────────────────────────────────────────────────── Rollout ───────────────────────────────────────────────────────┤
│                                                                                                                      │
│advantages_max=1.208                   │advantages_mean=-0.122                 │advantages_min=-2.475                 │
│rewards=0.0042                         │                                       │                                      │
│                                                                                                                      │
├─────────────────────────────────────────────────── Training/Actor ───────────────────────────────────────────────────┤
│                                                                                                                      │
│actor/approx_kl=0.041                  │actor/clip_fraction=0.104              │actor/clipped_ratio=0.984             │
│actor/dual_cliped_ratio=0.0000         │actor/dvac_current_mean=-4.411         │actor/dvac_current_std=0.640          │
│actor/dvac_history_mean=-4.443         │actor/dvac_history_std=0.669           │actor/dvac_warmup=0.0000              │
│actor/dvac_weight_mean_rank_local=1.018│actor/entropy_loss=0.0000              │actor/grad_norm=40.980                │
│actor/lr=5.60e-06                      │actor/policy_loss=-0.0026              │actor/policy_loss_abs=0.593           │
│actor/ratio=0.990                      │actor/ratio_abs=0.127                  │actor/total_loss=-3.29e-04            │
│                                                                                                                      │
╰──────────────────────────────────────────────────────────────────────────────────────────────────────────────────────╯

