
╭──────────────────────────────────────────────────────────────────────────────────────────────────────────────────────╮
├──────────────────────────────────────────────────── Metric Table ────────────────────────────────────────────────────┤
│ Global Step:    1/2 │ Progress: ████████████████████░░░░░░░░░░░░░░░░░░░░ │  50.0%                                    │
│ Elapsed: 13:22 │ ETA: 13:22 │ Step Time: 802.636s                                                                    │
├──────────────────────────────────────────────────────── Time ────────────────────────────────────────────────────────┤
│                                                                                                                      │
│actor/actor/compute_adv=0.048          │actor/actor/recv_traj=773.6            │actor/actor/sync_model_to_rollout=11.…│
│actor/run_training=17.144              │cal_adv_and_returns=0.052              │env/compute_bootstrap_rewards=0.0028  │
│env/env/bootstrap_step=439.3           │env/env/send_rollout_trajectories=0.523│env/env_interact_step=315.6           │
│env/interact=773.4                     │env/run_interact_once=772.7            │generate_rollouts=773.8               │
│rollout/generate_one_epoch=772.1       │rollout/predict=13.288                 │rollout/rollout/generate=772.1        │
│step=802.6                             │sync_weights=11.663                    │                                      │
│                                                                                                                      │
├──────────────────────────────────────────────────── Environment ─────────────────────────────────────────────────────┤
│                                                                                                                      │
│episode_len=200.0                      │num_trajectories=128                   │return=0.828125                       │
│reward=0.004140625                     │success_once=0.828125                  │                                      │
│                                                                                                                      │
├────────────────────────────────────────────────────── Rollout ───────────────────────────────────────────────────────┤
│                                                                                                                      │
│advantages_max=0.935                   │advantages_mean=-0.118                 │advantages_min=-2.475                 │
│rewards=0.0046                         │                                       │                                      │
│                                                                                                                      │
├─────────────────────────────────────────────────── Training/Actor ───────────────────────────────────────────────────┤
│                                                                                                                      │
│actor/approx_kl=0.088                  │actor/clip_fraction=0.194              │actor/clipped_ratio=0.982             │
│actor/dual_cliped_ratio=0.0000         │actor/dvac_current_mean=-4.443         │actor/dvac_current_std=0.669          │
│actor/dvac_history_mean=0.0000         │actor/dvac_history_std=0.0000          │actor/dvac_warmup=1.000               │
│actor/dvac_weight_mean_rank_local=1.000│actor/entropy_loss=0.0000              │actor/grad_norm=46.749                │
│actor/lr=5.60e-06                      │actor/policy_loss=-1.23e-04            │actor/policy_loss_abs=0.519           │
│actor/ratio=1.001                      │actor/ratio_abs=0.219                  │actor/total_loss=-1.54e-05            │
│                                                                                                                      │
╰──────────────────────────────────────────────────────────────────────────────────────────────────────────────────────╯


╭──────────────────────────────────────────────────────────────────────────────────────────────────────────────────────╮
├──────────────────────────────────────────────────── Metric Table ────────────────────────────────────────────────────┤
│ Global Step:    2/2 │ Progress: ████████████████████████████████████████ │ 100.0%                                    │
│ Elapsed: 26:05 │ ETA: 00:00 │ Step Time: 782.587s                                                                    │
├──────────────────────────────────────────────────────── Time ────────────────────────────────────────────────────────┤
│                                                                                                                      │
│actor/actor/compute_adv=0.0052         │actor/actor/recv_traj=728.4            │actor/actor/sync_model_to_rollout=0.7…│
│actor/run_training=16.613              │cal_adv_and_returns=0.0084             │env/compute_bootstrap_rewards=0.0026  │
│env/env/bootstrap_step=431.4           │env/env/send_rollout_trajectories=0.452│env/env_interact_step=279.3           │
│env/interact=728.1                     │env/run_interact_once=727.4            │generate_rollouts=728.5               │
│rollout/generate_one_epoch=726.9       │rollout/predict=12.919                 │rollout/rollout/generate=726.9        │
│step=762.5                             │sync_weights=1.475                     │                                      │
│                                                                                                                      │
├──────────────────────────────────────────────────── Environment ─────────────────────────────────────────────────────┤
│                                                                                                                      │
│episode_len=200.0                      │num_trajectories=128                   │return=0.7734375                      │
│reward=0.0038671875                    │success_once=0.7734375                 │                                      │
│                                                                                                                      │
├────────────────────────────────────────────────────── Rollout ───────────────────────────────────────────────────────┤
│                                                                                                                      │
│advantages_max=1.208                   │advantages_mean=-0.122                 │advantages_min=-2.475                 │
│rewards=0.0042                         │                                       │                                      │
│                                                                                                                      │
├─────────────────────────────────────────────────── Training/Actor ───────────────────────────────────────────────────┤
│                                                                                                                      │
│actor/approx_kl=0.041                  │actor/clip_fraction=0.104              │actor/clipped_ratio=0.984             │
│actor/dual_cliped_ratio=0.0000         │actor/dvac_current_mean=-4.411         │actor/dvac_current_std=0.640          │
│actor/dvac_history_mean=-4.443         │actor/dvac_history_std=0.669           │actor/dvac_warmup=0.0000              │
│actor/dvac_weight_mean_rank_local=1.018│actor/entropy_loss=0.0000              │actor/grad_norm=40.980                │
│actor/lr=5.60e-06                      │actor/policy_loss=-0.0026              │actor/policy_loss_abs=0.593           │
│actor/ratio=0.990                      │actor/ratio_abs=0.127                  │actor/total_loss=-3.29e-04            │
│                                                                                                                      │
╰──────────────────────────────────────────────────────────────────────────────────────────────────────────────────────╯

