
╭──────────────────────────────────────────────────────────────────────────────────────────────────────────────────────╮
├──────────────────────────────────────────────────── Metric Table ────────────────────────────────────────────────────┤
│ Global Step:    1/2 │ Progress: ████████████████████░░░░░░░░░░░░░░░░░░░░ │  50.0%                                    │
│ Elapsed: 24:57 │ ETA: 24:57 │ Step Time: 1497.197s                                                                   │
├──────────────────────────────────────────────────────── Time ────────────────────────────────────────────────────────┤
│                                                                                                                      │
│actor/actor/compute_adv=0.033          │actor/actor/recv_traj=1405.0           │actor/actor/sync_model_to_rollout=9.5…│
│actor/run_training=54.437              │actor_training=54.442                  │cal_adv_and_returns=0.039             │
│env/compute_bootstrap_rewards=0.0020   │env/env/bootstrap_step=1002.2          │env/env/send_rollout_trajectories=1.0…│
│env/env_interact_step=386.9            │env/interact=1404.1                    │env/run_interact_once=1404.1          │
│generate_rollouts=1406.9               │rollout/generate_one_epoch=1402.1      │rollout/predict=12.499                │
│rollout/rollout/generate=1406.8        │rollout/sync_model_from_actor=8.272    │step=1497.1                           │
│sync_weights=9.518                     │                                       │                                      │
│                                                                                                                      │
├──────────────────────────────────────────────────── Environment ─────────────────────────────────────────────────────┤
│                                                                                                                      │
│episode_len=200.0                      │num_trajectories=256                   │return=0.84375                        │
│reward=0.0042187497                    │success_once=0.84375                   │                                      │
│                                                                                                                      │
├────────────────────────────────────────────────────── Rollout ───────────────────────────────────────────────────────┤
│                                                                                                                      │
│advantages_max=1.208                   │advantages_mean=-0.109                 │advantages_min=-2.475                 │
│rewards=0.0037                         │                                       │                                      │
│                                                                                                                      │
├─────────────────────────────────────────────────── Training/Actor ───────────────────────────────────────────────────┤
│                                                                                                                      │
│actor/approx_kl=0.161                  │actor/clip_fraction=0.029              │actor/clipped_ratio=0.999             │
│actor/dual_cliped_ratio=0.0000         │actor/dvac_current_mean=-7.234         │actor/dvac_current_std=1.436          │
│actor/dvac_history_mean=0.0000         │actor/dvac_history_std=0.0000          │actor/dvac_warmup=1.000               │
│actor/dvac_weight_ess_fraction=1.000   │actor/dvac_weight_mean=1.000           │actor/dvac_weight_sq_mean=1.000       │
│actor/dvac_z_high_clip_fraction=0.0000 │actor/dvac_z_low_clip_fraction=0.0000  │actor/entropy_loss=0.0000             │
│actor/grad_norm=30.859                 │actor/lr=5.00e-06                      │actor/policy_loss=-0.066              │
│actor/policy_loss_abs=14.087           │actor/ratio=1.001                      │actor/ratio_abs=0.050                 │
│actor/total_loss=-0.0082               │                                       │                                      │
│                                                                                                                      │
╰──────────────────────────────────────────────────────────────────────────────────────────────────────────────────────╯


╭──────────────────────────────────────────────────────────────────────────────────────────────────────────────────────╮
├──────────────────────────────────────────────────── Metric Table ────────────────────────────────────────────────────┤
│ Global Step:    2/2 │ Progress: ████████████████████████████████████████ │ 100.0%                                    │
│ Elapsed: 49:21 │ ETA: 00:00 │ Step Time: 1480.884s                                                                   │
├──────────────────────────────────────────────────────── Time ────────────────────────────────────────────────────────┤
│                                                                                                                      │
│actor/actor/compute_adv=0.0075         │actor/actor/recv_traj=1362.8           │actor/actor/sync_model_to_rollout=2.4…│
│actor/run_training=62.914              │actor_training=62.920                  │cal_adv_and_returns=0.014             │
│env/compute_bootstrap_rewards=0.0017   │env/env/bootstrap_step=1000.0          │env/env/send_rollout_trajectories=1.1…│
│env/env_interact_step=356.7            │env/interact=1361.9                    │env/run_interact_once=1361.9          │
│generate_rollouts=1366.2               │rollout/generate_one_epoch=1359.2      │rollout/predict=11.862                │
│rollout/rollout/generate=1366.2        │rollout/sync_model_from_actor=5.396    │step=1464.5                           │
│sync_weights=5.398                     │                                       │                                      │
│                                                                                                                      │
├──────────────────────────────────────────────────── Environment ─────────────────────────────────────────────────────┤
│                                                                                                                      │
│episode_len=200.0                      │num_trajectories=256                   │return=0.83984375                     │
│reward=0.0041992185                    │success_once=0.83984375                │                                      │
│                                                                                                                      │
├────────────────────────────────────────────────────── Rollout ───────────────────────────────────────────────────────┤
│                                                                                                                      │
│advantages_max=1.620                   │advantages_mean=-0.072                 │advantages_min=-2.475                 │
│rewards=0.0035                         │                                       │                                      │
│                                                                                                                      │
├─────────────────────────────────────────────────── Training/Actor ───────────────────────────────────────────────────┤
│                                                                                                                      │
│actor/approx_kl=0.096                  │actor/clip_fraction=0.027              │actor/clipped_ratio=0.844             │
│actor/dual_cliped_ratio=0.0000         │actor/dvac_current_mean=-6.938         │actor/dvac_current_std=1.407          │
│actor/dvac_history_mean=-7.234         │actor/dvac_history_std=1.436           │actor/dvac_warmup=0.0000              │
│actor/dvac_weight_ess_fraction=0.957   │actor/dvac_weight_mean=1.042           │actor/dvac_weight_sq_mean=1.134       │
│actor/dvac_z_high_clip_fraction=0.062  │actor/dvac_z_low_clip_fraction=1.95e-05│actor/entropy_loss=0.0000             │
│actor/grad_norm=15.390                 │actor/lr=5.00e-06                      │actor/policy_loss=0.051               │
│actor/policy_loss_abs=3.842            │actor/ratio=0.845                      │actor/ratio_abs=0.041                 │
│actor/total_loss=0.0064                │                                       │                                      │
│                                                                                                                      │
╰──────────────────────────────────────────────────────────────────────────────────────────────────────────────────────╯

