WARNING: All log messages before absl::InitializeLog() is called are written to STDERR
I0000 00:00:1787563102.931074    4044 port.cc:153] oneDNN custom operations are on. You may see slightly different numerical results due to floating-point round-off errors from different computation orders. To turn them off, set the environment variable `TF_ENABLE_ONEDNN_OPTS=0`.
I0000 00:00:1787563102.981048    4044 cpu_feature_guard.cc:227] This TensorFlow binary is optimized to use available CPU instructions in performance-critical operations.
To enable the following instructions: AVX2 AVX512F AVX512_VNNI FMA, in other operations, rebuild TensorFlow with the appropriate compiler flags.
WARNING: All log messages before absl::InitializeLog() is called are written to STDERR
I0000 00:00:1787563104.420723    4044 port.cc:153] oneDNN custom operations are on. You may see slightly different numerical results due to floating-point round-off errors from different computation orders. To turn them off, set the environment variable `TF_ENABLE_ONEDNN_OPTS=0`.
/root/autodl-tmp/RLinf/.venv/lib/python3.11/site-packages/hydra/_internal/hydra.py:119: UserWarning: Future Hydra versions will no longer change working directory at job runtime by default.
See https://hydra.cc/docs/1.2/upgrades/1.1_to_1.2/changes_to_job_working_dir/ for more information.
  ret = run_job(
2026-08-24 17:18:31,113	WARNING utils.py:461 -- Detecting docker specified CPUs. In previous versions of Ray, CPU detection in containers was incorrect. Please ensure that Ray has enough CPUs allocated. As a temporary workaround to revert to the prior behavior, set `RAY_USE_MULTIPROCESSING_CPU_COUNT=1` as an env var before starting Ray. Set the env var: `RAY_DISABLE_DOCKER_CPU_WARNING=1` to mute this warning.
2026-08-24 17:18:33,452	INFO worker.py:2003 -- Started a local Ray instance. View the dashboard at [1m[32mhttp://127.0.0.1:8265 [39m[22m
[INFO 17:18:35 RLinf] RLinf is running on a cluster with 1 node and 2 accelerators. The nodes' details are: 
node_labels: []
node_rank: 0
ray_id: fbf332f1f274d9bf84233fca5ab27014c61e7344cfa1f2a8e6214061
node_ip: 172.17.0.9
num_cpus: 36
python_interpreter_path: /root/autodl-tmp/RLinf/.venv/bin/python
hardware_resources:
- type: Accelerator
  infos:
  - type: Accelerator
    model: NV_GPU:A800-SXM4-80GB
  - type: Accelerator
    model: NV_GPU:A800-SXM4-80GB
profiler_backends: []

Node groups' details are: 
label: cluster
nodes: '0'
hardware_type: Accelerator
ignore_hardware: false
env_configs: null

label: node
nodes: '0'
hardware_type: null
ignore_hardware: true
env_configs: null

[INFO 17:18:35 FlexiblePlacementStrategy] 
[INFO 17:18:35 FlexiblePlacementStrategy] Using flexible placement with hardware ranks: [[0], [1]], node groups: ['cluster'].
[INFO 17:18:35 FlexiblePlacementStrategy] 
[INFO 17:18:35 FlexiblePlacementStrategy] Using flexible placement with hardware ranks: [[0], [1]], node groups: ['cluster'].
{
  "env": {
    "train": {
      "env_type": "robotwin",
      "total_num_envs": 8,
      "auto_reset": false,
      "ignore_terminations": false,
      "reward_coef": 1.0,
      "use_custom_reward": true,
      "use_rel_reward": false,
      "center_crop": false,
      "seed": 0,
      "group_size": 1,
      "use_fixed_reset_state_ids": false,
      "max_steps_per_rollout_epoch": 200,
      "max_episode_steps": 200,
      "is_eval": false,
      "assets_path": "/root/autodl-tmp/RoboTwin_RLinf",
      "seeds_path": "/root/autodl-tmp/RLinf_rlt_teacher_dvac/rlinf/envs/robotwin/seeds/train_seeds.json",
      "video_cfg": {
        "save_video": false,
        "info_on_video": true,
        "video_base_dir": "/root/autodl-tmp/experiments/rlt_teacher_dvac_w0to2_smoke_8env1c_20260824_v1/video/train"
      },
      "enable_offload": true,
      "task_config": {
        "task_name": "adjust_bottle",
        "step_lim": 200,
        "planner_backend": "mplib",
        "render_freq": 0,
        "episode_num": 100,
        "use_seed": false,
        "save_freq": 15,
        "embodiment": [
          "aloha-agilex"
        ],
        "language_num": 100,
        "domain_randomization": {
          "random_background": false,
          "cluttered_table": false,
          "clean_background_rate": 1,
          "random_head_camera_dis": 0,
          "random_table_height": 0,
          "random_light": false,
          "crazy_random_light_rate": 0
        },
        "camera": {
          "head_camera_type": "D435",
          "wrist_camera_type": "D435",
          "collect_head_camera": true,
          "collect_wrist_camera": true
        },
        "data_type": {
          "rgb": true,
          "third_view": false,
          "depth": false,
          "pointcloud": false,
          "observer": false,
          "endpose": false,
          "qpos": true,
          "mesh_segmentation": false,
          "actor_segmentation": false
        },
        "pcd_down_sample_num": 1024,
        "pcd_crop": true,
        "save_path": "./data",
        "clear_cache_freq": 1,
        "collect_data": true,
        "eval_video_log": true
      },
      "rollout_epoch": 1
    },
    "eval": {
      "env_type": "robotwin",
      "total_num_envs": 4,
      "auto_reset": false,
      "ignore_terminations": true,
      "reward_coef": 1.0,
      "use_custom_reward": true,
      "use_rel_reward": false,
      "center_crop": false,
      "seed": 0,
      "group_size": 1,
      "use_fixed_reset_state_ids": false,
      "max_steps_per_rollout_epoch": 200,
      "max_episode_steps": 200,
      "is_eval": true,
      "assets_path": "/root/autodl-tmp/RoboTwin_RLinf",
      "seeds_path": "/root/autodl-tmp/RLinf_rlt_teacher_dvac/rlinf/envs/robotwin/seeds/eval_seeds_adjust_bottle_rlt_periodic20_v1.json",
      "video_cfg": {
        "save_video": false,
        "info_on_video": true,
        "video_base_dir": "/root/autodl-tmp/experiments/rlt_teacher_dvac_w0to2_smoke_8env1c_20260824_v1/video/eval"
      },
      "enable_offload": false,
      "task_config": {
        "task_name": "adjust_bottle",
        "step_lim": 200,
        "planner_backend": "mplib",
        "render_freq": 0,
        "episode_num": 100,
        "use_seed": false,
        "save_freq": 15,
        "embodiment": [
          "aloha-agilex"
        ],
        "language_num": 100,
        "domain_randomization": {
          "random_background": false,
          "cluttered_table": false,
          "clean_background_rate": 1,
          "random_head_camera_dis": 0,
          "random_table_height": 0,
          "random_light": false,
          "crazy_random_light_rate": 0
        },
        "camera": {
          "head_camera_type": "D435",
          "wrist_camera_type": "D435",
          "collect_head_camera": true,
          "collect_wrist_camera": true
        },
        "data_type": {
          "rgb": true,
          "third_view": false,
          "depth": false,
          "pointcloud": false,
          "observer": false,
          "endpose": false,
          "qpos": true,
          "mesh_segmentation": false,
          "actor_segmentation": false
        },
        "pcd_down_sample_num": 1024,
        "pcd_crop": true,
        "save_path": "./data",
        "clear_cache_freq": 1,
        "collect_data": true,
        "eval_video_log": true
      },
      "rollout_epoch": 5
    },
    "group_name": "EnvGroup",
    "enable_offload": true
  },
  "actor": {
    "fsdp_config": {
      "strategy": "fsdp",
      "sharding_strategy": "no_shard",
      "gradient_checkpointing": false,
      "cpu_offload": false,
      "offload_pin_memory": false,
      "reshard_after_forward": true,
      "enable_gradient_accumulation": true,
      "forward_prefetch": false,
      "limit_all_gathers": false,
      "backward_prefetch": null,
      "use_orig_params": false,
      "use_liger_kernel": false,
      "mixed_precision": {
        "param_dtype": "fp32",
        "reduce_dtype": "fp32",
        "buffer_dtype": "fp32"
      },
      "amp_autocast": {
        "enabled": false,
        "precision": "bf16"
      },
      "grad_scaler": {
        "enabled": false,
        "init_scale": null,
        "growth_interval": null
      }
    },
    "group_name": "ActorGroup",
    "training_backend": "fsdp",
    "micro_batch_size": 128,
    "global_batch_size": 512,
    "seed": 1234,
    "enable_offload": false,
    "model": {
      "model_type": "rlt_mlp_policy",
      "precision": "fp32",
      "z_dim": 2048,
      "proprio_dim": 14,
      "action_dim": 14,
      "num_action_chunks": 10,
      "ref_num_action_chunks": 10,
      "add_value_head": false,
      "add_q_head": true,
      "q_head_type": "default",
      "fixed_std": 0.002,
      "is_lora": false,
      "lora_rank": 32
    },
    "optim": {
      "clip_grad": 10.0,
      "lr": 0.0001,
      "lr_scheduler": "torch_constant"
    },
    "critic_optim": {
      "clip_grad": 10.0,
      "lr": 0.0001,
      "lr_scheduler": "torch_constant"
    }
  },
  "weight_syncer": {
    "type": "patch",
    "patch": {
      "snapshot_device": "cpu",
      "delta_encoding": true,
      "compression": "none",
      "init_sync": {
        "enabled": true,
        "prefixes": null,
        "bucket_size": 134217728
      }
    }
  },
  "cluster": {
    "num_nodes": 1,
    "component_placement": {
      "actor, env, rollout": "0-1"
    }
  },
  "runner": {
    "task_type": "embodied",
    "logger": {
      "log_path": "/root/autodl-tmp/experiments/rlt_teacher_dvac_w0to2_smoke_8env1c_20260824_v1",
      "project_name": "rlinf-rlt",
      "experiment_name": "robotwin_adjust_bottle_rlt_teacher_dvac_w0to2_smoke_8env1c_v1",
      "logger_backends": [
        "tensorboard"
      ]
    },
    "max_epochs": 1000,
    "max_steps": 1,
    "only_eval": false,
    "weight_sync_interval": 1,
    "val_check_interval": 1,
    "save_interval": 1,
    "resume_dir": null,
    "ckpt_path": null,
    "per_worker_log": false,
    "per_worker_log_path": null,
    "overlap_env_bootstrap": false
  },
  "algorithm": {
    "update_epoch": 5,
    "group_size": 1,
    "adv_type": "embodied_sac",
    "loss_type": "rlt_ac",
    "loss_agg_func": "token-mean",
    "agg_q": "min",
    "actor_agg_q": "q1",
    "enable_drq": false,
    "q_head_type": "default",
    "bootstrap_type": "standard",
    "gamma": 0.99,
    "tau": 0.005,
    "rlt_route": {
      "type": "full_task"
    },
    "rlt_transition_replay": {
      "enable": true,
      "compact": true,
      "bootstrap_on_truncation": true
    },
    "rlt_schedule": {
      "enable": true,
      "max_updates_per_train_step": 20,
      "warmup_min_size": 2,
      "warmup_post_collect_updates": 8,
      "train_every_episodes": 0,
      "train_every_transitions": 1
    },
    "q_weight": 1.0,
    "bc_weight": 1.0,
    "reference_dropout_prob": 0.5,
    "actor_weight_schedule": {
      "enable": true,
      "warmup_updates": 4,
      "ramp_updates": 8,
      "warmup_bc_weight": 7.0,
      "warmup_q_weight": 0.05,
      "online_bc_weight": 2.5,
      "online_q_weight": 0.45
    },
    "entropy_tuning": {
      "alpha_type": "fixed_alpha",
      "initial_alpha": 0.0,
      "optim": {
        "lr": 0.0003,
        "lr_scheduler": "torch_constant",
        "clip_grad": 10.0
      }
    },
    "replay_buffer": {
      "enable_cache": true,
      "cache_size": 50000,
      "sample_window_size": 50000,
      "min_buffer_size": 1,
      "auto_save": false
    },
    "target_update_freq": 1,
    "target_update_type": "all",
    "critic_actor_ratio": 2,
    "critic_subsample_size": 0,
    "backup_entropy": false,
    "rlt_resume": {
      "enable": true,
      "schema_version": 1,
      "contract": {
        "stage1_manifest_path": "/root/autodl-tmp/experiment_exports/rlt_stage1_formal_20260729_v1/artifact_acceptance_v2/stage1_artifact_manifest.json",
        "stage1_manifest_id": "robotwin-adjust_bottle-rlt-stage1-clean50-step2000-v1",
        "stage1_manifest_sha256": "6ca58f26f801e4630f26d6aed36c5084ce1ea3fa93730e54aa69a0f2a3712433",
        "norm_stats_sha256": "649ed92b431bd70627febdb00b2385e35fcab5088e72a4e4a4845585f8ce4f6a",
        "canonical_adapter_version": "robotwin_aloha_canonical_v1"
      }
    },
    "rlt_dvac": {
      "mode": "apply",
      "l_values": [
        2,
        3,
        4
      ],
      "selected_l": 3,
      "applied_horizon": 10,
      "log_eps": 1e-12,
      "std_floor": 1e-06,
      "z_clip": 2.0,
      "strength": 0.5,
      "raw_trace_interval_updates": 1,
      "raw_trace_queries_per_update": 4,
      "output_dir": "/root/autodl-tmp/experiments/rlt_teacher_dvac_w0to2_smoke_8env1c_20260824_v1/robotwin_adjust_bottle_rlt_teacher_dvac_w0to2_smoke_8env1c_v1/rlt_dvac"
    }
  },
  "rollout": {
    "group_name": "RolloutGroup",
    "backend": "huggingface",
    "enable_offload": false,
    "pipeline_stage_num": 1,
    "collect_transitions": true,
    "collect_prev_infos": false,
    "model": {
      "model_type": "rlt_mlp_policy",
      "model_path": null,
      "precision": "fp32",
      "action_dim": 14,
      "num_action_chunks": 10,
      "ref_num_action_chunks": 10,
      "z_dim": 2048,
      "proprio_dim": 14,
      "add_q_head": true,
      "q_head_type": "default",
      "fixed_std": 0.002,
      "is_lora": false,
      "lora_rank": 32
    },
    "rlt_feature_model": {
      "model_type": "openpi",
      "model_path": "/root/autodl-tmp/experiments/rlt_stage1_formal_20260729_v1/robotwin_adjust_bottle_rlt_stage1_clean50_2k_v1/checkpoints/global_step_2000",
      "precision": null,
      "num_action_chunks": 10,
      "action_dim": 14,
      "add_value_head": false,
      "is_lora": false,
      "lora_rank": 32,
      "openpi_data": {
        "repo_id": "physical-intelligence/robotwin",
        "default_prompt": "adjust the bottle",
        "norm_stats_path": "/root/autodl-tmp/models/rlinf/RLinf-Pi0-RoboTwin-SFT-adjust_bottle/physical-intelligence/robotwin/norm_stats.json"
      },
      "openpi": {
        "config_name": "pi0_aloha_robotwin",
        "num_images_in_input": 3,
        "action_horizon": 50,
        "action_chunk": 10,
        "action_env_dim": 14,
        "num_steps": 4,
        "state_indices": [],
        "train_expert_only": false,
        "add_value_head": false,
        "detach_critic_input": true,
        "noise_method": "flow_ode",
        "use_rlt": true,
        "rlt_train_vla": false,
        "rlt_alpha": 0.0,
        "rlt_input_dim": 2048,
        "rlt_embed_dim": 2048,
        "rlt_num_rl_tokens": 1,
        "rlt_prefix_seq_len": 768,
        "rlt_num_layers": 2,
        "rlt_num_heads": 8,
        "rlt_mlp_ratio": 4.0,
        "rlt_image_only": true,
        "rlt_use_mask": true,
        "rlt_action_adapter": "robotwin_aloha_canonical_v1",
        "rlt_dvac_mode": "apply"
      }
    },
    "enable_torch_compile": false,
    "enable_cuda_graph": false
  },
  "reward": {
    "use_reward_model": false
  },
  "critic": {
    "use_critic_model": false
  }
}
[INFO 17:18:35 FlexiblePlacementStrategy] 
[INFO 17:18:35 FlexiblePlacementStrategy] Using flexible placement with hardware ranks: [[0], [1]], node groups: ['cluster'].
[INFO 17:18:35 FlexiblePlacementStrategy] Generated 2 placements: [Placement(rank=0, cluster_node_rank=0, placement_node_rank=0, local_accelerator_rank=0, accelerator_type='NV_GPU', local_rank=0, local_world_size=2, visible_accelerators=['0'], isolate_accelerator=True, local_hardware_ranks=[0], node_group_label='cluster'), Placement(rank=1, cluster_node_rank=0, placement_node_rank=0, local_accelerator_rank=1, accelerator_type='NV_GPU', local_rank=1, local_world_size=2, visible_accelerators=['1'], isolate_accelerator=True, local_hardware_ranks=[1], node_group_label='cluster')].
[INFO 17:18:36 FlexiblePlacementStrategy] Generated 2 placements: [Placement(rank=0, cluster_node_rank=0, placement_node_rank=0, local_accelerator_rank=0, accelerator_type='NV_GPU', local_rank=0, local_world_size=2, visible_accelerators=['0'], isolate_accelerator=True, local_hardware_ranks=[0], node_group_label='cluster'), Placement(rank=1, cluster_node_rank=0, placement_node_rank=0, local_accelerator_rank=1, accelerator_type='NV_GPU', local_rank=1, local_world_size=2, visible_accelerators=['1'], isolate_accelerator=True, local_hardware_ranks=[1], node_group_label='cluster')].
[INFO 17:18:36 FlexiblePlacementStrategy] Generated 2 placements: [Placement(rank=0, cluster_node_rank=0, placement_node_rank=0, local_accelerator_rank=0, accelerator_type='NV_GPU', local_rank=0, local_world_size=2, visible_accelerators=['0'], isolate_accelerator=True, local_hardware_ranks=[0], node_group_label='cluster'), Placement(rank=1, cluster_node_rank=0, placement_node_rank=0, local_accelerator_rank=1, accelerator_type='NV_GPU', local_rank=1, local_world_size=2, visible_accelerators=['1'], isolate_accelerator=True, local_hardware_ranks=[1], node_group_label='cluster')].
[INFO 17:18:36 NodePlacementStrategy] 
[INFO 17:18:36 NodePlacementStrategy] Using node placement with node ranks: [0], node groups: ['node'].
[INFO 17:18:36 NodePlacementStrategy] Generated 1 placements: [Placement(rank=0, cluster_node_rank=0, placement_node_rank=0, local_accelerator_rank='0', accelerator_type='NV_GPU', local_rank=0, local_world_size=1, visible_accelerators=['0', '1'], isolate_accelerator=True, local_hardware_ranks=[], node_group_label='cluster')].
[INFO 17:18:36 NodePlacementStrategy] 
[INFO 17:18:36 NodePlacementStrategy] Using node placement with node ranks: [0], node groups: ['node'].
[INFO 17:18:36 NodePlacementStrategy] Generated 1 placements: [Placement(rank=0, cluster_node_rank=0, placement_node_rank=0, local_accelerator_rank='0', accelerator_type='NV_GPU', local_rank=0, local_world_size=1, visible_accelerators=['0', '1'], isolate_accelerator=True, local_hardware_ranks=[], node_group_label='cluster')].
[INFO 17:18:36 NodePlacementStrategy] 
[INFO 17:18:36 NodePlacementStrategy] Using node placement with node ranks: [0], node groups: ['node'].
[INFO 17:18:36 NodePlacementStrategy] Generated 1 placements: [Placement(rank=0, cluster_node_rank=0, placement_node_rank=0, local_accelerator_rank='0', accelerator_type='NV_GPU', local_rank=0, local_world_size=1, visible_accelerators=['0', '1'], isolate_accelerator=True, local_hardware_ranks=[], node_group_label='cluster')].
[36m(MultiStepRolloutWorker pid=7898)[0m [INFO 17:18:40 FlexiblePlacementStrategy] 
[36m(MultiStepRolloutWorker pid=7898)[0m [INFO 17:18:40 FlexiblePlacementStrategy] Using flexible placement with hardware ranks: [[0], [1]], node groups: ['cluster'].
[36m(MultiStepRolloutWorker pid=7900)[0m [INFO 17:18:40 FlexiblePlacementStrategy] 
[36m(MultiStepRolloutWorker pid=7900)[0m [INFO 17:18:40 FlexiblePlacementStrategy] Using flexible placement with hardware ranks: [[0], [1]], node groups: ['cluster'].
[36m(pid=7901)[0m WARNING: All log messages before absl::InitializeLog() is called are written to STDERR
[36m(pid=7901)[0m I0000 00:00:1787563120.503003    7901 port.cc:153] oneDNN custom operations are on. You may see slightly different numerical results due to floating-point round-off errors from different computation orders. To turn them off, set the environment variable `TF_ENABLE_ONEDNN_OPTS=0`.
[36m(pid=7910)[0m WARNING: All log messages before absl::InitializeLog() is called are written to STDERR
[36m(pid=7910)[0m I0000 00:00:1787563120.582361    7910 port.cc:153] oneDNN custom operations are on. You may see slightly different numerical results due to floating-point round-off errors from different computation orders. To turn them off, set the environment variable `TF_ENABLE_ONEDNN_OPTS=0`.
[36m(RLTACFSDPPolicy pid=7876)[0m [INFO 17:18:41 ActorGroup-Rank-0][fsdp_model_manager.py:124] [FSDP] AMP is disabled.
[36m(RLTACFSDPPolicy pid=7876)[0m [INFO 17:18:41 FlexiblePlacementStrategy] 
[36m(RLTACFSDPPolicy pid=7876)[0m [INFO 17:18:41 FlexiblePlacementStrategy] Using flexible placement with hardware ranks: [[0], [1]], node groups: ['cluster'].
[36m(RLTACFSDPPolicy pid=7894)[0m [INFO 17:18:41 ActorGroup-Rank-1][fsdp_model_manager.py:124] [FSDP] AMP is disabled.
[36m(RLTACFSDPPolicy pid=7894)[0m [INFO 17:18:41 FlexiblePlacementStrategy] 
[36m(RLTACFSDPPolicy pid=7894)[0m [INFO 17:18:41 FlexiblePlacementStrategy] Using flexible placement with hardware ranks: [[0], [1]], node groups: ['cluster'].
[36m(pid=7901)[0m WARNING: All log messages before absl::InitializeLog() is called are written to STDERR
[36m(pid=7901)[0m I0000 00:00:1787563122.121642    7901 port.cc:153] oneDNN custom operations are on. You may see slightly different numerical results due to floating-point round-off errors from different computation orders. To turn them off, set the environment variable `TF_ENABLE_ONEDNN_OPTS=0`.
[36m(pid=7910)[0m WARNING: All log messages before absl::InitializeLog() is called are written to STDERR
[36m(pid=7910)[0m I0000 00:00:1787563122.168009    7910 port.cc:153] oneDNN custom operations are on. You may see slightly different numerical results due to floating-point round-off errors from different computation orders. To turn them off, set the environment variable `TF_ENABLE_ONEDNN_OPTS=0`.
[36m(RolloutGroup(rank=0) pid=7898)[0m WARNING: All log messages before absl::InitializeLog() is called are written to STDERR
[36m(RolloutGroup(rank=0) pid=7898)[0m I0000 00:00:1787563122.361785    8972 port.cc:153] oneDNN custom operations are on. You may see slightly different numerical results due to floating-point round-off errors from different computation orders. To turn them off, set the environment variable `TF_ENABLE_ONEDNN_OPTS=0`.
[36m(RolloutGroup(rank=1) pid=7900)[0m WARNING: All log messages before absl::InitializeLog() is called are written to STDERR
[36m(RolloutGroup(rank=1) pid=7900)[0m I0000 00:00:1787563122.405515    8979 port.cc:153] oneDNN custom operations are on. You may see slightly different numerical results due to floating-point round-off errors from different computation orders. To turn them off, set the environment variable `TF_ENABLE_ONEDNN_OPTS=0`.
[36m(RolloutGroup(rank=0) pid=7898)[0m WARNING: All log messages before absl::InitializeLog() is called are written to STDERR
[36m(RolloutGroup(rank=0) pid=7898)[0m I0000 00:00:1787563123.661318    8972 port.cc:153] oneDNN custom operations are on. You may see slightly different numerical results due to floating-point round-off errors from different computation orders. To turn them off, set the environment variable `TF_ENABLE_ONEDNN_OPTS=0`.
[36m(RolloutGroup(rank=1) pid=7900)[0m WARNING: All log messages before absl::InitializeLog() is called are written to STDERR
[36m(RolloutGroup(rank=1) pid=7900)[0m I0000 00:00:1787563123.625943    8979 port.cc:153] oneDNN custom operations are on. You may see slightly different numerical results due to floating-point round-off errors from different computation orders. To turn them off, set the environment variable `TF_ENABLE_ONEDNN_OPTS=0`.
[36m(EnvWorker pid=7901)[0m [INFO 17:18:43 FlexiblePlacementStrategy] 
[36m(EnvWorker pid=7901)[0m [INFO 17:18:43 FlexiblePlacementStrategy] Using flexible placement with hardware ranks: [[0], [1]], node groups: ['cluster'].
[36m(EnvWorker pid=7910)[0m [INFO 17:18:43 FlexiblePlacementStrategy] 
[36m(EnvWorker pid=7910)[0m [INFO 17:18:43 FlexiblePlacementStrategy] Using flexible placement with hardware ranks: [[0], [1]], node groups: ['cluster'].
[36m(EnvGroup(rank=1) pid=7910)[0m /root/autodl-tmp/RLinf/.venv/lib/python3.11/site-packages/sapien/_vulkan_tricks.py:73: UserWarning: Failed to find Vulkan ICD file. This is probably due to an incorrect or partial installation of the NVIDIA driver. SAPIEN will attempt to provide an ICD file anyway but it may not work.
[36m(EnvGroup(rank=1) pid=7910)[0m   warn(
[36m(EnvGroup(rank=0) pid=7901)[0m /root/autodl-tmp/RLinf/.venv/lib/python3.11/site-packages/sapien/_vulkan_tricks.py:73: UserWarning: Failed to find Vulkan ICD file. This is probably due to an incorrect or partial installation of the NVIDIA driver. SAPIEN will attempt to provide an ICD file anyway but it may not work.
[36m(EnvGroup(rank=0) pid=7901)[0m   warn(
[36m(RolloutGroup(rank=1) pid=7900)[0m INFO:datasets:PyTorch version 2.6.0 available.
[36m(RolloutGroup(rank=1) pid=7900)[0m INFO:datasets:Polars version 1.41.2 available.
[36m(RolloutGroup(rank=1) pid=7900)[0m INFO:datasets:TensorFlow version 2.21.0 available.
[36m(RolloutGroup(rank=1) pid=7900)[0m INFO:datasets:JAX version 0.5.3 available.
[36m(RolloutGroup(rank=0) pid=7898)[0m INFO:datasets:PyTorch version 2.6.0 available.
[36m(RolloutGroup(rank=0) pid=7898)[0m INFO:datasets:Polars version 1.41.2 available.
[36m(RolloutGroup(rank=0) pid=7898)[0m INFO:datasets:TensorFlow version 2.21.0 available.
[36m(RolloutGroup(rank=0) pid=7898)[0m INFO:datasets:JAX version 0.5.3 available.
[36m(EnvGroup(rank=1) pid=7910)[0m [planner.py]: Something wrong happened when importing CuroboPlanner! Please check if Curobo is installed correctly. If the problem still exists, you can install Curobo from https://github.com/NVlabs/curobo manually.
[36m(EnvGroup(rank=1) pid=7910)[0m Exception traceback:
[36m(EnvGroup(rank=1) pid=7910)[0m missing pytorch3d
[36m(EnvGroup(rank=1) pid=7910)[0m Traceback (most recent call last):
[36m(EnvGroup(rank=1) pid=7910)[0m   File "/root/autodl-tmp/RoboTwin_RLinf/envs/robot/planner.py", line 297, in <module>
[36m(EnvGroup(rank=1) pid=7910)[0m     from curobo.types.math import Pose as CuroboPose
[36m(EnvGroup(rank=1) pid=7910)[0m ModuleNotFoundError: No module named 'curobo.types.math'; 'curobo.types' is not a package
[36m(EnvGroup(rank=0) pid=7901)[0m [planner.py]: Something wrong happened when importing CuroboPlanner! Please check if Curobo is installed correctly. If the problem still exists, you can install Curobo from https://github.com/NVlabs/curobo manually.
[36m(EnvGroup(rank=0) pid=7901)[0m Exception traceback:
[36m(EnvGroup(rank=0) pid=7901)[0m missing pytorch3d
[36m(EnvGroup(rank=0) pid=7901)[0m Traceback (most recent call last):
[36m(EnvGroup(rank=0) pid=7901)[0m   File "/root/autodl-tmp/RoboTwin_RLinf/envs/robot/planner.py", line 297, in <module>
[36m(EnvGroup(rank=0) pid=7901)[0m     from curobo.types.math import Pose as CuroboPose
[36m(EnvGroup(rank=0) pid=7901)[0m ModuleNotFoundError: No module named 'curobo.types.math'; 'curobo.types' is not a package
[36m(RolloutGroup(rank=1) pid=7900)[0m INFO:root:Loaded norm stats from /root/autodl-tmp/models/rlinf/RLinf-Pi0-RoboTwin-SFT-adjust_bottle/physical-intelligence/robotwin
[36m(RolloutGroup(rank=0) pid=7898)[0m INFO:root:Loaded norm stats from /root/autodl-tmp/models/rlinf/RLinf-Pi0-RoboTwin-SFT-adjust_bottle/physical-intelligence/robotwin
[36m(ActorGroup(rank=0) pid=7876)[0m [INFO 17:19:57 ActorGroup-Rank-0][fsdp_sac_policy_worker.py:103] [FSDP] Gradient checkpointing is disabled
[36m(ActorGroup(rank=0) pid=7876)[0m /root/autodl-tmp/RLinf/.venv/lib/python3.11/site-packages/torch/distributed/fsdp/wrap.py:492: FutureWarning: The `NO_SHARD` sharding strategy is deprecated. If having issues, please use `DistributedDataParallel` instead.
[36m(ActorGroup(rank=0) pid=7876)[0m   return wrapper_cls(module, **kwargs)
[36m(ActorGroup(rank=1) pid=7894)[0m [INFO 17:19:57 ActorGroup-Rank-1][fsdp_sac_policy_worker.py:103] [FSDP] Gradient checkpointing is disabled
[36m(ActorGroup(rank=1) pid=7894)[0m /root/autodl-tmp/RLinf/.venv/lib/python3.11/site-packages/torch/distributed/fsdp/wrap.py:492: FutureWarning: The `NO_SHARD` sharding strategy is deprecated. If having issues, please use `DistributedDataParallel` instead.
[36m(ActorGroup(rank=1) pid=7894)[0m   return wrapper_cls(module, **kwargs)
[36m(ActorGroup(rank=1) pid=7894)[0m /root/autodl-tmp/RLinf_rlt_teacher_dvac/rlinf/hybrid_engines/fsdp/strategy/fsdp.py:173: FutureWarning: The `NO_SHARD` sharding strategy is deprecated. If having issues, please use `DistributedDataParallel` instead.
[36m(ActorGroup(rank=1) pid=7894)[0m   fsdp_model = FSDP(
[36m(ActorGroup(rank=0) pid=7876)[0m /root/autodl-tmp/RLinf_rlt_teacher_dvac/rlinf/hybrid_engines/fsdp/strategy/fsdp.py:173: FutureWarning: The `NO_SHARD` sharding strategy is deprecated. If having issues, please use `DistributedDataParallel` instead.
[36m(ActorGroup(rank=0) pid=7876)[0m   fsdp_model = FSDP(
[36m(ActorGroup(rank=0) pid=7876)[0m [WARNING 17:19:57 ActorGroup-Rank-0][replay_buffer.py:672] auto_save is disabled, enabling cache with size 50000
[36m(ActorGroup(rank=1) pid=7894)[0m [WARNING 17:19:57 ActorGroup-Rank-1][replay_buffer.py:672] auto_save is disabled, enabling cache with size 50000
[36m(RolloutGroup(rank=0) pid=7898)[0m Generating Rollout Epochs:   0%|          | 0/1 [00:00<?, ?it/s]
[36m(RolloutGroup(rank=0) pid=7898)[0m Generating Rollout Epochs: 100%|██████████| 1/1 [01:59<00:00, 119.15s/it]Generating Rollout Epochs: 100%|██████████| 1/1 [01:59<00:00, 119.15s/it]
[36m(ActorGroup(rank=1) pid=7894)[0m [rank1]:[E824 17:52:00.191603020 ProcessGroupNCCL.cpp:629] [Rank 1] Watchdog caught collective operation timeout: WorkNCCL(SeqNum=44, OpType=ALLREDUCE, NumelIn=105, NumelOut=105, Timeout(ms)=1800000) ran for 1800045 milliseconds before timing out.
[36m(ActorGroup(rank=1) pid=7894)[0m [rank1]:[E824 17:52:00.192570995 ProcessGroupNCCL.cpp:2168] [PG ID 0 PG GUID 0(default_pg) Rank 1]  failure detected by watchdog at work sequence id: 44 PG status: last enqueued work: 44, last completed work: 43
[36m(ActorGroup(rank=1) pid=7894)[0m [rank1]:[E824 17:52:00.192614608 ProcessGroupNCCL.cpp:667] Stack trace of the failed collective not found, potentially because FlightRecorder is disabled. You can enable it by setting TORCH_NCCL_TRACE_BUFFER_SIZE to a non-zero value.
[36m(ActorGroup(rank=1) pid=7894)[0m [rank1]:[E824 17:52:00.192626796 ProcessGroupNCCL.cpp:681] [Rank 1] Some NCCL operations have failed or timed out. Due to the asynchronous nature of CUDA kernels, subsequent GPU operations might run on corrupted/incomplete data.
[36m(ActorGroup(rank=1) pid=7894)[0m [rank1]:[E824 17:52:00.192637980 ProcessGroupNCCL.cpp:695] [Rank 1] To avoid data inconsistency, we are taking the entire process down.
[36m(ActorGroup(rank=1) pid=7894)[0m [rank1]:[E824 17:52:00.197553046 ProcessGroupNCCL.cpp:1895] [PG ID 0 PG GUID 0(default_pg) Rank 1] Process group watchdog thread terminated with exception: [Rank 1] Watchdog caught collective operation timeout: WorkNCCL(SeqNum=44, OpType=ALLREDUCE, NumelIn=105, NumelOut=105, Timeout(ms)=1800000) ran for 1800045 milliseconds before timing out.
[36m(ActorGroup(rank=1) pid=7894)[0m Exception raised from checkTimeout at /pytorch/torch/csrc/distributed/c10d/ProcessGroupNCCL.cpp:632 (most recent call first):
[36m(ActorGroup(rank=1) pid=7894)[0m frame #0: c10::Error::Error(c10::SourceLocation, std::string) + 0x96 (0x7fb94816c1b6 in /root/autodl-tmp/RLinf/.venv/lib/python3.11/site-packages/torch/lib/libc10.so)
[36m(ActorGroup(rank=1) pid=7894)[0m frame #1: c10d::ProcessGroupNCCL::WorkNCCL::checkTimeout(std::optional<std::chrono::duration<long, std::ratio<1l, 1000l> > >) + 0x2b4 (0x7fa64ef9ac74 in /root/autodl-tmp/RLinf/.venv/lib/python3.11/site-packages/torch/lib/libtorch_cuda.so)
[36m(ActorGroup(rank=1) pid=7894)[0m frame #2: c10d::ProcessGroupNCCL::watchdogHandler() + 0x890 (0x7fa64ef9c7d0 in /root/autodl-tmp/RLinf/.venv/lib/python3.11/site-packages/torch/lib/libtorch_cuda.so)
[36m(ActorGroup(rank=1) pid=7894)[0m frame #3: c10d::ProcessGroupNCCL::ncclCommWatchdog() + 0x14d (0x7fa64ef9d6ed in /root/autodl-tmp/RLinf/.venv/lib/python3.11/site-packages/torch/lib/libtorch_cuda.so)
[36m(ActorGroup(rank=1) pid=7894)[0m frame #4: <unknown function> + 0xdc253 (0x7fb9636f6253 in /usr/lib/x86_64-linux-gnu/libstdc++.so.6)
[36m(ActorGroup(rank=1) pid=7894)[0m frame #5: <unknown function> + 0x94ac3 (0x7fb965ce2ac3 in /usr/lib/x86_64-linux-gnu/libc.so.6)
[36m(ActorGroup(rank=1) pid=7894)[0m frame #6: clone + 0x44 (0x7fb965d73a04 in /usr/lib/x86_64-linux-gnu/libc.so.6)
[36m(ActorGroup(rank=1) pid=7894)[0m 
[36m(ActorGroup(rank=0) pid=7876)[0m [rank0]:[E824 17:52:00.236987254 ProcessGroupNCCL.cpp:629] [Rank 0] Watchdog caught collective operation timeout: WorkNCCL(SeqNum=45, OpType=ALLREDUCE, NumelIn=1, NumelOut=1, Timeout(ms)=1800000) ran for 1800090 milliseconds before timing out.
[36m(ActorGroup(rank=0) pid=7876)[0m [rank0]:[E824 17:52:00.237837405 ProcessGroupNCCL.cpp:2168] [PG ID 0 PG GUID 0(default_pg) Rank 0]  failure detected by watchdog at work sequence id: 45 PG status: last enqueued work: 45, last completed work: 44
[36m(ActorGroup(rank=0) pid=7876)[0m [rank0]:[E824 17:52:00.237874911 ProcessGroupNCCL.cpp:667] Stack trace of the failed collective not found, potentially because FlightRecorder is disabled. You can enable it by setting TORCH_NCCL_TRACE_BUFFER_SIZE to a non-zero value.
[36m(ActorGroup(rank=0) pid=7876)[0m [rank0]:[E824 17:52:00.237887354 ProcessGroupNCCL.cpp:681] [Rank 0] Some NCCL operations have failed or timed out. Due to the asynchronous nature of CUDA kernels, subsequent GPU operations might run on corrupted/incomplete data.
[36m(ActorGroup(rank=0) pid=7876)[0m [rank0]:[E824 17:52:00.237898972 ProcessGroupNCCL.cpp:695] [Rank 0] To avoid data inconsistency, we are taking the entire process down.
[36m(ActorGroup(rank=0) pid=7876)[0m [rank0]:[E824 17:52:00.242840198 ProcessGroupNCCL.cpp:1895] [PG ID 0 PG GUID 0(default_pg) Rank 0] Process group watchdog thread terminated with exception: [Rank 0] Watchdog caught collective operation timeout: WorkNCCL(SeqNum=45, OpType=ALLREDUCE, NumelIn=1, NumelOut=1, Timeout(ms)=1800000) ran for 1800090 milliseconds before timing out.
[36m(ActorGroup(rank=0) pid=7876)[0m Exception raised from checkTimeout at /pytorch/torch/csrc/distributed/c10d/ProcessGroupNCCL.cpp:632 (most recent call first):
[36m(ActorGroup(rank=0) pid=7876)[0m frame #0: c10::Error::Error(c10::SourceLocation, std::string) + 0x96 (0x7f25a80b81b6 in /root/autodl-tmp/RLinf/.venv/lib/python3.11/site-packages/torch/lib/libc10.so)
[36m(ActorGroup(rank=0) pid=7876)[0m frame #1: c10d::ProcessGroupNCCL::WorkNCCL::checkTimeout(std::optional<std::chrono::duration<long, std::ratio<1l, 1000l> > >) + 0x2b4 (0x7f129799ac74 in /root/autodl-tmp/RLinf/.venv/lib/python3.11/site-packages/torch/lib/libtorch_cuda.so)
[36m(ActorGroup(rank=0) pid=7876)[0m frame #2: c10d::ProcessGroupNCCL::watchdogHandler() + 0x890 (0x7f129799c7d0 in /root/autodl-tmp/RLinf/.venv/lib/python3.11/site-packages/torch/lib/libtorch_cuda.so)
[36m(ActorGroup(rank=0) pid=7876)[0m frame #3: c10d::ProcessGroupNCCL::ncclCommWatchdog() + 0x14d (0x7f129799d6ed in /root/autodl-tmp/RLinf/.venv/lib/python3.11/site-packages/torch/lib/libtorch_cuda.so)
[36m(ActorGroup(rank=0) pid=7876)[0m frame #4: <unknown function> + 0xdc253 (0x7f25ab29b253 in /usr/lib/x86_64-linux-gnu/libstdc++.so.6)
[36m(ActorGroup(rank=0) pid=7876)[0m frame #5: <unknown function> + 0x94ac3 (0x7f25ad887ac3 in /usr/lib/x86_64-linux-gnu/libc.so.6)
[36m(ActorGroup(rank=0) pid=7876)[0m frame #6: clone + 0x44 (0x7f25ad918a04 in /usr/lib/x86_64-linux-gnu/libc.so.6)
[36m(ActorGroup(rank=0) pid=7876)[0m 
[36m(ActorGroup(rank=0) pid=7876)[0m [2026-08-24 17:52:00,892 E 7876 9132] logging.cc:118: Unhandled exception: N3c1016DistBackendErrorE. what(): [PG ID 0 PG GUID 0(default_pg) Rank 0] Process group watchdog thread terminated with exception: [Rank 0] Watchdog caught collective operation timeout: WorkNCCL(SeqNum=45, OpType=ALLREDUCE, NumelIn=1, NumelOut=1, Timeout(ms)=1800000) ran for 1800090 milliseconds before timing out.
[36m(ActorGroup(rank=0) pid=7876)[0m Exception raised from checkTimeout at /pytorch/torch/csrc/distributed/c10d/ProcessGroupNCCL.cpp:632 (most recent call first):
[36m(ActorGroup(rank=0) pid=7876)[0m frame #0: c10::Error::Error(c10::SourceLocation, std::string) + 0x96 (0x7f25a80b81b6 in /root/autodl-tmp/RLinf/.venv/lib/python3.11/site-packages/torch/lib/libc10.so)
[36m(ActorGroup(rank=0) pid=7876)[0m frame #1: c10d::ProcessGroupNCCL::WorkNCCL::checkTimeout(std::optional<std::chrono::duration<long, std::ratio<1l, 1000l> > >) + 0x2b4 (0x7f129799ac74 in /root/autodl-tmp/RLinf/.venv/lib/python3.11/site-packages/torch/lib/libtorch_cuda.so)
[36m(ActorGroup(rank=0) pid=7876)[0m frame #2: c10d::ProcessGroupNCCL::watchdogHandler() + 0x890 (0x7f129799c7d0 in /root/autodl-tmp/RLinf/.venv/lib/python3.11/site-packages/torch/lib/libtorch_cuda.so)
[36m(ActorGroup(rank=0) pid=7876)[0m frame #3: c10d::ProcessGroupNCCL::ncclCommWatchdog() + 0x14d (0x7f129799d6ed in /root/autodl-tmp/RLinf/.venv/lib/python3.11/site-packages/torch/lib/libtorch_cuda.so)
[36m(ActorGroup(rank=0) pid=7876)[0m frame #4: <unknown function> + 0xdc253 (0x7f25ab29b253 in /usr/lib/x86_64-linux-gnu/libstdc++.so.6)
[36m(ActorGroup(rank=0) pid=7876)[0m frame #5: <unknown function> + 0x94ac3 (0x7f25ad887ac3 in /usr/lib/x86_64-linux-gnu/libc.so.6)
[36m(ActorGroup(rank=0) pid=7876)[0m frame #6: clone + 0x44 (0x7f25ad918a04 in /usr/lib/x86_64-linux-gnu/libc.so.6)
[36m(ActorGroup(rank=0) pid=7876)[0m 
[36m(ActorGroup(rank=0) pid=7876)[0m Exception raised from ncclCommWatchdog at /pytorch/torch/csrc/distributed/c10d/ProcessGroupNCCL.cpp:1901 (most recent call first):
[36m(ActorGroup(rank=0) pid=7876)[0m frame #0: c10::Error::Error(c10::SourceLocation, std::string) + 0x96 (0x7f25a80b81b6 in /root/autodl-tmp/RLinf/.venv/lib/python3.11/site-packages/torch/lib/libc10.so)
[36m(ActorGroup(rank=0) pid=7876)[0m frame #1: <unknown function> + 0xe5c6fc (0x7f12975f86fc in /root/autodl-tmp/RLinf/.venv/lib/python3.11/site-packages/torch/lib/libtorch_cuda.so)
[36m(ActorGroup(rank=0) pid=7876)[0m frame #2: <unknown function> + 0xdc253 (0x7f25ab29b253 in /usr/lib/x86_64-linux-gnu/libstdc++.so.6)
[36m(ActorGroup(rank=0) pid=7876)[0m frame #3: <unknown function> + 0x94ac3 (0x7f25ad887ac3 in /usr/lib/x86_64-linux-gnu/libc.so.6)
[36m(ActorGroup(rank=0) pid=7876)[0m frame #4: clone + 0x44 (0x7f25ad918a04 in /usr/lib/x86_64-linux-gnu/libc.so.6)
[36m(ActorGroup(rank=0) pid=7876)[0m  /root/autodl-tmp/RLinf/.venv/lib/python3.11/site-packages/ray/_raylet.so(+0x178014a) [0x7f25acb7e14a] ray::operator<<()
[36m(ActorGroup(rank=0) pid=7876)[0m /root/autodl-tmp/RLinf/.venv/lib/python3.11/site-packages/ray/_raylet.so(+0x1780bfc) [0x7f25acb7ebfc] ray::RayLog::operator<< <>()
[36m(ActorGroup(rank=0) pid=7876)[0m /root/autodl-tmp/RLinf/.venv/lib/python3.11/site-packages/ray/_raylet.so(+0x8be937) [0x7f25abcbc937] ray::TerminateHandler()
[36m(ActorGroup(rank=0) pid=7876)[0m /usr/lib/x86_64-linux-gnu/libstdc++.so.6(+0xae20c) [0x7f25ab26d20c]
[36m(ActorGroup(rank=0) pid=7876)[0m /usr/lib/x86_64-linux-gnu/libstdc++.so.6(+0xae277) [0x7f25ab26d277]
[36m(ActorGroup(rank=0) pid=7876)[0m /usr/lib/x86_64-linux-gnu/libstdc++.so.6(+0xae1fe) [0x7f25ab26d1fe]
[36m(ActorGroup(rank=0) pid=7876)[0m /root/autodl-tmp/RLinf/.venv/lib/python3.11/site-packages/torch/lib/libtorch_cuda.so(+0xe5c7aa) [0x7f12975f87aa] c10d::ProcessGroupNCCL::ncclCommWatchdog()
[36m(ActorGroup(rank=0) pid=7876)[0m /usr/lib/x86_64-linux-gnu/libstdc++.so.6(+0xdc253) [0x7f25ab29b253]
[36m(ActorGroup(rank=0) pid=7876)[0m /usr/lib/x86_64-linux-gnu/libc.so.6(+0x94ac3) [0x7f25ad887ac3]
[36m(ActorGroup(rank=0) pid=7876)[0m /usr/lib/x86_64-linux-gnu/libc.so.6(clone+0x44) [0x7f25ad918a04] __clone
[36m(ActorGroup(rank=0) pid=7876)[0m 
[36m(ActorGroup(rank=0) pid=7876)[0m [2026-08-24 17:52:00,904 E 7876 9132] logging.cc:125: Stack trace: 
[36m(ActorGroup(rank=0) pid=7876)[0m  /root/autodl-tmp/RLinf/.venv/lib/python3.11/site-packages/ray/_raylet.so(+0x178014a) [0x7f25acb7e14a] ray::operator<<()
[36m(ActorGroup(rank=0) pid=7876)[0m /root/autodl-tmp/RLinf/.venv/lib/python3.11/site-packages/ray/_raylet.so(+0x1780bfc) [0x7f25acb7ebfc] ray::RayLog::operator<< <>()
[36m(ActorGroup(rank=0) pid=7876)[0m /root/autodl-tmp/RLinf/.venv/lib/python3.11/site-packages/ray/_raylet.so(+0x17831b8) [0x7f25acb811b8] ray::TerminateHandler()
[36m(ActorGroup(rank=0) pid=7876)[0m /usr/lib/x86_64-linux-gnu/libstdc++.so.6(+0xae20c) [0x7f25ab26d20c]
[36m(ActorGroup(rank=0) pid=7876)[0m /usr/lib/x86_64-linux-gnu/libstdc++.so.6(+0xae277) [0x7f25ab26d277]
[36m(ActorGroup(rank=0) pid=7876)[0m /usr/lib/x86_64-linux-gnu/libstdc++.so.6(+0xae1fe) [0x7f25ab26d1fe]
[36m(ActorGroup(rank=0) pid=7876)[0m /root/autodl-tmp/RLinf/.venv/lib/python3.11/site-packages/torch/lib/libtorch_cuda.so(+0xe5c7aa) [0x7f12975f87aa] c10d::ProcessGroupNCCL::ncclCommWatchdog()
[36m(ActorGroup(rank=0) pid=7876)[0m /usr/lib/x86_64-linux-gnu/libstdc++.so.6(+0xdc253) [0x7f25ab29b253]
[36m(ActorGroup(rank=0) pid=7876)[0m /usr/lib/x86_64-linux-gnu/libc.so.6(+0x94ac3) [0x7f25ad887ac3]
[36m(ActorGroup(rank=0) pid=7876)[0m /usr/lib/x86_64-linux-gnu/libc.so.6(clone+0x44) [0x7f25ad918a04] __clone
[36m(ActorGroup(rank=0) pid=7876)[0m 
[36m(ActorGroup(rank=0) pid=7876)[0m *** SIGABRT received at time=1787565120 on cpu 126 ***
[36m(ActorGroup(rank=0) pid=7876)[0m PC: @     0x7f25ad8899fc  (unknown)  pthread_kill
[36m(ActorGroup(rank=0) pid=7876)[0m     @     0x7f25ad835520  (unknown)  (unknown)
[36m(ActorGroup(rank=0) pid=7876)[0m [2026-08-24 17:52:00,905 E 7876 9132] logging.cc:474: *** SIGABRT received at time=1787565120 on cpu 126 ***
[36m(ActorGroup(rank=0) pid=7876)[0m [2026-08-24 17:52:00,905 E 7876 9132] logging.cc:474: PC: @     0x7f25ad8899fc  (unknown)  pthread_kill
[36m(ActorGroup(rank=0) pid=7876)[0m [2026-08-24 17:52:00,905 E 7876 9132] logging.cc:474:     @     0x7f25ad835520  (unknown)  (unknown)
[36m(ActorGroup(rank=0) pid=7876)[0m Fatal Python error: Aborted
[36m(ActorGroup(rank=0) pid=7876)[0m 
[36m(ActorGroup(rank=0) pid=7876)[0m 
[36m(ActorGroup(rank=0) pid=7876)[0m Extension modules: msgpack._cmsgpack, google._upb._message, psutil._psutil_linux, charset_normalizer.md, charset_normalizer.cd, simplejson._speedups, requests.packages.charset_normalizer.md, requests.packages.chardet.md, requests.packages.charset_normalizer.cd, requests.packages.chardet.cd, yaml._yaml, ray._raylet, numpy.core._multiarray_umath, numpy.core._multiarray_tests, numpy.linalg._umath_linalg, numpy.fft._pocketfft_internal, numpy.random._common, numpy.random.bit_generator, numpy.random._bounded_integers, numpy.random._mt19937, numpy.random.mtrand, numpy.random._philox, numpy.random._pcg64, numpy.random._sfc64, numpy.random._generator, torch._C, torch._C._dynamo.autograd_compiler, torch._C._dynamo.eval_frame, torch._C._dynamo.guards, torch._C._dynamo.utils, torch._C._fft, torch._C._linalg, torch._C._nested, torch._C._nn, torch._C._sparse, torch._C._special, regex._regex, markupsafe._speedups, PIL._imaging, sklearn.__check_build._check_build, _cyutility, scipy._cyutility, scipy._lib._ccallback_c, scipy.sparse._sparsetools, _csparsetools, scipy.sparse._csparsetools, scipy.special._ufuncs_cxx, scipy.special._ellip_harm_2, scipy.special._special_ufuncs, scipy.special._gufuncs, scipy.special._ufuncs, scipy.special._specfun, scipy.special._comb, scipy.linalg._fblas, scipy.linalg._flapack, scipy.linalg.cython_lapack, scipy.linalg._cythonized_array_utils, scipy.linalg._solve_toeplitz, scipy.linalg._batched_linalg, scipy.linalg._decomp_lu_cython, scipy.linalg._matfuncs_schur_sqrtm, scipy.linalg._matfuncs_expm, scipy.linalg._linalg_pythran, scipy.linalg.cython_blas, scipy.linalg._decomp_update, scipy.sparse.linalg._dsolve._superlu, scipy.sparse.linalg._eigen.arpack._arpacklib, scipy.sparse.linalg._propack, scipy.spatial._ckdtree, scipy._lib.messagestream, scipy.spatial._qhull, scipy.spatial._voronoi, scipy.spatial._hausdorff, scipy.spatial._distance_wrap, scipy.spatial.transform._rotation_cy, scipy.spatial.transform._rigid_transform_cy, scipy.optimize._group_columns, scipy.optimize._trlib._trlib, scipy.optimize._lbfgsb, _moduleTNC, scipy.optimize._moduleTNC, scipy.optimize._slsqplib, scipy.optimize._minpack, scipy.optimize._lsq.givens_elimination, scipy.optimize._zeros, scipy._lib._uarray._uarray, scipy.linalg._decomp_interpolative, scipy.optimize._bglu_dense, scipy.optimize._lsap, scipy.optimize._direct, scipy.integrate._odepack, scipy.integrate._quadpack, scipy.integrate._vode, scipy.integrate._dop, scipy.interpolate._fitpack, scipy.interpolate._dfitpack, scipy.interpolate._dierckx, scipy.interpolate._ppoly, scipy.interpolate._interpnd, scipy.interpolate._rbfinterp_pythran, scipy.interpolate._rgi_cython, scipy.special.cython_special, scipy.stats._stats, scipy.stats._biasedurn, scipy.stats._stats_pythran, scipy.stats._levy_stable.levyst, scipy.stats._ansari_swilk_statistics, scipy.sparse.csgraph._tools, scipy.sparse.csgraph._shortest_path, scipy.sparse.csgraph._traversal, scipy.sparse.csgraph._min_spanning_tree, scipy.sparse.csgraph._flow, scipy.sparse.csgraph._matching, scipy.sparse.csgraph._reordering, scipy.stats._sobol, scipy.stats._qmc_cy, scipy.stats._rcont.rcont, scipy.stats._qmvnt_cy, scipy.ndimage._nd_image, scipy.ndimage._rank_filter_1d, _ni_label, scipy.ndimage._ni_label, pyarrow.lib, pandas._libs._cyutility, pandas._libs.tslibs.ccalendar, pandas._libs.tslibs.np_datetime, pandas._libs.tslibs.dtypes, pandas._libs.tslibs.base, pandas._libs.tslibs.nattype, pandas._libs.tslibs.timezones, pandas._libs.properties, pandas._libs.tslibs.fields, pandas._libs.tslibs.timedeltas, pandas._libs.tslibs.tzconversion, pandas._libs.tslibs.timestamps, pandas._libs.tslibs.offsets, pandas._libs.tslibs.strptime, pandas._libs.tslibs.parsing, pandas._libs.tslibs.conversion, pandas._libs.tslibs.period, pandas._libs.tslibs.vectorized, pandas._libs.ops_dispatch, pandas._libs.missing, pandas._libs.hashtable, pandas._libs.algos, pandas._libs.interval, pandas._libs.lib, pyarrow._compute, pandas._libs.ops, pandas._libs.hashing, pandas._libs.arrays, pandas._libs.tslib, pandas._libs.sparse, pandas._libs.internals, pandas._libs.indexing, pandas._libs.index, pandas._libs.writers, pandas._libs.join, pandas._libs.window.aggregations, pandas._libs.window.indexers, pandas._libs.reshape, pandas._libs.groupby, pandas._libs.json, pandas._libs.parsers, pandas._libs.testing, sklearn._cyutility, sklearn.utils._isfinite, sklearn.utils.sparsefuncs_fast, sklearn.utils.murmurhash, sklearn.utils._openmp_helpers, sklearn.metrics.cluster._expected_mutual_info_fast, sklearn.metrics._dist_metrics, sklearn.metrics._pairwise_distances_reduction._datasets_pair, sklearn.utils._cython_blas, sklearn.metrics._pairwise_distances_reduction._base, sklearn.metrics._pairwise_distances_reduction._middle_term_computer, sklearn.utils._heap, sklearn.utils._sorting, sklearn.metrics._pairwise_distances_reduction._argkmin, sklearn.metrics._pairwise_distances_reduction._argkmin_classmode, sklearn.utils._vector_sentinel, sklearn.metrics._pairwise_distances_reduction._radius_neighbors, sklearn.metrics._pairwise_distances_reduction._radius_neighbors_classmode, sklearn.metrics._pairwise_fast, sklearn.preprocessing._csr_polynomial_expansion, sklearn.preprocessing._target_encoder_fast, pyarrow._json (total: 187)
[36m(ActorGroup(rank=1) pid=7894)[0m [2026-08-24 17:52:00,848 E 7894 9088] logging.cc:118: Unhandled exception: N3c1016DistBackendErrorE. what(): [PG ID 0 PG GUID 0(default_pg) Rank 1] Process group watchdog thread terminated with exception: [Rank 1] Watchdog caught collective operation timeout: WorkNCCL(SeqNum=44, OpType=ALLREDUCE, NumelIn=105, NumelOut=105, Timeout(ms)=1800000) ran for 1800045 milliseconds before timing out.
[36m(ActorGroup(rank=1) pid=7894)[0m Exception raised from checkTimeout at /pytorch/torch/csrc/distributed/c10d/ProcessGroupNCCL.cpp:632 (most recent call first):
[36m(ActorGroup(rank=1) pid=7894)[0m frame #0: c10::Error::Error(c10::SourceLocation, std::string) + 0x96 (0x7fb94816c1b6 in /root/autodl-tmp/RLinf/.venv/lib/python3.11/site-packages/torch/lib/libc10.so)
[36m(ActorGroup(rank=1) pid=7894)[0m frame #1: c10d::ProcessGroupNCCL::WorkNCCL::checkTimeout(std::optional<std::chrono::duration<long, std::ratio<1l, 1000l> > >) + 0x2b4 (0x7fa64ef9ac74 in /root/autodl-tmp/RLinf/.venv/lib/python3.11/site-packages/torch/lib/libtorch_cuda.so)
[36m(ActorGroup(rank=1) pid=7894)[0m frame #2: c10d::ProcessGroupNCCL::watchdogHandler() + 0x890 (0x7fa64ef9c7d0 in /root/autodl-tmp/RLinf/.venv/lib/python3.11/site-packages/torch/lib/libtorch_cuda.so)
[36m(ActorGroup(rank=1) pid=7894)[0m frame #3: c10d::ProcessGroupNCCL::ncclCommWatchdog() + 0x14d (0x7fa64ef9d6ed in /root/autodl-tmp/RLinf/.venv/lib/python3.11/site-packages/torch/lib/libtorch_cuda.so)
[36m(ActorGroup(rank=1) pid=7894)[0m frame #4: <unknown function> + 0xdc253 (0x7fb9636f6253 in /usr/lib/x86_64-linux-gnu/libstdc++.so.6)
[36m(ActorGroup(rank=1) pid=7894)[0m frame #5: <unknown function> + 0x94ac3 (0x7fb965ce2ac3 in /usr/lib/x86_64-linux-gnu/libc.so.6)
[36m(ActorGroup(rank=1) pid=7894)[0m frame #6: clone + 0x44 (0x7fb965d73a04 in /usr/lib/x86_64-linux-gnu/libc.so.6)
[36m(ActorGroup(rank=1) pid=7894)[0m 
[36m(ActorGroup(rank=1) pid=7894)[0m Exception raised from ncclCommWatchdog at /pytorch/torch/csrc/distributed/c10d/ProcessGroupNCCL.cpp:1901 (most recent call first):
[36m(ActorGroup(rank=1) pid=7894)[0m frame #0: c10::Error::Error(c10::SourceLocation, std::string) + 0x96 (0x7fb94816c1b6 in /root/autodl-tmp/RLinf/.venv/lib/python3.11/site-packages/torch/lib/libc10.so)
[36m(ActorGroup(rank=1) pid=7894)[0m frame #1: <unknown function> + 0xe5c6fc (0x7fa64ebf86fc in /root/autodl-tmp/RLinf/.venv/lib/python3.11/site-packages/torch/lib/libtorch_cuda.so)
[36m(ActorGroup(rank=1) pid=7894)[0m frame #2: <unknown function> + 0xdc253 (0x7fb9636f6253 in /usr/lib/x86_64-linux-gnu/libstdc++.so.6)
[36m(ActorGroup(rank=1) pid=7894)[0m frame #3: <unknown function> + 0x94ac3 (0x7fb965ce2ac3 in /usr/lib/x86_64-linux-gnu/libc.so.6)
[36m(ActorGroup(rank=1) pid=7894)[0m frame #4: clone + 0x44 (0x7fb965d73a04 in /usr/lib/x86_64-linux-gnu/libc.so.6)
[36m(ActorGroup(rank=1) pid=7894)[0m  /root/autodl-tmp/RLinf/.venv/lib/python3.11/site-packages/ray/_raylet.so(+0x178014a) [0x7fb964fd914a] ray::operator<<()
[36m(ActorGroup(rank=1) pid=7894)[0m /root/autodl-tmp/RLinf/.venv/lib/python3.11/site-packages/ray/_raylet.so(+0x1780bfc) [0x7fb964fd9bfc] ray::RayLog::operator<< <>()
[36m(ActorGroup(rank=1) pid=7894)[0m /root/autodl-tmp/RLinf/.venv/lib/python3.11/site-packages/ray/_raylet.so(+0x8be937) [0x7fb964117937] ray::TerminateHandler()
[36m(ActorGroup(rank=1) pid=7894)[0m /usr/lib/x86_64-linux-gnu/libstdc++.so.6(+0xae20c) [0x7fb9636c820c]
[36m(ActorGroup(rank=1) pid=7894)[0m /usr/lib/x86_64-linux-gnu/libstdc++.so.6(+0xae277) [0x7fb9636c8277]
[36m(ActorGroup(rank=1) pid=7894)[0m /usr/lib/x86_64-linux-gnu/libstdc++.so.6(+0xae1fe) [0x7fb9636c81fe]
[36m(ActorGroup(rank=1) pid=7894)[0m /root/autodl-tmp/RLinf/.venv/lib/python3.11/site-packages/torch/lib/libtorch_cuda.so(+0xe5c7aa) [0x7fa64ebf87aa] c10d::ProcessGroupNCCL::ncclCommWatchdog()
[36m(ActorGroup(rank=1) pid=7894)[0m /usr/lib/x86_64-linux-gnu/libstdc++.so.6(+0xdc253) [0x7fb9636f6253]
[36m(ActorGroup(rank=1) pid=7894)[0m /usr/lib/x86_64-linux-gnu/libc.so.6(+0x94ac3) [0x7fb965ce2ac3]
[36m(ActorGroup(rank=1) pid=7894)[0m /usr/lib/x86_64-linux-gnu/libc.so.6(clone+0x44) [0x7fb965d73a04] __clone
[36m(ActorGroup(rank=1) pid=7894)[0m 
[36m(ActorGroup(rank=1) pid=7894)[0m [2026-08-24 17:52:00,860 E 7894 9088] logging.cc:125: Stack trace: 
[36m(ActorGroup(rank=1) pid=7894)[0m  /root/autodl-tmp/RLinf/.venv/lib/python3.11/site-packages/ray/_raylet.so(+0x178014a) [0x7fb964fd914a] ray::operator<<()
[36m(ActorGroup(rank=1) pid=7894)[0m /root/autodl-tmp/RLinf/.venv/lib/python3.11/site-packages/ray/_raylet.so(+0x1780bfc) [0x7fb964fd9bfc] ray::RayLog::operator<< <>()
[36m(ActorGroup(rank=1) pid=7894)[0m /root/autodl-tmp/RLinf/.venv/lib/python3.11/site-packages/ray/_raylet.so(+0x17831b8) [0x7fb964fdc1b8] ray::TerminateHandler()
[36m(ActorGroup(rank=1) pid=7894)[0m /usr/lib/x86_64-linux-gnu/libstdc++.so.6(+0xae20c) [0x7fb9636c820c]
[36m(ActorGroup(rank=1) pid=7894)[0m /usr/lib/x86_64-linux-gnu/libstdc++.so.6(+0xae277) [0x7fb9636c8277]
[36m(ActorGroup(rank=1) pid=7894)[0m /usr/lib/x86_64-linux-gnu/libstdc++.so.6(+0xae1fe) [0x7fb9636c81fe]
[36m(ActorGroup(rank=1) pid=7894)[0m /root/autodl-tmp/RLinf/.venv/lib/python3.11/site-packages/torch/lib/libtorch_cuda.so(+0xe5c7aa) [0x7fa64ebf87aa] c10d::ProcessGroupNCCL::ncclCommWatchdog()
[36m(ActorGroup(rank=1) pid=7894)[0m /usr/lib/x86_64-linux-gnu/libstdc++.so.6(+0xdc253) [0x7fb9636f6253]
[36m(ActorGroup(rank=1) pid=7894)[0m /usr/lib/x86_64-linux-gnu/libc.so.6(+0x94ac3) [0x7fb965ce2ac3]
[36m(ActorGroup(rank=1) pid=7894)[0m /usr/lib/x86_64-linux-gnu/libc.so.6(clone+0x44) [0x7fb965d73a04] __clone
[36m(ActorGroup(rank=1) pid=7894)[0m 
[36m(ActorGroup(rank=1) pid=7894)[0m *** SIGABRT received at time=1787565120 on cpu 128 ***
[36m(ActorGroup(rank=1) pid=7894)[0m PC: @     0x7fb965ce49fc  (unknown)  pthread_kill
[36m(ActorGroup(rank=1) pid=7894)[0m     @     0x7fb965c90520  (unknown)  (unknown)
[36m(ActorGroup(rank=1) pid=7894)[0m [2026-08-24 17:52:00,860 E 7894 9088] logging.cc:474: *** SIGABRT received at time=1787565120 on cpu 128 ***
[36m(ActorGroup(rank=1) pid=7894)[0m [2026-08-24 17:52:00,860 E 7894 9088] logging.cc:474: PC: @     0x7fb965ce49fc  (unknown)  pthread_kill
[36m(ActorGroup(rank=1) pid=7894)[0m [2026-08-24 17:52:00,861 E 7894 9088] logging.cc:474:     @     0x7fb965c90520  (unknown)  (unknown)
[36m(ActorGroup(rank=1) pid=7894)[0m Fatal Python error: Aborted
[36m(ActorGroup(rank=1) pid=7894)[0m 
[36m(ActorGroup(rank=1) pid=7894)[0m 
[36m(ActorGroup(rank=1) pid=7894)[0m Extension modules: msgpack._cmsgpack, google._upb._message, psutil._psutil_linux, charset_normalizer.md, charset_normalizer.cd, simplejson._speedups, requests.packages.charset_normalizer.md, requests.packages.chardet.md, requests.packages.charset_normalizer.cd, requests.packages.chardet.cd, yaml._yaml, ray._raylet, numpy.core._multiarray_umath, numpy.core._multiarray_tests, numpy.linalg._umath_linalg, numpy.fft._pocketfft_internal, numpy.random._common, numpy.random.bit_generator, numpy.random._bounded_integers, numpy.random._mt19937, numpy.random.mtrand, numpy.random._philox, numpy.random._pcg64, numpy.random._sfc64, numpy.random._generator, torch._C, torch._C._dynamo.autograd_compiler, torch._C._dynamo.eval_frame, torch._C._dynamo.guards, torch._C._dynamo.utils, torch._C._fft, torch._C._linalg, torch._C._nested, torch._C._nn, torch._C._sparse, torch._C._special, regex._regex, markupsafe._speedups, PIL._imaging, sklearn.__check_build._check_build, _cyutility, scipy._cyutility, scipy._lib._ccallback_c, scipy.sparse._sparsetools, _csparsetools, scipy.sparse._csparsetools, scipy.special._ufuncs_cxx, scipy.special._ellip_harm_2, scipy.special._special_ufuncs, scipy.special._gufuncs, scipy.special._ufuncs, scipy.special._specfun, scipy.special._comb, scipy.linalg._fblas, scipy.linalg._flapack, scipy.linalg.cython_lapack, scipy.linalg._cythonized_array_utils, scipy.linalg._solve_toeplitz, scipy.linalg._batched_linalg, scipy.linalg._decomp_lu_cython, scipy.linalg._matfuncs_schur_sqrtm, scipy.linalg._matfuncs_expm, scipy.linalg._linalg_pythran, scipy.linalg.cython_blas, scipy.linalg._decomp_update, scipy.sparse.linalg._dsolve._superlu, scipy.sparse.linalg._eigen.arpack._arpacklib, scipy.sparse.linalg._propack, scipy.spatial._ckdtree, scipy._lib.messagestream, scipy.spatial._qhull, scipy.spatial._voronoi, scipy.spatial._hausdorff, scipy.spatial._distance_wrap, scipy.spatial.transform._rotation_cy, scipy.spatial.transform._rigid_transform_cy, scipy.optimize._group_columns, scipy.optimize._trlib._trlib, scipy.optimize._lbfgsb, _moduleTNC, scipy.optimize._moduleTNC, scipy.optimize._slsqplib, scipy.optimize._minpack, scipy.optimize._lsq.givens_elimination, scipy.optimize._zeros, scipy._lib._uarray._uarray, scipy.linalg._decomp_interpolative, scipy.optimize._bglu_dense, scipy.optimize._lsap, scipy.optimize._direct, scipy.integrate._odepack, scipy.integrate._quadpack, scipy.integrate._vode, scipy.integrate._dop, scipy.interpolate._fitpack, scipy.interpolate._dfitpack, scipy.interpolate._dierckx, scipy.interpolate._ppoly, scipy.interpolate._interpnd, scipy.interpolate._rbfinterp_pythran, scipy.interpolate._rgi_cython, scipy.special.cython_special, scipy.stats._stats, scipy.stats._biasedurn, scipy.stats._stats_pythran, scipy.stats._levy_stable.levyst, scipy.stats._ansari_swilk_statistics, scipy.sparse.csgraph._tools, scipy.sparse.csgraph._shortest_path, scipy.sparse.csgraph._traversal, scipy.sparse.csgraph._min_spanning_tree, scipy.sparse.csgraph._flow, scipy.sparse.csgraph._matching, scipy.sparse.csgraph._reordering, scipy.stats._sobol, scipy.stats._qmc_cy, scipy.stats._rcont.rcont, scipy.stats._qmvnt_cy, scipy.ndimage._nd_image, scipy.ndimage._rank_filter_1d, _ni_label, scipy.ndimage._ni_label, pyarrow.lib, pandas._libs._cyutility, pandas._libs.tslibs.ccalendar, pandas._libs.tslibs.np_datetime, pandas._libs.tslibs.dtypes, pandas._libs.tslibs.base, pandas._libs.tslibs.nattype, pandas._libs.tslibs.timezones, pandas._libs.properties, pandas._libs.tslibs.fields, pandas._libs.tslibs.timedeltas, pandas._libs.tslibs.tzconversion, pandas._libs.tslibs.timestamps, pandas._libs.tslibs.offsets, pandas._libs.tslibs.strptime, pandas._libs.tslibs.parsing, pandas._libs.tslibs.conversion, pandas._libs.tslibs.period, pandas._libs.tslibs.vectorized, pandas._libs.ops_dispatch, pandas._libs.missing, pandas._libs.hashtable, pandas._libs.algos, pandas._libs.interval, pandas._libs.lib, pyarrow._compute, pandas._libs.ops, pandas._libs.hashing, pandas._libs.arrays, pandas._libs.tslib, pandas._libs.sparse, pandas._libs.internals, pandas._libs.indexing, pandas._libs.index, pandas._libs.writers, pandas._libs.join, pandas._libs.window.aggregations, pandas._libs.window.indexers, pandas._libs.reshape, pandas._libs.groupby, pandas._libs.json, pandas._libs.parsers, pandas._libs.testing, sklearn._cyutility, sklearn.utils._isfinite, sklearn.utils.sparsefuncs_fast, sklearn.utils.murmurhash, sklearn.utils._openmp_helpers, sklearn.metrics.cluster._expected_mutual_info_fast, sklearn.metrics._dist_metrics, sklearn.metrics._pairwise_distances_reduction._datasets_pair, sklearn.utils._cython_blas, sklearn.metrics._pairwise_distances_reduction._base, sklearn.metrics._pairwise_distances_reduction._middle_term_computer, sklearn.utils._heap, sklearn.utils._sorting, sklearn.metrics._pairwise_distances_reduction._argkmin, sklearn.metrics._pairwise_distances_reduction._argkmin_classmode, sklearn.utils._vector_sentinel, sklearn.metrics._pairwise_distances_reduction._radius_neighbors, sklearn.metrics._pairwise_distances_reduction._radius_neighbors_classmode, sklearn.metrics._pairwise_fast, sklearn.preprocessing._csr_polynomial_expansion, sklearn.preprocessing._target_encoder_fast, pyarrow._json (total: 187)
[33m(raylet)[0m A worker died or was killed while executing a task by an unexpected system error. To troubleshoot the problem, check the logs for the dead worker. Lease ID: 070000000f71dcf53e50043a7c07ed5deec86e8b32dec61ff1a14388455cc3c1 Worker ID: e3d56aa2c0a00b5a77e2dca229b6f9fd6676fd7d85c0864e52609796 Node ID: fbf332f1f274d9bf84233fca5ab27014c61e7344cfa1f2a8e6214061 Worker IP address: 172.17.0.9 Worker port: 36981 Worker PID: 7894 Worker exit type: SYSTEM_ERROR Worker exit detail: Worker unexpectedly exits with a connection error code 2. End of file. Some common causes include: (1) the process was killed by the OOM killer due to high memory usage, (2) ray stop --force was called, or (3) the worker crashed unexpectedly due to SIGSEGV or another unexpected error.
Exception occurred while running RLTACFSDPPolicy's function run_training: exception is The actor died unexpectedly before finishing this task.
	class_name: RLTACFSDPPolicy
	actor_id: 7a5568d453d3f84303b1fae501000000
	pid: 7894
	name: ActorGroup:1
	namespace: RLinf
	ip: 172.17.0.9
The actor is dead because its worker process has died. Worker exit type: SYSTEM_ERROR Worker exit detail: Worker unexpectedly exits with a connection error code 2. End of file. Some common causes include: (1) the process was killed by the OOM killer due to high memory usage, (2) ray stop --force was called, or (3) the worker crashed unexpectedly due to SIGSEGV or another unexpected error.
[33m(raylet)[0m A worker died or was killed while executing a task by an unexpected system error. To troubleshoot the problem, check the logs for the dead worker. Lease ID: 06000000de64e8d1d6d3a677b5a48f3826aad56ac2d64fee91b2c75e6240ded9 Worker ID: a1a4c73092f8cf39aa77bed695e56df2845b89ee1434e5c39516a2de Node ID: fbf332f1f274d9bf84233fca5ab27014c61e7344cfa1f2a8e6214061 Worker IP address: 172.17.0.9 Worker port: 43519 Worker PID: 7876 Worker exit type: SYSTEM_ERROR Worker exit detail: Worker unexpectedly exits with a connection error code 2. End of file. Some common causes include: (1) the process was killed by the OOM killer due to high memory usage, (2) ray stop --force was called, or (3) the worker crashed unexpectedly due to SIGSEGV or another unexpected error.
Exiting main process due to a failure upon worker execution.
