train.move_stapler_pad: task_name=move_stapler_pad count=1000 first=[100010, 100031, 100034, 100039] last=[145698, 145700, 145708, 145710]
train.move_pillbottle_pad: task_name=move_pillbottle_pad count=1000 first=[131250, 131254, 131258, 131260] last=[112799, 112801, 112803, 112807]
eval.move_stapler_pad: task_name=move_stapler_pad count=260 first=[100100001, 100100005, 100100018, 100100033] last=[100200739, 100200740, 100200757, 100200766]
eval.move_pillbottle_pad: task_name=move_pillbottle_pad count=320 first=[100112500, 100112501, 100112502, 100112504] last=[100187587, 100187590, 100187595, 100187596]
prompt.move_stapler_pad: full='use appropriate arm to move the stapler to a colored mat' seen=50 unseen=10
impl.move_stapler_pad: file=move_stapler_pad.py classes=['move_stapler_pad'] check_success=True
prompt.move_pillbottle_pad: full='Use one arm to pick the pillbottle and place it onto the pad.' seen=50 unseen=10
impl.move_pillbottle_pad: file=move_pillbottle_pad.py classes=['move_pillbottle_pad'] check_success=True
limits= {'move_stapler_pad': '400', 'move_pillbottle_pad': '400'}
config_task_occurrences= 3
cfg:29:experiment_name: "robotwin_move_stapler_pad_grpo_pi05_sidney"
cfg:92:task_name: move_stapler_pad
cfg:123:task_name: move_stapler_pad
        infos["_final_info"] = dones
        infos["_final_observation"] = dones
        infos["_elapsed_steps"] = dones
        return extracted_obs, infos

    def offload(self, clear_cache=True):
        if hasattr(self, "venv"):
            self.venv.close(clear_cache)

    def sample_action_space(self):
        return np.random.randn(self.num_envs, self.horizon, 14)

    def _init_reset_state_ids(self):
        if self.cfg.get("seeds_path", None) is not None and os.path.exists(
            self.cfg.seeds_path
        ):
            with open(self.cfg.seeds_path, "r") as f:
                data = json.load(f)
            success_seeds = data[self.task_name].get("success_seeds", None)
            if success_seeds is not None:
                success_seeds = torch.as_tensor(success_seeds, dtype=torch.long)
                self.success_seeds = partition_success_seeds(
                    success_seeds,
                    base_seed=self.base_seed,
                    seed_offset=self.seed_offset,
                    total_num_processes=self.total_num_processes,
                    num_group=self.num_group,
                )
                self._current_seed_index = 0
            else:
                self.success_seeds = None
                self._current_seed_index = 0
        else:
            self.success_seeds = None
            self._current_seed_index = 0

        if not hasattr(self, "_generator"):
            self._generator = torch.Generator()
            self._generator.manual_seed(self.seed)
        self.update_reset_state_ids()

    def update_reset_state_ids(self, env_idx=None):
        if self.use_fixed_reset_state_ids and hasattr(self, "reset_state_ids"):
            return

        if env_idx is not None and hasattr(self, "reset_state_ids"):
            if self.success_seeds is not None:
                total_seeds = self.success_seeds.numel()
                indices = (
                    torch.arange(self.num_group, device=self.success_seeds.device)
                    + self._current_seed_index
                ) % total_seeds
                reset_state_ids = self.success_seeds[indices]
                reset_state_ids = reset_state_ids.repeat_interleave(
                    repeats=self.group_size
                )
                self._current_seed_index = (
                    self._current_seed_index + self.num_group
                ) % total_seeds
            else:
                reset_state_ids = torch.randint(
                    low=10000,
                    high=200000,
                    size=(self.num_group,),
                    generator=self._generator,
                )
                reset_state_ids = reset_state_ids.repeat_interleave(
                    repeats=self.group_size
                )
            for idx in env_idx:
                self.reset_state_ids[idx] = reset_state_ids[idx]
        else:
            if self.success_seeds is not None:
                total_seeds = self.success_seeds.numel()
                indices = (
                    torch.arange(self.num_group, device=self.success_seeds.device)
                    + self._current_seed_index
                ) % total_seeds
                reset_state_ids = self.success_seeds[indices]
                reset_state_ids = reset_state_ids.repeat_interleave(
                    repeats=self.group_size
                )
                self._current_seed_index = (
                    self._current_seed_index + self.num_group
                ) % total_seeds
            else:
                reset_state_ids = torch.randint(
                    low=10000,
                    high=200000,
                    size=(self.num_group,),
                    generator=self._generator,
                )
                reset_state_ids = reset_state_ids.repeat_interleave(
                    repeats=self.group_size
                )
            self.reset_state_ids = reset_state_ids
from ._base_task import Base_Task
from .utils import *
import sapien
import math
from ._GLOBAL_CONFIGS import *
from copy import deepcopy


class move_pillbottle_pad(Base_Task):

    def setup_demo(self, **kwags):
        super()._init_task_env_(**kwags)

    def load_actors(self):
        rand_pos = rand_pose(
            xlim=[-0.25, 0.25],
            ylim=[-0.1, 0.1],
            qpos=[0.5, 0.5, 0.5, 0.5],
            rotate_rand=False,
        )
        while abs(rand_pos.p[0]) < 0.05:
            rand_pos = rand_pose(
                xlim=[-0.25, 0.25],
                ylim=[-0.1, 0.1],
                qpos=[0.5, 0.5, 0.5, 0.5],
                rotate_rand=False,
            )

        self.pillbottle_id = np.random.choice([1, 2, 3, 4, 5], 1)[0]
        self.pillbottle = create_actor(
            scene=self,
            pose=rand_pos,
            modelname="080_pillbottle",
            convex=True,
            model_id=self.pillbottle_id,
        )
        self.pillbottle.set_mass(0.05)

        if rand_pos.p[0] > 0:
            xlim = [0.05, 0.25]
        else:
            xlim = [-0.25, -0.05]
        target_rand_pose = rand_pose(
            xlim=xlim,
            ylim=[-0.2, 0.1],
            qpos=[1, 0, 0, 0],
            rotate_rand=False,
        )
        while (np.sqrt((target_rand_pose.p[0] - rand_pos.p[0])**2 + (target_rand_pose.p[1] - rand_pos.p[1])**2) < 0.1):
            target_rand_pose = rand_pose(
                xlim=xlim,
                ylim=[-0.2, 0.1],
                qpos=[1, 0, 0, 0],
                rotate_rand=False,
            )
        half_size = [0.04, 0.04, 0.0005]
        self.pad = create_box(
            scene=self,
            pose=target_rand_pose,
            half_size=half_size,
            color=(0, 0, 1),
            name="box",
            is_static=True,
        )
        self.add_prohibit_area(self.pillbottle, padding=0.05)
        self.add_prohibit_area(self.pad, padding=0.1)

    def play_once(self):
        # Determine which arm to use based on pillbottle's position (right if on right side, left otherwise)
        arm_tag = ArmTag("right" if self.pillbottle.get_pose().p[0] > 0 else "left")

        # Grasp the pillbottle
        self.move(self.grasp_actor(self.pillbottle, arm_tag=arm_tag, pre_grasp_dis=0.06, gripper_pos=0))

        # Lift up the pillbottle by 0.1 meters in z-axis
        self.move(self.move_by_displacement(arm_tag=arm_tag, z=0.05))

        # Get the target pose for placing the pillbottle
        target_pose = self.pad.get_functional_point(1)
        # Place the pillbottle at the target pose
        self.move(
            self.place_actor(self.pillbottle,
                             arm_tag=arm_tag,
                             target_pose=target_pose,
                             pre_dis=0.05,
                             dis=0,
                             functional_point_id=0,
                             pre_dis_axis='fp'))

        self.info["info"] = {
            "{A}": f"080_pillbottle/base{self.pillbottle_id}",
            "{a}": str(arm_tag),
        }

        return self.info

    def get_info(self):
        arm_tag = ArmTag("right" if self.pillbottle.get_pose().p[0] > 0 else "left")
        info = {
            "{A}": f"080_pillbottle/base{self.pillbottle_id}",
            "{a}": str(arm_tag),
        }
        return info

    def check_success(self):
        pillbottle_pos = self.pillbottle.get_pose().p
        target_pos = self.pad.get_pose().p
        eps1 = 0.03
        return (np.all(abs(pillbottle_pos[:2] - target_pos[:2]) < np.array([eps1, eps1]))
                and np.abs(self.pillbottle.get_pose().p[2] - (0.741 + self.table_z_bias)) < 0.005
                and self.robot.is_left_gripper_open() and self.robot.is_right_gripper_open())
