TIME=2026-09-03 21:09:26 CST

===SIDNEY_PILL===
RUN=/data/chenyiteng/results/rlinf-shenzhen/pi05-sidney/runs/move-pillbottle-pad-grpo-formal100-2gpu64x4-g8-b1024-u2-m10-noise0p5-h200-fixed32-eval5-phys45-localshard-v1
WRAPPER_PID=3176203 ALIVE=yes
3176203       1    2745  3676 Ss   bash /data/chenyiteng/results/rlinf-shenzhen/pi05-sidney/runs/move-pillbottle-pad-grpo-formal100-2gpu64x4-g8-b1024-u2-m10-noise0p5-h200-fixed32-eval5-phys45-localshard-v1/runtime/wrapper.sh /data/chenyiteng/results/rlinf-shenzhen/pi05-sidney/runs/move-pillbottle-pad-grpo-formal100-2gpu64x4-g8-b1024-u2-m10-noise0p5-h200-fixed32-eval5-phys45-localshard-v1/runtime /data/chenyiteng/results/rlinf-shenzhen/pi05-sidney/runs/move-pillbottle-pad-grpo-formal100-2gpu64x4-g8-b1024-u2-m10-noise0p5-h200-fixed32-eval5-phys45-localshard-v1/runtime/command.txt
EXIT_CODE=pending
LOG_BYTES=40670
LATEST_STEPS:
│ Global Step:    1/100 │ Progress: ░░░░░░░░░░░░░░░░░░░░░░░░░░░░░░░░░░░░░░░░ │   1.0%                                  │
│ Global Step:    2/100 │ Progress: ░░░░░░░░░░░░░░░░░░░░░░░░░░░░░░░░░░░░░░░░ │   2.0%                                  │
LATEST_ROLLOUT:
[36m(RolloutGroup(rank=0) pid=3177202)[0m Generating Rollout Epochs:  25%|██▌       | 1/4 [04:56<14:48, 296.09s/it]
[36m(RolloutGroup(rank=0) pid=3177202)[0m Generating Rollout Epochs:  50%|█████     | 2/4 [09:45<09:44, 292.09s/it]
[36m(RolloutGroup(rank=0) pid=3177202)[0m Generating Rollout Epochs:  75%|███████▌  | 3/4 [14:34<04:50, 290.71s/it]
[36m(RolloutGroup(rank=0) pid=3177202)[0m Generating Rollout Epochs: 100%|██████████| 4/4 [19:33<00:00, 294.00s/it]Generating Rollout Epochs: 100%|██████████| 4/4 [19:33<00:00, 293.37s/it]
[36m(RolloutGroup(rank=0) pid=3177202)[0m Generating Rollout Epochs:   0%|          | 0/4 [00:00<?, ?it/s]
LATEST_SUCCESS:
success_once=0.32421875
success_once=0.33984375
LATEST_EVAL:
        "video_base_dir": "/data/chenyiteng/results/rlinf-shenzhen/pi05-sidney/runs/move-pillbottle-pad-grpo-formal100-2gpu64x4-g8-b1024-u2-m10-noise0p5-h200-fixed32-eval5-phys45-localshard-v1/video/train"
        "save_path": "/data/chenyiteng/results/rlinf-shenzhen/pi05-sidney/runs/move-pillbottle-pad-grpo-formal100-2gpu64x4-g8-b1024-u2-m10-noise0p5-h200-fixed32-eval5-phys45-localshard-v1/robotwin_data/train",
        "video_base_dir": "/data/chenyiteng/results/rlinf-shenzhen/pi05-sidney/runs/move-pillbottle-pad-grpo-formal100-2gpu64x4-g8-b1024-u2-m10-noise0p5-h200-fixed32-eval5-phys45-localshard-v1/video/eval"
        "save_path": "/data/chenyiteng/results/rlinf-shenzhen/pi05-sidney/runs/move-pillbottle-pad-grpo-formal100-2gpu64x4-g8-b1024-u2-m10-noise0p5-h200-fixed32-eval5-phys45-localshard-v1/robotwin_data/eval",
      "log_path": "/data/chenyiteng/results/rlinf-shenzhen/pi05-sidney/runs/move-pillbottle-pad-grpo-formal100-2gpu64x4-g8-b1024-u2-m10-noise0p5-h200-fixed32-eval5-phys45-localshard-v1",
      "experiment_name": "pi05_sidney_move_pillbottle_pad_grpo_formal100_2gpu64x4_g8_b1024_u2_m10_noise0p5_h200_fixed32_phys45_v1",
      "output_dir": "/data/chenyiteng/results/rlinf-shenzhen/pi05-sidney/runs/move-pillbottle-pad-grpo-formal100-2gpu64x4-g8-b1024-u2-m10-noise0p5-h200-fixed32-eval5-phys45-localshard-v1/pi05_sidney_move_pillbottle_pad_grpo_formal100_2gpu64x4_g8_b1024_u2_m10_noise0p5_h200_fixed32_phys45_v1/dvac_train"
FATAL_COUNTS:
CUDA out of memory=0
OIDN Error=0
pthread_key_create=0
PyGILState_Release=0
ErrorInitializationFailed=0
ActorDiedError=0
WorkerCrashedError=0
Traceback=0
Fatal Python error=0
CHECKPOINTS:

===FASTWAM===
RUN=/data/chenyiteng/results/rlinf-shenzhen/fastwam-grpo/runs/fastwam-grpo-control-resume10-to100-2gpu32x4-g8-b1024-u2-m10-fixed32-eval5-phys67-dcp-renderlife-v2
WRAPPER_PID=2812508 ALIVE=yes
2812508       1   10480  3568 Ss   bash /data/chenyiteng/results/rlinf-shenzhen/fastwam-grpo/runs/fastwam-grpo-control-resume10-to100-2gpu32x4-g8-b1024-u2-m10-fixed32-eval5-phys67-dcp-renderlife-v2/runtime/wrapper.sh /data/chenyiteng/results/rlinf-shenzhen/fastwam-grpo/runs/fastwam-grpo-control-resume10-to100-2gpu32x4-g8-b1024-u2-m10-fixed32-eval5-phys67-dcp-renderlife-v2/runtime
EXIT_CODE=pending
LOG_BYTES=106773
LATEST_STEPS:
│ Global Step:   18/100 │ Progress: ███████░░░░░░░░░░░░░░░░░░░░░░░░░░░░░░░░░ │  18.0%                                  │
│ Global Step:   19/100 │ Progress: ███████░░░░░░░░░░░░░░░░░░░░░░░░░░░░░░░░░ │  19.0%                                  │
│ Global Step:   20/100 │ Progress: ████████░░░░░░░░░░░░░░░░░░░░░░░░░░░░░░░░ │  20.0%                                  │
│ Global Step:   21/100 │ Progress: ████████░░░░░░░░░░░░░░░░░░░░░░░░░░░░░░░░ │  21.0%                                  │
│ Global Step:   22/100 │ Progress: ████████░░░░░░░░░░░░░░░░░░░░░░░░░░░░░░░░ │  22.0%                                  │
LATEST_ROLLOUT:
[36m(RolloutGroup(rank=0) pid=2813137)[0m Generating Rollout Epochs:  50%|█████     | 2/4 [05:03<05:00, 150.43s/it]
[36m(RolloutGroup(rank=0) pid=2813137)[0m Generating Rollout Epochs:  75%|███████▌  | 3/4 [07:28<02:28, 148.31s/it]
[36m(RolloutGroup(rank=0) pid=2813137)[0m Generating Rollout Epochs: 100%|██████████| 4/4 [10:11<00:00, 153.79s/it]Generating Rollout Epochs: 100%|██████████| 4/4 [10:11<00:00, 152.76s/it]
[36m(RolloutGroup(rank=0) pid=2813137)[0m Generating Rollout Epochs:   0%|          | 0/4 [00:00<?, ?it/s]
[36m(RolloutGroup(rank=0) pid=2813137)[0m Generating Rollout Epochs:  25%|██▌       | 1/4 [03:00<09:01, 180.46s/it]
LATEST_SUCCESS:
success_once=0.265625
success_once=0.40625
success_once=0.3984375
success_once=0.28125
success_once=0.2734375
success_once=0.28125
success_once=0.4453125
success_once=0.28125
success_once=0.2734375
success_once=0.3125
LATEST_EVAL:
        "video_base_dir": "/data/chenyiteng/results/rlinf-shenzhen/fastwam-grpo/runs/fastwam-grpo-control-resume10-to100-2gpu32x4-g8-b1024-u2-m10-fixed32-eval5-phys67-dcp-renderlife-v2/video/train"
        "save_path": "/data/chenyiteng/results/rlinf-shenzhen/fastwam-grpo/runs/fastwam-grpo-control-resume10-to100-2gpu32x4-g8-b1024-u2-m10-fixed32-eval5-phys67-dcp-renderlife-v2/robotwin_data/train",
        "video_base_dir": "/data/chenyiteng/results/rlinf-shenzhen/fastwam-grpo/runs/fastwam-grpo-control-resume10-to100-2gpu32x4-g8-b1024-u2-m10-fixed32-eval5-phys67-dcp-renderlife-v2/video/eval"
        "save_path": "/data/chenyiteng/results/rlinf-shenzhen/fastwam-grpo/runs/fastwam-grpo-control-resume10-to100-2gpu32x4-g8-b1024-u2-m10-fixed32-eval5-phys67-dcp-renderlife-v2/robotwin_data/eval",
      "log_path": "/data/chenyiteng/results/rlinf-shenzhen/fastwam-grpo/runs/fastwam-grpo-control-resume10-to100-2gpu32x4-g8-b1024-u2-m10-fixed32-eval5-phys67-dcp-renderlife-v2",
      "experiment_name": "fastwam_grpo_control_resume10_to100_2gpu32x4_g8_b1024_u2_m10_fixed32_eval5_phys67_dcp_renderlife_v2",
    "resume_dir": "/data/chenyiteng/results/rlinf-shenzhen/fastwam-grpo/runs/fastwam-grpo-control-formal100-2gpu32x4-g8-b1024-u2-m10-fixed32-eval5-phys67-dcp-v1/fastwam_grpo_control_formal100_2gpu32x4_g8_b1024_u2_m10_fixed32_eval5_phys67_dcp_v1/checkpoints/global_step_10",
[INFO 10:17:47 RLinf] Resuming training from checkpoint directory /data/chenyiteng/results/rlinf-shenzhen/fastwam-grpo/runs/fastwam-grpo-control-formal100-2gpu32x4-g8-b1024-u2-m10-fixed32-eval5-phys67-dcp-v1/fastwam_grpo_control_formal100_2gpu32x4_g8_b1024_u2_m10_fixed32_eval5_phys67_dcp_v1/checkpoints/global_step_10.
[36m(RolloutGroup(rank=0) pid=2813137)[0m Evaluating Rollout Epochs: 100%|██████████| 1/1 [02:55<00:00, 175.44s/it]Evaluating Rollout Epochs: 100%|██████████| 1/1 [02:55<00:00, 175.44s/it]
[36m(RolloutGroup(rank=0) pid=2813137)[0m Evaluating Rollout Epochs: 100%|██████████| 1/1 [02:24<00:00, 144.93s/it]Evaluating Rollout Epochs: 100%|██████████| 1/1 [02:24<00:00, 144.93s/it]
FATAL_COUNTS:
CUDA out of memory=0
OIDN Error=0
pthread_key_create=0
PyGILState_Release=0
ErrorInitializationFailed=0
ActorDiedError=0
WorkerCrashedError=0
Traceback=0
Fatal Python error=0
CHECKPOINTS:
/data/chenyiteng/results/rlinf-shenzhen/fastwam-grpo/runs/fastwam-grpo-control-resume10-to100-2gpu32x4-g8-b1024-u2-m10-fixed32-eval5-phys67-dcp-renderlife-v2/fastwam_grpo_control_resume10_to100_2gpu32x4_g8_b1024_u2_m10_fixed32_eval5_phys67_dcp_renderlife_v2/checkpoints/global_step_20
\n===GPU4_7===
4, 31630, 81559, 0, 48, 160.04
5, 31919, 81559, 0, 39, 149.30
6, 42706, 81559, 1, 38, 150.33
7, 42640, 81559, 1, 49, 159.09
\n===OWNED_GPU_PROCESSES===
GPU-a8b81587-9a8b-7c62-1d5c-ed33e9638070, 916861, /home/liwenbo/.conda/envs/starVLA/bin/python, 9686
GPU-a5db195a-ea49-b641-5355-ea060827f70c, 3047102, /home/zhangwei/.conda/envs/vlact/bin/python, 11080
GPU-9200fbe8-fdd0-93ae-c221-5f0e9d318bf5, 3177202, ray::MultiStepRolloutWorker.generate, 7962
GPU-9200fbe8-fdd0-93ae-c221-5f0e9d318bf5, 3177199, ray::EmbodiedFSDPActor.recv_rollout_trajectories, 2444
GPU-9200fbe8-fdd0-93ae-c221-5f0e9d318bf5, 3177205, ray::EnvWorker.interact, 21160
GPU-3bbde6c0-3ddc-ec10-1d69-c3bc7855704e, 3177201, ray::EmbodiedFSDPActor.recv_rollout_trajectories, 1832
GPU-3bbde6c0-3ddc-ec10-1d69-c3bc7855704e, 3177204, ray::MultiStepRolloutWorker.generate, 8868
GPU-3bbde6c0-3ddc-ec10-1d69-c3bc7855704e, 3177207, ray::EnvWorker.interact, 21160
GPU-daa75ed0-9080-a1fc-cb5c-f779251d88d2, 2813133, ray::EmbodiedFSDPActor.recv_rollout_trajectories, 16388
GPU-daa75ed0-9080-a1fc-cb5c-f779251d88d2, 2813137, ray::MultiStepRolloutWorker.generate, 25194
GPU-daa75ed0-9080-a1fc-cb5c-f779251d88d2, 2813140, ray::EnvWorker.interact, 1084
GPU-00171f89-03fd-5703-b1aa-f5a29f6067ba, 2813136, ray::EmbodiedFSDPActor.recv_rollout_trajectories, 16386
GPU-00171f89-03fd-5703-b1aa-f5a29f6067ba, 2813142, ray::EnvWorker.interact, 1020
GPU-00171f89-03fd-5703-b1aa-f5a29f6067ba, 2813139, ray::MultiStepRolloutWorker.generate, 25194
\n===RAM===
total_bytes=2164140818432 used_bytes=382751358976 available_bytes=1745017507840
