2026-09-03T12:17:44+00:00
head=f50e235c5ab1f4390f0ba92bfb13390ed0a86810
status=0
=== seed banks ===
rlinf/envs/robotwin/seeds/train_seeds.json present= True type= dict count= 2
value= {'task_name': 'move_pillbottle_pad', 'success_seeds': [131250, 131254, 131258, 131260, 131262, 131263, 131264, 131270, 131271, 131272, 131273, 131277, 131278, 131283, 131284, 131285, 131286, 131287, 131289, 131291, 131292, 131293, 131298, 131299, 131300, 131301, 131306, 131307, 131308, 131309, 131310, 131312, 131315, 131316, 131317, 131318, 131319, 131321, 131322, 131323, 131324, 131326, 131328, 131329, 131330, 131332, 131333, 131337, 131338, 131339, 131340, 131342, 131345, 131348, 131351, 131355, 131358, 131359, 131360, 131362, 131363, 131365, 131367, 131369, 131371, 131372, 131373, 131374, 131378, 131380, 131382, 131383, 131384, 131389, 131391, 131392, 131396, 131398, 131399, 131400, 131403, 131405, 131407, 131408, 131410, 131411, 131413, 131414, 131417, 131418, 131419, 131420, 131422, 131424, 131426, 131427, 131430, 131434, 131435, 131438, 131439, 131440, 131441, 131442, 131443, 131447, 131448, 131449, 131452, 131454, 131456, 131458, 131459, 131460, 131461, 131462, 131464, 131465, 131467, 131470, 131471, 131472, 131473, 131474, 131476, 118751, 118752, 118755, 118756, 118759, 118762, 118765, 118766, 118770, 118773, 118775, 118777, 118778, 118780, 118781, 118785, 118786, 118788, 118789, 118790, 118792, 118793, 118795, 118796, 118798, 118800, 118801, 118802, 118804, 118805, 118806, 118808, 118811, 118815, 118816, 118819, 118821, 118823, 118827, 118828, 118829, 118830, 118832, 118833, 118835, 118838, 118840, 118841, 118843, 118845, 118846, 118848, 118852, 118854, 118855, 118856, 118857, 118859, 118862, 118863, 118867, 118869, 118870, 118871, 118872, 118873, 118874, 118875, 118876, 118879, 118880, 118881, 118886, 118887, 118888, 118889, 118891, 118892, 118893, 118894, 118896, 118897, 118901, 118906, 118910, 118915, 118917, 118919, 118920, 118921, 118924, 118925, 118926, 118927, 118932, 118939, 118940, 118942, 118943, 118944, 118947, 118948, 118949, 118950, 118957, 118958, 118960, 118961, 118963, 118965, 118968, 118970, 118972, 118973, 118974, 118975, 118976, 118978, 118979, 118980, 118984, 118985, 118987, 118988, 118991, 100002, 100006, 100007, 100009, 100013, 100015, 100016, 100018, 100019, 100022, 100024, 100026, 100027, 100029, 100032, 100033, 100034, 100042, 100043, 100044, 100045, 100048, 100053, 100055, 100056, 100059, 100064, 100065, 100069, 100070, 100074, 100079, 100080, 100082, 100083, 100084, 100085, 100090, 100091, 100092, 100093, 100094, 100095, 100098, 100099, 100102, 100104, 100105, 100106, 100111, 100112, 100113, 100115, 100116, 100119, 100120, 100121, 100124, 100126, 100127, 100131, 100134, 100137, 100139, 100140, 100141, 100142, 100144, 100146, 100152, 100153, 100154, 100155, 100156, 100158, 100160, 100161, 100163, 100164, 100165, 100167, 100169, 100171, 100172, 100175, 100177, 100181, 100182, 100186, 100190, 100192, 100193, 100194, 100195, 100196, 100197, 100198, 100199, 100200, 100201, 100204, 100208, 100211, 100212, 100213, 100214, 100215, 100219, 100220, 100221, 100222, 100225, 100227, 100231, 100232, 100233, 100234, 100235, 100236, 100237, 100238, 100248, 100249, 100254, 100255, 106253, 106254, 106256, 106257, 106259, 106260, 106261, 106262, 106267, 106268, 106270, 106271, 106275, 106279, 106283, 106287, 106290, 106291, 106293, 106294, 106296, 106302, 106303, 106305, 106307, 106310, 106314, 106318, 106327, 106328, 106329, 106330, 106331, 106332, 106333, 106334, 106335, 106336, 106337, 106341, 106343, 106344, 106345, 106346, 106347, 106350, 106351, 106354, 106355, 106356, 106357, 106358, 106359, 106363, 106366, 106373, 106374, 106376, 106377, 106379, 106380, 106381, 106384, 106386, 106387, 106388, 106391, 106395, 106396, 106398, 106399, 106401, 106402, 106406, 106407, 106410, 106412, 106413, 106414, 106415, 106416, 106417, 106418, 106422, 106423, 106424, 106426, 106427, 106428, 106430, 106436, 106440, 106441, 106444, 106445, 106446, 106447, 106449, 106450, 106451, 106453, 106454, 106456, 106458, 106461, 106462, 106463, 106464, 106466, 106473, 106476, 106479, 106481, 106483, 106484, 106485, 106487, 106492, 106493, 106494, 106498, 106499, 106503, 106504, 106506, 143750, 143755, 143758, 143759, 143760, 143761, 143762, 143767, 143771, 143772, 143773, 143775, 143776, 143778, 143782, 143785, 143786, 143788, 143789, 143790, 143792, 143794, 143795, 143797, 143800, 143803, 143805, 143807, 143808, 143810, 143812, 143814, 143817, 143819, 143822, 143823, 143824, 143825, 143826, 143827, 143829, 143830, 143835, 143836, 143837, 143844, 143848, 143853, 143854, 143857, 143858, 143860, 143861, 143864, 143866, 143867, 143868, 143869, 143870, 143871, 143872, 143874, 143875, 143877, 143881, 143882, 143884, 143886, 143894, 143896, 143900, 143906, 143908, 143909, 143914, 143915, 143916, 143918, 143919, 143920, 143925, 143929, 143930, 143931, 143932, 143934, 143935, 143947, 143950, 143952, 143953, 143956, 143957, 143959, 143960, 143962, 143963, 143966, 143970, 143971, 143972, 143974, 143977, 143978, 143979, 143980, 143981, 143982, 143983, 143984, 143985, 143987, 143988, 143989, 143990, 143992, 143993, 143996, 143998, 144001, 144006, 144007, 144008, 144010, 144013, 125000, 125002, 125003, 125006, 125009, 125012, 125014, 125015, 125016, 125018, 125021, 125022, 125023, 125027, 125028, 125030, 125031, 125032, 125037, 125038, 125039, 125041, 125043, 125044, 125045, 125048, 125049, 125051, 125052, 125059, 125061, 125065, 125067, 125068, 125074, 125075, 125076, 125078, 125081, 125083, 125086, 125087, 125088, 125091, 125092, 125093, 125094, 125095, 125096, 125101, 125102, 125103, 125106, 125107, 125108, 125109, 125110, 125111, 125112, 125115, 125116, 125118, 125119, 125120, 125123, 125125, 125127, 125128, 125129, 125134, 125135, 125136, 125140, 125143, 125145, 125147, 125149, 125154, 125159, 125163, 125168, 125169, 125173, 125174, 125178, 125179, 125181, 125184, 125186, 125188, 125189, 125190, 125197, 125199, 125202, 125204, 125205, 125212, 125213, 125220, 125221, 125222, 125223, 125225, 125226, 125227, 125228, 125232, 125233, 125235, 125238, 125240, 125243, 125244, 125245, 125251, 125252, 125255, 125257, 125258, 125261, 125262, 125263, 125265, 125266, 137507, 137509, 137514, 137515, 137518, 137520, 137521, 137524, 137525, 137526, 137528, 137529, 137530, 137533, 137534, 137535, 137536, 137537, 137540, 137541, 137543, 137544, 137546, 137549, 137551, 137553, 137555, 137563, 137566, 137567, 137568, 137570, 137571, 137573, 137574, 137578, 137579, 137583, 137591, 137593, 137596, 137597, 137598, 137599, 137600, 137603, 137605, 137610, 137613, 137614, 137616, 137617, 137618, 137619, 137620, 137622, 137623, 137624, 137630, 137631, 137633, 137635, 137642, 137643, 137644, 137645, 137647, 137650, 137651, 137656, 137657, 137658, 137660, 137662, 137665, 137666, 137673, 137679, 137681, 137683, 137685, 137687, 137695, 137696, 137702, 137704, 137707, 137710, 137711, 137712, 137713, 137714, 137716, 137719, 137720, 137724, 137725, 137728, 137732, 137735, 137737, 137738, 137739, 137740, 137745, 137746, 137748, 137749, 137750, 137751, 137756, 137757, 137762, 137768, 137769, 137770, 137772, 137773, 137776, 137777, 137778, 137780, 137783, 137784, 137785, 112501, 112506, 112511, 112515, 112516, 112518, 112520, 112523, 112525, 112527, 112530, 112531, 112533, 112534, 112535, 112540, 112541, 112543, 112545, 112548, 112551, 112556, 112557, 112559, 112560, 112561, 112563, 112564, 112565, 112566, 112567, 112570, 112571, 112574, 112575, 112577, 112578, 112581, 112582, 112585, 112586, 112587, 112591, 112596, 112597, 112598, 112599, 112600, 112604, 112608, 112612, 112613, 112615, 112616, 112617, 112619, 112624, 112626, 112629, 112630, 112633, 112636, 112639, 112641, 112643, 112646, 112650, 112651, 112655, 112656, 112657, 112660, 112661, 112666, 112671, 112673, 112675, 112677, 112678, 112679, 112680, 112681, 112683, 112685, 112699, 112706, 112707, 112708, 112710, 112714, 112715, 112716, 112720, 112723, 112724, 112728, 112729, 112730, 112731, 112739, 112742, 112743, 112744, 112746, 112747, 112750, 112754, 112755, 112759, 112761, 112766, 112773, 112776, 112780, 112783, 112786, 112787, 112790, 112791, 112794, 112796, 112799, 112801, 112803, 112807]}
rlinf/envs/robotwin/seeds/eval_seeds.json present= True type= dict count= 2
value= {'task_name': 'move_pillbottle_pad', 'success_seeds': [100112500, 100112501, 100112502, 100112504, 100112508, 100112509, 100112511, 100112512, 100112513, 100112514, 100112515, 100112516, 100112518, 100112519, 100112521, 100112522, 100112525, 100112528, 100112529, 100112535, 100112537, 100112538, 100112539, 100112540, 100112541, 100112544, 100112548, 100112549, 100112550, 100112553, 100112555, 100112557, 100112558, 100112559, 100112561, 100112564, 100112568, 100112571, 100112573, 100112574, 100162501, 100162502, 100162504, 100162505, 100162509, 100162512, 100162514, 100162519, 100162520, 100162523, 100162524, 100162530, 100162533, 100162535, 100162540, 100162541, 100162542, 100162544, 100162545, 100162546, 100162547, 100162550, 100162551, 100162553, 100162555, 100162556, 100162558, 100162559, 100162560, 100162563, 100162564, 100162566, 100162568, 100162569, 100162570, 100162571, 100162572, 100162573, 100162574, 100162575, 100125000, 100125002, 100125006, 100125007, 100125008, 100125009, 100125010, 100125012, 100125017, 100125020, 100125022, 100125025, 100125026, 100125029, 100125030, 100125036, 100125038, 100125042, 100125043, 100125045, 100125046, 100125047, 100125049, 100125050, 100125051, 100125052, 100125053, 100125056, 100125057, 100125059, 100125061, 100125062, 100125063, 100125069, 100125071, 100125072, 100125073, 100125074, 100125077, 100125078, 100100000, 100100001, 100100002, 100100004, 100100005, 100100006, 100100007, 100100009, 100100010, 100100015, 100100016, 100100018, 100100019, 100100020, 100100022, 100100025, 100100026, 100100029, 100100030, 100100031, 100100033, 100100034, 100100035, 100100037, 100100041, 100100046, 100100048, 100100050, 100100055, 100100056, 100100058, 100100059, 100100060, 100100063, 100100066, 100100068, 100100069, 100100073, 100100074, 100100078, 100175001, 100175002, 100175004, 100175008, 100175009, 100175011, 100175014, 100175015, 100175016, 100175019, 100175021, 100175022, 100175023, 100175024, 100175029, 100175030, 100175032, 100175033, 100175035, 100175038, 100175039, 100175041, 100175042, 100175048, 100175049, 100175053, 100175055, 100175056, 100175059, 100175061, 100175062, 100175065, 100175069, 100175070, 100175071, 100175072, 100175077, 100175078, 100175081, 100175082, 100137501, 100137502, 100137508, 100137509, 100137513, 100137515, 100137516, 100137517, 100137520, 100137521, 100137525, 100137528, 100137529, 100137531, 100137533, 100137534, 100137535, 100137537, 100137539, 100137540, 100137541, 100137543, 100137546, 100137549, 100137550, 100137553, 100137554, 100137556, 100137560, 100137561, 100137568, 100137569, 100137570, 100137571, 100137572, 100137574, 100137575, 100137577, 100137581, 100137584, 100150000, 100150002, 100150003, 100150004, 100150005, 100150009, 100150010, 100150011, 100150013, 100150015, 100150016, 100150019, 100150021, 100150023, 100150024, 100150027, 100150029, 100150030, 100150032, 100150037, 100150038, 100150041, 100150042, 100150043, 100150044, 100150045, 100150048, 100150051, 100150053, 100150056, 100150057, 100150058, 100150060, 100150061, 100150063, 100150064, 100150066, 100150071, 100150079, 100150088, 100187500, 100187502, 100187504, 100187505, 100187511, 100187518, 100187520, 100187524, 100187525, 100187528, 100187532, 100187533, 100187534, 100187536, 100187537, 100187539, 100187542, 100187543, 100187548, 100187555, 100187558, 100187559, 100187560, 100187562, 100187563, 100187565, 100187567, 100187568, 100187569, 100187570, 100187579, 100187580, 100187581, 100187583, 100187584, 100187586, 100187587, 100187590, 100187595, 100187596]}
=== reward/task references in current RLinf ===
/data/chenyiteng/projects/rlinf-shenzhen/worktrees/sidney-pi05-current-rlinf/rlinf/envs/robotwin/seeds/eval_seeds.json:4137:  "move_pillbottle_pad": {
/data/chenyiteng/projects/rlinf-shenzhen/worktrees/sidney-pi05-current-rlinf/rlinf/envs/robotwin/seeds/eval_seeds.json:4138:    "task_name": "move_pillbottle_pad",
/data/chenyiteng/projects/rlinf-shenzhen/worktrees/sidney-pi05-current-rlinf/rlinf/envs/robotwin/seeds/train_seeds.json:19343:  "move_pillbottle_pad": {
/data/chenyiteng/projects/rlinf-shenzhen/worktrees/sidney-pi05-current-rlinf/rlinf/envs/robotwin/seeds/train_seeds.json:19344:    "task_name": "move_pillbottle_pad",
=== current Sidney task config ===
# Engineering configuration for the converted SidneyXie/pi05_robotwin checkpoint.
# It composes the same maintained component configs as the official pi0.5 recipe.
defaults:
  - env/robotwin_adjust_bottle@env.train
  - env/robotwin_adjust_bottle@env.eval
  - model/pi0_5@actor.model
  - hybrid_engines/fsdp@actor.fsdp_config
  - weight_syncer/patch_syncer@weight_syncer
  - override hydra/job_logging: stdout
  - _self_

hydra:
  run:
    dir: .
  output_subdir: null
  searchpath:
    - file://${oc.env:EMBODIED_PATH}/config/

cluster:
  num_nodes: 1
  component_placement:
    actor, env, rollout: 0-1

runner:
  task_type: embodied
  logger:
    log_path: "../results"
    project_name: rlinf
    experiment_name: "robotwin_move_stapler_pad_grpo_pi05_sidney"
    logger_backends: ["tensorboard"]
  max_epochs: 1000
  max_steps: -1
  only_eval: false
  val_check_interval: 5
  save_interval: 10
  resume_dir: null
  ckpt_path: null

algorithm:
  normalize_advantages: true
  kl_penalty: kl
  group_size: 8
  reward_coef: 1.0
  reward_type: chunk_level
  logprob_type: chunk_level
  entropy_type: token_level
  update_epoch: 2
  adv_type: grpo
  loss_type: actor
  loss_agg_func: token-mean
  kl_beta: 0.0
  entropy_bonus: 0
  clip_ratio_high: 0.2
  clip_ratio_low: 0.2
  clip_ratio_c: 3.0
  value_clip: 0.2
  huber_delta: 10.0
  gamma: 0.99
  gae_lambda: 0.95
  filter_rewards: true
  rewards_lower_bound: 0.1
  rewards_upper_bound: 0.9
  dvac_gradient_weighting:
    mode: "off"
    application: "logprob_st"
    selected_l: 3
    warmup_steps: 1
    window_steps: 5
    log_eps: 1.0e-12
    std_floor: 1.0e-6
    z_clip: 2.0
    strength: 0.5
    weight_min: null
    weight_max: null
    save_step_tensors: true
    output_dir: ${runner.logger.log_path}/${runner.logger.experiment_name}/dvac_train

env:
  group_name: EnvGroup
  enable_offload: true
  train:
    total_num_envs: 64
    rollout_epoch: 4
    max_episode_steps: 400
    max_steps_per_rollout_epoch: 400
    reward_coef: ${algorithm.reward_coef}
    group_size: ${algorithm.group_size}
    assets_path: "/path/to/robotwin_assets"
    seeds_path: ${oc.env:REPO_PATH}/rlinf/envs/robotwin/seeds/train_seeds.json
    center_crop: false
    task_config:
      task_name: move_stapler_pad
      step_lim: 400
      embodiment: [aloha-agilex]
      camera:
        collect_wrist_camera: true
      domain_randomization:
        random_background: false
        cluttered_table: false
        clean_background_rate: 1
        random_head_camera_dis: 0
        random_table_height: 0
        random_light: false
        crazy_random_light_rate: 0
  eval:
    rollout_epoch: 1
    total_num_envs: 32
    max_episode_steps: 400
    max_steps_per_rollout_epoch: 400
    reward_coef: ${algorithm.reward_coef}
    group_size: 1
    auto_reset: true
    ignore_terminations: true
    use_fixed_reset_state_ids: true
    is_eval: true
    assets_path: "/path/to/robotwin_assets"
    seeds_path: ${oc.env:REPO_PATH}/rlinf/envs/robotwin/seeds/eval_seeds.json
    center_crop: false
    video_cfg:
      save_video: true
      video_base_dir: ${runner.logger.log_path}/video/eval
    task_config:
      task_name: move_stapler_pad
      step_lim: 400
      embodiment: [aloha-agilex]
      camera:
        collect_wrist_camera: true
      domain_randomization:
        random_background: false
        cluttered_table: false
        clean_background_rate: 1
        random_head_camera_dis: 0
        random_table_height: 0
        random_light: false
        crazy_random_light_rate: 0

rollout:
  group_name: RolloutGroup
  backend: huggingface
  recompute_logprobs: false
  enable_offload: true
  pipeline_stage_num: 1
  model: ${actor.model}

actor:
  group_name: ActorGroup
  training_backend: fsdp
  global_batch_size: 1024
  micro_batch_size: 32
  seed: 1234
  enable_offload: true
  model:
    model_path: "/path/to/rlinf-native-sidney-pi05-robotwin"
    num_action_chunks: 50
    action_dim: 14
    num_steps: 10
    openpi:
      config_name: "pi05_sidney_robotwin"
      num_images_in_input: 3
      action_chunk: 50
      num_steps: 10
      noise_level: 0.3
      train_expert_only: True
      detach_critic_input: true
  optim:
    lr: 5.0e-06
    value_lr: 1.0e-04
    adam_beta1: 0.9
    adam_beta2: 0.95
    adam_eps: 1.0e-08
    weight_decay: 0.01
    clip_grad: 1.0
    critic_warmup_steps: 0
  fsdp_config:
    checkpoint_format: local_shard

reward:
  use_reward_model: false

critic:
  use_critic_model: false
=== base env task configs ===
/data/chenyiteng/projects/rlinf-shenzhen/worktrees/sidney-pi05-current-rlinf/examples/embodiment/config/robotwin_move_stapler_pad_grpo_openpi_pi05_sidney.yaml
=== RoboTwin task references/config ===
/data/chenyiteng/projects/rlinf-shenzhen/RoboTwin-RLinf-support/description/task_instruction/move_stapler_pad.json
/data/chenyiteng/projects/rlinf-shenzhen/RoboTwin-RLinf-support/description/task_instruction/move_pillbottle_pad.json
/data/chenyiteng/projects/rlinf-shenzhen/RoboTwin-RLinf-support/envs/move_pillbottle_pad.py
/data/chenyiteng/projects/rlinf-shenzhen/RoboTwin-RLinf-support/envs/move_stapler_pad.py
/data/chenyiteng/projects/rlinf-shenzhen/RoboTwin-RLinf-support/envs/__pycache__/move_stapler_pad.cpython-311.pyc
/data/chenyiteng/projects/rlinf-shenzhen/RoboTwin-RLinf-support/task_config/_eval_step_limit.yml:36:move_pillbottle_pad: 400
=== official step limit entries ===
/data/chenyiteng/projects/rlinf-shenzhen/RoboTwin-RLinf-support/task_config/_eval_step_limit.yml
14:move_stapler_pad: 400
36:move_pillbottle_pad: 400
=== task class metadata ===
move_pillbottle_pad ['envs/move_pillbottle_pad.py']
move_stapler_pad ['envs/move_stapler_pad.py', 'script/add_annotation.py']
=== task instruction ===
{
  "full_description": "Use one arm to pick the pillbottle and place it onto the pad.",
  "schema": "{A} notifies the pillbottle, {a} notifies the arm to move the pillbottle",
  "preference": "num of words should not exceed 10",
  "seen": [
    "Move {A} with one arm to the pad",
    "Lift {A} with {a} and drop on pad",
    "Pick {A} and place it on the pad",
    "Use {a} to move {A} to the pad",
    "Grab {A} and drop it onto the pad",
    "Lift {A} with {a} and set it down",
    "Take {A} and put it onto the pad",
    "Use {a} to set {A} onto the pad",
    "Move {A} and position it on the pad",
    "Grab and transfer {A} with {a} to pad",
    "Use {a} to lift {A} and place it",
    "Move {A} using {a} and drop it on pad",
    "Place {A} on pad after lifting with {a}",
    "Lift {A} and carefully place it on pad",
    "Pick {A} with {a} and position it onto pad",
    "Grab {A} and drop it on the pad",
    "Use {a} to pick {A}, then place it on pad",
    "Pick {A} up and set it onto the pad",
    "Set {A} on pad after lifting it with {a}",
    "Move {A} to the pad and let it rest there",
    "Grab {A} and place it on the pad",
    "Use {a} to grab {A} and place it",
    "Pick {A} up and drop it onto the pad",
    "Move {A} onto the pad using {a}",
    "Lift {A} and set it on the pad",
    "Use {a} to lift {A} and position it",
    "Take {A} and place it onto the pad",
    "Use {a} to take {A} and move it",
    "Pick {A} using {a} and set it on pad",
    "Move {A} to the pad and leave it there",
    "Grab {A} with {a} and move it to the pad.",
    "Place {A} onto the pad after picking it.",
    "Lift {A} using {a} and position it on the pad.",
    "Move {A} to the pad and release it there.",
    "Pick {A} with {a} and drop it onto the pad.",
    "Set {A} down on the pad after picking it.",
    "Use {a} to grab {A} and put it on the pad.",
    "Place {A} on the pad after lifting it up.",
    "Grab {A} and carefully set it onto the pad.",
    "Use {a} to pick and place {A} onto the pad.",
    "Move {A} and drop it on the pad",
    "Pick {A} with {a} and place it down",
    "Grab {A} and position it on the pad",
    "Use {a} to move {A} to the pad",
    "Lift {A} and gently lower onto the pad",
    "Control {a} to pick {A} and set it down",
    "Grab {A} carefully and drop it on pad",
    "Use {a} to place {A} on the pad",
    "Hold {A} and position it on the pad",
    "Direct {a} to grab {A} and drop it there"
  ],
  "unseen": [
    "Pick {A} and set it on the pad",
    "Use {a} to grab {A} and place it",
    "Grab {A} and set it on the pad",
    "Pick {A} and put it onto the pad",
    "Pick {A} and set it on the pad",
    "Use {a} to move {A} onto the pad",
    "Use {a} to pick {A} and place it.",
    "Pick {A} and set it onto the pad.",
    "Pick {A} and set it on the pad",
    "Use {a} to grab {A} and place it"
  ]
}=== task implementation ===
from ._base_task import Base_Task
from .utils import *
import sapien
import math
from ._GLOBAL_CONFIGS import *
from copy import deepcopy


class move_pillbottle_pad(Base_Task):

    def setup_demo(self, **kwags):
        super()._init_task_env_(**kwags)

    def load_actors(self):
        rand_pos = rand_pose(
            xlim=[-0.25, 0.25],
            ylim=[-0.1, 0.1],
            qpos=[0.5, 0.5, 0.5, 0.5],
            rotate_rand=False,
        )
        while abs(rand_pos.p[0]) < 0.05:
            rand_pos = rand_pose(
                xlim=[-0.25, 0.25],
                ylim=[-0.1, 0.1],
                qpos=[0.5, 0.5, 0.5, 0.5],
                rotate_rand=False,
            )

        self.pillbottle_id = np.random.choice([1, 2, 3, 4, 5], 1)[0]
        self.pillbottle = create_actor(
            scene=self,
            pose=rand_pos,
            modelname="080_pillbottle",
            convex=True,
            model_id=self.pillbottle_id,
        )
        self.pillbottle.set_mass(0.05)

        if rand_pos.p[0] > 0:
            xlim = [0.05, 0.25]
        else:
            xlim = [-0.25, -0.05]
        target_rand_pose = rand_pose(
            xlim=xlim,
            ylim=[-0.2, 0.1],
            qpos=[1, 0, 0, 0],
            rotate_rand=False,
        )
        while (np.sqrt((target_rand_pose.p[0] - rand_pos.p[0])**2 + (target_rand_pose.p[1] - rand_pos.p[1])**2) < 0.1):
            target_rand_pose = rand_pose(
                xlim=xlim,
                ylim=[-0.2, 0.1],
                qpos=[1, 0, 0, 0],
                rotate_rand=False,
            )
        half_size = [0.04, 0.04, 0.0005]
        self.pad = create_box(
            scene=self,
            pose=target_rand_pose,
            half_size=half_size,
            color=(0, 0, 1),
            name="box",
            is_static=True,
        )
        self.add_prohibit_area(self.pillbottle, padding=0.05)
        self.add_prohibit_area(self.pad, padding=0.1)

    def play_once(self):
        # Determine which arm to use based on pillbottle's position (right if on right side, left otherwise)
        arm_tag = ArmTag("right" if self.pillbottle.get_pose().p[0] > 0 else "left")

        # Grasp the pillbottle
        self.move(self.grasp_actor(self.pillbottle, arm_tag=arm_tag, pre_grasp_dis=0.06, gripper_pos=0))

        # Lift up the pillbottle by 0.1 meters in z-axis
        self.move(self.move_by_displacement(arm_tag=arm_tag, z=0.05))

        # Get the target pose for placing the pillbottle
        target_pose = self.pad.get_functional_point(1)
        # Place the pillbottle at the target pose
        self.move(
            self.place_actor(self.pillbottle,
                             arm_tag=arm_tag,
                             target_pose=target_pose,
                             pre_dis=0.05,
                             dis=0,
                             functional_point_id=0,
                             pre_dis_axis='fp'))

        self.info["info"] = {
            "{A}": f"080_pillbottle/base{self.pillbottle_id}",
            "{a}": str(arm_tag),
        }

        return self.info

    def get_info(self):
        arm_tag = ArmTag("right" if self.pillbottle.get_pose().p[0] > 0 else "left")
        info = {
            "{A}": f"080_pillbottle/base{self.pillbottle_id}",
            "{a}": str(arm_tag),
        }
        return info

    def check_success(self):
        pillbottle_pos = self.pillbottle.get_pose().p
        target_pos = self.pad.get_pose().p
        eps1 = 0.03
        return (np.all(abs(pillbottle_pos[:2] - target_pos[:2]) < np.array([eps1, eps1]))
                and np.abs(self.pillbottle.get_pose().p[2] - (0.741 + self.table_z_bias)) < 0.005
                and self.robot.is_left_gripper_open() and self.robot.is_right_gripper_open())
=== current adapter reward path ===
/data/chenyiteng/projects/rlinf-shenzhen/worktrees/sidney-pi05-current-rlinf/rlinf/envs/robotwin/robotwin_env.py:26:from rlinf.envs.robotwin.seed_utils import partition_success_seeds
/data/chenyiteng/projects/rlinf-shenzhen/worktrees/sidney-pi05-current-rlinf/rlinf/envs/robotwin/robotwin_env.py:50:        self.use_rel_reward = cfg.use_rel_reward
/data/chenyiteng/projects/rlinf-shenzhen/worktrees/sidney-pi05-current-rlinf/rlinf/envs/robotwin/robotwin_env.py:56:        self.use_custom_reward = cfg.use_custom_reward
/data/chenyiteng/projects/rlinf-shenzhen/worktrees/sidney-pi05-current-rlinf/rlinf/envs/robotwin/robotwin_env.py:71:        self.prev_step_reward = torch.zeros(
/data/chenyiteng/projects/rlinf-shenzhen/worktrees/sidney-pi05-current-rlinf/rlinf/envs/robotwin/robotwin_env.py:111:        self.success_once = torch.zeros(
/data/chenyiteng/projects/rlinf-shenzhen/worktrees/sidney-pi05-current-rlinf/rlinf/envs/robotwin/robotwin_env.py:125:            self.prev_step_reward[mask] = 0.0
/data/chenyiteng/projects/rlinf-shenzhen/worktrees/sidney-pi05-current-rlinf/rlinf/envs/robotwin/robotwin_env.py:127:                self.success_once[mask] = False
/data/chenyiteng/projects/rlinf-shenzhen/worktrees/sidney-pi05-current-rlinf/rlinf/envs/robotwin/robotwin_env.py:132:            self.prev_step_reward[:] = 0
/data/chenyiteng/projects/rlinf-shenzhen/worktrees/sidney-pi05-current-rlinf/rlinf/envs/robotwin/robotwin_env.py:134:                self.success_once[:] = False
/data/chenyiteng/projects/rlinf-shenzhen/worktrees/sidney-pi05-current-rlinf/rlinf/envs/robotwin/robotwin_env.py:139:    def _record_metrics(self, step_reward, infos):
/data/chenyiteng/projects/rlinf-shenzhen/worktrees/sidney-pi05-current-rlinf/rlinf/envs/robotwin/robotwin_env.py:141:        self.returns += step_reward
/data/chenyiteng/projects/rlinf-shenzhen/worktrees/sidney-pi05-current-rlinf/rlinf/envs/robotwin/robotwin_env.py:142:        if "success" in infos:
/data/chenyiteng/projects/rlinf-shenzhen/worktrees/sidney-pi05-current-rlinf/rlinf/envs/robotwin/robotwin_env.py:143:            if isinstance(infos["success"], list):
/data/chenyiteng/projects/rlinf-shenzhen/worktrees/sidney-pi05-current-rlinf/rlinf/envs/robotwin/robotwin_env.py:144:                infos["success"] = torch.as_tensor(
/data/chenyiteng/projects/rlinf-shenzhen/worktrees/sidney-pi05-current-rlinf/rlinf/envs/robotwin/robotwin_env.py:145:                    np.array(infos["success"]).reshape(-1), device=self.device
/data/chenyiteng/projects/rlinf-shenzhen/worktrees/sidney-pi05-current-rlinf/rlinf/envs/robotwin/robotwin_env.py:147:            self.success_once = self.success_once | infos["success"]
/data/chenyiteng/projects/rlinf-shenzhen/worktrees/sidney-pi05-current-rlinf/rlinf/envs/robotwin/robotwin_env.py:148:            episode_info["success_once"] = self.success_once.clone()
/data/chenyiteng/projects/rlinf-shenzhen/worktrees/sidney-pi05-current-rlinf/rlinf/envs/robotwin/robotwin_env.py:151:        episode_info["reward"] = episode_info["return"] / episode_info["episode_len"]
/data/chenyiteng/projects/rlinf-shenzhen/worktrees/sidney-pi05-current-rlinf/rlinf/envs/robotwin/robotwin_env.py:208:    def _calc_step_reward(self, terminations):
/data/chenyiteng/projects/rlinf-shenzhen/worktrees/sidney-pi05-current-rlinf/rlinf/envs/robotwin/robotwin_env.py:209:        reward = self.cfg.reward_coef * terminations
/data/chenyiteng/projects/rlinf-shenzhen/worktrees/sidney-pi05-current-rlinf/rlinf/envs/robotwin/robotwin_env.py:211:        reward_diff = reward - self.prev_step_reward
/data/chenyiteng/projects/rlinf-shenzhen/worktrees/sidney-pi05-current-rlinf/rlinf/envs/robotwin/robotwin_env.py:212:        self.prev_step_reward = reward
/data/chenyiteng/projects/rlinf-shenzhen/worktrees/sidney-pi05-current-rlinf/rlinf/envs/robotwin/robotwin_env.py:214:        if self.use_rel_reward:
/data/chenyiteng/projects/rlinf-shenzhen/worktrees/sidney-pi05-current-rlinf/rlinf/envs/robotwin/robotwin_env.py:215:            return reward_diff
/data/chenyiteng/projects/rlinf-shenzhen/worktrees/sidney-pi05-current-rlinf/rlinf/envs/robotwin/robotwin_env.py:217:            return reward
/data/chenyiteng/projects/rlinf-shenzhen/worktrees/sidney-pi05-current-rlinf/rlinf/envs/robotwin/robotwin_env.py:219:    def _cal_chunk_rewards(self, step_reward, chunk_step, terminations, infos):
/data/chenyiteng/projects/rlinf-shenzhen/worktrees/sidney-pi05-current-rlinf/rlinf/envs/robotwin/robotwin_env.py:227:        chunk_rewards = torch.zeros(self.num_envs, chunk_step, device=self.device)
/data/chenyiteng/projects/rlinf-shenzhen/worktrees/sidney-pi05-current-rlinf/rlinf/envs/robotwin/robotwin_env.py:230:            reward = step_reward[env_id]
/data/chenyiteng/projects/rlinf-shenzhen/worktrees/sidney-pi05-current-rlinf/rlinf/envs/robotwin/robotwin_env.py:234:                if self.use_rel_reward:
/data/chenyiteng/projects/rlinf-shenzhen/worktrees/sidney-pi05-current-rlinf/rlinf/envs/robotwin/robotwin_env.py:235:                    chunk_rewards[env_id, start_idx] = reward
/data/chenyiteng/projects/rlinf-shenzhen/worktrees/sidney-pi05-current-rlinf/rlinf/envs/robotwin/robotwin_env.py:237:                    chunk_rewards[env_id, start_idx:] = reward
/data/chenyiteng/projects/rlinf-shenzhen/worktrees/sidney-pi05-current-rlinf/rlinf/envs/robotwin/robotwin_env.py:239:        return chunk_rewards
/data/chenyiteng/projects/rlinf-shenzhen/worktrees/sidney-pi05-current-rlinf/rlinf/envs/robotwin/robotwin_env.py:277:        raw_obs, step_reward, terminations, truncations, info_list = self.venv.step(
/data/chenyiteng/projects/rlinf-shenzhen/worktrees/sidney-pi05-current-rlinf/rlinf/envs/robotwin/robotwin_env.py:292:        if self.use_custom_reward:
/data/chenyiteng/projects/rlinf-shenzhen/worktrees/sidney-pi05-current-rlinf/rlinf/envs/robotwin/robotwin_env.py:293:            step_reward = self._calc_step_reward(terminations)
/data/chenyiteng/projects/rlinf-shenzhen/worktrees/sidney-pi05-current-rlinf/rlinf/envs/robotwin/robotwin_env.py:295:            if isinstance(step_reward, list):
/data/chenyiteng/projects/rlinf-shenzhen/worktrees/sidney-pi05-current-rlinf/rlinf/envs/robotwin/robotwin_env.py:296:                step_reward = torch.as_tensor(
/data/chenyiteng/projects/rlinf-shenzhen/worktrees/sidney-pi05-current-rlinf/rlinf/envs/robotwin/robotwin_env.py:297:                    np.array(step_reward, dtype=np.float32).reshape(-1),
/data/chenyiteng/projects/rlinf-shenzhen/worktrees/sidney-pi05-current-rlinf/rlinf/envs/robotwin/robotwin_env.py:306:        infos = self._record_metrics(step_reward, infos)
/data/chenyiteng/projects/rlinf-shenzhen/worktrees/sidney-pi05-current-rlinf/rlinf/envs/robotwin/robotwin_env.py:311:                if "success" in infos:
/data/chenyiteng/projects/rlinf-shenzhen/worktrees/sidney-pi05-current-rlinf/rlinf/envs/robotwin/robotwin_env.py:312:                    infos["episode"]["success_at_end"] = infos["success"].clone()
/data/chenyiteng/projects/rlinf-shenzhen/worktrees/sidney-pi05-current-rlinf/rlinf/envs/robotwin/robotwin_env.py:320:        return extracted_obs, step_reward, terminations, truncations, infos
/data/chenyiteng/projects/rlinf-shenzhen/worktrees/sidney-pi05-current-rlinf/rlinf/envs/robotwin/robotwin_env.py:332:        raw_obs, step_reward, terminations, truncations, info_list = self.venv.step(
/data/chenyiteng/projects/rlinf-shenzhen/worktrees/sidney-pi05-current-rlinf/rlinf/envs/robotwin/robotwin_env.py:348:        if self.use_custom_reward:
/data/chenyiteng/projects/rlinf-shenzhen/worktrees/sidney-pi05-current-rlinf/rlinf/envs/robotwin/robotwin_env.py:349:            step_reward = self._calc_step_reward(terminations)
/data/chenyiteng/projects/rlinf-shenzhen/worktrees/sidney-pi05-current-rlinf/rlinf/envs/robotwin/robotwin_env.py:351:            if isinstance(step_reward, list):
/data/chenyiteng/projects/rlinf-shenzhen/worktrees/sidney-pi05-current-rlinf/rlinf/envs/robotwin/robotwin_env.py:352:                step_reward = torch.as_tensor(
/data/chenyiteng/projects/rlinf-shenzhen/worktrees/sidney-pi05-current-rlinf/rlinf/envs/robotwin/robotwin_env.py:353:                    np.array(step_reward, dtype=np.float32).reshape(-1),
/data/chenyiteng/projects/rlinf-shenzhen/worktrees/sidney-pi05-current-rlinf/rlinf/envs/robotwin/robotwin_env.py:357:        chunk_rewards = self._cal_chunk_rewards(
/data/chenyiteng/projects/rlinf-shenzhen/worktrees/sidney-pi05-current-rlinf/rlinf/envs/robotwin/robotwin_env.py:358:            step_reward, chunk_step, terminations, infos
/data/chenyiteng/projects/rlinf-shenzhen/worktrees/sidney-pi05-current-rlinf/rlinf/envs/robotwin/robotwin_env.py:366:        infos = self._record_metrics(step_reward, infos)
/data/chenyiteng/projects/rlinf-shenzhen/worktrees/sidney-pi05-current-rlinf/rlinf/envs/robotwin/robotwin_env.py:371:                if "success" in infos:
/data/chenyiteng/projects/rlinf-shenzhen/worktrees/sidney-pi05-current-rlinf/rlinf/envs/robotwin/robotwin_env.py:372:                    infos["episode"]["success_at_end"] = infos["success"].clone()
/data/chenyiteng/projects/rlinf-shenzhen/worktrees/sidney-pi05-current-rlinf/rlinf/envs/robotwin/robotwin_env.py:388:            chunk_rewards,
/data/chenyiteng/projects/rlinf-shenzhen/worktrees/sidney-pi05-current-rlinf/rlinf/envs/robotwin/robotwin_env.py:423:            success_seeds = data[self.task_name].get("success_seeds", None)
/data/chenyiteng/projects/rlinf-shenzhen/worktrees/sidney-pi05-current-rlinf/rlinf/envs/robotwin/robotwin_env.py:424:            if success_seeds is not None:
/data/chenyiteng/projects/rlinf-shenzhen/worktrees/sidney-pi05-current-rlinf/rlinf/envs/robotwin/robotwin_env.py:425:                success_seeds = torch.as_tensor(success_seeds, dtype=torch.long)
/data/chenyiteng/projects/rlinf-shenzhen/worktrees/sidney-pi05-current-rlinf/rlinf/envs/robotwin/robotwin_env.py:426:                self.success_seeds = partition_success_seeds(
/data/chenyiteng/projects/rlinf-shenzhen/worktrees/sidney-pi05-current-rlinf/rlinf/envs/robotwin/robotwin_env.py:427:                    success_seeds,
/data/chenyiteng/projects/rlinf-shenzhen/worktrees/sidney-pi05-current-rlinf/rlinf/envs/robotwin/robotwin_env.py:435:                self.success_seeds = None
/data/chenyiteng/projects/rlinf-shenzhen/worktrees/sidney-pi05-current-rlinf/rlinf/envs/robotwin/robotwin_env.py:438:            self.success_seeds = None
/data/chenyiteng/projects/rlinf-shenzhen/worktrees/sidney-pi05-current-rlinf/rlinf/envs/robotwin/robotwin_env.py:451:            if self.success_seeds is not None:
/data/chenyiteng/projects/rlinf-shenzhen/worktrees/sidney-pi05-current-rlinf/rlinf/envs/robotwin/robotwin_env.py:452:                total_seeds = self.success_seeds.numel()
/data/chenyiteng/projects/rlinf-shenzhen/worktrees/sidney-pi05-current-rlinf/rlinf/envs/robotwin/robotwin_env.py:454:                    torch.arange(self.num_group, device=self.success_seeds.device)
/data/chenyiteng/projects/rlinf-shenzhen/worktrees/sidney-pi05-current-rlinf/rlinf/envs/robotwin/robotwin_env.py:457:                reset_state_ids = self.success_seeds[indices]
/data/chenyiteng/projects/rlinf-shenzhen/worktrees/sidney-pi05-current-rlinf/rlinf/envs/robotwin/robotwin_env.py:477:            if self.success_seeds is not None:
/data/chenyiteng/projects/rlinf-shenzhen/worktrees/sidney-pi05-current-rlinf/rlinf/envs/robotwin/robotwin_env.py:478:                total_seeds = self.success_seeds.numel()
/data/chenyiteng/projects/rlinf-shenzhen/worktrees/sidney-pi05-current-rlinf/rlinf/envs/robotwin/robotwin_env.py:480:                    torch.arange(self.num_group, device=self.success_seeds.device)
/data/chenyiteng/projects/rlinf-shenzhen/worktrees/sidney-pi05-current-rlinf/rlinf/envs/robotwin/robotwin_env.py:483:                reset_state_ids = self.success_seeds[indices]
/data/chenyiteng/projects/rlinf-shenzhen/worktrees/sidney-pi05-current-rlinf/rlinf/envs/robotwin/seeds/eval_seeds.json:4:    "success_seeds": [
/data/chenyiteng/projects/rlinf-shenzhen/worktrees/sidney-pi05-current-rlinf/rlinf/envs/robotwin/seeds/eval_seeds.json:159:    "success_seeds": [
/data/chenyiteng/projects/rlinf-shenzhen/worktrees/sidney-pi05-current-rlinf/rlinf/envs/robotwin/seeds/eval_seeds.json:314:    "success_seeds": [
/data/chenyiteng/projects/rlinf-shenzhen/worktrees/sidney-pi05-current-rlinf/rlinf/envs/robotwin/seeds/eval_seeds.json:469:    "success_seeds": [
/data/chenyiteng/projects/rlinf-shenzhen/worktrees/sidney-pi05-current-rlinf/rlinf/envs/robotwin/seeds/eval_seeds.json:624:    "success_seeds": [
/data/chenyiteng/projects/rlinf-shenzhen/worktrees/sidney-pi05-current-rlinf/rlinf/envs/robotwin/seeds/eval_seeds.json:779:    "success_seeds": [
/data/chenyiteng/projects/rlinf-shenzhen/worktrees/sidney-pi05-current-rlinf/rlinf/envs/robotwin/seeds/eval_seeds.json:934:    "success_seeds": [
/data/chenyiteng/projects/rlinf-shenzhen/worktrees/sidney-pi05-current-rlinf/rlinf/envs/robotwin/seeds/eval_seeds.json:1089:    "success_seeds": [
/data/chenyiteng/projects/rlinf-shenzhen/worktrees/sidney-pi05-current-rlinf/rlinf/envs/robotwin/seeds/eval_seeds.json:1344:    "success_seeds": [
/data/chenyiteng/projects/rlinf-shenzhen/worktrees/sidney-pi05-current-rlinf/rlinf/envs/robotwin/seeds/eval_seeds.json:1549:    "success_seeds": [
/data/chenyiteng/projects/rlinf-shenzhen/worktrees/sidney-pi05-current-rlinf/rlinf/envs/robotwin/seeds/eval_seeds.json:1754:    "success_seeds": [
/data/chenyiteng/projects/rlinf-shenzhen/worktrees/sidney-pi05-current-rlinf/rlinf/envs/robotwin/seeds/eval_seeds.json:1959:    "success_seeds": [
/data/chenyiteng/projects/rlinf-shenzhen/worktrees/sidney-pi05-current-rlinf/rlinf/envs/robotwin/seeds/eval_seeds.json:2164:    "success_seeds": [
/data/chenyiteng/projects/rlinf-shenzhen/worktrees/sidney-pi05-current-rlinf/rlinf/envs/robotwin/seeds/eval_seeds.json:2429:    "success_seeds": [
/data/chenyiteng/projects/rlinf-shenzhen/worktrees/sidney-pi05-current-rlinf/rlinf/envs/robotwin/seeds/eval_seeds.json:2694:    "success_seeds": [
/data/chenyiteng/projects/rlinf-shenzhen/worktrees/sidney-pi05-current-rlinf/rlinf/envs/robotwin/seeds/eval_seeds.json:2959:    "success_seeds": [
/data/chenyiteng/projects/rlinf-shenzhen/worktrees/sidney-pi05-current-rlinf/rlinf/envs/robotwin/seeds/eval_seeds.json:3224:    "success_seeds": [
/data/chenyiteng/projects/rlinf-shenzhen/worktrees/sidney-pi05-current-rlinf/rlinf/envs/robotwin/seeds/eval_seeds.json:3489:    "success_seeds": [
/data/chenyiteng/projects/rlinf-shenzhen/worktrees/sidney-pi05-current-rlinf/rlinf/envs/robotwin/seeds/eval_seeds.json:3814:    "success_seeds": [
/data/chenyiteng/projects/rlinf-shenzhen/worktrees/sidney-pi05-current-rlinf/rlinf/envs/robotwin/seeds/eval_seeds.json:4139:    "success_seeds": [
/data/chenyiteng/projects/rlinf-shenzhen/worktrees/sidney-pi05-current-rlinf/rlinf/envs/robotwin/seeds/eval_seeds.json:4464:    "success_seeds": [
/data/chenyiteng/projects/rlinf-shenzhen/worktrees/sidney-pi05-current-rlinf/rlinf/envs/robotwin/seeds/eval_seeds.json:4789:    "success_seeds": [
/data/chenyiteng/projects/rlinf-shenzhen/worktrees/sidney-pi05-current-rlinf/rlinf/envs/robotwin/seeds/train_seeds.json:4:    "success_seeds": [
/data/chenyiteng/projects/rlinf-shenzhen/worktrees/sidney-pi05-current-rlinf/rlinf/envs/robotwin/seeds/train_seeds.json:1009:    "success_seeds": [
/data/chenyiteng/projects/rlinf-shenzhen/worktrees/sidney-pi05-current-rlinf/rlinf/envs/robotwin/seeds/train_seeds.json:2014:    "success_seeds": [
/data/chenyiteng/projects/rlinf-shenzhen/worktrees/sidney-pi05-current-rlinf/rlinf/envs/robotwin/seeds/train_seeds.json:3019:    "success_seeds": [
/data/chenyiteng/projects/rlinf-shenzhen/worktrees/sidney-pi05-current-rlinf/rlinf/envs/robotwin/seeds/train_seeds.json:4024:    "success_seeds": [
/data/chenyiteng/projects/rlinf-shenzhen/worktrees/sidney-pi05-current-rlinf/rlinf/envs/robotwin/seeds/train_seeds.json:5029:    "success_seeds": [
/data/chenyiteng/projects/rlinf-shenzhen/worktrees/sidney-pi05-current-rlinf/rlinf/envs/robotwin/seeds/train_seeds.json:6034:    "success_seeds": [
/data/chenyiteng/projects/rlinf-shenzhen/worktrees/sidney-pi05-current-rlinf/rlinf/envs/robotwin/seeds/train_seeds.json:7039:    "success_seeds": [
/data/chenyiteng/projects/rlinf-shenzhen/worktrees/sidney-pi05-current-rlinf/rlinf/envs/robotwin/seeds/train_seeds.json:8294:    "success_seeds": [
/data/chenyiteng/projects/rlinf-shenzhen/worktrees/sidney-pi05-current-rlinf/rlinf/envs/robotwin/seeds/train_seeds.json:9299:    "success_seeds": [
/data/chenyiteng/projects/rlinf-shenzhen/worktrees/sidney-pi05-current-rlinf/rlinf/envs/robotwin/seeds/train_seeds.json:10304:    "success_seeds": [
/data/chenyiteng/projects/rlinf-shenzhen/worktrees/sidney-pi05-current-rlinf/rlinf/envs/robotwin/seeds/train_seeds.json:11305:    "success_seeds": [
/data/chenyiteng/projects/rlinf-shenzhen/worktrees/sidney-pi05-current-rlinf/rlinf/envs/robotwin/seeds/train_seeds.json:12310:    "success_seeds": [
/data/chenyiteng/projects/rlinf-shenzhen/worktrees/sidney-pi05-current-rlinf/rlinf/envs/robotwin/seeds/train_seeds.json:13315:    "success_seeds": [
/data/chenyiteng/projects/rlinf-shenzhen/worktrees/sidney-pi05-current-rlinf/rlinf/envs/robotwin/seeds/train_seeds.json:14320:    "success_seeds": [
/data/chenyiteng/projects/rlinf-shenzhen/worktrees/sidney-pi05-current-rlinf/rlinf/envs/robotwin/seeds/train_seeds.json:15325:    "success_seeds": [
/data/chenyiteng/projects/rlinf-shenzhen/worktrees/sidney-pi05-current-rlinf/rlinf/envs/robotwin/seeds/train_seeds.json:16330:    "success_seeds": [
/data/chenyiteng/projects/rlinf-shenzhen/worktrees/sidney-pi05-current-rlinf/rlinf/envs/robotwin/seeds/train_seeds.json:17335:    "success_seeds": [
/data/chenyiteng/projects/rlinf-shenzhen/worktrees/sidney-pi05-current-rlinf/rlinf/envs/robotwin/seeds/train_seeds.json:18340:    "success_seeds": [
/data/chenyiteng/projects/rlinf-shenzhen/worktrees/sidney-pi05-current-rlinf/rlinf/envs/robotwin/seeds/train_seeds.json:19345:    "success_seeds": [
/data/chenyiteng/projects/rlinf-shenzhen/worktrees/sidney-pi05-current-rlinf/rlinf/envs/robotwin/seeds/train_seeds.json:20350:    "success_seeds": [
/data/chenyiteng/projects/rlinf-shenzhen/worktrees/sidney-pi05-current-rlinf/rlinf/envs/robotwin/seeds/train_seeds.json:21355:    "success_seeds": [
/data/chenyiteng/projects/rlinf-shenzhen/worktrees/sidney-pi05-current-rlinf/rlinf/envs/robotwin/seed_utils.py:18:def partition_success_seeds(
/data/chenyiteng/projects/rlinf-shenzhen/worktrees/sidney-pi05-current-rlinf/rlinf/envs/robotwin/seed_utils.py:19:    success_seeds: torch.Tensor,
/data/chenyiteng/projects/rlinf-shenzhen/worktrees/sidney-pi05-current-rlinf/rlinf/envs/robotwin/seed_utils.py:26:    """Shuffle success seeds globally and return the non-overlapping worker slice."""
/data/chenyiteng/projects/rlinf-shenzhen/worktrees/sidney-pi05-current-rlinf/rlinf/envs/robotwin/seed_utils.py:29:    shuffled_indices = torch.randperm(success_seeds.numel(), generator=global_generator)
/data/chenyiteng/projects/rlinf-shenzhen/worktrees/sidney-pi05-current-rlinf/rlinf/envs/robotwin/seed_utils.py:30:    shuffled_seeds = success_seeds[shuffled_indices]
