===TIME===
2026-09-02T21:31:47+08:00
===PI_IDENTITY===
wrapper.pid=1477572
owned.pgid=1477572
observer.pid=1477573
started_at.txt=2026-09-01T13:33:33+00:00
wrapper_alive=yes
chenyit+ 1477572       1 1477572 1477572 Tue Sep  1 13:33:32 2026    23:58:14 Ss   bash /data/chenyiteng/results/rlinf-shenzhen/pi05/runs/pi05-grpo-control-formal100-2gpu64x4-g8-b1024-u2-m5-fixed32-eval5-phys45-localshard-v2/runtime/wrapper.sh /data/chenyiteng/results/rlinf-shenzhen/pi05/runs/pi05-grpo-control-formal100-2gpu64x4-g8-b1024-u2-m5-fixed32-eval5-phys45-localshard-v2/runtime /data/chenyiteng/results/rlinf-shenzhen/pi05/runs/pi05-grpo-control-formal100-2gpu64x4-g8-b1024-u2-m5-fixed32-eval5-phys45-localshard-v2/runtime/command.txt
last_complete_step=Global Step:   58/100
last_rollout_epoch=Generating Rollout Epochs:   0%|          | 0/4 [00:00<?, ?it/s]
fatal_count=0
latest_metrics:
│advantages_max=2.475                   │advantages_mean=-0.109                 │advantages_min=-2.475                 │
│rewards=0.0034                         │                                       │                                      │
│                                                                                                                      │
├─────────────────────────────────────────────────── Training/Actor ───────────────────────────────────────────────────┤
│                                                                                                                      │
│actor/approx_kl=-0.0090                │actor/clip_fraction=0.044              │actor/clipped_ratio=1.003             │
│actor/dual_cliped_ratio=0.0000         │actor/entropy_loss=0.0000              │actor/grad_norm=13.721                │
│actor/lr=5.00e-06                      │actor/policy_loss=1.41e-04             │actor/policy_loss_abs=0.171           │
│actor/ratio=1.017                      │actor/ratio_abs=0.054                  │actor/total_loss=8.84e-06             │
│                                                                                                                      │
╰──────────────────────────────────────────────────────────────────────────────────────────────────────────────────────╯

checkpoints:
1788284366.5403340600	/data/chenyiteng/results/rlinf-shenzhen/pi05/runs/pi05-grpo-control-formal100-2gpu64x4-g8-b1024-u2-m5-fixed32-eval5-phys45-localshard-v2/robotwin_pi05_grpo_control_formal100_2gpu64x4_g8_b1024_u2_m5_fixed32_eval5_phys45_localshard_v2/checkpoints/global_step_10
1788298958.4834707180	/data/chenyiteng/results/rlinf-shenzhen/pi05/runs/pi05-grpo-control-formal100-2gpu64x4-g8-b1024-u2-m5-fixed32-eval5-phys45-localshard-v2/robotwin_pi05_grpo_control_formal100_2gpu64x4_g8_b1024_u2_m5_fixed32_eval5_phys45_localshard_v2/checkpoints/global_step_20
1788313502.5927876430	/data/chenyiteng/results/rlinf-shenzhen/pi05/runs/pi05-grpo-control-formal100-2gpu64x4-g8-b1024-u2-m5-fixed32-eval5-phys45-localshard-v2/robotwin_pi05_grpo_control_formal100_2gpu64x4_g8_b1024_u2_m5_fixed32_eval5_phys45_localshard_v2/checkpoints/global_step_30
1788329167.1404975780	/data/chenyiteng/results/rlinf-shenzhen/pi05/runs/pi05-grpo-control-formal100-2gpu64x4-g8-b1024-u2-m5-fixed32-eval5-phys45-localshard-v2/robotwin_pi05_grpo_control_formal100_2gpu64x4_g8_b1024_u2_m5_fixed32_eval5_phys45_localshard_v2/checkpoints/global_step_40
1788343732.8508463570	/data/chenyiteng/results/rlinf-shenzhen/pi05/runs/pi05-grpo-control-formal100-2gpu64x4-g8-b1024-u2-m5-fixed32-eval5-phys45-localshard-v2/robotwin_pi05_grpo_control_formal100_2gpu64x4_g8_b1024_u2_m5_fixed32_eval5_phys45_localshard_v2/checkpoints/global_step_50
gpu_jobs:
pid=1478456 user=chenyiteng job=3f010000 args=ray::EmbodiedFS
pid=1478458 user=chenyiteng job=3f010000 args=ray::EmbodiedFS
pid=1478459 user=chenyiteng job=3f010000 args=ray::MultiStepR
pid=1478461 user=chenyiteng job=3f010000 args=ray::MultiStepR
pid=1478462 user=chenyiteng job=3f010000 args=ray::EnvWorker
pid=1478464 user=chenyiteng job=3f010000 args=ray::EnvWorker
namespace=RLinf
actor_count=15names=Actor:0,ActorGroup:0,ActorGroup:1,CollectiveManager,DeviceLockManager,Env:0,EnvGroup:0,EnvGroup:1,NodeManager,NodeProbe_2730f38e60da6b4c0f68d8779893624a0917240589c544541c894c54,PortLockManager,Rollout:0,RolloutGroup:0,RolloutGroup:1,WorkerManager
===FW_IDENTITY===
wrapper.pid=826980
owned.pgid=826980
observer.pid=827061
started_at.txt=2026-09-02T10:48:34+00:00
wrapper_alive=yes
chenyit+  826980       1  826980  826980 Wed Sep  2 10:48:33 2026    02:43:14 Ss   bash /data/chenyiteng/results/rlinf-shenzhen/fastwam-grpo/runs/fastwam-grpo-control-formal100-2gpu32x8-g8-b2048-u2-m10-fixed32-eval5-phys67-dcp-v2/runtime/wrapper.sh /data/chenyiteng/results/rlinf-shenzhen/fastwam-grpo/runs/fastwam-grpo-control-formal100-2gpu32x8-g8-b2048-u2-m10-fixed32-eval5-phys67-dcp-v2/runtime
last_complete_step=Global Step:    3/100
last_rollout_epoch=Generating Rollout Epochs: 100%|██████████| 8/8 [35:41<00:00, 262.53s/it]Ge
fatal_count=0
latest_metrics:
│advantages_max=2.475                   │advantages_mean=-0.049                 │advantages_min=-2.475                 │
│rewards=0.0024                         │                                       │                                      │
│                                                                                                                      │
├─────────────────────────────────────────────────── Training/Actor ───────────────────────────────────────────────────┤
│                                                                                                                      │
│actor/approx_kl=8.35e-04               │actor/clip_fraction=0.012              │actor/clipped_ratio=0.866             │
│actor/dual_cliped_ratio=0.0000         │actor/entropy_loss=0.0000              │actor/grad_norm=6.112                 │
│actor/lr=5.00e-06                      │actor/policy_loss=-0.0015              │actor/policy_loss_abs=0.527           │
│actor/ratio=0.866                      │actor/ratio_abs=0.025                  │actor/total_loss=-2.95e-06            │
│                                                                                                                      │
╰──────────────────────────────────────────────────────────────────────────────────────────────────────────────────────╯

checkpoints:
gpu_jobs:
pid=827458 user=chenyiteng job=6e010000 args=ray::EmbodiedFS
pid=827460 user=chenyiteng job=6e010000 args=ray::EmbodiedFS
pid=827461 user=chenyiteng job=6e010000 args=ray::MultiStepR
pid=827463 user=chenyiteng job=6e010000 args=ray::MultiStepR
pid=827464 user=chenyiteng job=6e010000 args=ray::EnvWorker
pid=827466 user=chenyiteng job=6e010000 args=ray::EnvWorker
namespace=RLinf_1
actor_count=15names=Actor:0,ActorGroup:0,ActorGroup:1,CollectiveManager,DeviceLockManager,Env:0,EnvGroup:0,EnvGroup:1,NodeManager,NodeProbe_2730f38e60da6b4c0f68d8779893624a0917240589c544541c894c54,PortLockManager,Rollout:0,RolloutGroup:0,RolloutGroup:1,WorkerManager
===ALL_GPU_COMPUTE_POSTTARGET===
GPU-a8b81587-9a8b-7c62-1d5c-ed33e9638070, 916861, /home/liwenbo/.conda/envs/starVLA/bin/python, 9686
GPU-9200fbe8-fdd0-93ae-c221-5f0e9d318bf5, 1478456, ray::EmbodiedFSDPActor.recv_rollout_trajectories, 2442
GPU-9200fbe8-fdd0-93ae-c221-5f0e9d318bf5, 1478459, ray::MultiStepRolloutWorker.generate, 7962
GPU-9200fbe8-fdd0-93ae-c221-5f0e9d318bf5, 1478462, ray::EnvWorker.interact, 47967
GPU-3bbde6c0-3ddc-ec10-1d69-c3bc7855704e, 1478461, ray::MultiStepRolloutWorker.generate, 8868
GPU-3bbde6c0-3ddc-ec10-1d69-c3bc7855704e, 1478458, ray::EmbodiedFSDPActor.recv_rollout_trajectories, 1832
GPU-3bbde6c0-3ddc-ec10-1d69-c3bc7855704e, 1478464, ray::EnvWorker.interact, 49145
GPU-daa75ed0-9080-a1fc-cb5c-f779251d88d2, 827458, ray::EmbodiedFSDPActor.run_training, 62056
GPU-daa75ed0-9080-a1fc-cb5c-f779251d88d2, 827461, ray::MultiStepRolloutWorker, 790
GPU-daa75ed0-9080-a1fc-cb5c-f779251d88d2, 827464, ray::EnvWorker, 742
GPU-00171f89-03fd-5703-b1aa-f5a29f6067ba, 827460, ray::EmbodiedFSDPActor.run_training, 62056
GPU-00171f89-03fd-5703-b1aa-f5a29f6067ba, 827463, ray::MultiStepRolloutWorker, 790
GPU-00171f89-03fd-5703-b1aa-f5a29f6067ba, 827466, ray::EnvWorker, 742
