TIME 2026-09-03 10:17:17 UTC
wrapper_pid=2812508 alive=yes
GPU6_7
6, 11225, 81559, 0
7, 11225, 81559, 0
NAMESPACES
{'RLinf_1': 15, 'RLinf': 15}
Env:0 None
NodeManager None
ActorGroup:1 None
RolloutGroup:1 None
DeviceLockManager None
ActorGroup:0 None
PortLockManager None
NodeProbe_2730f38e60da6b4c0f68d8779893624a0917240589c544541c894c54 None
EnvGroup:1 None
EnvGroup:0 None
Actor:0 None
Rollout:0 None
WorkerManager None
RolloutGroup:0 None
CollectiveManager None
BOUNDARY
        "video_base_dir": "/data/chenyiteng/results/rlinf-shenzhen/fastwam-grpo/runs/fastwam-grpo-control-resume10-to100-2gpu32x4-g8-b1024-u2-m10-fixed32-eval5-phys67-dcp-renderlife-v2/video/train"
        "save_path": "/data/chenyiteng/results/rlinf-shenzhen/fastwam-grpo/runs/fastwam-grpo-control-resume10-to100-2gpu32x4-g8-b1024-u2-m10-fixed32-eval5-phys67-dcp-renderlife-v2/robotwin_data/train",
        "video_base_dir": "/data/chenyiteng/results/rlinf-shenzhen/fastwam-grpo/runs/fastwam-grpo-control-resume10-to100-2gpu32x4-g8-b1024-u2-m10-fixed32-eval5-phys67-dcp-renderlife-v2/video/eval"
        "save_path": "/data/chenyiteng/results/rlinf-shenzhen/fastwam-grpo/runs/fastwam-grpo-control-resume10-to100-2gpu32x4-g8-b1024-u2-m10-fixed32-eval5-phys67-dcp-renderlife-v2/robotwin_data/eval",
      "log_path": "/data/chenyiteng/results/rlinf-shenzhen/fastwam-grpo/runs/fastwam-grpo-control-resume10-to100-2gpu32x4-g8-b1024-u2-m10-fixed32-eval5-phys67-dcp-renderlife-v2",
      "experiment_name": "fastwam_grpo_control_resume10_to100_2gpu32x4_g8_b1024_u2_m10_fixed32_eval5_phys67_dcp_renderlife_v2",
    "resume_dir": "/data/chenyiteng/results/rlinf-shenzhen/fastwam-grpo/runs/fastwam-grpo-control-formal100-2gpu32x4-g8-b1024-u2-m10-fixed32-eval5-phys67-dcp-v1/fastwam_grpo_control_formal100_2gpu32x4_g8_b1024_u2_m10_fixed32_eval5_phys67_dcp_v1/checkpoints/global_step_10",
TAIL
[INFO 10:14:56 NodePlacementStrategy] Using node placement with node ranks: [0], node groups: ['node'].
[INFO 10:14:56 NodePlacementStrategy] Generated 1 placements: [Placement(rank=0, cluster_node_rank=0, placement_node_rank=0, local_accelerator_rank='0', accelerator_type='NV_GPU', local_rank=0, local_world_size=1, visible_accelerators=['0', '1', '2', '3', '4', '5', '6', '7'], isolate_accelerator=True, local_hardware_ranks=[], node_group_label='cluster')].
WARNING: All log messages before absl::InitializeLog() is called are written to STDERR
I0000 00:00:1788430497.291267 2812516 port.cc:153] oneDNN custom operations are on. You may see slightly different numerical results due to floating-point round-off errors from different computation orders. To turn them off, set the environment variable `TF_ENABLE_ONEDNN_OPTS=0`.
I0000 00:00:1788430497.348829 2812516 cpu_feature_guard.cc:227] This TensorFlow binary is optimized to use available CPU instructions in performance-critical operations.
To enable the following instructions: AVX2 AVX512F AVX512_VNNI AVX512_BF16 AVX512_FP16 AVX_VNNI AMX_TILE AMX_INT8 AMX_BF16 FMA, in other operations, rebuild TensorFlow with the appropriate compiler flags.
WARNING: All log messages before absl::InitializeLog() is called are written to STDERR
I0000 00:00:1788430499.064677 2812516 port.cc:153] oneDNN custom operations are on. You may see slightly different numerical results due to floating-point round-off errors from different computation orders. To turn them off, set the environment variable `TF_ENABLE_ONEDNN_OPTS=0`.
[36m(MultiStepRolloutWorker pid=2813137)[0m [INFO 10:15:02 FlexiblePlacementStrategy] 
[36m(MultiStepRolloutWorker pid=2813137)[0m [INFO 10:15:02 FlexiblePlacementStrategy] Using flexible placement with hardware ranks: [[6], [7]], node groups: ['cluster'].
[36m(MultiStepRolloutWorker pid=2813139)[0m [INFO 10:15:02 FlexiblePlacementStrategy] 
[36m(MultiStepRolloutWorker pid=2813139)[0m [INFO 10:15:02 FlexiblePlacementStrategy] Using flexible placement with hardware ranks: [[6], [7]], node groups: ['cluster'].
[36m(EnvWorker pid=2813142)[0m [INFO 10:15:02 FlexiblePlacementStrategy] 
[36m(EnvWorker pid=2813142)[0m [INFO 10:15:02 FlexiblePlacementStrategy] Using flexible placement with hardware ranks: [[6], [7]], node groups: ['cluster'].
[36m(EnvWorker pid=2813140)[0m [INFO 10:15:02 FlexiblePlacementStrategy] 
[36m(EnvWorker pid=2813140)[0m [INFO 10:15:02 FlexiblePlacementStrategy] Using flexible placement with hardware ranks: [[6], [7]], node groups: ['cluster'].
[36m(EmbodiedFSDPActor pid=2813133)[0m [WARNING 10:15:02 ActorGroup-Rank-0][fsdp_model_manager.py:79] Provided there is sufficient GPU memory, set the actor.model.precision parameter to fp32 to allow the optimizer to run in fp32 for better convergence. Meanwhile, setting mixed_precision.param_dtype to 16-bit dtype can help maximize speed, as it will automatically convert fp32 to fp16 during operator execution.
[36m(EmbodiedFSDPActor pid=2813136)[0m [WARNING 10:15:02 ActorGroup-Rank-1][fsdp_model_manager.py:79] Provided there is sufficient GPU memory, set the actor.model.precision parameter to fp32 to allow the optimizer to run in fp32 for better convergence. Meanwhile, setting mixed_precision.param_dtype to 16-bit dtype can help maximize speed, as it will automatically convert fp32 to fp16 during operator execution.
[36m(RolloutGroup(rank=0) pid=2813137)[0m INFO:fastwam.models.wan22.helpers.loader:Loading Wan2.2-TI2V-5B components...
[36m(RolloutGroup(rank=0) pid=2813137)[0m INFO:fastwam.models.wan22.helpers.loader:Skipping pretrained video DiT load (`skip_dit_load_from_pretrain=True`); initializing video expert randomly and expecting checkpoint override.
[36m(EmbodiedFSDPActor pid=2813136)[0m [INFO 10:15:05 ActorGroup-Rank-1][fsdp_model_manager.py:133] [FSDP] AMP is disabled.
[36m(EmbodiedFSDPActor pid=2813136)[0m [INFO 10:15:05 FlexiblePlacementStrategy] 
[36m(EmbodiedFSDPActor pid=2813136)[0m [INFO 10:15:05 FlexiblePlacementStrategy] Using flexible placement with hardware ranks: [[6], [7]], node groups: ['cluster'].
[36m(EmbodiedFSDPActor pid=2813133)[0m [INFO 10:15:06 ActorGroup-Rank-0][fsdp_model_manager.py:133] [FSDP] AMP is disabled.
[36m(EmbodiedFSDPActor pid=2813133)[0m [INFO 10:15:06 FlexiblePlacementStrategy] 
[36m(EmbodiedFSDPActor pid=2813133)[0m [INFO 10:15:06 FlexiblePlacementStrategy] Using flexible placement with hardware ranks: [[6], [7]], node groups: ['cluster'].
[36m(RolloutGroup(rank=0) pid=2813137)[0m INFO:fastwam.models.wan22.helpers.loader:Finished loading Wan2.2-TI2V-5B components in 64.10 seconds.
[36m(RolloutGroup(rank=0) pid=2813137)[0m INFO:fastwam.models.wan22.action_dit:Skipping ActionDiT pretrained load (`skip_dit_load_from_pretrain=True`); initializing action expert randomly and expecting checkpoint override.
[36m(RolloutGroup(rank=0) pid=2813137)[0m INFO:fastwam.models.wan22.mot:Initialized MoT with experts: ['video', 'action'], num_layers=30
[36m(RolloutGroup(rank=0) pid=2813137)[0m INFO:fastwam.models.wan22.mot:  Expert 'video': num_params=5.00 B
[36m(RolloutGroup(rank=0) pid=2813137)[0m INFO:fastwam.models.wan22.mot:  Expert 'action': num_params=1.02 B
[36m(RolloutGroup(rank=1) pid=2813139)[0m [INFO 10:16:18 RolloutGroup-Rank-1][builder.py:312] Built Fast-WAM RoboTwin policy | checkpoint=/data/chenyiteng/models/fastwam/release-8eaceeb/robotwin_uncond_3cam_384.pt | stats=/data/chenyiteng/models/fastwam/release-8eaceeb/robotwin_uncond_3cam_384_dataset_stats.json | trainable_parameters=824 | H/N/S=32/24/10
[36m(RolloutGroup(rank=0) pid=2813137)[0m [INFO 10:16:19 RolloutGroup-Rank-0][builder.py:312] Built Fast-WAM RoboTwin policy | checkpoint=/data/chenyiteng/models/fastwam/release-8eaceeb/robotwin_uncond_3cam_384.pt | stats=/data/chenyiteng/models/fastwam/release-8eaceeb/robotwin_uncond_3cam_384_dataset_stats.json | trainable_parameters=824 | H/N/S=32/24/10
[36m(ActorGroup(rank=0) pid=2813133)[0m INFO:fastwam.models.wan22.helpers.loader:Loading Wan2.2-TI2V-5B components...
[36m(ActorGroup(rank=0) pid=2813133)[0m INFO:fastwam.models.wan22.helpers.loader:Skipping pretrained video DiT load (`skip_dit_load_from_pretrain=True`); initializing video expert randomly and expecting checkpoint override.
RESOURCE
timestamp,driver_alive,host_mem_available_kib,gpu6_used_mib,gpu6_util_pct,gpu7_used_mib,gpu7_util_pct
2026-09-03T10:14:46+00:00,1,1712426284,4,0,4,0
2026-09-03T10:15:46+00:00,1,1669224060,11225,0,11230,0
2026-09-03T10:16:47+00:00,1,1621622384,1667,0,1667,0
