{'/data/chenyiteng/results/rlinf-shenzhen/pi05-sidney/runs/move-grpo-formal100-2gpu64x4-g8-b1024-u2-m10-noise0p5-h200-fixed32-eval5-phys45-localshard-v1': 4, 'pi05_sidney_move_grpo_formal100_2gpu64x4_g8_b1024_u2_m10_noise0p5_h200_fixed32_phys45_v1': 1, 'env.train.task_config.task_name=move_stapler_pad': 1, 'env.eval.task_config.task_name=move_stapler_pad': 1}
{
  "task": "move_pillbottle_pad",
  "physical_gpus": [
    4,
    5
  ],
  "fresh": true,
  "target_steps": 100,
  "train_envs": 64,
  "rollout_epochs": 4,
  "trajectories_per_step": 256,
  "group_size": 8,
  "groups_per_step": 32,
  "episode_action_limit": 200,
  "H": 50,
  "C": 50,
  "M": 10,
  "max_query_records_per_step": 1024,
  "global_batch": 1024,
  "micro_batch": 32,
  "update_epochs": 2,
  "optimizer_calls_per_step": 2,
  "noise_level": 0.5,
  "fixed_eval_episodes": 32,
  "eval_interval": 5,
  "save_interval": 10,
  "checkpoint_format": "local_shard",
  "only_semantic_change_from_source_run": "task_name: move_stapler_pad -> move_pillbottle_pad"
}
cleaned_namespace=RLinf; actors=0
old_last_complete_step=8
new_run=/data/chenyiteng/results/rlinf-shenzhen/pi05-sidney/runs/move-pillbottle-pad-grpo-formal100-2gpu64x4-g8-b1024-u2-m10-noise0p5-h200-fixed32-eval5-phys45-localshard-v1
new_packet=/data/chenyiteng/results/rlinf-shenzhen/pi05-sidney/packets/move-pillbottle-pad-grpo-formal100-2gpu64x4-g8-b1024-u2-m10-noise0p5-h200-fixed32-eval5-phys45-localshard-v1
new_wrapper_pid=3176203
new_observer_pid=3176204
4, 10, 81559, 0
5, 10, 81559, 0
6, 65198, 81559, 45
7, 65198, 81559, 88
[INFO 12:23:50 FlexiblePlacementStrategy] 
[INFO 12:23:50 FlexiblePlacementStrategy] Using flexible placement with hardware ranks: [[4], [5]], node groups: ['cluster'].
[INFO 12:23:50 FlexiblePlacementStrategy] Generated 2 placements: [Placement(rank=0, cluster_node_rank=0, placement_node_rank=0, local_accelerator_rank=4, accelerator_type='NV_GPU', local_rank=0, local_world_size=2, visible_accelerators=['4'], isolate_accelerator=True, local_hardware_ranks=[4], node_group_label='cluster'), Placement(rank=1, cluster_node_rank=0, placement_node_rank=0, local_accelerator_rank=5, accelerator_type='NV_GPU', local_rank=1, local_world_size=2, visible_accelerators=['5'], isolate_accelerator=True, local_hardware_ranks=[5], node_group_label='cluster')].
[INFO 12:23:50 FlexiblePlacementStrategy] Generated 2 placements: [Placement(rank=0, cluster_node_rank=0, placement_node_rank=0, local_accelerator_rank=4, accelerator_type='NV_GPU', local_rank=0, local_world_size=2, visible_accelerators=['4'], isolate_accelerator=True, local_hardware_ranks=[4], node_group_label='cluster'), Placement(rank=1, cluster_node_rank=0, placement_node_rank=0, local_accelerator_rank=5, accelerator_type='NV_GPU', local_rank=1, local_world_size=2, visible_accelerators=['5'], isolate_accelerator=True, local_hardware_ranks=[5], node_group_label='cluster')].
[INFO 12:23:50 FlexiblePlacementStrategy] Generated 2 placements: [Placement(rank=0, cluster_node_rank=0, placement_node_rank=0, local_accelerator_rank=4, accelerator_type='NV_GPU', local_rank=0, local_world_size=2, visible_accelerators=['4'], isolate_accelerator=True, local_hardware_ranks=[4], node_group_label='cluster'), Placement(rank=1, cluster_node_rank=0, placement_node_rank=0, local_accelerator_rank=5, accelerator_type='NV_GPU', local_rank=1, local_world_size=2, visible_accelerators=['5'], isolate_accelerator=True, local_hardware_ranks=[5], node_group_label='cluster')].
[INFO 12:23:51 NodePlacementStrategy] 
[INFO 12:23:51 NodePlacementStrategy] Using node placement with node ranks: [0], node groups: ['node'].
[INFO 12:23:51 NodePlacementStrategy] Generated 1 placements: [Placement(rank=0, cluster_node_rank=0, placement_node_rank=0, local_accelerator_rank='0', accelerator_type='NV_GPU', local_rank=0, local_world_size=1, visible_accelerators=['0', '1', '2', '3', '4', '5', '6', '7'], isolate_accelerator=True, local_hardware_ranks=[], node_group_label='cluster')].
[INFO 12:23:51 NodePlacementStrategy] 
[INFO 12:23:51 NodePlacementStrategy] Using node placement with node ranks: [0], node groups: ['node'].
[INFO 12:23:51 NodePlacementStrategy] Generated 1 placements: [Placement(rank=0, cluster_node_rank=0, placement_node_rank=0, local_accelerator_rank='0', accelerator_type='NV_GPU', local_rank=0, local_world_size=1, visible_accelerators=['0', '1', '2', '3', '4', '5', '6', '7'], isolate_accelerator=True, local_hardware_ranks=[], node_group_label='cluster')].
[INFO 12:23:51 NodePlacementStrategy] 
[INFO 12:23:51 NodePlacementStrategy] Using node placement with node ranks: [0], node groups: ['node'].
[INFO 12:23:51 NodePlacementStrategy] Generated 1 placements: [Placement(rank=0, cluster_node_rank=0, placement_node_rank=0, local_accelerator_rank='0', accelerator_type='NV_GPU', local_rank=0, local_world_size=1, visible_accelerators=['0', '1', '2', '3', '4', '5', '6', '7'], isolate_accelerator=True, local_hardware_ranks=[], node_group_label='cluster')].
WARNING: All log messages before absl::InitializeLog() is called are written to STDERR
I0000 00:00:1788438231.542250 3176215 port.cc:153] oneDNN custom operations are on. You may see slightly different numerical results due to floating-point round-off errors from different computation orders. To turn them off, set the environment variable `TF_ENABLE_ONEDNN_OPTS=0`.
I0000 00:00:1788438231.607786 3176215 cpu_feature_guard.cc:227] This TensorFlow binary is optimized to use available CPU instructions in performance-critical operations.
To enable the following instructions: AVX2 AVX512F AVX512_VNNI AVX512_BF16 AVX512_FP16 AVX_VNNI AMX_TILE AMX_INT8 AMX_BF16 FMA, in other operations, rebuild TensorFlow with the appropriate compiler flags.
WARNING: All log messages before absl::InitializeLog() is called are written to STDERR
I0000 00:00:1788438233.387053 3176215 port.cc:153] oneDNN custom operations are on. You may see slightly different numerical results due to floating-point round-off errors from different computation orders. To turn them off, set the environment variable `TF_ENABLE_ONEDNN_OPTS=0`.
SIDNEY_PI05_PILLBOTTLE_GRPO_CUTOVER_OK
