WRAPPERS
2660157    01:42:43 Ss   bash /data/chenyiteng/results/rlinf-shenzhen/pi05-sidney/runs/move-grpo-formal100-2gpu64x4-g8-b1024-u2-m10-noise0p5-h200-fixed32-eval5-phys45-localshard-v1/runtime/wrapper.sh /data/chenyiteng/results/rlinf-shenzhen/pi05-sidney/runs/move-grpo-formal100-2gpu64x4-g8-b1024-u2-m10-noise0p5-h200-fixed32-eval5-phys45-localshard-v1/runtime /home/chenyiteng/venvs/rlinf-7d07-openpi-robotwin/bin/python /data/chenyiteng/projects/rlinf-shenzhen/worktrees/sidney-pi05-current-rlinf/examples/embodiment/train_embodied_agent.py --config-path /data/chenyiteng/projects/rlinf-shenzhen/worktrees/sidney-pi05-current-rlinf/examples/embodiment/config --config-name robotwin_move_stapler_pad_grpo_openpi_pi05_sidney cluster.component_placement={actor\, env\, rollout:"4,5"} runner.logger.log_path=/data/chenyiteng/results/rlinf-shenzhen/pi05-sidney/runs/move-grpo-formal100-2gpu64x4-g8-b1024-u2-m10-noise0p5-h200-fixed32-eval5-phys45-localshard-v1 runner.logger.experiment_name=pi05_sidney_move_grpo_formal100_2gpu64x4_g8_b1024_u2_m10_noise0p5_h200_fixed32_phys45_v1 runner.only_eval=false runner.max_epochs=1000 runner.max_steps=100 runner.val_check_interval=5 runner.save_interval=10 runner.resume_dir=null algorithm.group_size=8 algorithm.update_epoch=2 algorithm.adv_type=grpo algorithm.logprob_type=chunk_level algorithm.filter_rewards=true algorithm.dvac_gradient_weighting.mode=off env.train.total_num_envs=64 env.train.rollout_epoch=4 env.train.max_episode_steps=200 env.train.max_steps_per_rollout_epoch=200 env.train.assets_path=/data/chenyiteng/projects/rlinf-shenzhen/RoboTwin-RLinf-support env.train.video_cfg.save_video=false env.train.task_config.save_path=/data/chenyiteng/results/rlinf-shenzhen/pi05-sidney/runs/move-grpo-formal100-2gpu64x4-g8-b1024-u2-m10-noise0p5-h200-fixed32-eval5-phys45-localshard-v1/robotwin_data/train env.train.task_config.task_name=move_stapler_pad env.train.task_config.step_lim=200 env.eval.total_num_envs=32 env.eval.rollout_epoch=1 env.eval.max_episode_steps=200 env.eval.max_steps_per_rollout_epoch=200 env.eval.use_fixed_reset_state_ids=true env.eval.assets_path=/data/chenyiteng/projects/rlinf-shenzhen/RoboTwin-RLinf-support env.eval.video_cfg.save_video=true env.eval.video_cfg.video_base_dir=/data/chenyiteng/results/rlinf-shenzhen/pi05-sidney/runs/move-grpo-formal100-2gpu64x4-g8-b1024-u2-m10-noise0p5-h200-fixed32-eval5-phys45-localshard-v1/video/eval env.eval.task_config.save_path=/data/chenyiteng/results/rlinf-shenzhen/pi05-sidney/runs/move-grpo-formal100-2gpu64x4-g8-b1024-u2-m10-noise0p5-h200-fixed32-eval5-phys45-localshard-v1/robotwin_data/eval env.eval.task_config.task_name=move_stapler_pad env.eval.task_config.step_lim=200 actor.global_batch_size=1024 actor.micro_batch_size=32 actor.model.model_path=/data/chenyiteng/models/rlinf-native/sidney-pi05-robotwin-e49e2ab actor.model.num_steps=10 actor.model.openpi.num_steps=10 actor.model.openpi.noise_level=0.5 ++actor.fsdp_config.checkpoint_format=local_shard
2812508       23:27 Ss   bash /data/chenyiteng/results/rlinf-shenzhen/fastwam-grpo/runs/fastwam-grpo-control-resume10-to100-2gpu32x4-g8-b1024-u2-m10-fixed32-eval5-phys67-dcp-renderlife-v2/runtime/wrapper.sh /data/chenyiteng/results/rlinf-shenzhen/fastwam-grpo/runs/fastwam-grpo-control-resume10-to100-2gpu32x4-g8-b1024-u2-m10-fixed32-eval5-phys67-dcp-renderlife-v2/runtime
SIDNEY_DIRS
/data/chenyiteng/results/rlinf-shenzhen/pi05-sidney
/data/chenyiteng/results/rlinf-shenzhen/pi05-sidney/smokes/move-grpo-smoke1-2gpu64x1-g8-b512-u2-m10-fixed8-phys45-localshard-v12/pi05_sidney_move_grpo_smoke1_2gpu64x1_g8_b512_u2_m10_fixed8_phys45_localshard_v12
/data/chenyiteng/results/rlinf-shenzhen/sidney-pi05-parity-preflight
RECENT_DRIVER_FILES
1788431728.6026330860 /data/chenyiteng/results/rlinf-shenzhen/fastwam-grpo/runs/fastwam-grpo-control-resume10-to100-2gpu32x4-g8-b1024-u2-m10-fixed32-eval5-phys67-dcp-renderlife-v2/runtime/driver.log
1788431536.1660629030 /data/chenyiteng/results/rlinf-shenzhen/pi05-sidney/runs/move-grpo-formal100-2gpu64x4-g8-b1024-u2-m10-noise0p5-h200-fixed32-eval5-phys45-localshard-v1/runtime/driver.log
1788422192.5882320360 /data/chenyiteng/results/rlinf-shenzhen/pi05-sidney/smokes/move-grpo-smoke1-2gpu64x1-g8-b512-u2-m10-fixed8-phys45-localshard-v12/runtime/driver.log
1788421282.4772525430 /data/chenyiteng/results/rlinf-shenzhen/pi05-sidney/smokes/b1-adjust-badseed-retry-m10-phys4-evalrunner-v13r3/runtime/driver.log
1788420796.6079727660 /data/chenyiteng/results/rlinf-shenzhen/fastwam-grpo/runs/fastwam-grpo-control-formal100-2gpu16x16-g8-b2048-u2-m10-fixed32-eval5-phys67-dcp-pi0style-v3/runtime/driver.log
1788420291.6531681800 /data/chenyiteng/results/rlinf-shenzhen/pi05-sidney/smokes/b1-adjust-badseed-retry-m10-phys4-v12/runtime/driver.log
1788419282.3144075890 /data/chenyiteng/results/rlinf-shenzhen/pi05-sidney/smokes/b1-adjust-badseed-retry-m10-phys4-v11/runtime/driver.log
FASTWAM_TAIL
1788431870.6069584100 /data/chenyiteng/results/rlinf-shenzhen/fastwam-grpo/runs/fastwam-grpo-control-resume10-to100-2gpu32x4-g8-b1024-u2-m10-fixed32-eval5-phys67-dcp-renderlife-v2/runtime/resource.csv
1788431728.6026330860 /data/chenyiteng/results/rlinf-shenzhen/fastwam-grpo/runs/fastwam-grpo-control-resume10-to100-2gpu32x4-g8-b1024-u2-m10-fixed32-eval5-phys67-dcp-renderlife-v2/runtime/driver.log
1788431579.5502070660 /data/chenyiteng/results/rlinf-shenzhen/fastwam-grpo/runs/fastwam-grpo-control-resume10-to100-2gpu32x4-g8-b1024-u2-m10-fixed32-eval5-phys67-dcp-renderlife-v2/tensorboard/events.out.tfevents.1788430499.admin.2812516.0
1788431542.3900842140 /data/chenyiteng/results/rlinf-shenzhen/fastwam-grpo/runs/fastwam-grpo-control-resume10-to100-2gpu32x4-g8-b1024-u2-m10-fixed32-eval5-phys67-dcp-renderlife-v2/metrics.log
1788430496.9917376790 /data/chenyiteng/results/rlinf-shenzhen/fastwam-grpo/runs/fastwam-grpo-control-resume10-to100-2gpu32x4-g8-b1024-u2-m10-fixed32-eval5-phys67-dcp-renderlife-v2/tensorboard/config.yaml
1788430486.7515053180 /data/chenyiteng/results/rlinf-shenzhen/fastwam-grpo/runs/fastwam-grpo-control-resume10-to100-2gpu32x4-g8-b1024-u2-m10-fixed32-eval5-phys67-dcp-renderlife-v2/runtime/started_at.txt
1788430486.7475052270 /data/chenyiteng/results/rlinf-shenzhen/fastwam-grpo/runs/fastwam-grpo-control-resume10-to100-2gpu32x4-g8-b1024-u2-m10-fixed32-eval5-phys67-dcp-renderlife-v2/runtime/wrapper.pid
1788430486.7475052270 /data/chenyiteng/results/rlinf-shenzhen/fastwam-grpo/runs/fastwam-grpo-control-resume10-to100-2gpu32x4-g8-b1024-u2-m10-fixed32-eval5-phys67-dcp-renderlife-v2/runtime/wrapper.log
1788430486.7475052270 /data/chenyiteng/results/rlinf-shenzhen/fastwam-grpo/runs/fastwam-grpo-control-resume10-to100-2gpu32x4-g8-b1024-u2-m10-fixed32-eval5-phys67-dcp-renderlife-v2/runtime/owned.pgid
1788430486.7475052270 /data/chenyiteng/results/rlinf-shenzhen/fastwam-grpo/runs/fastwam-grpo-control-resume10-to100-2gpu32x4-g8-b1024-u2-m10-fixed32-eval5-phys67-dcp-renderlife-v2/runtime/observer.pid
1788430486.7475052270 /data/chenyiteng/results/rlinf-shenzhen/fastwam-grpo/runs/fastwam-grpo-control-resume10-to100-2gpu32x4-g8-b1024-u2-m10-fixed32-eval5-phys67-dcp-renderlife-v2/runtime/observer.log
1788430486.7475052270 /data/chenyiteng/results/rlinf-shenzhen/fastwam-grpo/runs/fastwam-grpo-control-resume10-to100-2gpu32x4-g8-b1024-u2-m10-fixed32-eval5-phys67-dcp-renderlife-v2/runtime/launch_manifest.txt
1788430486.7435051350 /data/chenyiteng/results/rlinf-shenzhen/fastwam-grpo/runs/fastwam-grpo-control-resume10-to100-2gpu32x4-g8-b1024-u2-m10-fixed32-eval5-phys67-dcp-renderlife-v2/runtime/observer.sh
1788430486.7395050440 /data/chenyiteng/results/rlinf-shenzhen/fastwam-grpo/runs/fastwam-grpo-control-resume10-to100-2gpu32x4-g8-b1024-u2-m10-fixed32-eval5-phys67-dcp-renderlife-v2/runtime/wrapper.sh
1788430486.7355049510 /data/chenyiteng/results/rlinf-shenzhen/fastwam-grpo/runs/fastwam-grpo-control-resume10-to100-2gpu32x4-g8-b1024-u2-m10-fixed32-eval5-phys67-dcp-renderlife-v2/runtime/source_head.txt
1788430486.7355049510 /data/chenyiteng/results/rlinf-shenzhen/fastwam-grpo/runs/fastwam-grpo-control-resume10-to100-2gpu32x4-g8-b1024-u2-m10-fixed32-eval5-phys67-dcp-renderlife-v2/runtime/sha256.txt
1788430486.7355049510 /data/chenyiteng/results/rlinf-shenzhen/fastwam-grpo/runs/fastwam-grpo-control-resume10-to100-2gpu32x4-g8-b1024-u2-m10-fixed32-eval5-phys67-dcp-renderlife-v2/runtime/resolved.yaml
1788430486.7355049510 /data/chenyiteng/results/rlinf-shenzhen/fastwam-grpo/runs/fastwam-grpo-control-resume10-to100-2gpu32x4-g8-b1024-u2-m10-fixed32-eval5-phys67-dcp-renderlife-v2/runtime/packet_complete.txt
1788430486.7355049510 /data/chenyiteng/results/rlinf-shenzhen/fastwam-grpo/runs/fastwam-grpo-control-resume10-to100-2gpu32x4-g8-b1024-u2-m10-fixed32-eval5-phys67-dcp-renderlife-v2/runtime/contract.json
1788430486.7355049510 /data/chenyiteng/results/rlinf-shenzhen/fastwam-grpo/runs/fastwam-grpo-control-resume10-to100-2gpu32x4-g8-b1024-u2-m10-fixed32-eval5-phys67-dcp-renderlife-v2/runtime/command.txt
/data/chenyiteng/results/rlinf-shenzhen/fastwam-grpo/runs/fastwam-grpo-control-resume10-to100-2gpu32x4-g8-b1024-u2-m10-fixed32-eval5-phys67-dcp-renderlife-v2/metrics.log:│ Global Step:   11/100 │ Progress: ████░░░░░░░░░░░░░░░░░░░░░░░░░░░░░░░░░░░░ │  11.0%                                  │
/data/chenyiteng/results/rlinf-shenzhen/fastwam-grpo/runs/fastwam-grpo-control-resume10-to100-2gpu32x4-g8-b1024-u2-m10-fixed32-eval5-phys67-dcp-renderlife-v2/runtime/launch_manifest.txt:acceptance=must complete Step15 fixed evaluation without former OIDN/Python/Ray fatal
/data/chenyiteng/results/rlinf-shenzhen/fastwam-grpo/runs/fastwam-grpo-control-resume10-to100-2gpu32x4-g8-b1024-u2-m10-fixed32-eval5-phys67-dcp-renderlife-v2/runtime/driver.log:│ Global Step:   11/100 │ Progress: ████░░░░░░░░░░░░░░░░░░░░░░░░░░░░░░░░░░░░ │  11.0%                                  │
