NOW=2026-09-02T23:26:30+08:00
===EXIT===
started_at.txt=2026-09-02T14:31:26+00:00
finished_at.txt=2026-09-02T15:22:06+00:00
exit_code.txt=0
wrapper.pid=1358520
owned.pgid=1358520
observer.pid=1358729
===METRICS===
│ Global Step:    1/1 │ Progress: ████████████████████████████████████████ │ 100.0%                                    │
│reward=0.001525879                     │success_once=0.29296875                │                                      │
│reward=0.002278646                     │success_at_end=0.4375                  │success_once=0.4375                   │
│actor/approx_kl=0.0026                 │actor/clip_fraction=0.020              │actor/clipped_ratio=0.940             │
│actor/dual_cliped_ratio=0.0000         │actor/entropy_loss=0.0000              │actor/grad_norm=6.308                 │
===FATAL===
===RESOURCE===
samples=1411 gpu6_peak_mib=75356 at=2026-09-02T15:13:09+00:00 gpu7_peak_mib=75356 at=2026-09-02T15:13:09+00:00 mem_available_min_kib=1865074340 at=2026-09-02T15:21:58+00:00
===CHECKPOINT_TREE===
14455154049 2026-09-02T15:21:56.8018709740 /data/chenyiteng/results/rlinf-shenzhen/fastwam-grpo/runs/fastwam-grpo-pi0style-offload-smoke1-2gpu16x16-g8-b2048-u2-m10-phys67-v1/fastwam_grpo_pi0style_offload_smoke1_2gpu16x16_g8_b2048_u2_m10_phys67_v1/checkpoints/global_step_1/actor/dcp_checkpoint/__0_0.distcp
14454317078 2026-09-02T15:21:56.4738696590 /data/chenyiteng/results/rlinf-shenzhen/fastwam-grpo/runs/fastwam-grpo-pi0style-offload-smoke1-2gpu16x16-g8-b2048-u2-m10-phys67-v1/fastwam_grpo_pi0style_offload_smoke1_2gpu16x16_g8_b2048_u2_m10_phys67_v1/checkpoints/global_step_1/actor/dcp_checkpoint/__1_0.distcp
2919657 2026-09-02T15:22:01.7298907020 /data/chenyiteng/results/rlinf-shenzhen/fastwam-grpo/runs/fastwam-grpo-pi0style-offload-smoke1-2gpu16x16-g8-b2048-u2-m10-phys67-v1/fastwam_grpo_pi0style_offload_smoke1_2gpu16x16_g8_b2048_u2_m10_phys67_v1/checkpoints/global_step_1/actor/dcp_checkpoint/.metadata
===GLOBAL_STEP_DIRS===
/data/chenyiteng/results/rlinf-shenzhen/fastwam-grpo/runs/fastwam-grpo-pi0style-offload-smoke1-2gpu16x16-g8-b2048-u2-m10-phys67-v1/fastwam_grpo_pi0style_offload_smoke1_2gpu16x16_g8_b2048_u2_m10_phys67_v1/checkpoints/global_step_1
===RUN_SIZE===
27G	/data/chenyiteng/results/rlinf-shenzhen/fastwam-grpo/runs/fastwam-grpo-pi0style-offload-smoke1-2gpu16x16-g8-b2048-u2-m10-phys67-v1
===OWNED_PROCESSES===
===NAMESPACES===
Counter()
===GPU===
0, 9696, 0
1, 0, 0
2, 0, 0
3, 0, 0
4, 0, 0
5, 0, 0
6, 0, 0
7, 0, 0
GPU-a8b81587-9a8b-7c62-1d5c-ed33e9638070, 916861, /home/liwenbo/.conda/envs/starVLA/bin/python, 9686
===RAM===
               total        used        free      shared  buff/cache   available
Mem:           2.0Ti        29Gi       1.6Ti        27Mi       359Gi       1.9Ti
Swap:          6.0Gi       2.5Gi       3.5Gi
some avg10=0.00 avg60=0.00 avg300=0.00 total=190314016
full avg10=0.00 avg60=0.00 avg300=0.00 total=190204544
===SHARED_RAY===
chenyit+  321933 Sl    9-22:58:39 /home/chenyiteng/venvs/rlinf-7d07-openpi-robotwin/lib/python3.11/site-packages/ray/core/src/ray/gcs/gcs_server --log_dir=/data/chenyiteng/ray/rlt-dsrl-v3/session_2026-08-23_16-27-53_911161_321906/logs --config_list=eyJhdXRvbWF0aWNfb2JqZWN0X3NwaWxsaW5nX2VuYWJsZWQiOiB0cnVlLCAib2JqZWN0X3NwaWxsaW5nX2NvbmZpZyI6ICJ7XCJ0eXBlXCI6IFwiZmlsZXN5c3RlbVwiLCBcInBhcmFtc1wiOiB7XCJkaXJlY3RvcnlfcGF0aFwiOiBcIi9kYXRhL2NoZW55aXRlbmcvcmF5L3JsdC1kc3JsLXYzL3Nlc3Npb25fMjAyNi0wOC0yM18xNi0yNy01M185MTExNjFfMzIxOTA2XCJ9fSIsICJpc19leHRlcm5hbF9zdG9yYWdlX3R5cGVfZnMiOiB0cnVlfQ== --gcs_server_port=6389 --metrics-agent-port=0 --node-ip-address=172.17.0.1 --session-name=session_2026-08-23_16-27-53_911161_321906 --ray-commit=4464bbb6e21bce4893ed3396b2e33996188d511d --session-dir=/data/chenyiteng/ray/rlt-dsrl-v3/session_2026-08-23_16-27-53_911161_321906 --node-id=2730f38e60da6b4c0f68d8779893624a0917240589c544541c894c54 --stdout_filepath=/data/chenyiteng/ray/rlt-dsrl-v3/session_2026-08-23_16-27-53_911161_321906/logs/gcs_server.out --stderr_filepath=/data/chenyiteng/ray/rlt-dsrl-v3/session_2026-08-23_16-27-53_911161_321906/logs/gcs_server.err
