NOW=2026-09-02T23:23:48+08:00
WRAPPER=dead PID=1358520
started_at.txt=2026-09-02T14:31:26+00:00
finished_at.txt=2026-09-02T15:22:06+00:00
exit_code.txt=0
PROGRESS:
Before upgrading to Hydra 1.4, set version_base="1.3" and test your application.
See https://hydra.cc/docs/upgrades/1.3_to_1.4/prepare_for_1_4/ for preparation instructions.
See https://hydra.cc/docs/1.2/upgrades/1.1_to_1.2/changes_to_job_working_dir/ for more information.
2026-09-02 14:31:34,320	INFO packaging.py:447 -- Successfully pushed file package 'gcs://_ray_pkg_d10bda6d90b6e84f.zip'.
      "checkpoint_path": "/data/chenyiteng/models/fastwam/release-8eaceeb/robotwin_uncond_3cam_384.pt",
      "gradient_checkpointing": false,
      "enable_gradient_accumulation": true,
      "grad_scaler": {
      "checkpoint_format": "dcp",
      "clip_grad": 1.0,
      "checkpoint_path": "/data/chenyiteng/models/fastwam/release-8eaceeb/robotwin_uncond_3cam_384.pt",
    "kl_penalty": "kl",
    "kl_beta": 0.0,
    "clip_ratio_high": 0.2,
    "clip_ratio_low": 0.2,
    "clip_ratio_c": 3.0,
    "value_clip": 0.2,
[36m(RolloutGroup(rank=0) pid=1358986)[0m INFO:fastwam.models.wan22.helpers.loader:Skipping pretrained video DiT load (`skip_dit_load_from_pretrain=True`); initializing video expert randomly and expecting checkpoint override.
[36m(RolloutGroup(rank=0) pid=1358986)[0m INFO:fastwam.models.wan22.helpers.loader:Finished loading Wan2.2-TI2V-5B components in 71.99 seconds.
[36m(RolloutGroup(rank=0) pid=1358986)[0m INFO:fastwam.models.wan22.action_dit:Skipping ActionDiT pretrained load (`skip_dit_load_from_pretrain=True`); initializing action expert randomly and expecting checkpoint override.
[36m(ActorGroup(rank=0) pid=1358982)[0m INFO:fastwam.models.wan22.helpers.loader:Skipping pretrained video DiT load (`skip_dit_load_from_pretrain=True`); initializing video expert randomly and expecting checkpoint override.
[36m(ActorGroup(rank=0) pid=1358982)[0m INFO:fastwam.models.wan22.helpers.loader:Finished loading Wan2.2-TI2V-5B components in 63.99 seconds.
[36m(ActorGroup(rank=0) pid=1358982)[0m INFO:fastwam.models.wan22.action_dit:Skipping ActionDiT pretrained load (`skip_dit_load_from_pretrain=True`); initializing action expert randomly and expecting checkpoint override.
[36m(RolloutGroup(rank=0) pid=1358986)[0m Generating Rollout Epochs:   0%|          | 0/16 [00:00<?, ?it/s]
[36m(RolloutGroup(rank=0) pid=1358986)[0m Generating Rollout Epochs:   6%|▋         | 1/16 [02:17<34:23, 137.59s/it]
[36m(RolloutGroup(rank=0) pid=1358986)[0m Generating Rollout Epochs:  12%|█▎        | 2/16 [04:32<31:41, 135.86s/it]
[36m(RolloutGroup(rank=0) pid=1358986)[0m Generating Rollout Epochs:  19%|█▉        | 3/16 [06:38<28:31, 131.68s/it]
[36m(RolloutGroup(rank=0) pid=1358986)[0m Generating Rollout Epochs:  25%|██▌       | 4/16 [08:47<26:04, 130.41s/it]
[36m(RolloutGroup(rank=0) pid=1358986)[0m Generating Rollout Epochs:  31%|███▏      | 5/16 [10:58<23:59, 130.83s/it]
[36m(RolloutGroup(rank=0) pid=1358986)[0m Generating Rollout Epochs:  38%|███▊      | 6/16 [13:08<21:44, 130.49s/it]
[36m(RolloutGroup(rank=0) pid=1358986)[0m Generating Rollout Epochs:  44%|████▍     | 7/16 [15:15<19:23, 129.32s/it]
[36m(RolloutGroup(rank=0) pid=1358986)[0m Generating Rollout Epochs:  50%|█████     | 8/16 [17:20<17:02, 127.76s/it]
[36m(RolloutGroup(rank=0) pid=1358986)[0m Generating Rollout Epochs:  56%|█████▋    | 9/16 [19:30<15:00, 128.58s/it]
[36m(RolloutGroup(rank=0) pid=1358986)[0m Generating Rollout Epochs:  62%|██████▎   | 10/16 [21:41<12:55, 129.19s/it]
[36m(RolloutGroup(rank=0) pid=1358986)[0m Generating Rollout Epochs:  69%|██████▉   | 11/16 [23:55<10:54, 130.94s/it]
[36m(RolloutGroup(rank=0) pid=1358986)[0m Generating Rollout Epochs:  75%|███████▌  | 12/16 [26:04<08:40, 130.07s/it]
[36m(RolloutGroup(rank=0) pid=1358986)[0m Generating Rollout Epochs:  81%|████████▏ | 13/16 [28:15<06:31, 130.54s/it]
[36m(RolloutGroup(rank=0) pid=1358986)[0m Generating Rollout Epochs:  88%|████████▊ | 14/16 [30:26<04:21, 130.54s/it]
[36m(RolloutGroup(rank=0) pid=1358986)[0m Generating Rollout Epochs:  94%|█████████▍| 15/16 [32:37<02:10, 130.64s/it]
[36m(RolloutGroup(rank=0) pid=1358986)[0m Generating Rollout Epochs: 100%|██████████| 16/16 [34:58<00:00, 133.97s/it]Generating Rollout Epochs: 100%|██████████| 16/16 [34:58<00:00, 131.18s/it]
[INFO 15:21:34 RLinf] Saving checkpoint at step 1.
[36m(RolloutGroup(rank=1) pid=1358988)[0m [INFO 14:33:06 RolloutGroup-Rank-1][builder.py:312] Built Fast-WAM RoboTwin policy | checkpoint=/data/chenyiteng/models/fastwam/release-8eaceeb/robotwin_uncond_3cam_384.pt | stats=/data/chenyiteng/models/fastwam/release-8eaceeb/robotwin_uncond_3cam_384_dataset_stats.json | trainable_parameters=824 | H/N/S=32/24/10
[36m(RolloutGroup(rank=0) pid=1358986)[0m [INFO 14:33:07 RolloutGroup-Rank-0][builder.py:312] Built Fast-WAM RoboTwin policy | checkpoint=/data/chenyiteng/models/fastwam/release-8eaceeb/robotwin_uncond_3cam_384.pt | stats=/data/chenyiteng/models/fastwam/release-8eaceeb/robotwin_uncond_3cam_384_dataset_stats.json | trainable_parameters=824 | H/N/S=32/24/10
[36m(ActorGroup(rank=0) pid=1358982)[0m [INFO 14:34:33 ActorGroup-Rank-0][builder.py:312] Built Fast-WAM RoboTwin policy | checkpoint=/data/chenyiteng/models/fastwam/release-8eaceeb/robotwin_uncond_3cam_384.pt | stats=/data/chenyiteng/models/fastwam/release-8eaceeb/robotwin_uncond_3cam_384_dataset_stats.json | trainable_parameters=824 | H/N/S=32/24/10
[36m(ActorGroup(rank=0) pid=1358982)[0m [INFO 14:34:33 ActorGroup-Rank-0][fsdp_model_manager.py:294] [FSDP] Gradient checkpointing is disabled
[36m(ActorGroup(rank=1) pid=1358985)[0m [INFO 14:34:40 ActorGroup-Rank-1][builder.py:312] Built Fast-WAM RoboTwin policy | checkpoint=/data/chenyiteng/models/fastwam/release-8eaceeb/robotwin_uncond_3cam_384.pt | stats=/data/chenyiteng/models/fastwam/release-8eaceeb/robotwin_uncond_3cam_384_dataset_stats.json | trainable_parameters=824 | H/N/S=32/24/10
[36m(ActorGroup(rank=1) pid=1358985)[0m [INFO 14:34:40 ActorGroup-Rank-1][fsdp_model_manager.py:294] [FSDP] Gradient checkpointing is disabled
│ Global Step:    1/1 │ Progress: ████████████████████████████████████████ │ 100.0%                                    │
│reward=0.001525879                     │success_once=0.29296875                │                                      │
│reward=0.002278646                     │success_at_end=0.4375                  │success_once=0.4375                   │
│actor/approx_kl=0.0026                 │actor/clip_fraction=0.020              │actor/clipped_ratio=0.940             │
│actor/dual_cliped_ratio=0.0000         │actor/entropy_loss=0.0000              │actor/grad_norm=6.308                 │
FATAL:
RESOURCE:
samples=1411 gpu6_peak_mib=75356 at=2026-09-02T15:13:09+00:00 gpu7_peak_mib=75356 at=2026-09-02T15:13:09+00:00 mem_available_min_kib=1865074340 at=2026-09-02T15:21:58+00:00
2026-09-02T15:22:00+00:00,1865079392,44585,0,44583,0
2026-09-02T15:22:02+00:00,1874480980,44585,15,44585,11
2026-09-02T15:22:04+00:00,1868543660,44585,14,44585,14
GPU67:
6, 0, 81559, 0
7, 0, 81559, 0
GPU67_PROCESSES:
OTHER_GPU:
0, 9696, 0
1, 0, 0
2, 0, 0
3, 0, 0
4, 0, 0
5, 0, 0
6, 0, 0
7, 0, 0
FILES:
