NOW=2026-09-02T22:27:27+08:00
WRAPPER=dead PID=1277582
started_at.txt=2026-09-02T13:43:16+00:00
finished_at.txt=2026-09-02T14:23:42+00:00
exit_code.txt=255
PROGRESS:
Before upgrading to Hydra 1.4, set version_base="1.3" and test your application.
See https://hydra.cc/docs/upgrades/1.3_to_1.4/prepare_for_1_4/ for preparation instructions.
See https://hydra.cc/docs/1.2/upgrades/1.1_to_1.2/changes_to_job_working_dir/ for more information.
2026-09-02 13:43:24,220	INFO packaging.py:447 -- Successfully pushed file package 'gcs://_ray_pkg_d10bda6d90b6e84f.zip'.
      "assets_path": "/data/chenyiteng/projects/rlinf-shenzhen/RoboTwin-RLinf-support",
      "assets_path": "/data/chenyiteng/projects/rlinf-shenzhen/RoboTwin-RLinf-support",
      "checkpoint_path": "/data/chenyiteng/models/fastwam/release-8eaceeb/robotwin_uncond_3cam_384.pt",
      "gradient_checkpointing": false,
      "enable_gradient_accumulation": true,
      "grad_scaler": {
      "checkpoint_format": "dcp",
      "clip_grad": 1.0,
      "checkpoint_path": "/data/chenyiteng/models/fastwam/release-8eaceeb/robotwin_uncond_3cam_384.pt",
    "kl_penalty": "kl",
    "kl_beta": 0.0,
    "clip_ratio_high": 0.2,
    "clip_ratio_low": 0.2,
    "clip_ratio_c": 3.0,
    "value_clip": 0.2,
[36m(RolloutGroup(rank=0) pid=1278047)[0m INFO:fastwam.models.wan22.helpers.loader:Skipping pretrained video DiT load (`skip_dit_load_from_pretrain=True`); initializing video expert randomly and expecting checkpoint override.
[36m(RolloutGroup(rank=0) pid=1278047)[0m INFO:fastwam.models.wan22.helpers.loader:Finished loading Wan2.2-TI2V-5B components in 73.28 seconds.
[36m(RolloutGroup(rank=0) pid=1278047)[0m INFO:fastwam.models.wan22.action_dit:Skipping ActionDiT pretrained load (`skip_dit_load_from_pretrain=True`); initializing action expert randomly and expecting checkpoint override.
[36m(ActorGroup(rank=0) pid=1278044)[0m INFO:fastwam.models.wan22.helpers.loader:Skipping pretrained video DiT load (`skip_dit_load_from_pretrain=True`); initializing video expert randomly and expecting checkpoint override.
[36m(ActorGroup(rank=0) pid=1278044)[0m INFO:fastwam.models.wan22.helpers.loader:Finished loading Wan2.2-TI2V-5B components in 65.41 seconds.
[36m(ActorGroup(rank=0) pid=1278044)[0m INFO:fastwam.models.wan22.action_dit:Skipping ActionDiT pretrained load (`skip_dit_load_from_pretrain=True`); initializing action expert randomly and expecting checkpoint override.
[36m(RolloutGroup(rank=0) pid=1278047)[0m Generating Rollout Epochs:   0%|          | 0/8 [00:00<?, ?it/s]
[36m(RolloutGroup(rank=0) pid=1278047)[0m Generating Rollout Epochs:  12%|█▎        | 1/8 [04:29<31:26, 269.54s/it]
[36m(RolloutGroup(rank=0) pid=1278047)[0m Generating Rollout Epochs:  25%|██▌       | 2/8 [08:47<26:16, 262.75s/it]
[36m(RolloutGroup(rank=0) pid=1278047)[0m Generating Rollout Epochs:  38%|███▊      | 3/8 [13:16<22:08, 265.72s/it]
[36m(RolloutGroup(rank=0) pid=1278047)[0m Generating Rollout Epochs:  50%|█████     | 4/8 [17:33<17:28, 262.14s/it]
[36m(RolloutGroup(rank=0) pid=1278047)[0m Generating Rollout Epochs:  62%|██████▎   | 5/8 [21:51<13:02, 260.81s/it]
[36m(RolloutGroup(rank=0) pid=1278047)[0m Generating Rollout Epochs:  75%|███████▌  | 6/8 [26:21<08:47, 263.80s/it]
[36m(RolloutGroup(rank=0) pid=1278047)[0m Generating Rollout Epochs:  88%|████████▊ | 7/8 [30:57<04:27, 267.81s/it]
[36m(RolloutGroup(rank=0) pid=1278047)[0m Generating Rollout Epochs: 100%|██████████| 8/8 [35:31<00:00, 269.64s/it]Generating Rollout Epochs: 100%|██████████| 8/8 [35:31<00:00, 266.39s/it]
[36m(RolloutGroup(rank=0) pid=1278047)[0m [INFO 13:44:59 RolloutGroup-Rank-0][builder.py:312] Built Fast-WAM RoboTwin policy | checkpoint=/data/chenyiteng/models/fastwam/release-8eaceeb/robotwin_uncond_3cam_384.pt | stats=/data/chenyiteng/models/fastwam/release-8eaceeb/robotwin_uncond_3cam_384_dataset_stats.json | trainable_parameters=824 | H/N/S=32/24/10
[36m(RolloutGroup(rank=1) pid=1278050)[0m [INFO 13:45:08 RolloutGroup-Rank-1][builder.py:312] Built Fast-WAM RoboTwin policy | checkpoint=/data/chenyiteng/models/fastwam/release-8eaceeb/robotwin_uncond_3cam_384.pt | stats=/data/chenyiteng/models/fastwam/release-8eaceeb/robotwin_uncond_3cam_384_dataset_stats.json | trainable_parameters=824 | H/N/S=32/24/10
[36m(ActorGroup(rank=0) pid=1278044)[0m [INFO 13:46:36 ActorGroup-Rank-0][builder.py:312] Built Fast-WAM RoboTwin policy | checkpoint=/data/chenyiteng/models/fastwam/release-8eaceeb/robotwin_uncond_3cam_384.pt | stats=/data/chenyiteng/models/fastwam/release-8eaceeb/robotwin_uncond_3cam_384_dataset_stats.json | trainable_parameters=824 | H/N/S=32/24/10
[36m(ActorGroup(rank=0) pid=1278044)[0m [INFO 13:46:36 ActorGroup-Rank-0][fsdp_model_manager.py:294] [FSDP] Gradient checkpointing is disabled
[36m(ActorGroup(rank=1) pid=1278046)[0m [INFO 13:46:43 ActorGroup-Rank-1][builder.py:312] Built Fast-WAM RoboTwin policy | checkpoint=/data/chenyiteng/models/fastwam/release-8eaceeb/robotwin_uncond_3cam_384.pt | stats=/data/chenyiteng/models/fastwam/release-8eaceeb/robotwin_uncond_3cam_384_dataset_stats.json | trainable_parameters=824 | H/N/S=32/24/10
[36m(ActorGroup(rank=1) pid=1278046)[0m [INFO 13:46:43 ActorGroup-Rank-1][fsdp_model_manager.py:294] [FSDP] Gradient checkpointing is disabled
FATAL:
522:torch.OutOfMemoryError: CUDA out of memory. Tried to allocate 80.00 MiB. GPU 0 has a total capacity of 79.18 GiB of which 62.81 MiB is free. Process 1278052 has 18.69 GiB memory in use. Including non-PyTorch memory, this process has 59.62 GiB memory in use. Process 1278047 has 790.00 MiB memory in use. Of the allocated memory 57.23 GiB is allocated by PyTorch, and 711.80 MiB is reserved by PyTorch but unallocated. If reserved but unallocated memory is large try setting PYTORCH_CUDA_ALLOC_CONF=expandable_segments:True to avoid fragmentation.  See documentation for Memory Management  (https://docs.pytorch.org/docs/stable/notes/cuda.html#optimizing-memory-usage-with-pytorch-cuda-alloc-conf)
RESOURCE:
samples=1126 gpu6_peak_mib=81017 gpu7_peak_mib=81011 mem_available_min_kib=1880721636
2026-09-02T14:23:37+00:00,1895020652,79311,100,69341,0
2026-09-02T14:23:39+00:00,1922701924,81017,0,81011,0
2026-09-02T14:23:41+00:00,2061613024,6,17,6,17
GPU67:
6, 0, 81559, 0
7, 0, 81559, 0
FILES:
