TIME=2026-09-03 10:42:42 UTC

PARENT=/data/chenyiteng/results/rlinf-shenzhen/fastwam-action-dvac-adv/runs
RUN=/data/chenyiteng/results/rlinf-shenzhen/fastwam-action-dvac-adv/runs/fastwam-action-dvac-adv-w05to15-smoke2-2gpu32x1-g8-b256-u1-m10-phys23-dcp-v2	EXIT=0	SOURCE=NA	LATEST=1788190059.3452125510	SMALL_BYTES=64053
RUN=/data/chenyiteng/results/rlinf-shenzhen/fastwam-action-dvac-adv/runs/fastwam-action-dvac-adv-w05to15-smoke2-2gpu32x1-g8-b256-u1-m10-phys23-dcp-v2-reload-step2	EXIT=0	SOURCE=NA	LATEST=1788191192.4921270280	SMALL_BYTES=55950

PARENT=/data/chenyiteng/results/rlinf-shenzhen/fastwam-grpo/runs
RUN=/data/chenyiteng/results/rlinf-shenzhen/fastwam-grpo/runs/fastwam-grpo-control-formal100-2gpu16x16-g8-b2048-u2-m10-fixed32-eval5-phys67-dcp-pi0style-v3	EXIT=255	SOURCE=7b2331c55d14397cfb4cb16181470ddc8afae44a	LATEST=1788420827.2328024720	SMALL_BYTES=152041
RUN=/data/chenyiteng/results/rlinf-shenzhen/fastwam-grpo/runs/fastwam-grpo-control-formal100-2gpu32x4-g8-b1024-u2-m10-fixed32-eval5-phys67-dcp-v1	EXIT=255	SOURCE=7b2331c55d14397cfb4cb16181470ddc8afae44a	LATEST=1788331998.2937727240	SMALL_BYTES=351453
RUN=/data/chenyiteng/results/rlinf-shenzhen/fastwam-grpo/runs/fastwam-grpo-control-formal100-2gpu32x8-g8-b2048-u2-m10-fixed32-eval5-phys67-dcp-v1	EXIT=255	SOURCE=7b2331c55d14397cfb4cb16181470ddc8afae44a	LATEST=1788345880.8601899570	SMALL_BYTES=43323
RUN=/data/chenyiteng/results/rlinf-shenzhen/fastwam-grpo/runs/fastwam-grpo-control-formal100-2gpu32x8-g8-b2048-u2-m10-fixed32-eval5-phys67-dcp-v2	EXIT=NA	SOURCE=7b2331c55d14397cfb4cb16181470ddc8afae44a	LATEST=1788356060.4032284270	SMALL_BYTES=104067
RUN=/data/chenyiteng/results/rlinf-shenzhen/fastwam-grpo/runs/fastwam-grpo-control-resume10-to100-2gpu32x4-g8-b1024-u2-m10-fixed32-eval5-phys67-dcp-renderlife-v2	EXIT=NA	SOURCE=7b2331c55d14397cfb4cb16181470ddc8afae44a	LATEST=1788432111.2433821560	SMALL_BYTES=68674
RUN=/data/chenyiteng/results/rlinf-shenzhen/fastwam-grpo/runs/fastwam-grpo-pi0style-offload-smoke1-2gpu16x16-g8-b2048-u2-m10-phys67-v1	EXIT=0	SOURCE=7b2331c55d14397cfb4cb16181470ddc8afae44a	LATEST=1788362526.6579103780	SMALL_BYTES=140984
RUN=/data/chenyiteng/results/rlinf-shenzhen/fastwam-grpo/runs/fastwam-grpo-pi0style-offload-smoke1-2gpu32x8-g8-b2048-u2-m10-phys67-v1	EXIT=255	SOURCE=7b2331c55d14397cfb4cb16181470ddc8afae44a	LATEST=1788359022.8038979160	SMALL_BYTES=112691
RUN=/data/chenyiteng/results/rlinf-shenzhen/fastwam-grpo/runs/fastwam-grpo-smoke1-current-2gpu32x1-g8-b256-u1-m10-phys23-dcp-v3-roundtrip	EXIT=1	SOURCE=NA	LATEST=1788177423.0712538350	SMALL_BYTES=51568
RUN=/data/chenyiteng/results/rlinf-shenzhen/fastwam-grpo/runs/fastwam-grpo-smoke1-current-2gpu32x1-g8-b256-u1-m10-phys23-dcp-v4-roundtrip	EXIT=0	SOURCE=NA	LATEST=1788178823.2434918870	SMALL_BYTES=64798
RUN=/data/chenyiteng/results/rlinf-shenzhen/fastwam-grpo/runs/fastwam-grpo-smoke1-current-2gpu32x1-g8-b256-u1-m10-phys23-dcp-v4-roundtrip-reloadcheck	EXIT=0	SOURCE=NA	LATEST=1788179979.6054017380	SMALL_BYTES=52842
RUN=/data/chenyiteng/results/rlinf-shenzhen/fastwam-grpo/runs/fastwam-grpo-smoke1-current-2gpu32x1-g8-b256-u1-m10-phys23-localshard-v1	EXIT=255	SOURCE=NA	LATEST=1788173171.0201666230	SMALL_BYTES=52887
RUN=/data/chenyiteng/results/rlinf-shenzhen/fastwam-grpo/runs/fastwam-grpo-smoke1-current-2gpu32x1-g8-b256-u1-m10-phys23-localshard-v2-envoffload	EXIT=0	SOURCE=NA	LATEST=1788175004.4769784530	SMALL_BYTES=65021
RUN=/data/chenyiteng/results/rlinf-shenzhen/fastwam-grpo/runs/fastwam-grpo-smoke1-current-2gpu32x1-g8-b256-u1-m10-phys23-localshard-v2-envoffload-reloadcheck	EXIT=255	SOURCE=NA	LATEST=1788175465.5102151870	SMALL_BYTES=1435291

PARENT=/data/chenyiteng/results/rlinf-shenzhen/grpo/runs
RUN=/data/chenyiteng/results/rlinf-shenzhen/grpo/runs/dvac-action-adv-fix-w0p5to1p5-formal100-2gpu64x4-b1024-fixed32-eval5-phys45-v1	EXIT=NA	SOURCE=e434f409b21d281ce883df29487ecae7cb3e4839	LATEST=1788148423.6057508950	SMALL_BYTES=1210378
RUN=/data/chenyiteng/results/rlinf-shenzhen/grpo/runs/dvac-action-adv-fix-w0to2-formal100-2gpu64x4-b1024-fixed32-eval5-phys45-v1	EXIT=NA	SOURCE=e434f409b21d281ce883df29487ecae7cb3e4839	LATEST=1788059392.7615974440	SMALL_BYTES=1568456
RUN=/data/chenyiteng/results/rlinf-shenzhen/grpo/runs/dvac-action-adv-w0to2-formal100-2gpu64x4-b1024-fixed32-eval5-phys45-v1	EXIT=NA	SOURCE=a5b94b6f10a9212502d6930f07543f61e31af52e	LATEST=1787928669.0708819180	SMALL_BYTES=605324
RUN=/data/chenyiteng/results/rlinf-shenzhen/grpo/runs/dvac-action-adv-w0to2-smoke2-2gpu64x4-b1024-noeval-phys23-v1	EXIT=0	SOURCE=a5b94b6f10a9212502d6930f07543f61e31af52e	LATEST=1787824456.6029241150	SMALL_BYTES=97291
RUN=/data/chenyiteng/results/rlinf-shenzhen/grpo/runs/dvac-global-z-formal100-4gpu32x8-g8-phys2367-v2	EXIT=NA	SOURCE=66c863bc5a45e90cb5161b30af54355b1104c810	LATEST=1787579214.6844470050	SMALL_BYTES=270354
RUN=/data/chenyiteng/results/rlinf-shenzhen/grpo/runs/dvac-global-z-formal100-4gpu32x8-g8-phys4567-v3	EXIT=NA	SOURCE=66c863bc5a45e90cb5161b30af54355b1104c810	LATEST=1787579445.9938120410	SMALL_BYTES=180568
RUN=/data/chenyiteng/results/rlinf-shenzhen/grpo/runs/dvac-global-z-formal100-grpo-matched-4gpu128x4-b2048-phys4567-v4	EXIT=255	SOURCE=66c863bc5a45e90cb5161b30af54355b1104c810	LATEST=1787627922.1857035670	SMALL_BYTES=684283
RUN=/data/chenyiteng/results/rlinf-shenzhen/grpo/runs/dvac-global-z-formal100-grpo-matched-4gpu128x4-b2048-phys4567-v5-resume30	EXIT=NA	SOURCE=66c863bc5a45e90cb5161b30af54355b1104c810	LATEST=1787650370.7366212810	SMALL_BYTES=309838
RUN=/data/chenyiteng/results/rlinf-shenzhen/grpo/runs/dvac-global-z-smoke2-4gpu128train64eval-v1	EXIT=0	SOURCE=66c863bc5a45e90cb5161b30af54355b1104c810	LATEST=1787567840.0646150510	SMALL_BYTES=121971
RUN=/data/chenyiteng/results/rlinf-shenzhen/grpo/runs/dvac-global-z-w0to2-formal100-2gpu64x4-b1024-eval5-phys67-v1	EXIT=255	SOURCE=0e28ac6f09f821ea12e7d54eba7118ce0000ca86	LATEST=1787720613.3270621850	SMALL_BYTES=131324
RUN=/data/chenyiteng/results/rlinf-shenzhen/grpo/runs/dvac-global-z-w0to2-formal100-2gpu64x4-b1024-fixed32-eval5-phys67-v2	EXIT=NA	SOURCE=0e28ac6f09f821ea12e7d54eba7118ce0000ca86	LATEST=1787815724.8595731770	SMALL_BYTES=1019601
RUN=/data/chenyiteng/results/rlinf-shenzhen/grpo/runs/dvac-global-z-w0to5-formal100-grpo-matched-4gpu128x4-b2048-eval5-phys4567-v1	EXIT=NA	SOURCE=0e28ac6f09f821ea12e7d54eba7118ce0000ca86	LATEST=1787714288.7915670680	SMALL_BYTES=925992
RUN=/data/chenyiteng/results/rlinf-shenzhen/grpo/runs/dvac-st-global-z-w0p5to1p5-formal100-2gpu64x4-b1024-fixed32-eval5-phys67-v1	EXIT=255	SOURCE=0e28ac6f09f821ea12e7d54eba7118ce0000ca86	LATEST=1788059391.7615972090	SMALL_BYTES=1067744
RUN=/data/chenyiteng/results/rlinf-shenzhen/grpo/runs/dvac-st-global-z-w0p8to1p2-formal100-2gpu64x4-b1024-fixed32-eval5-phys67-localshard-v2	EXIT=NA	SOURCE=0e28ac6f09f821ea12e7d54eba7118ce0000ca86	LATEST=1788148423.6097508890	SMALL_BYTES=912707
RUN=/data/chenyiteng/results/rlinf-shenzhen/grpo/runs/dvac-st-global-z-w0p8to1p2-formal100-2gpu64x4-b1024-fixed32-eval5-phys67-v1	EXIT=NA	SOURCE=0e28ac6f09f821ea12e7d54eba7118ce0000ca86	LATEST=1788079632.7009572800	SMALL_BYTES=230467
RUN=/data/chenyiteng/results/rlinf-shenzhen/grpo/runs/grpo-control-formal100-2gpu64x4-b1024-eval5-phys45-v1	EXIT=255	SOURCE=0e28ac6f09f821ea12e7d54eba7118ce0000ca86	LATEST=1787720540.6803418160	SMALL_BYTES=120414
RUN=/data/chenyiteng/results/rlinf-shenzhen/grpo/runs/grpo-control-formal100-2gpu64x4-b1024-fixed32-eval5-phys45-v2	EXIT=NA	SOURCE=0e28ac6f09f821ea12e7d54eba7118ce0000ca86	LATEST=1787886141.6028549180	SMALL_BYTES=1662101
RUN=/data/chenyiteng/results/rlinf-shenzhen/grpo/runs/grpo-formal100-current-4gpu128train64eval-ppo-matched-v1	EXIT=NA	SOURCE=554c6dc8d586162d9444c01fa88308ed4f5203d0	LATEST=1787409256.0464741660	SMALL_BYTES=68082
RUN=/data/chenyiteng/results/rlinf-shenzhen/grpo/runs/grpo-formal100-current-4gpu128train64eval-ppo-matched-v2	EXIT=NA	SOURCE=554c6dc8d586162d9444c01fa88308ed4f5203d0	LATEST=1787486526.2472270960	SMALL_BYTES=12913831
RUN=/data/chenyiteng/results/rlinf-shenzhen/grpo/runs/prism-dvac-rank-rloo-formal100-2gpu64x4-b1024-fixed32-eval5-localshard-phys67-v2	EXIT=NA	SOURCE=306ce2e98a06b6f439a1070d8942e20132e48d49	LATEST=1787928695.5788118750	SMALL_BYTES=1055970
RUN=/data/chenyiteng/results/rlinf-shenzhen/grpo/runs/prism-dvac-rank-rloo-formal100-2gpu64x4-b1024-fixed32-eval5-phys67-v1	EXIT=NA	SOURCE=3f977ce7f0c9271a4e164b4d602166286a9ad9f3	LATEST=1787846489.8999487780	SMALL_BYTES=241672
RUN=/data/chenyiteng/results/rlinf-shenzhen/grpo/runs/prism-dvac-rank-rloo-smoke1-2gpu64x4-b1024-noeval-phys23-v1	EXIT=0	SOURCE=3f977ce7f0c9271a4e164b4d602166286a9ad9f3	LATEST=1787753317.1695606170	SMALL_BYTES=80505

PARENT=/data/chenyiteng/results/rlinf-shenzhen/pi05/runs
RUN=/data/chenyiteng/results/rlinf-shenzhen/pi05/runs/pi05-grpo-control-formal100-2gpu64x4-g8-b1024-u2-m5-fixed32-eval5-phys45-localshard-v2	EXIT=NA	SOURCE=256eeeb4459b4bd5db85bfc6a0eb315771e8c38c	LATEST=1788356065.9991921890	SMALL_BYTES=1005587
RUN=/data/chenyiteng/results/rlinf-shenzhen/pi05/runs/pi05-grpo-control-formal100-2gpu64x4-g8-b512-u5-m5-fixed32-eval5-phys45-localshard-v1	EXIT=NA	SOURCE=256eeeb4459b4bd5db85bfc6a0eb315771e8c38c	LATEST=1788269613.1090921120	SMALL_BYTES=364124
RUN=/data/chenyiteng/results/rlinf-shenzhen/pi05/runs/pi05-grpo-dvac-action-adv-w0p5to1p5-formal100-2gpu64x4-g8-b1024-u2-m5-fixed32-eval5-phys67-localshard-v2	EXIT=NA	SOURCE=256eeeb4459b4bd5db85bfc6a0eb315771e8c38c	LATEST=1788310073.0304344090	SMALL_BYTES=526911
RUN=/data/chenyiteng/results/rlinf-shenzhen/pi05/runs/pi05-grpo-dvac-action-adv-w0p5to1p5-formal100-2gpu64x4-g8-b512-u5-m5-fixed32-eval5-phys67-localshard-v1	EXIT=NA	SOURCE=256eeeb4459b4bd5db85bfc6a0eb315771e8c38c	LATEST=1788269632.4374859830	SMALL_BYTES=399371
RUN=/data/chenyiteng/results/rlinf-shenzhen/pi05/runs/pi05-grpo-dvac-action-adv-w0p5to1p5-smoke2-2gpu64x4-g8-b512-u5-m5-phys23-localshard-v2	EXIT=0	SOURCE=NA	LATEST=1788163633.0008684500	SMALL_BYTES=86343
RUN=/data/chenyiteng/results/rlinf-shenzhen/pi05/runs/pi05-grpo-smoke1-2gpu64x4-g8-b512-u5-m5-phys23-localshard-v2	EXIT=0	SOURCE=NA	LATEST=1788160508.7779086350	SMALL_BYTES=64339
RUN=/data/chenyiteng/results/rlinf-shenzhen/pi05/runs/pi05-ppo-smoke1-2gpu64x4-b512-u5-m5-phys23-localshard-v2	EXIT=0	SOURCE=NA	LATEST=1788158247.4882163420	SMALL_BYTES=65159

PARENT=/data/chenyiteng/results/rlinf-shenzhen/pi05-sidney/runs
RUN=/data/chenyiteng/results/rlinf-shenzhen/pi05-sidney/runs/move-grpo-formal100-2gpu64x4-g8-b1024-u2-m10-noise0p5-h200-fixed32-eval5-phys45-localshard-v1	EXIT=NA	SOURCE=f50e235c5ab1f4390f0ba92bfb13390ed0a86810	LATEST=1788432106.6113751770	SMALL_BYTES=113576

PARENT=/data/chenyiteng/results/rlinf-shenzhen/ppo/runs
RUN=/data/chenyiteng/results/rlinf-shenzhen/ppo/runs/ppo-control-formal100-2gpu64x4-b1024-fixed32-eval5-phys45-localshard-v1	EXIT=NA	SOURCE=74617ced87d64045ab6850d0efd90956a494af66	LATEST=1788237326.7153036820	SMALL_BYTES=1188550
RUN=/data/chenyiteng/results/rlinf-shenzhen/ppo/runs/ppo-control-smoke1-2gpu64x4-b1024-noeval-localshard-phys23-v1	EXIT=0	SOURCE=74617ced87d64045ab6850d0efd90956a494af66	LATEST=1788101364.3725414230	SMALL_BYTES=66717
RUN=/data/chenyiteng/results/rlinf-shenzhen/ppo/runs/ppo-dvac-action-adv-fix-w0p5to1p5-formal100-2gpu64x4-b1024-fixed32-eval5-phys67-localshard-v1	EXIT=255	SOURCE=74617ced87d64045ab6850d0efd90956a494af66	LATEST=1788237325.5792949430	SMALL_BYTES=1271031
RUN=/data/chenyiteng/results/rlinf-shenzhen/ppo/runs/ppo-dvac-action-adv-fix-w0to2-smoke2-2gpu64x4-b1024-noeval-localshard-phys23-v1	EXIT=0	SOURCE=74617ced87d64045ab6850d0efd90956a494af66	LATEST=1788104543.3021868130	SMALL_BYTES=87336

PARENT=/data/chenyiteng/results/rlinf-rlt
RUN=/data/chenyiteng/results/rlinf-rlt/diagnostics	EXIT=NA	SOURCE=NA	LATEST=1787542677.9928533650	SMALL_BYTES=223527
RUN=/data/chenyiteng/results/rlinf-rlt/formal-current-ar-stage1-2k-stage2-8env250-20260823-v1	EXIT=NA	SOURCE=f3ea5f691b99fe39e024e5571c0e6ee3d83c51b4	LATEST=1787502550.8158526970	SMALL_BYTES=13426
RUN=/data/chenyiteng/results/rlinf-rlt/formal-current-ar-stage1-2k-stage2-8env250-20260824-v2	EXIT=NA	SOURCE=f3ea5f691b99fe39e024e5571c0e6ee3d83c51b4	LATEST=1787504058.9375613600	SMALL_BYTES=4159418
RUN=/data/chenyiteng/results/rlinf-rlt/formal-current-ar-stage2-8env250-20260824-v3	EXIT=NA	SOURCE=f3ea5f691b99fe39e024e5571c0e6ee3d83c51b4	LATEST=1787541385.4087222970	SMALL_BYTES=735650
RUN=/data/chenyiteng/results/rlinf-rlt/formal-current-ar-stage2-8env250-20260824-v4-warmup-fix	EXIT=0	SOURCE=8bbd0216113ec6eca8bbc67e79d9d642d48b8ed1	LATEST=1787571358.4749231290	SMALL_BYTES=5231538
RUN=/data/chenyiteng/results/rlinf-rlt/smoke-stage1-current-ar-2step-20260823	EXIT=0	SOURCE=bdd875283b3f3516c439e5c79c902cf5c2da58b6	LATEST=1787496148.0864807840	SMALL_BYTES=53494
RUN=/data/chenyiteng/results/rlinf-rlt/smoke-stage1-current-ar-2step-20260823-attempt1-precompose-failed	EXIT=NA	SOURCE=NA	LATEST=1787495823.4589223790	SMALL_BYTES=0
RUN=/data/chenyiteng/results/rlinf-rlt/smoke-stage2-current-ar-fresh1-resume1-20260823	EXIT=NA	SOURCE=NA	LATEST=1787496908.2084240190	SMALL_BYTES=165544

PARENT=/data/chenyiteng/results/rlinf-current-dsrl
RUN=/data/chenyiteng/results/rlinf-current-dsrl/formal-dsrl-pi0-robotwin-2gpu4env-200c-20260824-v1	EXIT=NA	SOURCE=NA	LATEST=1787503907.5623971960	SMALL_BYTES=224295
RUN=/data/chenyiteng/results/rlinf-current-dsrl/formal-dsrl-pi0-robotwin-2gpu4env-200c-20260824-v2	EXIT=NA	SOURCE=NA	LATEST=1787551360.3354036380	SMALL_BYTES=4073810
RUN=/data/chenyiteng/results/rlinf-current-dsrl/smoke-dsrl-pi0-robotwin-2gpu4env-warm4-20260823	EXIT=NA	SOURCE=NA	LATEST=1787497009.6921002070	SMALL_BYTES=158392
