=== robotwin source identity ===
## HEAD (no branch)
0008ae6800df9f75fc8de7098bacb01735fd8fd2 Merge pull request #453 from jx-qiu/RLinf_support
48e76afa8172ec2b806a690a0c1c9cf26ec045ed fix: enhance resource cleanup and cache management in task environments
8f0813a9acd8de413de01e14bec23510016dddb8 Update README with RLinf support details
origin	https://github.com/RoboTwin-Platform/RoboTwin.git (fetch)
origin	https://github.com/RoboTwin-Platform/RoboTwin.git (push)
=== vector env imports/classes ===
import importlib
import os
import gc
import sys

import cv2
import torch
import yaml
from envs import *

sys.path.append("../../")

import logging
import multiprocessing as mp
import threading
import time
from collections import defaultdict
from concurrent.futures import ThreadPoolExecutor, as_completed

import gymnasium as gym
import numpy as np
from description.utils.generate_episode_instructions import (
    generate_episode_descriptions,
)
from envs._GLOBAL_CONFIGS import *
from envs.utils.create_actor import UnStableError


LOG_LEVEL = os.getenv("VECTOR_ENV_LOG_LEVEL", "WARNING").upper()
logging.basicConfig(
    level=getattr(logging, LOG_LEVEL, logging.WARNING),
    format="%(asctime)s - %(name)s - %(levelname)s - %(message)s",
)
logging.getLogger("concurrent.futures").setLevel(logging.WARNING)
logging.getLogger("curobo").setLevel(logging.ERROR)


def class_decorator(task_name):
    envs_module = importlib.import_module(f"envs.{task_name}")
    try:
        env_class = getattr(envs_module, task_name)
        env_instance = env_class()
    except:
        raise SystemExit("No Task")
    return env_instance


def update_obs(observation):
    full_image = observation["observation"]["head_camera"]["rgb"]
    left_wrist_image = (
        observation["observation"].get("left_camera", {}).get("rgb", None)
    )
    right_wrist_image = (
        observation["observation"].get("right_camera", {}).get("rgb", None)
    )
    state = observation["joint_action"]["vector"]

    return {
        "full_image": full_image,
        "left_wrist_image": left_wrist_image,
        "right_wrist_image": right_wrist_image,
        "state": state,
    }


class SubEnv:
    def __init__(
        self,
        env_id: int,
        task_name: str,
        args: dict,
        env_seed: int = None,
        instruction_type = "seen",
        global_lock=None,
    ):
        self.env_id = env_id
        self.task_name = task_name
        self.args = args
        self.env_seed = env_seed
        if self.env_seed is None:
            self.env_seed = self.env_id
        self.instruction = None
        self.task = class_decorator(self.task_name)
        self.instruction_type = instruction_type
        self.global_lock = global_lock
        self.lock = threading.Lock()
        self.reset_count = 0
        self.clear_cache_freq = max(1, int(self.args.get("clear_cache_freq", 8)))

    def setup_task(self):
        self.close()
        self.task = class_decorator(self.task_name)

        with self.global_lock:
            with self.lock:
                trial_seed = self.env_seed
                is_valid = False
                while not is_valid:
                    try:
                        task = class_decorator(self.task_name)
                        task.setup_demo(
                            now_ep_num=trial_seed,
                            seed=trial_seed,
                            is_test=True,
                            **self.args,
                        )
                        episode_info = task.get_info()
                        is_valid = True
                    except Exception as e:
                        task.close_env()
                        trial_seed += 1
                        continue
                    task.close_env()

                self.episode_info_list = [episode_info]

    def create_instruction(self):
        task_descriptions = generate_episode_descriptions(
            self.task_name, self.episode_info_list, 1, self.env_seed
        )
        instruction = np.random.choice(task_descriptions[0][self.instruction_type])
        return instruction

    def step(self, actions):
        if self.get_instruction() is None:
            self.reset(env_seed=None)

        with self.lock:
            reward, termination, truncation, info = self.task.gen_sparse_reward_data(actions)
            obs = update_obs(self.task.get_obs())
            obs["instruction"] = self.task.get_instruction()

        return {
            "obs": obs,
            "reward": reward,
            "terminated": termination,
            "truncated": truncation,
            "info": info,
        }

    def reset(self, env_seed=None):
        with self.global_lock:
            with self.lock:
                if self.task is not None:
                    self.reset_count += 1
                    should_clear_cache = self.reset_count % self.clear_cache_freq == 0
                    self.task.close_env(clear_cache=should_clear_cache)
                if env_seed is not None:
                    self.env_seed = env_seed

                self.instruction = self.create_instruction()
                self.args["instruction"] = self.instruction

                trial_seed = self.env_seed
                is_valid = False
                while not is_valid:
                    try:
                        self.task.setup_demo(
                            now_ep_num=trial_seed, seed=trial_seed, **self.args
                        )
                        self.task.step_lim = self.args["step_lim"]
                        self.task.run_steps = 0
                        self.task.reward_step = 0
                        is_valid = True
                    except UnStableError as e:
                        logging.warning(
                            f"RoboTwin SubEnv {self.env_id} reset error with seed {trial_seed}, error: {e}, trying new seed: {trial_seed + 1}"
                        )
                        self.task.close_env(clear_cache=True)
                        trial_seed += 1
                        continue
                    except Exception as e:
                        logging.error(
                            f"RoboTwin SubEnv {self.env_id} reset error with seed {trial_seed}, error: {e}"
                        )
                        self.task.close_env(clear_cache=True)
                        raise

        return

    def get_obs(self):
        with self.lock:
            obs = self.task.get_obs()
            obs = update_obs(obs)
            obs["instruction"] = self.task.get_instruction()

        return obs

    def get_instruction(self):
        with self.lock:
            if self.task is None:
                return None
            return self.instruction

    def close(self, clear_cache=True):
        if self.task is not None:
            with self.lock:
                self.task.close_env(clear_cache=clear_cache)

    def check_seed(self, seed):
        setup_demo_success = False
        play_once_success = False

        t1 = time.time()
        with self.global_lock:
            with self.lock:
                try:
                    self.task.setup_demo(now_ep_num=seed, seed=seed, **self.args)
                    setup_demo_success = True
                    _ = self.task.get_obs()
                    _ = self.task.play_once()
                    if self.task.plan_success and self.task.check_success():
                        play_once_success = True
                except Exception as e:
                    logging.warning(
                        f"RoboTwin SubEnv {self.env_id} check_seed error with seed {seed}, error: {e}"
                    )
        t2 = time.time()
        result = {
            "setup_demo_success": setup_demo_success,
            "play_once_success": play_once_success,
            "cost_time": t2 - t1,
        }
        return result


class VectorEnv(gym.Env):
    def __init__(
        self,
        task_config,
        n_envs,
        env_seeds=None,
        instruction_type="seen",
    ):
        self.env_seeds = env_seeds
        if self.env_seeds is not None:
            assert len(self.env_seeds) == n_envs
        assets_path = os.getenv("ASSETS_PATH")
        self.task_name = task_config.get("task_name")

        head_camera_type = "D435"
        rdt_step = 10
        args = task_config

        args["planner_backend"] = args.get("planner_backend", "curobo") # Choices: [curobo, mplib]
=== vector env pool/reset/close ===
        self.global_lock = threading.Lock()

        self.env_thread_pool = ThreadPoolExecutor(max_workers=n_envs)

        self._init_envs()

    def _init_envs(self):
        for i in range(self.n_envs):
            sub_env = SubEnv(
                env_id=i,
                task_name=self.task_name,
                args=self.args,
                env_seed=self.env_seeds[i] if self.env_seeds else None,
                instruction_type=self.instruction_type,
                global_lock=self.global_lock,
            )
            sub_env.setup_task()
            self.envs.append(sub_env)

    def transform(self, results):
        res_dict = defaultdict(list)
        for res in results:
            for k, v in res.items():
                res_dict[k].append(v)

        res_dict = dict(res_dict)
        return (
            res_dict["obs"],
            res_dict["reward"],
            res_dict["terminated"],
            res_dict["truncated"],
            res_dict["info"],
        )

    def step(self, actions):
        if len(self.envs) == 0:
            self._init_envs()

        step_futures = {}
        for i in range(self.n_envs):
            future = self.env_thread_pool.submit(self.envs[i].step, actions[i])
            step_futures[i] = future

        results = []
        for i in range(self.n_envs):
            future = step_futures[i]
            try:
                result = future.result(timeout=120)
                results.append(result)
            except Exception as e:
                raise RuntimeError(f"SubEnv {i} step error: {e}")

        obs_venv, reward_venv, terminated_venv, truncated_venv, info_venv = (
            self.transform(results)
        )

        return obs_venv, reward_venv, terminated_venv, truncated_venv, info_venv

    def reset(self, env_idx=None, env_seeds=None):
        if len(self.envs) == 0:
            self._init_envs()

        if env_idx is None:
            env_idx = list(range(self.n_envs))
        elif isinstance(env_idx, (list, tuple)):
            env_idx = list(env_idx)
        elif isinstance(env_idx, torch.Tensor):
            env_idx = env_idx.tolist()
        else:
            env_idx = [env_idx]

        reset_futures = {}
        for idx in env_idx:
            if 0 <= idx < self.n_envs:
                seed = None
                if env_seeds is not None and len(env_seeds) == len(env_idx):
                    seed_idx = env_idx.index(idx)
                    seed = env_seeds[seed_idx]

                future = self.env_thread_pool.submit(
                    self.envs[idx].reset, env_seed=seed
                )
                reset_futures[idx] = future

        for idx in env_idx:
            if 0 <= idx < self.n_envs:
                future = reset_futures[idx]
                try:
                    future.result(timeout=120)
                except Exception as e:
                    raise RuntimeError(f"SubEnv {idx} reset error: {e}")

    def get_obs(self):
        obs_venv = []
        for env in self.envs:
            obs_venv.append(env.get_obs())

        return obs_venv

    def close(self, clear_cache=True):
        for env in self.envs:
            env.close(clear_cache=clear_cache)

        if clear_cache:
            for env in self.envs:
                env = None
            self.envs = []
            gc.collect()
            torch.cuda.empty_cache()

    def check_seeds(self, seeds: list[int]):
        assert len(seeds) == self.n_envs
        check_futures = {}
        for i in range(self.n_envs):
            future = self.env_thread_pool.submit(self.envs[i].check_seed, seeds[i])
            check_futures[i] = future

        results = [None] * self.n_envs
        for future in as_completed(check_futures.values(), timeout=120):
            for idx, f in check_futures.items():
                if f == future:
                    try:
                        result = future.result()
                        results[idx] = result
                    except Exception as e:
                        raise RuntimeError(f"SubEnv {idx} check seed error: {e}")
                    break

        return results


if __name__ == "__main__":
    mp.set_start_method("spawn")  # solve CUDA compatibility problem
    task_name = "place_shoe"
    n_envs = 4
    steps = 30
    horizon = 10
    action_dim = 14
    times = 10
    env = VectorEnv(task_name, n_envs, horizon)
    actions = np.zeros((n_envs, horizon, action_dim))
    for t in range(times):
        prev_obs_venv, reward_venv, truncation, termination, info_venv = (
            env.reset()
        )
        for step in range(steps):
            actions += np.random.randn(n_envs, horizon, action_dim) * 0.05
            actions = np.clip(actions, 0, 1)
            obs_venv, reward_venv, truncation, termination, info_venv = env.step(
                actions
            )

            # 测试partial reset功能
            if step % 10 == 0:
                # 重置所有环境
                env.reset()
=== base task close ===
import os
import re
import gc
import sapien.core as sapien
from sapien.render import clear_cache as sapien_clear_cache
from sapien.utils.viewer import Viewer
import numpy as np
import gymnasium as gym
import pdb
import toppra as ta
import json
import transforms3d as t3d
from collections import OrderedDict
import torch, random
import numpy as np

from .utils import *
import math
from .robot import Robot
from .camera import Camera

from copy import deepcopy
import subprocess
from pathlib import Path
import trimesh
import imageio
import glob

from ._GLOBAL_CONFIGS import *

from typing import Optional, Literal
from PIL import Image, ImageDraw, ImageFont

current_file_path = os.path.abspath(__file__)
parent_directory = os.path.dirname(current_file_path)


class Base_Task(gym.Env):

    def __init__(self):
        pass

    # =========================================================== Init Task Env ===========================================================
    def _init_task_env_(self, table_xy_bias=[0, 0], table_height_bias=0, **kwags):
        """
        # print('Merging pkl to hdf5: ', cache_path, ' -> ', target_file_path)

        os.makedirs(f"{self.save_dir}/data", exist_ok=True)
        process_folder_to_hdf5_video(cache_path, target_file_path, target_video_path)

    def remove_data_cache(self):
        folder_path = self.folder_path["cache"]
        GREEN = "\033[92m"
        RED = "\033[91m"
        RESET = "\033[0m"
        try:
            shutil.rmtree(folder_path)
            print(f"{GREEN}Folder {folder_path} deleted successfully.{RESET}")
        except OSError as e:
            print(f"{RED}Error: {folder_path} is not empty or does not exist.{RESET}")

    def set_instruction(self, instruction=None):
        self.instruction = instruction

    def get_instruction(self, instruction=None):
        return self.instruction

    def set_path_lst(self, args):
        self.need_plan = args.get("need_plan", True)
        self.left_joint_path = args.get("left_joint_path", [])
        self.right_joint_path = args.get("right_joint_path", [])

    def _set_eval_video_ffmpeg(self, ffmpeg):
        self.eval_video_ffmpeg = ffmpeg

    def close_env(self, clear_cache=False):
        if hasattr(self, "eval_video_ffmpeg"):
            try:
                self._del_eval_video_ffmpeg()
            except Exception:
                pass

        if hasattr(self, "viewer"):
            try:
                self.viewer.close()
            except Exception:
                pass
            self.viewer = None

        if hasattr(self, "cameras"):
            self.cameras = None

        if hasattr(self, "robot"):
            self.robot = None

        if hasattr(self, "scene"):
            self.scene = None

        if hasattr(self, "renderer"):
            self.renderer = None

        if hasattr(self, "engine"):
            self.engine = None

        if clear_cache:
            # for actor in self.scene.get_all_actors():
            #     self.scene.remove_actor(actor)
            sapien_clear_cache()
        self.close()

    def _del_eval_video_ffmpeg(self):
        if self.eval_video_ffmpeg:
            self.eval_video_ffmpeg.stdin.close()
            self.eval_video_ffmpeg.wait()
            del self.eval_video_ffmpeg

    def delay(self, delay_time, save_freq=None):
        render_freq = self.render_freq
        self.render_freq = 0

        left_gripper_val = self.robot.get_left_gripper_val()
        right_gripper_val = self.robot.get_right_gripper_val()
        for i in range(delay_time):
            self.together_close_gripper(
                left_pos=left_gripper_val,
                right_pos=right_gripper_val,
=== references to clear cache ===
/data/chenyiteng/projects/rlinf-shenzhen/RoboTwin-RLinf-support/robotwin/envs/vector_env.py:88:        self.clear_cache_freq = max(1, int(self.args.get("clear_cache_freq", 8)))
/data/chenyiteng/projects/rlinf-shenzhen/RoboTwin-RLinf-support/robotwin/envs/vector_env.py:146:                    should_clear_cache = self.reset_count % self.clear_cache_freq == 0
/data/chenyiteng/projects/rlinf-shenzhen/RoboTwin-RLinf-support/robotwin/envs/vector_env.py:246:        args["clear_cache_freq"] = max(1, int(args.get("clear_cache_freq", 8)))
/data/chenyiteng/projects/rlinf-shenzhen/RoboTwin-RLinf-support/envs/_base_task.py:5:from sapien.render import clear_cache as sapien_clear_cache
/data/chenyiteng/projects/rlinf-shenzhen/RoboTwin-RLinf-support/envs/_base_task.py:662:            sapien_clear_cache()
=== upstream cleanup commit presence ===
* (HEAD detached at 0008ae6)
  RLinf_support
  remotes/origin/RLinf_support
48e76af fix: enhance resource cleanup and cache management in task environments
 envs/_base_task.py          | 31 ++++++++++++++++++++++++++++++-
 robotwin/envs/vector_env.py | 11 ++++++++---
 2 files changed, 38 insertions(+), 4 deletions(-)
