TIME=2026-09-03 20:40:01 CST

===SIDNEY_PILL===
RUN=/data/chenyiteng/results/rlinf-shenzhen/pi05-sidney/runs/move-pillbottle-pad-grpo-formal100-2gpu64x4-g8-b1024-u2-m10-noise0p5-h200-fixed32-eval5-phys45-localshard-v1
WRAPPER_PID=3176203 ALIVE=yes
3176203       1     980  3676 Ss   bash /data/chenyiteng/results/rlinf-shenzhen/pi05-sidney/runs/move-pillbottle-pad-grpo-formal100-2gpu64x4-g8-b1024-u2-m10-noise0p5-h200-fixed32-eval5-phys45-localshard-v1/runtime/wrapper.sh /data/chenyiteng/results/rlinf-shenzhen/pi05-sidney/runs/move-pillbottle-pad-grpo-formal100-2gpu64x4-g8-b1024-u2-m10-noise0p5-h200-fixed32-eval5-phys45-localshard-v1/runtime /data/chenyiteng/results/rlinf-shenzhen/pi05-sidney/runs/move-pillbottle-pad-grpo-formal100-2gpu64x4-g8-b1024-u2-m10-noise0p5-h200-fixed32-eval5-phys45-localshard-v1/runtime/command.txt
EXIT_CODE=pending
LOG_BYTES=28080
LATEST_STEPS:
LATEST_ROLLOUT:
LATEST_SUCCESS:
LATEST_EVAL:
        "video_base_dir": "/data/chenyiteng/results/rlinf-shenzhen/pi05-sidney/runs/move-pillbottle-pad-grpo-formal100-2gpu64x4-g8-b1024-u2-m10-noise0p5-h200-fixed32-eval5-phys45-localshard-v1/video/train"
        "save_path": "/data/chenyiteng/results/rlinf-shenzhen/pi05-sidney/runs/move-pillbottle-pad-grpo-formal100-2gpu64x4-g8-b1024-u2-m10-noise0p5-h200-fixed32-eval5-phys45-localshard-v1/robotwin_data/train",
        "video_base_dir": "/data/chenyiteng/results/rlinf-shenzhen/pi05-sidney/runs/move-pillbottle-pad-grpo-formal100-2gpu64x4-g8-b1024-u2-m10-noise0p5-h200-fixed32-eval5-phys45-localshard-v1/video/eval"
        "save_path": "/data/chenyiteng/results/rlinf-shenzhen/pi05-sidney/runs/move-pillbottle-pad-grpo-formal100-2gpu64x4-g8-b1024-u2-m10-noise0p5-h200-fixed32-eval5-phys45-localshard-v1/robotwin_data/eval",
      "log_path": "/data/chenyiteng/results/rlinf-shenzhen/pi05-sidney/runs/move-pillbottle-pad-grpo-formal100-2gpu64x4-g8-b1024-u2-m10-noise0p5-h200-fixed32-eval5-phys45-localshard-v1",
      "experiment_name": "pi05_sidney_move_pillbottle_pad_grpo_formal100_2gpu64x4_g8_b1024_u2_m10_noise0p5_h200_fixed32_phys45_v1",
      "output_dir": "/data/chenyiteng/results/rlinf-shenzhen/pi05-sidney/runs/move-pillbottle-pad-grpo-formal100-2gpu64x4-g8-b1024-u2-m10-noise0p5-h200-fixed32-eval5-phys45-localshard-v1/pi05_sidney_move_pillbottle_pad_grpo_formal100_2gpu64x4_g8_b1024_u2_m10_noise0p5_h200_fixed32_phys45_v1/dvac_train"
FATAL_COUNTS:
CUDA out of memory=0
OIDN Error=0
pthread_key_create=0
PyGILState_Release=0
ErrorInitializationFailed=0
ActorDiedError=0
WorkerCrashedError=0
Traceback=0
Fatal Python error=0
CHECKPOINTS:

===FASTWAM===
RUN=/data/chenyiteng/results/rlinf-shenzhen/fastwam-grpo/runs/fastwam-grpo-control-resume10-to100-2gpu32x4-g8-b1024-u2-m10-fixed32-eval5-phys67-dcp-renderlife-v2
WRAPPER_PID=2812508 ALIVE=yes
2812508       1    8715  3568 Ss   bash /data/chenyiteng/results/rlinf-shenzhen/fastwam-grpo/runs/fastwam-grpo-control-resume10-to100-2gpu32x4-g8-b1024-u2-m10-fixed32-eval5-phys67-dcp-renderlife-v2/runtime/wrapper.sh /data/chenyiteng/results/rlinf-shenzhen/fastwam-grpo/runs/fastwam-grpo-control-resume10-to100-2gpu32x4-g8-b1024-u2-m10-fixed32-eval5-phys67-dcp-renderlife-v2/runtime
EXIT_CODE=pending
LOG_BYTES=86933
LATEST_STEPS:
│ Global Step:   15/100 │ Progress: ██████░░░░░░░░░░░░░░░░░░░░░░░░░░░░░░░░░░ │  15.0%                                  │
│ Global Step:   16/100 │ Progress: ██████░░░░░░░░░░░░░░░░░░░░░░░░░░░░░░░░░░ │  16.0%                                  │
│ Global Step:   17/100 │ Progress: ██████░░░░░░░░░░░░░░░░░░░░░░░░░░░░░░░░░░ │  17.0%                                  │
│ Global Step:   18/100 │ Progress: ███████░░░░░░░░░░░░░░░░░░░░░░░░░░░░░░░░░ │  18.0%                                  │
│ Global Step:   19/100 │ Progress: ███████░░░░░░░░░░░░░░░░░░░░░░░░░░░░░░░░░ │  19.0%                                  │
LATEST_ROLLOUT:
LATEST_SUCCESS:
success_once=0.4296875
success_once=0.484375
success_once=0.4375
success_once=0.34375
success_once=0.265625
success_once=0.40625
success_once=0.3984375
success_once=0.28125
success_once=0.2734375
success_once=0.28125
LATEST_EVAL:
        "video_base_dir": "/data/chenyiteng/results/rlinf-shenzhen/fastwam-grpo/runs/fastwam-grpo-control-resume10-to100-2gpu32x4-g8-b1024-u2-m10-fixed32-eval5-phys67-dcp-renderlife-v2/video/train"
        "save_path": "/data/chenyiteng/results/rlinf-shenzhen/fastwam-grpo/runs/fastwam-grpo-control-resume10-to100-2gpu32x4-g8-b1024-u2-m10-fixed32-eval5-phys67-dcp-renderlife-v2/robotwin_data/train",
        "video_base_dir": "/data/chenyiteng/results/rlinf-shenzhen/fastwam-grpo/runs/fastwam-grpo-control-resume10-to100-2gpu32x4-g8-b1024-u2-m10-fixed32-eval5-phys67-dcp-renderlife-v2/video/eval"
        "save_path": "/data/chenyiteng/results/rlinf-shenzhen/fastwam-grpo/runs/fastwam-grpo-control-resume10-to100-2gpu32x4-g8-b1024-u2-m10-fixed32-eval5-phys67-dcp-renderlife-v2/robotwin_data/eval",
      "log_path": "/data/chenyiteng/results/rlinf-shenzhen/fastwam-grpo/runs/fastwam-grpo-control-resume10-to100-2gpu32x4-g8-b1024-u2-m10-fixed32-eval5-phys67-dcp-renderlife-v2",
      "experiment_name": "fastwam_grpo_control_resume10_to100_2gpu32x4_g8_b1024_u2_m10_fixed32_eval5_phys67_dcp_renderlife_v2",
    "resume_dir": "/data/chenyiteng/results/rlinf-shenzhen/fastwam-grpo/runs/fastwam-grpo-control-formal100-2gpu32x4-g8-b1024-u2-m10-fixed32-eval5-phys67-dcp-v1/fastwam_grpo_control_formal100_2gpu32x4_g8_b1024_u2_m10_fixed32_eval5_phys67_dcp_v1/checkpoints/global_step_10",
[INFO 10:17:47 RLinf] Resuming training from checkpoint directory /data/chenyiteng/results/rlinf-shenzhen/fastwam-grpo/runs/fastwam-grpo-control-formal100-2gpu32x4-g8-b1024-u2-m10-fixed32-eval5-phys67-dcp-v1/fastwam_grpo_control_formal100_2gpu32x4_g8_b1024_u2_m10_fixed32_eval5_phys67_dcp_v1/checkpoints/global_step_10.
[36m(RolloutGroup(rank=0) pid=2813137)[0m Evaluating Rollout Epochs: 100%|██████████| 1/1 [02:55<00:00, 175.44s/it]Evaluating Rollout Epochs: 100%|██████████| 1/1 [02:55<00:00, 175.44s/it]
[36m(RolloutGroup(rank=0) pid=2813137)[0m Evaluating Rollout Epochs: 100%|██████████| 1/1 [02:24<00:00, 144.93s/it]Evaluating Rollout Epochs: 100%|██████████| 1/1 [02:24<00:00, 144.93s/it]
FATAL_COUNTS:
CUDA out of memory=0
OIDN Error=0
pthread_key_create=0
PyGILState_Release=0
ErrorInitializationFailed=0
ActorDiedError=0
WorkerCrashedError=0
Traceback=0
Fatal Python error=0
CHECKPOINTS:
\n===GPU4_7===
4, 48165, 81559, 2, 49, 162.15
5, 48171, 81559, 0, 38, 148.82
6, 17942, 81559, 0, 38, 161.87
7, 23768, 81559, 3, 48, 198.16
\n===OWNED_GPU_PROCESSES===
GPU-a8b81587-9a8b-7c62-1d5c-ed33e9638070, 916861, /home/liwenbo/.conda/envs/starVLA/bin/python, 9686
GPU-a5db195a-ea49-b641-5355-ea060827f70c, 3047102, /home/zhangwei/.conda/envs/vlact/bin/python, 11080
GPU-4ec384bf-4828-063b-a26e-6812eca09f75, 3048822, /home/zhangwei/.conda/envs/RoboTwin/bin/python, 7088
GPU-9200fbe8-fdd0-93ae-c221-5f0e9d318bf5, 3177202, ray::MultiStepRolloutWorker.generate, 14922
GPU-9200fbe8-fdd0-93ae-c221-5f0e9d318bf5, 3177199, ray::EmbodiedFSDPActor.recv_rollout_trajectories, 2198
GPU-9200fbe8-fdd0-93ae-c221-5f0e9d318bf5, 3177205, ray::EnvWorker.interact, 31056
GPU-3bbde6c0-3ddc-ec10-1d69-c3bc7855704e, 3177201, ray::EmbodiedFSDPActor.recv_rollout_trajectories, 1586
GPU-3bbde6c0-3ddc-ec10-1d69-c3bc7855704e, 3177204, ray::MultiStepRolloutWorker.generate, 15828
GPU-3bbde6c0-3ddc-ec10-1d69-c3bc7855704e, 3177207, ray::EnvWorker.interact, 30700
GPU-daa75ed0-9080-a1fc-cb5c-f779251d88d2, 2813133, ray::EmbodiedFSDPActor, 16388
GPU-daa75ed0-9080-a1fc-cb5c-f779251d88d2, 2813137, ray::MultiStepRolloutWorker, 790
GPU-daa75ed0-9080-a1fc-cb5c-f779251d88d2, 2813140, ray::EnvWorker.evaluate, 742
GPU-00171f89-03fd-5703-b1aa-f5a29f6067ba, 2813136, ray::EmbodiedFSDPActor, 16386
GPU-00171f89-03fd-5703-b1aa-f5a29f6067ba, 2813142, ray::EnvWorker.evaluate, 3160
GPU-00171f89-03fd-5703-b1aa-f5a29f6067ba, 2813139, ray::MultiStepRolloutWorker, 790
