timestamp=2026-09-03T20:29:36+08:00
wrapper_pid=3176203
alive=yes
exit_code=pending
latest_step=rollout_progress=fatal_count=0
task_mentions=4
RLinf_actors=15
RLinf_1_actors=15
4, 34371, 81559, 0
5, 34757, 81559, 0
6, 51719, 81559, 69
7, 51717, 81559, 91
[INFO 12:23:51 NodePlacementStrategy] 
[INFO 12:23:51 NodePlacementStrategy] Using node placement with node ranks: [0], node groups: ['node'].
[INFO 12:23:51 NodePlacementStrategy] Generated 1 placements: [Placement(rank=0, cluster_node_rank=0, placement_node_rank=0, local_accelerator_rank='0', accelerator_type='NV_GPU', local_rank=0, local_world_size=1, visible_accelerators=['0', '1', '2', '3', '4', '5', '6', '7'], isolate_accelerator=True, local_hardware_ranks=[], node_group_label='cluster')].
[INFO 12:23:51 NodePlacementStrategy] 
[INFO 12:23:51 NodePlacementStrategy] Using node placement with node ranks: [0], node groups: ['node'].
[INFO 12:23:51 NodePlacementStrategy] Generated 1 placements: [Placement(rank=0, cluster_node_rank=0, placement_node_rank=0, local_accelerator_rank='0', accelerator_type='NV_GPU', local_rank=0, local_world_size=1, visible_accelerators=['0', '1', '2', '3', '4', '5', '6', '7'], isolate_accelerator=True, local_hardware_ranks=[], node_group_label='cluster')].
[INFO 12:23:51 NodePlacementStrategy] 
[INFO 12:23:51 NodePlacementStrategy] Using node placement with node ranks: [0], node groups: ['node'].
[INFO 12:23:51 NodePlacementStrategy] Generated 1 placements: [Placement(rank=0, cluster_node_rank=0, placement_node_rank=0, local_accelerator_rank='0', accelerator_type='NV_GPU', local_rank=0, local_world_size=1, visible_accelerators=['0', '1', '2', '3', '4', '5', '6', '7'], isolate_accelerator=True, local_hardware_ranks=[], node_group_label='cluster')].
WARNING: All log messages before absl::InitializeLog() is called are written to STDERR
I0000 00:00:1788438231.542250 3176215 port.cc:153] oneDNN custom operations are on. You may see slightly different numerical results due to floating-point round-off errors from different computation orders. To turn them off, set the environment variable `TF_ENABLE_ONEDNN_OPTS=0`.
I0000 00:00:1788438231.607786 3176215 cpu_feature_guard.cc:227] This TensorFlow binary is optimized to use available CPU instructions in performance-critical operations.
To enable the following instructions: AVX2 AVX512F AVX512_VNNI AVX512_BF16 AVX512_FP16 AVX_VNNI AMX_TILE AMX_INT8 AMX_BF16 FMA, in other operations, rebuild TensorFlow with the appropriate compiler flags.
WARNING: All log messages before absl::InitializeLog() is called are written to STDERR
I0000 00:00:1788438233.387053 3176215 port.cc:153] oneDNN custom operations are on. You may see slightly different numerical results due to floating-point round-off errors from different computation orders. To turn them off, set the environment variable `TF_ENABLE_ONEDNN_OPTS=0`.
[36m(MultiStepRolloutWorker pid=3177202)[0m [INFO 12:23:55 FlexiblePlacementStrategy] 
[36m(MultiStepRolloutWorker pid=3177202)[0m [INFO 12:23:55 FlexiblePlacementStrategy] Using flexible placement with hardware ranks: [[4], [5]], node groups: ['cluster'].
[36m(EnvWorker pid=3177205)[0m [INFO 12:23:55 FlexiblePlacementStrategy] 
[36m(EnvWorker pid=3177205)[0m [INFO 12:23:55 FlexiblePlacementStrategy] Using flexible placement with hardware ranks: [[4], [5]], node groups: ['cluster'].
[36m(MultiStepRolloutWorker pid=3177204)[0m [INFO 12:23:56 FlexiblePlacementStrategy] 
[36m(MultiStepRolloutWorker pid=3177204)[0m [INFO 12:23:56 FlexiblePlacementStrategy] Using flexible placement with hardware ranks: [[4], [5]], node groups: ['cluster'].
[36m(EnvWorker pid=3177207)[0m [INFO 12:23:56 FlexiblePlacementStrategy] 
[36m(EnvWorker pid=3177207)[0m [INFO 12:23:56 FlexiblePlacementStrategy] Using flexible placement with hardware ranks: [[4], [5]], node groups: ['cluster'].
[36m(EmbodiedFSDPActor pid=3177199)[0m [WARNING 12:23:57 ActorGroup-Rank-0][fsdp_model_manager.py:79] Provided there is sufficient GPU memory, set the actor.model.precision parameter to fp32 to allow the optimizer to run in fp32 for better convergence. Meanwhile, setting mixed_precision.param_dtype to 16-bit dtype can help maximize speed, as it will automatically convert fp32 to fp16 during operator execution.
[36m(EmbodiedFSDPActor pid=3177201)[0m [WARNING 12:23:57 ActorGroup-Rank-1][fsdp_model_manager.py:79] Provided there is sufficient GPU memory, set the actor.model.precision parameter to fp32 to allow the optimizer to run in fp32 for better convergence. Meanwhile, setting mixed_precision.param_dtype to 16-bit dtype can help maximize speed, as it will automatically convert fp32 to fp16 during operator execution.
[36m(RolloutGroup(rank=1) pid=3177204)[0m WARNING: All log messages before absl::InitializeLog() is called are written to STDERR
[36m(RolloutGroup(rank=1) pid=3177204)[0m I0000 00:00:1788438237.629497 3178291 port.cc:153] oneDNN custom operations are on. You may see slightly different numerical results due to floating-point round-off errors from different computation orders. To turn them off, set the environment variable `TF_ENABLE_ONEDNN_OPTS=0`.
[36m(RolloutGroup(rank=0) pid=3177202)[0m WARNING: All log messages before absl::InitializeLog() is called are written to STDERR
[36m(RolloutGroup(rank=0) pid=3177202)[0m I0000 00:00:1788438237.582397 3178284 port.cc:153] oneDNN custom operations are on. You may see slightly different numerical results due to floating-point round-off errors from different computation orders. To turn them off, set the environment variable `TF_ENABLE_ONEDNN_OPTS=0`.
[36m(RolloutGroup(rank=1) pid=3177204)[0m WARNING: All log messages before absl::InitializeLog() is called are written to STDERR
[36m(RolloutGroup(rank=1) pid=3177204)[0m I0000 00:00:1788438238.769206 3178291 port.cc:153] oneDNN custom operations are on. You may see slightly different numerical results due to floating-point round-off errors from different computation orders. To turn them off, set the environment variable `TF_ENABLE_ONEDNN_OPTS=0`.
[36m(RolloutGroup(rank=0) pid=3177202)[0m WARNING: All log messages before absl::InitializeLog() is called are written to STDERR
[36m(RolloutGroup(rank=0) pid=3177202)[0m I0000 00:00:1788438238.872877 3178284 port.cc:153] oneDNN custom operations are on. You may see slightly different numerical results due to floating-point round-off errors from different computation orders. To turn them off, set the environment variable `TF_ENABLE_ONEDNN_OPTS=0`.
[36m(EnvGroup(rank=0) pid=3177205)[0m [W903 12:24:06.484482461 socket.cpp:207] [c10d] The hostname of the client socket cannot be retrieved. err=-3
[36m(EmbodiedFSDPActor pid=3177199)[0m [W903 12:24:07.384078029 socket.cpp:207] [c10d] The hostname of the client socket cannot be retrieved. err=-3
[36m(EmbodiedFSDPActor pid=3177201)[0m [INFO 12:24:08 ActorGroup-Rank-1][fsdp_model_manager.py:133] [FSDP] AMP is disabled.
[36m(EmbodiedFSDPActor pid=3177201)[0m [INFO 12:24:08 FlexiblePlacementStrategy] 
[36m(EmbodiedFSDPActor pid=3177201)[0m [INFO 12:24:08 FlexiblePlacementStrategy] Using flexible placement with hardware ranks: [[4], [5]], node groups: ['cluster'].
[36m(EmbodiedFSDPActor pid=3177199)[0m [INFO 12:24:09 ActorGroup-Rank-0][fsdp_model_manager.py:133] [FSDP] AMP is disabled.
[36m(EmbodiedFSDPActor pid=3177199)[0m [INFO 12:24:09 FlexiblePlacementStrategy] 
[36m(EmbodiedFSDPActor pid=3177199)[0m [INFO 12:24:09 FlexiblePlacementStrategy] Using flexible placement with hardware ranks: [[4], [5]], node groups: ['cluster'].
[36m(RolloutGroup(rank=0) pid=3177202)[0m INFO:root:Loaded norm stats from /data/chenyiteng/models/rlinf-native/sidney-pi05-robotwin-e49e2ab/physical-intelligence/robotwin
[36m(RolloutGroup(rank=0) pid=3177202)[0m INFO:root:Loaded norm stats from /data/chenyiteng/models/rlinf-native/sidney-pi05-robotwin-e49e2ab/physical-intelligence/robotwin
[36m(RolloutGroup(rank=1) pid=3177204)[0m INFO:root:Loaded norm stats from /data/chenyiteng/models/rlinf-native/sidney-pi05-robotwin-e49e2ab/physical-intelligence/robotwin
[36m(RolloutGroup(rank=1) pid=3177204)[0m INFO:root:Loaded norm stats from /data/chenyiteng/models/rlinf-native/sidney-pi05-robotwin-e49e2ab/physical-intelligence/robotwin
[36m(ActorGroup(rank=0) pid=3177199)[0m WARNING: All log messages before absl::InitializeLog() is called are written to STDERR
[36m(ActorGroup(rank=0) pid=3177199)[0m I0000 00:00:1788438380.653904 3178326 port.cc:153] oneDNN custom operations are on. You may see slightly different numerical results due to floating-point round-off errors from different computation orders. To turn them off, set the environment variable `TF_ENABLE_ONEDNN_OPTS=0`.
[36m(ActorGroup(rank=1) pid=3177201)[0m WARNING: All log messages before absl::InitializeLog() is called are written to STDERR
[36m(ActorGroup(rank=1) pid=3177201)[0m I0000 00:00:1788438380.689213 3178319 port.cc:153] oneDNN custom operations are on. You may see slightly different numerical results due to floating-point round-off errors from different computation orders. To turn them off, set the environment variable `TF_ENABLE_ONEDNN_OPTS=0`.
[36m(ActorGroup(rank=0) pid=3177199)[0m WARNING: All log messages before absl::InitializeLog() is called are written to STDERR
[36m(ActorGroup(rank=0) pid=3177199)[0m I0000 00:00:1788438381.804245 3178326 port.cc:153] oneDNN custom operations are on. You may see slightly different numerical results due to floating-point round-off errors from different computation orders. To turn them off, set the environment variable `TF_ENABLE_ONEDNN_OPTS=0`.
[36m(ActorGroup(rank=1) pid=3177201)[0m WARNING: All log messages before absl::InitializeLog() is called are written to STDERR
[36m(ActorGroup(rank=1) pid=3177201)[0m I0000 00:00:1788438382.014760 3178319 port.cc:153] oneDNN custom operations are on. You may see slightly different numerical results due to floating-point round-off errors from different computation orders. To turn them off, set the environment variable `TF_ENABLE_ONEDNN_OPTS=0`.
[36m(ActorGroup(rank=0) pid=3177199)[0m INFO:root:Loaded norm stats from /data/chenyiteng/models/rlinf-native/sidney-pi05-robotwin-e49e2ab/physical-intelligence/robotwin
[36m(ActorGroup(rank=0) pid=3177199)[0m INFO:root:Loaded norm stats from /data/chenyiteng/models/rlinf-native/sidney-pi05-robotwin-e49e2ab/physical-intelligence/robotwin
[36m(ActorGroup(rank=0) pid=3177199)[0m [INFO 12:27:03 ActorGroup-Rank-0][fsdp_model_manager.py:294] [FSDP] Gradient checkpointing is disabled
[36m(ActorGroup(rank=1) pid=3177201)[0m INFO:root:Loaded norm stats from /data/chenyiteng/models/rlinf-native/sidney-pi05-robotwin-e49e2ab/physical-intelligence/robotwin
[36m(ActorGroup(rank=1) pid=3177201)[0m INFO:root:Loaded norm stats from /data/chenyiteng/models/rlinf-native/sidney-pi05-robotwin-e49e2ab/physical-intelligence/robotwin
[36m(ActorGroup(rank=1) pid=3177201)[0m [INFO 12:27:06 ActorGroup-Rank-1][fsdp_model_manager.py:294] [FSDP] Gradient checkpointing is disabled
[36m(RolloutGroup(rank=0) pid=3177202)[0m Generating Rollout Epochs:   0%|          | 0/4 [00:00<?, ?it/s]
