=== python packages ===
sapien.__file__= /home/chenyiteng/venvs/rlinf-7d07-openpi-robotwin/lib/python3.11/site-packages/sapien/__init__.py
sapien 3.0.1
numpy 1.26.4
torch 2.11.0+cu129
sapien_root= /home/chenyiteng/venvs/rlinf-7d07-openpi-robotwin/lib/python3.11/site-packages/sapien
/home/chenyiteng/venvs/rlinf-7d07-openpi-robotwin/lib/python3.11/site-packages/sapien/__pycache__/_oidn_tricks.cpython-311.pyc
/home/chenyiteng/venvs/rlinf-7d07-openpi-robotwin/lib/python3.11/site-packages/sapien/_oidn_tricks.py
/home/chenyiteng/venvs/rlinf-7d07-openpi-robotwin/lib/python3.11/site-packages/sapien/oidn_library/libOpenImageDenoise.so.2.0.1
/home/chenyiteng/venvs/rlinf-7d07-openpi-robotwin/lib/python3.11/site-packages/sapien/oidn_library/libOpenImageDenoise_core.so.2.0.1
/home/chenyiteng/venvs/rlinf-7d07-openpi-robotwin/lib/python3.11/site-packages/sapien/oidn_library/libOpenImageDenoise_device_cuda.so.2.0.1
=== candidate shared libraries ===
/home/chenyiteng/venvs/rlinf-7d07-openpi-robotwin/lib/python3.11/site-packages/sapien/oidn_library/libOpenImageDenoise_core.so.2.0.1
/home/chenyiteng/venvs/rlinf-7d07-openpi-robotwin/lib/python3.11/site-packages/sapien/oidn_library/libOpenImageDenoise_device_cuda.so.2.0.1
/home/chenyiteng/venvs/rlinf-7d07-openpi-robotwin/lib/python3.11/site-packages/sapien/oidn_library/libOpenImageDenoise.so.2.0.1
/home/chenyiteng/venvs/rlinf-7d07-openpi-robotwin/lib/python3.11/site-packages/sapien/_oidn_tricks.py
/home/chenyiteng/venvs/rlinf-7d07-openpi-robotwin/lib/python3.11/site-packages/sapien/__pycache__/_oidn_tricks.cpython-311.pyc
=== linked versions/sonames ===
-- /home/chenyiteng/venvs/rlinf-7d07-openpi-robotwin/lib/python3.11/site-packages/sapien/oidn_library/libOpenImageDenoise_core.so.2.0.1
 0x000000000000000e (SONAME)             Library soname: [libOpenImageDenoise_core.so.2.0.1]
libOpenImageDenoise_core.so.2.0.1
GLIBC_2.2.5
GLIBC_2.3.4
Intel(R) Open Image Denoise 
2.0.1
2.8.50
isspace@GLIBC_2.2.5
__cxa_finalize@GLIBC_2.2.5
-- /home/chenyiteng/venvs/rlinf-7d07-openpi-robotwin/lib/python3.11/site-packages/sapien/oidn_library/libOpenImageDenoise_device_cuda.so.2.0.1
 0x0000000000000001 (NEEDED)             Shared library: [libOpenImageDenoise_core.so.2.0.1]
 0x000000000000000e (SONAME)             Library soname: [libOpenImageDenoise_device_cuda.so.2.0.1]
libOpenImageDenoise_core.so.2.0.1
libOpenImageDenoise_device_cuda.so.2.0.1
GLIBC_2.2.5
GLIBC_2.3.3
GLIBC_2.3.2
GLIBC_2.3.4
sem_destroy@GLIBC_2.2.5
ftell@GLIBC_2.2.5
-- /home/chenyiteng/venvs/rlinf-7d07-openpi-robotwin/lib/python3.11/site-packages/sapien/oidn_library/libOpenImageDenoise.so.2.0.1
 0x0000000000000001 (NEEDED)             Shared library: [libOpenImageDenoise_core.so.2.0.1]
 0x000000000000000e (SONAME)             Library soname: [libOpenImageDenoise.so.2]
libOpenImageDenoise_core.so.2.0.1
GLIBC_2.2.5
__cxa_finalize@GLIBC_2.2.5
strlen@GLIBC_2.2.5
pthread_mutex_unlock@GLIBC_2.2.5
__cxa_atexit@GLIBC_2.2.5
getenv@GLIBC_2.2.5
strcmp@GLIBC_2.2.5
