TIME
2026-09-03T10:37:25+00:00
GPU
0, 9761, 81559, 0, 44
1, 4, 81559, 0, 34
2, 4, 81559, 0, 35
3, 4, 81559, 0, 38
4, 52614, 81559, 0, 50
5, 52906, 81559, 0, 39
6, 51719, 81559, 32, 39
7, 51717, 81559, 0, 48
GPU_PROCESSES
GPU-a8b81587-9a8b-7c62-1d5c-ed33e9638070 pid=916861 mem=9686MiB user=liwenbo cmd=/home/liwenbo/.conda/envs/starVLA/bin/python deployment/model_server/server_policy.py --ckpt_path /h
GPU-9200fbe8-fdd0-93ae-c221-5f0e9d318bf5 pid=2660593 mem=2444MiB user=chenyiteng cmd=ray::EmbodiedFSDPActor.recv_rollout_trajectories
GPU-9200fbe8-fdd0-93ae-c221-5f0e9d318bf5 pid=2660596 mem=14852MiB user=chenyiteng cmd=ray::MultiStepRolloutWorker.generate
GPU-9200fbe8-fdd0-93ae-c221-5f0e9d318bf5 pid=2660600 mem=35256MiB user=chenyiteng cmd=ray::EnvWorker.interact
GPU-3bbde6c0-3ddc-ec10-1d69-c3bc7855704e pid=2660598 mem=15758MiB user=chenyiteng cmd=ray::MultiStepRolloutWorker.generate
GPU-3bbde6c0-3ddc-ec10-1d69-c3bc7855704e pid=2660595 mem=1832MiB user=chenyiteng cmd=ray::EmbodiedFSDPActor.recv_rollout_trajectories
GPU-3bbde6c0-3ddc-ec10-1d69-c3bc7855704e pid=2660602 mem=35256MiB user=chenyiteng cmd=ray::EnvWorker.interact
GPU-daa75ed0-9080-a1fc-cb5c-f779251d88d2 pid=2813133 mem=16388MiB user=chenyiteng cmd=ray::EmbodiedFSDPActor.recv_rollout_trajectories
GPU-daa75ed0-9080-a1fc-cb5c-f779251d88d2 pid=2813137 mem=25194MiB user=chenyiteng cmd=ray::MultiStepRolloutWorker.generate
GPU-daa75ed0-9080-a1fc-cb5c-f779251d88d2 pid=2813140 mem=10104MiB user=chenyiteng cmd=ray::EnvWorker.interact
GPU-00171f89-03fd-5703-b1aa-f5a29f6067ba pid=2813136 mem=16386MiB user=chenyiteng cmd=ray::EmbodiedFSDPActor.recv_rollout_trajectories
GPU-00171f89-03fd-5703-b1aa-f5a29f6067ba pid=2813142 mem=10104MiB user=chenyiteng cmd=ray::EnvWorker.interact
GPU-00171f89-03fd-5703-b1aa-f5a29f6067ba pid=2813139 mem=25194MiB user=chenyiteng cmd=ray::MultiStepRolloutWorker.generate
MEM_LOAD
               total        used        free      shared  buff/cache   available
Mem:           2.0Ti       434Gi       1.0Ti        24Gi       541Gi       1.5Ti
 10:37:27 up 15 days,  6:16, 14 users,  load average: 6.88, 7.28, 6.82
some avg10=0.00 avg60=0.00 avg300=0.00 total=190318129
DISK
Filesystem                         Size  Used Avail Use% Mounted on
/dev/mapper/ubuntu--vg-ubuntu--lv  296G   60G  223G  22% /
/dev/mapper/ubuntu--vg-home--lv    2.3T  970G  1.4T  42% /home
/dev/nvme1n1                       3.5T  1.9T  1.5T  57% /data
NETWORK
active
https://github.com 200
https://huggingface.co 200
SIDNEY_STATUS
