4:import sapien.core as sapien
5:from sapien.render import clear_cache as sapien_clear_cache
6:from sapien.utils.viewer import Viewer
630:    def close_env(self, clear_cache=False):
    def close_env(self, clear_cache=False):
        if hasattr(self, "eval_video_ffmpeg"):
            try:
                self._del_eval_video_ffmpeg()
            except Exception:
                pass

        if hasattr(self, "viewer"):
            try:
                self.viewer.close()
            except Exception:
                pass
            self.viewer = None

        if hasattr(self, "cameras"):
            self.cameras = None

        if hasattr(self, "robot"):
            self.robot = None

        if hasattr(self, "scene"):
            self.scene = None

        if hasattr(self, "renderer"):
            self.renderer = None

        if hasattr(self, "engine"):
            self.engine = None

        if clear_cache:
            # for actor in self.scene.get_all_actors():
            #     self.scene.remove_actor(actor)
            sapien_clear_cache()
        self.close()

    def _del_eval_video_ffmpeg(self):
        if self.eval_video_ffmpeg:
            self.eval_video_ffmpeg.stdin.close()
            self.eval_video_ffmpeg.wait()
            del self.eval_video_ffmpeg

    def delay(self, delay_time, save_freq=None):
        render_freq = self.render_freq
        self.render_freq = 0

        left_gripper_val = self.robot.get_left_gripper_val()
