algorithm.dvac_gradient_weighting.output_dir
  OLD='/data/chenyiteng/results/rlinf-shenzhen/pi05-sidney/runs/move-grpo-formal100-2gpu64x4-g8-b1024-u2-m10-noise0p5-h200-fixed32-eval5-phys45-localshard-v1/pi05_sidney_move_grpo_formal100_2gpu64x4_g8_b1024_u2_m10_noise0p5_h200_fixed32_phys45_v1/dvac_train'
  NEW='/data/chenyiteng/results/rlinf-shenzhen/pi05-sidney/runs/move-pillbottle-pad-grpo-formal100-2gpu64x4-g8-b1024-u2-m10-noise0p5-h200-fixed32-eval5-phys45-localshard-v1/pi05_sidney_move_pillbottle_pad_grpo_formal100_2gpu64x4_g8_b1024_u2_m10_noise0p5_h200_fixed32_phys45_v1/dvac_train'
env.eval.task_config.save_path
  OLD='/data/chenyiteng/results/rlinf-shenzhen/pi05-sidney/runs/move-grpo-formal100-2gpu64x4-g8-b1024-u2-m10-noise0p5-h200-fixed32-eval5-phys45-localshard-v1/robotwin_data/eval'
  NEW='/data/chenyiteng/results/rlinf-shenzhen/pi05-sidney/runs/move-pillbottle-pad-grpo-formal100-2gpu64x4-g8-b1024-u2-m10-noise0p5-h200-fixed32-eval5-phys45-localshard-v1/robotwin_data/eval'
env.eval.task_config.task_name
  OLD='move_stapler_pad'
  NEW='move_pillbottle_pad'
env.eval.video_cfg.video_base_dir
  OLD='/data/chenyiteng/results/rlinf-shenzhen/pi05-sidney/runs/move-grpo-formal100-2gpu64x4-g8-b1024-u2-m10-noise0p5-h200-fixed32-eval5-phys45-localshard-v1/video/eval'
  NEW='/data/chenyiteng/results/rlinf-shenzhen/pi05-sidney/runs/move-pillbottle-pad-grpo-formal100-2gpu64x4-g8-b1024-u2-m10-noise0p5-h200-fixed32-eval5-phys45-localshard-v1/video/eval'
env.train.task_config.save_path
  OLD='/data/chenyiteng/results/rlinf-shenzhen/pi05-sidney/runs/move-grpo-formal100-2gpu64x4-g8-b1024-u2-m10-noise0p5-h200-fixed32-eval5-phys45-localshard-v1/robotwin_data/train'
  NEW='/data/chenyiteng/results/rlinf-shenzhen/pi05-sidney/runs/move-pillbottle-pad-grpo-formal100-2gpu64x4-g8-b1024-u2-m10-noise0p5-h200-fixed32-eval5-phys45-localshard-v1/robotwin_data/train'
env.train.task_config.task_name
  OLD='move_stapler_pad'
  NEW='move_pillbottle_pad'
env.train.video_cfg.video_base_dir
  OLD='/data/chenyiteng/results/rlinf-shenzhen/pi05-sidney/runs/move-grpo-formal100-2gpu64x4-g8-b1024-u2-m10-noise0p5-h200-fixed32-eval5-phys45-localshard-v1/video/train'
  NEW='/data/chenyiteng/results/rlinf-shenzhen/pi05-sidney/runs/move-pillbottle-pad-grpo-formal100-2gpu64x4-g8-b1024-u2-m10-noise0p5-h200-fixed32-eval5-phys45-localshard-v1/video/train'
runner.logger.experiment_name
  OLD='pi05_sidney_move_grpo_formal100_2gpu64x4_g8_b1024_u2_m10_noise0p5_h200_fixed32_phys45_v1'
  NEW='pi05_sidney_move_pillbottle_pad_grpo_formal100_2gpu64x4_g8_b1024_u2_m10_noise0p5_h200_fixed32_phys45_v1'
runner.logger.log_path
  OLD='/data/chenyiteng/results/rlinf-shenzhen/pi05-sidney/runs/move-grpo-formal100-2gpu64x4-g8-b1024-u2-m10-noise0p5-h200-fixed32-eval5-phys45-localshard-v1'
  NEW='/data/chenyiteng/results/rlinf-shenzhen/pi05-sidney/runs/move-pillbottle-pad-grpo-formal100-2gpu64x4-g8-b1024-u2-m10-noise0p5-h200-fixed32-eval5-phys45-localshard-v1'
