wrapper_pid=2660157 alive=yes
exit_code=pending
== gpu45 ==
4, 68610, 81559, 57
5, 59828, 81559, 0
== log tail ==
│                                                                                                                      │
│advantages_max=2.475                   │advantages_mean=-0.049                 │advantages_min=-0.725                 │
│rewards=8.00e-04                       │                                       │                                      │
│                                                                                                                      │
├───────────────────────────────────────────────────── Evaluation ─────────────────────────────────────────────────────┤
│                                                                                                                      │
│episode_len=200.0                      │num_trajectories=32                    │return=0.0625                         │
│reward=0.0003125                       │success_at_end=0.0625                  │success_once=0.0625                   │
│                                                                                                                      │
├─────────────────────────────────────────────────── Training/Actor ───────────────────────────────────────────────────┤
│                                                                                                                      │
│actor/approx_kl=0.031                  │actor/clip_fraction=0.066              │actor/clipped_ratio=0.994             │
│actor/dual_cliped_ratio=0.0000         │actor/entropy_loss=0.0000              │actor/grad_norm=12.165                │
│actor/lr=5.00e-06                      │actor/policy_loss=-0.0025              │actor/policy_loss_abs=0.249           │
│actor/ratio=1.006                      │actor/ratio_abs=0.085                  │actor/total_loss=-1.56e-04            │
│                                                                                                                      │
╰──────────────────────────────────────────────────────────────────────────────────────────────────────────────────────╯

[36m(RolloutGroup(rank=0) pid=2660596)[0m Generating Rollout Epochs:   0%|          | 0/4 [00:00<?, ?it/s]
[36m(RolloutGroup(rank=0) pid=2660596)[0m Generating Rollout Epochs:  25%|██▌       | 1/4 [05:53<17:39, 353.28s/it]
[36m(RolloutGroup(rank=0) pid=2660596)[0m Generating Rollout Epochs:  50%|█████     | 2/4 [12:23<12:30, 375.20s/it]
[36m(RolloutGroup(rank=0) pid=2660596)[0m Generating Rollout Epochs:  75%|███████▌  | 3/4 [18:30<06:11, 371.40s/it]
[36m(RolloutGroup(rank=0) pid=2660596)[0m Generating Rollout Epochs: 100%|██████████| 4/4 [24:41<00:00, 371.29s/it]Generating Rollout Epochs: 100%|██████████| 4/4 [24:41<00:00, 370.46s/it]

╭──────────────────────────────────────────────────────────────────────────────────────────────────────────────────────╮
├──────────────────────────────────────────────────── Metric Table ────────────────────────────────────────────────────┤
│ Global Step:    6/100 │ Progress: ██░░░░░░░░░░░░░░░░░░░░░░░░░░░░░░░░░░░░░░ │   6.0%                                  │
│ Elapsed: 02:35:20 │ ETA: 40:33:39 │ Step Time: 1553.400s                                                             │
├──────────────────────────────────────────────────────── Time ────────────────────────────────────────────────────────┤
│                                                                                                                      │
│actor/actor/compute_adv=0.0075         │actor/actor/recv_traj=1485.9           │actor/actor/sync_model_to_rollout=1.8…│
│actor/run_training=25.374              │actor_training=25.379                  │cal_adv_and_returns=0.014             │
│env/compute_bootstrap_rewards=0.0018   │env/env/bootstrap_step=966.4           │env/env/send_rollout_trajectories=1.0…│
│env/env_interact_step=511.0            │env/interact=1484.9                    │env/run_interact_once=1484.9          │
│generate_rollouts=1489.1               │rollout/generate_one_epoch=1481.8      │rollout/predict=14.508                │
│rollout/rollout/generate=1489.1        │rollout/sync_model_from_actor=1.712    │step=1516.4                           │
│sync_weights=1.885                     │                                       │                                      │
│                                                                                                                      │
├──────────────────────────────────────────────────── Environment ─────────────────────────────────────────────────────┤
│                                                                                                                      │
│episode_len=200.0                      │num_trajectories=256                   │return=0.078125                       │
│reward=0.00039062498                   │success_once=0.078125                  │                                      │
│                                                                                                                      │
├────────────────────────────────────────────────────── Rollout ───────────────────────────────────────────────────────┤
│                                                                                                                      │
│advantages_max=2.475                   │advantages_mean=-0.061                 │advantages_min=-0.935                 │
│rewards=0.0011                         │                                       │                                      │
│                                                                                                                      │
├─────────────────────────────────────────────────── Training/Actor ───────────────────────────────────────────────────┤
│                                                                                                                      │
│actor/approx_kl=0.022                  │actor/clip_fraction=0.067              │actor/clipped_ratio=0.993             │
│actor/dual_cliped_ratio=0.0000         │actor/entropy_loss=0.0000              │actor/grad_norm=18.820                │
│actor/lr=5.00e-06                      │actor/policy_loss=0.0013               │actor/policy_loss_abs=0.272           │
│actor/ratio=1.023                      │actor/ratio_abs=0.098                  │actor/total_loss=8.23e-05             │
│                                                                                                                      │
╰──────────────────────────────────────────────────────────────────────────────────────────────────────────────────────╯

[36m(RolloutGroup(rank=0) pid=2660596)[0m Generating Rollout Epochs:   0%|          | 0/4 [00:00<?, ?it/s]
[36m(RolloutGroup(rank=0) pid=2660596)[0m Generating Rollout Epochs:  25%|██▌       | 1/4 [05:50<17:31, 350.45s/it]
[36m(RolloutGroup(rank=0) pid=2660596)[0m Generating Rollout Epochs:  50%|█████     | 2/4 [10:56<10:48, 324.35s/it]
[36m(RolloutGroup(rank=0) pid=2660596)[0m Generating Rollout Epochs:  75%|███████▌  | 3/4 [16:13<05:20, 320.80s/it]
[36m(RolloutGroup(rank=0) pid=2660596)[0m Generating Rollout Epochs: 100%|██████████| 4/4 [21:18<00:00, 314.56s/it]Generating Rollout Epochs: 100%|██████████| 4/4 [21:18<00:00, 319.52s/it]

╭──────────────────────────────────────────────────────────────────────────────────────────────────────────────────────╮
├──────────────────────────────────────────────────── Metric Table ────────────────────────────────────────────────────┤
│ Global Step:    7/100 │ Progress: ██░░░░░░░░░░░░░░░░░░░░░░░░░░░░░░░░░░░░░░ │   7.0%                                  │
│ Elapsed: 02:58:15 │ ETA: 39:28:21 │ Step Time: 1527.972s                                                             │
├──────────────────────────────────────────────────────── Time ────────────────────────────────────────────────────────┤
│                                                                                                                      │
│actor/actor/compute_adv=0.0056         │actor/actor/recv_traj=1345.9           │actor/actor/sync_model_to_rollout=2.7…│
│actor/run_training=21.698              │actor_training=21.701                  │cal_adv_and_returns=0.010             │
│env/compute_bootstrap_rewards=0.0016   │env/env/bootstrap_step=849.7           │env/env/send_rollout_trajectories=0.9…│
│env/env_interact_step=477.7            │env/interact=1345.2                    │env/run_interact_once=1345.2          │
│generate_rollouts=1347.6               │rollout/generate_one_epoch=1343.3      │rollout/predict=14.045                │
│rollout/rollout/generate=1347.6        │rollout/sync_model_from_actor=6.039    │step=1375.4                           │
│sync_weights=6.043                     │                                       │                                      │
│                                                                                                                      │
├──────────────────────────────────────────────────── Environment ─────────────────────────────────────────────────────┤
│                                                                                                                      │
│episode_len=200.0                      │num_trajectories=256                   │return=0.05078125                     │
│reward=0.0002539062                    │success_once=0.05078125                │                                      │
│                                                                                                                      │
├────────────────────────────────────────────────────── Rollout ───────────────────────────────────────────────────────┤
│                                                                                                                      │
│advantages_max=2.475                   │advantages_mean=-0.055                 │advantages_min=-0.540                 │
│rewards=7.56e-04                       │                                       │                                      │
│                                                                                                                      │
├─────────────────────────────────────────────────── Training/Actor ───────────────────────────────────────────────────┤
│                                                                                                                      │
│actor/approx_kl=0.025                  │actor/clip_fraction=0.085              │actor/clipped_ratio=0.994             │
│actor/dual_cliped_ratio=0.0000         │actor/entropy_loss=0.0000              │actor/grad_norm=12.820                │
│actor/lr=5.00e-06                      │actor/policy_loss=-0.0043              │actor/policy_loss_abs=0.227           │
│actor/ratio=0.994                      │actor/ratio_abs=0.069                  │actor/total_loss=-2.70e-04            │
│                                                                                                                      │
╰──────────────────────────────────────────────────────────────────────────────────────────────────────────────────────╯

[36m(RolloutGroup(rank=0) pid=2660596)[0m Generating Rollout Epochs:   0%|          | 0/4 [00:00<?, ?it/s]
[36m(RolloutGroup(rank=0) pid=2660596)[0m Generating Rollout Epochs:  25%|██▌       | 1/4 [04:59<14:58, 299.36s/it]
[36m(RolloutGroup(rank=0) pid=2660596)[0m Generating Rollout Epochs:  50%|█████     | 2/4 [10:13<10:16, 308.21s/it]
[36m(RolloutGroup(rank=0) pid=2660596)[0m Generating Rollout Epochs:  75%|███████▌  | 3/4 [15:13<05:04, 304.46s/it]
== fatal scan ==
== output files ==
2026-09-03 08:55:30.1656159370 2636 /data/chenyiteng/results/rlinf-shenzhen/pi05-sidney/runs/move-grpo-formal100-2gpu64x4-g8-b1024-u2-m10-noise0p5-h200-fixed32-eval5-phys45-localshard-v1/runtime/command.txt
2026-09-03 08:55:30.1656159370 296 /data/chenyiteng/results/rlinf-shenzhen/pi05-sidney/runs/move-grpo-formal100-2gpu64x4-g8-b1024-u2-m10-noise0p5-h200-fixed32-eval5-phys45-localshard-v1/runtime/wrapper.sh
2026-09-03 08:55:30.1656159370 391 /data/chenyiteng/results/rlinf-shenzhen/pi05-sidney/runs/move-grpo-formal100-2gpu64x4-g8-b1024-u2-m10-noise0p5-h200-fixed32-eval5-phys45-localshard-v1/runtime/sha256.txt
2026-09-03 08:55:30.1656159370 41 /data/chenyiteng/results/rlinf-shenzhen/pi05-sidney/runs/move-grpo-formal100-2gpu64x4-g8-b1024-u2-m10-noise0p5-h200-fixed32-eval5-phys45-localshard-v1/runtime/source-head.txt
2026-09-03 08:55:30.1656159370 567 /data/chenyiteng/results/rlinf-shenzhen/pi05-sidney/runs/move-grpo-formal100-2gpu64x4-g8-b1024-u2-m10-noise0p5-h200-fixed32-eval5-phys45-localshard-v1/runtime/contract.json
2026-09-03 08:55:30.1656159370 8920 /data/chenyiteng/results/rlinf-shenzhen/pi05-sidney/runs/move-grpo-formal100-2gpu64x4-g8-b1024-u2-m10-noise0p5-h200-fixed32-eval5-phys45-localshard-v1/runtime/resolved.yaml
2026-09-03 08:55:30.1656159370 8 /data/chenyiteng/results/rlinf-shenzhen/pi05-sidney/runs/move-grpo-formal100-2gpu64x4-g8-b1024-u2-m10-noise0p5-h200-fixed32-eval5-phys45-localshard-v1/runtime/owned.pgid
2026-09-03 08:55:30.1656159370 8 /data/chenyiteng/results/rlinf-shenzhen/pi05-sidney/runs/move-grpo-formal100-2gpu64x4-g8-b1024-u2-m10-noise0p5-h200-fixed32-eval5-phys45-localshard-v1/runtime/wrapper.pid
2026-09-03 08:55:30.1696159510 0 /data/chenyiteng/results/rlinf-shenzhen/pi05-sidney/runs/move-grpo-formal100-2gpu64x4-g8-b1024-u2-m10-noise0p5-h200-fixed32-eval5-phys45-localshard-v1/runtime/observer.log
2026-09-03 08:55:30.1696159510 0 /data/chenyiteng/results/rlinf-shenzhen/pi05-sidney/runs/move-grpo-formal100-2gpu64x4-g8-b1024-u2-m10-noise0p5-h200-fixed32-eval5-phys45-localshard-v1/runtime/wrapper.log
2026-09-03 08:55:30.1696159510 297 /data/chenyiteng/results/rlinf-shenzhen/pi05-sidney/runs/move-grpo-formal100-2gpu64x4-g8-b1024-u2-m10-noise0p5-h200-fixed32-eval5-phys45-localshard-v1/runtime/launch_manifest.txt
2026-09-03 08:55:30.1696159510 636 /data/chenyiteng/results/rlinf-shenzhen/pi05-sidney/runs/move-grpo-formal100-2gpu64x4-g8-b1024-u2-m10-noise0p5-h200-fixed32-eval5-phys45-localshard-v1/runtime/observer.sh
2026-09-03 08:55:30.1696159510 8 /data/chenyiteng/results/rlinf-shenzhen/pi05-sidney/runs/move-grpo-formal100-2gpu64x4-g8-b1024-u2-m10-noise0p5-h200-fixed32-eval5-phys45-localshard-v1/runtime/observer.pid
2026-09-03 08:55:30.1736159640 26 /data/chenyiteng/results/rlinf-shenzhen/pi05-sidney/runs/move-grpo-formal100-2gpu64x4-g8-b1024-u2-m10-noise0p5-h200-fixed32-eval5-phys45-localshard-v1/runtime/started_at.txt
2026-09-03 08:55:39.9656489710 9108 /data/chenyiteng/results/rlinf-shenzhen/pi05-sidney/runs/move-grpo-formal100-2gpu64x4-g8-b1024-u2-m10-noise0p5-h200-fixed32-eval5-phys45-localshard-v1/tensorboard/config.yaml
2026-09-03 11:57:02.2702833430 40804 /data/chenyiteng/results/rlinf-shenzhen/pi05-sidney/runs/move-grpo-formal100-2gpu64x4-g8-b1024-u2-m10-noise0p5-h200-fixed32-eval5-phys45-localshard-v1/metrics.log
2026-09-03 11:57:42.4994336880 17502 /data/chenyiteng/results/rlinf-shenzhen/pi05-sidney/runs/move-grpo-formal100-2gpu64x4-g8-b1024-u2-m10-noise0p5-h200-fixed32-eval5-phys45-localshard-v1/tensorboard/events.out.tfevents.1788425742.admin.2660167.0
2026-09-03 12:12:22.0667349350 74059 /data/chenyiteng/results/rlinf-shenzhen/pi05-sidney/runs/move-grpo-formal100-2gpu64x4-g8-b1024-u2-m10-noise0p5-h200-fixed32-eval5-phys45-localshard-v1/runtime/driver.log
2026-09-03 12:15:00.6913386030 11178 /data/chenyiteng/results/rlinf-shenzhen/pi05-sidney/runs/move-grpo-formal100-2gpu64x4-g8-b1024-u2-m10-noise0p5-h200-fixed32-eval5-phys45-localshard-v1/runtime/resource.csv
