===== SIDNEY =====
METRICS_TAIL

╭──────────────────────────────────────────────────────────────────────────────────────────────────────────────────────╮
├──────────────────────────────────────────────────── Metric Table ────────────────────────────────────────────────────┤
│ Global Step:    1/100 │ Progress: ░░░░░░░░░░░░░░░░░░░░░░░░░░░░░░░░░░░░░░░░ │   1.0%                                  │
│ Elapsed: 25:45 │ ETA: 42:30:43 │ Step Time: 1545.890s                                                                │
├──────────────────────────────────────────────────────── Time ────────────────────────────────────────────────────────┤
│                                                                                                                      │
│actor/actor/compute_adv=0.029          │actor/actor/recv_traj=1511.0           │actor/actor/sync_model_to_rollout=6.1…│
│actor/run_training=26.065              │actor_training=26.070                  │cal_adv_and_returns=0.034             │
│env/compute_bootstrap_rewards=0.0020   │env/env/bootstrap_step=980.1           │env/env/send_rollout_trajectories=0.9…│
│env/env_interact_step=507.1            │env/interact=1509.7                    │env/run_interact_once=1509.7          │
│generate_rollouts=1513.5               │rollout/generate_one_epoch=1507.4      │rollout/predict=15.417                │
│rollout/rollout/generate=1513.5        │rollout/sync_model_from_actor=5.439    │step=1545.8                           │
│sync_weights=6.177                     │                                       │                                      │
│                                                                                                                      │
├──────────────────────────────────────────────────── Environment ─────────────────────────────────────────────────────┤
│                                                                                                                      │
│episode_len=200.0                      │num_trajectories=256                   │return=0.078125                       │
│reward=0.000390625                     │success_once=0.078125                  │                                      │
│                                                                                                                      │
├────────────────────────────────────────────────────── Rollout ───────────────────────────────────────────────────────┤
│                                                                                                                      │
│advantages_max=2.475                   │advantages_mean=-0.059                 │advantages_min=-0.935                 │
│rewards=0.0011                         │                                       │                                      │
│                                                                                                                      │
├─────────────────────────────────────────────────── Training/Actor ───────────────────────────────────────────────────┤
│                                                                                                                      │
│actor/approx_kl=0.029                  │actor/clip_fraction=0.104              │actor/clipped_ratio=0.996             │
│actor/dual_cliped_ratio=0.0000         │actor/entropy_loss=0.0000              │actor/grad_norm=8.194                 │
│actor/lr=5.00e-06                      │actor/policy_loss=-0.0058              │actor/policy_loss_abs=0.279           │
│actor/ratio=3.550                      │actor/ratio_abs=2.647                  │actor/total_loss=-3.63e-04            │
│                                                                                                                      │
╰──────────────────────────────────────────────────────────────────────────────────────────────────────────────────────╯


╭──────────────────────────────────────────────────────────────────────────────────────────────────────────────────────╮
├──────────────────────────────────────────────────── Metric Table ────────────────────────────────────────────────────┤
│ Global Step:    2/100 │ Progress: ░░░░░░░░░░░░░░░░░░░░░░░░░░░░░░░░░░░░░░░░ │   2.0%                                  │
│ Elapsed: 51:02 │ ETA: 41:41:05 │ Step Time: 1531.283s                                                                │
├──────────────────────────────────────────────────────── Time ────────────────────────────────────────────────────────┤
│                                                                                                                      │
│actor/actor/compute_adv=0.0056         │actor/actor/recv_traj=1481.8           │actor/actor/sync_model_to_rollout=2.7…│
│actor/run_training=25.713              │actor_training=25.718                  │cal_adv_and_returns=0.011             │
│env/compute_bootstrap_rewards=0.0022   │env/env/bootstrap_step=936.3           │env/env/send_rollout_trajectories=0.9…│
│env/env_interact_step=523.5            │env/interact=1480.9                    │env/run_interact_once=1480.9          │
│generate_rollouts=1484.4               │rollout/generate_one_epoch=1478.4      │rollout/predict=14.693                │
│rollout/rollout/generate=1484.4        │rollout/sync_model_from_actor=6.511    │step=1516.6                           │
│sync_weights=6.515                     │                                       │                                      │
│                                                                                                                      │
├──────────────────────────────────────────────────── Environment ─────────────────────────────────────────────────────┤
│                                                                                                                      │
│episode_len=200.0                      │num_trajectories=256                   │return=0.0390625                      │
│reward=0.00019531249                   │success_once=0.0390625                 │                                      │
│                                                                                                                      │
├────────────────────────────────────────────────────── Rollout ───────────────────────────────────────────────────────┤
│                                                                                                                      │
│advantages_max=2.475                   │advantages_mean=-0.066                 │advantages_min=-0.540                 │
│rewards=8.06e-04                       │                                       │                                      │
│                                                                                                                      │
├─────────────────────────────────────────────────── Training/Actor ───────────────────────────────────────────────────┤
│                                                                                                                      │
│actor/approx_kl=0.0063                 │actor/clip_fraction=0.069              │actor/clipped_ratio=0.995             │
│actor/dual_cliped_ratio=0.0000         │actor/entropy_loss=0.0000              │actor/grad_norm=5.191                 │
│actor/lr=5.00e-06                      │actor/policy_loss=-0.0028              │actor/policy_loss_abs=0.169           │
│actor/ratio=1.005                      │actor/ratio_abs=0.068                  │actor/total_loss=-1.78e-04            │
│                                                                                                                      │
╰──────────────────────────────────────────────────────────────────────────────────────────────────────────────────────╯


╭──────────────────────────────────────────────────────────────────────────────────────────────────────────────────────╮
├──────────────────────────────────────────────────── Metric Table ────────────────────────────────────────────────────┤
│ Global Step:    3/100 │ Progress: █░░░░░░░░░░░░░░░░░░░░░░░░░░░░░░░░░░░░░░░ │   3.0%                                  │
│ Elapsed: 01:16:25 │ ETA: 41:11:15 │ Step Time: 1528.610s                                                             │
├──────────────────────────────────────────────────────── Time ────────────────────────────────────────────────────────┤
│                                                                                                                      │
│actor/actor/compute_adv=0.0065         │actor/actor/recv_traj=1491.7           │actor/actor/sync_model_to_rollout=2.7…│
│actor/run_training=22.714              │actor_training=22.717                  │cal_adv_and_returns=0.012             │
│env/compute_bootstrap_rewards=0.0022   │env/env/bootstrap_step=945.7           │env/env/send_rollout_trajectories=0.9…│
│env/env_interact_step=524.3            │env/interact=1490.7                    │env/run_interact_once=1490.7          │
│generate_rollouts=1493.6               │rollout/generate_one_epoch=1488.0      │rollout/predict=14.689                │
│rollout/rollout/generate=1493.5        │rollout/sync_model_from_actor=6.935    │step=1523.2                           │
│sync_weights=6.940                     │                                       │                                      │
│                                                                                                                      │
├──────────────────────────────────────────────────── Environment ─────────────────────────────────────────────────────┤
│                                                                                                                      │
│episode_len=200.0                      │num_trajectories=256                   │return=0.05078125                     │
│reward=0.0002539062                    │success_once=0.05078125                │                                      │
│                                                                                                                      │
├────────────────────────────────────────────────────── Rollout ───────────────────────────────────────────────────────┤
│                                                                                                                      │
│advantages_max=2.475                   │advantages_mean=-0.045                 │advantages_min=-0.725                 │
│rewards=9.25e-04                       │                                       │                                      │
│                                                                                                                      │
├─────────────────────────────────────────────────── Training/Actor ───────────────────────────────────────────────────┤
│                                                                                                                      │
│actor/approx_kl=0.022                  │actor/clip_fraction=0.070              │actor/clipped_ratio=0.992             │
│actor/dual_cliped_ratio=0.0000         │actor/entropy_loss=0.0000              │actor/grad_norm=11.848                │
│actor/lr=5.00e-06                      │actor/policy_loss=-0.0022              │actor/policy_loss_abs=0.198           │
│actor/ratio=1.052                      │actor/ratio_abs=0.139                  │actor/total_loss=-1.39e-04            │
│                                                                                                                      │
╰──────────────────────────────────────────────────────────────────────────────────────────────────────────────────────╯

DRIVER_PROGRESS
      "use_fixed_reset_state_ids": false,
        "video_base_dir": "/data/chenyiteng/results/rlinf-shenzhen/pi05-sidney/runs/move-grpo-formal100-2gpu64x4-g8-b1024-u2-m10-noise0p5-h200-fixed32-eval5-phys45-localshard-v1/video/train"
        "save_path": "/data/chenyiteng/results/rlinf-shenzhen/pi05-sidney/runs/move-grpo-formal100-2gpu64x4-g8-b1024-u2-m10-noise0p5-h200-fixed32-eval5-phys45-localshard-v1/robotwin_data/train",
      "use_fixed_reset_state_ids": true,
        "video_base_dir": "/data/chenyiteng/results/rlinf-shenzhen/pi05-sidney/runs/move-grpo-formal100-2gpu64x4-g8-b1024-u2-m10-noise0p5-h200-fixed32-eval5-phys45-localshard-v1/video/eval"
        "save_path": "/data/chenyiteng/results/rlinf-shenzhen/pi05-sidney/runs/move-grpo-formal100-2gpu64x4-g8-b1024-u2-m10-noise0p5-h200-fixed32-eval5-phys45-localshard-v1/robotwin_data/eval",
      "log_path": "/data/chenyiteng/results/rlinf-shenzhen/pi05-sidney/runs/move-grpo-formal100-2gpu64x4-g8-b1024-u2-m10-noise0p5-h200-fixed32-eval5-phys45-localshard-v1",
      "experiment_name": "pi05_sidney_move_grpo_formal100_2gpu64x4_g8_b1024_u2_m10_noise0p5_h200_fixed32_phys45_v1",
      "output_dir": "/data/chenyiteng/results/rlinf-shenzhen/pi05-sidney/runs/move-grpo-formal100-2gpu64x4-g8-b1024-u2-m10-noise0p5-h200-fixed32-eval5-phys45-localshard-v1/pi05_sidney_move_grpo_formal100_2gpu64x4_g8_b1024_u2_m10_noise0p5_h200_fixed32_phys45_v1/dvac_train"
[36m(RolloutGroup(rank=0) pid=2660596)[0m Generating Rollout Epochs: 100%|██████████| 4/4 [24:38<00:00, 369.68s/it]Generating Rollout Epochs: 100%|██████████| 4/4 [24:38<00:00, 369.72s/it]
│ Global Step:    1/100 │ Progress: ░░░░░░░░░░░░░░░░░░░░░░░░░░░░░░░░░░░░░░░░ │   1.0%                                  │
[36m(RolloutGroup(rank=0) pid=2660596)[0m Generating Rollout Epochs: 100%|██████████| 4/4 [24:18<00:00, 361.40s/it]Generating Rollout Epochs: 100%|██████████| 4/4 [24:18<00:00, 364.72s/it]
│ Global Step:    2/100 │ Progress: ░░░░░░░░░░░░░░░░░░░░░░░░░░░░░░░░░░░░░░░░ │   2.0%                                  │
[36m(RolloutGroup(rank=0) pid=2660596)[0m Generating Rollout Epochs: 100%|██████████| 4/4 [24:23<00:00, 364.65s/it]Generating Rollout Epochs: 100%|██████████| 4/4 [24:23<00:00, 365.84s/it]
│ Global Step:    3/100 │ Progress: █░░░░░░░░░░░░░░░░░░░░░░░░░░░░░░░░░░░░░░░ │   3.0%                                  │
[36m(RolloutGroup(rank=0) pid=2660596)[0m Generating Rollout Epochs: 100%|██████████| 4/4 [23:01<00:00, 353.23s/it]Generating Rollout Epochs: 100%|██████████| 4/4 [23:01<00:00, 345.42s/it]
FATAL_COUNT
0
CHECKPOINTS
===== FASTWAM =====
METRICS_TAIL

╭──────────────────────────────────────────────────────────────────────────────────────────────────────────────────────╮
├──────────────────────────────────────────────────── Metric Table ────────────────────────────────────────────────────┤
│ Global Step:   11/100 │ Progress: ████░░░░░░░░░░░░░░░░░░░░░░░░░░░░░░░░░░░░ │  11.0%                                  │
│ Elapsed: 14:09 │ ETA: 21:00:46 │ Step Time: 849.958s                                                                 │
├──────────────────────────────────────────────────────── Time ────────────────────────────────────────────────────────┤
│                                                                                                                      │
│actor/actor/compute_adv=0.036          │actor/actor/recv_traj=687.3            │actor/actor/sync_model_to_rollout=2.1…│
│actor/run_training=154.7               │actor_training=154.7                   │cal_adv_and_returns=0.041             │
│env/compute_bootstrap_rewards=0.0032   │env/env/bootstrap_step=113.3           │env/env/send_rollout_trajectories=1.5…│
│env/env_interact_step=434.6            │env/interact=685.4                     │env/run_interact_once=683.0           │
│generate_rollouts=692.7                │rollout/generate_one_epoch=677.0       │rollout/predict=129.7                 │
│rollout/rollout/generate=692.6         │rollout/sync_model_from_actor=2.457    │step=849.9                            │
│sync_weights=2.463                     │                                       │                                      │
│                                                                                                                      │
├──────────────────────────────────────────────────── Environment ─────────────────────────────────────────────────────┤
│                                                                                                                      │
│episode_len=192.0                      │num_trajectories=128                   │return=0.4296875                      │
│reward=0.0022379558                    │success_once=0.4296875                 │                                      │
│                                                                                                                      │
├────────────────────────────────────────────────────── Rollout ───────────────────────────────────────────────────────┤
│                                                                                                                      │
│advantages_max=2.475                   │advantages_mean=-0.063                 │advantages_min=-2.475                 │
│rewards=0.0028                         │                                       │                                      │
│                                                                                                                      │
├─────────────────────────────────────────────────── Training/Actor ───────────────────────────────────────────────────┤
│                                                                                                                      │
│actor/approx_kl=0.0032                 │actor/clip_fraction=0.022              │actor/clipped_ratio=0.907             │
│actor/dual_cliped_ratio=0.0000         │actor/entropy_loss=0.0000              │actor/grad_norm=10.373                │
│actor/lr=5.00e-06                      │actor/policy_loss=-0.0021              │actor/policy_loss_abs=0.634           │
│actor/ratio=0.907                      │actor/ratio_abs=0.029                  │actor/total_loss=-8.09e-06            │
│                                                                                                                      │
╰──────────────────────────────────────────────────────────────────────────────────────────────────────────────────────╯

DRIVER_PROGRESS
      "use_fixed_reset_state_ids": false,
        "video_base_dir": "/data/chenyiteng/results/rlinf-shenzhen/fastwam-grpo/runs/fastwam-grpo-control-resume10-to100-2gpu32x4-g8-b1024-u2-m10-fixed32-eval5-phys67-dcp-renderlife-v2/video/train"
        "save_path": "/data/chenyiteng/results/rlinf-shenzhen/fastwam-grpo/runs/fastwam-grpo-control-resume10-to100-2gpu32x4-g8-b1024-u2-m10-fixed32-eval5-phys67-dcp-renderlife-v2/robotwin_data/train",
      "use_fixed_reset_state_ids": true,
        "video_base_dir": "/data/chenyiteng/results/rlinf-shenzhen/fastwam-grpo/runs/fastwam-grpo-control-resume10-to100-2gpu32x4-g8-b1024-u2-m10-fixed32-eval5-phys67-dcp-renderlife-v2/video/eval"
        "save_path": "/data/chenyiteng/results/rlinf-shenzhen/fastwam-grpo/runs/fastwam-grpo-control-resume10-to100-2gpu32x4-g8-b1024-u2-m10-fixed32-eval5-phys67-dcp-renderlife-v2/robotwin_data/eval",
      "log_path": "/data/chenyiteng/results/rlinf-shenzhen/fastwam-grpo/runs/fastwam-grpo-control-resume10-to100-2gpu32x4-g8-b1024-u2-m10-fixed32-eval5-phys67-dcp-renderlife-v2",
      "experiment_name": "fastwam_grpo_control_resume10_to100_2gpu32x4_g8_b1024_u2_m10_fixed32_eval5_phys67_dcp_renderlife_v2",
    "resume_dir": "/data/chenyiteng/results/rlinf-shenzhen/fastwam-grpo/runs/fastwam-grpo-control-formal100-2gpu32x4-g8-b1024-u2-m10-fixed32-eval5-phys67-dcp-v1/fastwam_grpo_control_formal100_2gpu32x4_g8_b1024_u2_m10_fixed32_eval5_phys67_dcp_v1/checkpoints/global_step_10",
[INFO 10:17:47 RLinf] Resuming training from checkpoint directory /data/chenyiteng/results/rlinf-shenzhen/fastwam-grpo/runs/fastwam-grpo-control-formal100-2gpu32x4-g8-b1024-u2-m10-fixed32-eval5-phys67-dcp-v1/fastwam_grpo_control_formal100_2gpu32x4_g8_b1024_u2_m10_fixed32_eval5_phys67_dcp_v1/checkpoints/global_step_10.
[36m(RolloutGroup(rank=0) pid=2813137)[0m Generating Rollout Epochs: 100%|██████████| 4/4 [11:16<00:00, 165.35s/it]Generating Rollout Epochs: 100%|██████████| 4/4 [11:16<00:00, 169.24s/it]
│ Global Step:   11/100 │ Progress: ████░░░░░░░░░░░░░░░░░░░░░░░░░░░░░░░░░░░░ │  11.0%                                  │
FATAL_COUNT
0
CHECKPOINTS
