stop_started=2026-09-02T21:34:16+08:00
cleaned_namespace=RLinf_1;actors=0
FASTWAM stopped step=3 wrapper=826980 job=6e010000 namespace=RLinf_1 devices=6,7
cleaned_namespace=RLinf;actors=0
PI05 stopped step=58 wrapper=1477572 job=3f010000 namespace=RLinf devices=4,5
===FINAL_GPU===
0, 9728, 81559, 0
1, 1, 81559, 0
2, 6, 81559, 0
3, 6, 81559, 0
4, 53150, 81559, 0
5, 53342, 81559, 0
6, 8, 81559, 0
7, 8, 81559, 0
===FINAL_GPU_COMPUTE===
GPU-a8b81587-9a8b-7c62-1d5c-ed33e9638070, 916861, /home/liwenbo/.conda/envs/starVLA/bin/python, 9686
GPU-9200fbe8-fdd0-93ae-c221-5f0e9d318bf5, 1478462, [No data], 53113
GPU-3bbde6c0-3ddc-ec10-1d69-c3bc7855704e, 1478464, [No data], 53305
===SHARED_RAY===
chenyit+  321933 Sun Aug 23 16:27:52 2026  9-21:06:34 Sl   /home/chenyiteng/venvs/rlinf-7d07-openpi-robotwin/lib/python3.11/site-packages/ray/core/src/ray/gcs/gcs_server --log_dir=/data/chenyiteng/ray/rlt-dsrl-v3/session_2026-08-23_16-27-53_911161_321906/logs --config_list=eyJhdXRvbWF0aWNfb2JqZWN0X3NwaWxsaW5nX2VuYWJsZWQiOiB0cnVlLCAib2JqZWN0X3NwaWxsaW5nX2NvbmZpZyI6ICJ7XCJ0eXBlXCI6IFwiZmlsZXN5c3RlbVwiLCBcInBhcmFtc1wiOiB7XCJkaXJlY3RvcnlfcGF0aFwiOiBcIi9kYXRhL2NoZW55aXRlbmcvcmF5L3JsdC1kc3JsLXYzL3Nlc3Npb25fMjAyNi0wOC0yM18xNi0yNy01M185MTExNjFfMzIxOTA2XCJ9fSIsICJpc19leHRlcm5hbF9zdG9yYWdlX3R5cGVfZnMiOiB0cnVlfQ== --gcs_server_port=6389 --metrics-agent-port=0 --node-ip-address=172.17.0.1 --session-name=session_2026-08-23_16-27-53_911161_321906 --ray-commit=4464bbb6e21bce4893ed3396b2e33996188d511d --session-dir=/data/chenyiteng/ray/rlt-dsrl-v3/session_2026-08-23_16-27-53_911161_321906 --node-id=2730f38e60da6b4c0f68d8779893624a0917240589c544541c894c54 --stdout_filepath=/data/chenyiteng/ray/rlt-dsrl-v3/session_2026-08-23_16-27-53_911161_321906/logs/gcs_server.out --stderr_filepath=/data/chenyiteng/ray/rlt-dsrl-v3/session_2026-08-23_16-27-53_911161_321906/logs/gcs_server.err
======== Autoscaler status: 2026-09-02 13:34:23.412122 ========
Node status
---------------------------------------------------------------
Active:
 1 node_2730f38e60da6b4c0f68d8779893624a0917240589c544541c894c54
Pending:
 (no pending nodes)
Recent failures:
 (no failures)

Resources
---------------------------------------------------------------
Total Usage:
 0.0/128.0 CPU
 0.0/8.0 GPU
 0B/1.77TiB memory
 0B/186.26GiB object_store_memory

From request_resources:
 (none)
Pending Demands:
 (no resource demands)
===RAM===
               total        used        free      shared  buff/cache   available
Mem:           2.0Ti       582Gi       1.1Ti        67Mi       319Gi       1.4Ti
Swap:          6.0Gi       2.7Gi       3.3Gi
some avg10=0.00 avg60=0.00 avg300=0.00 total=190311965
full avg10=0.00 avg60=0.00 avg300=0.00 total=190202502
stop_finished=2026-09-02T21:34:28+08:00
