
╭──────────────────────────────────────────────────────────────────────────────────────────────────────────────────────╮
├──────────────────────────────────────────────────── Metric Table ────────────────────────────────────────────────────┤
│ Global Step:    1/100 │ Progress: ░░░░░░░░░░░░░░░░░░░░░░░░░░░░░░░░░░░░░░░░ │   1.0%                                  │
│ Elapsed: 44:25 │ ETA: 73:18:40 │ Step Time: 2665.863s                                                                │
├──────────────────────────────────────────────────────── Time ────────────────────────────────────────────────────────┤
│                                                                                                                      │
│actor/actor/compute_adv=0.024          │actor/actor/recv_traj=2423.8           │actor/actor/sync_model_to_rollout=2.0…│
│actor/run_training=234.1               │cal_adv_and_returns=0.028              │env/compute_bootstrap_rewards=0.025   │
│env/env/bootstrap_step=814.1           │env/env/send_rollout_trajectories=2.384│env/env_interact_step=1420.6          │
│env/interact=2421.5                    │env/run_interact_once=2421.1           │generate_rollouts=2429.3              │
│rollout/generate_one_epoch=2414.2      │rollout/predict=158.7                  │rollout/rollout/generate=2429.2       │
│step=2665.8                            │sync_weights=2.439                     │                                      │
│                                                                                                                      │
├──────────────────────────────────────────────────── Environment ─────────────────────────────────────────────────────┤
│                                                                                                                      │
│episode_len=192.0                      │num_trajectories=128                   │return=0.453125                       │
│reward=0.0023600261                    │success_once=0.453125                  │                                      │
│                                                                                                                      │
├────────────────────────────────────────────────────── Rollout ───────────────────────────────────────────────────────┤
│                                                                                                                      │
│advantages_max=1.791                   │advantages_mean=3.35e-08               │advantages_min=-1.128                 │
│returns_max=1.000                      │returns_mean=0.318                     │returns_min=-0.079                    │
│rewards=0.0025                         │                                       │                                      │
│                                                                                                                      │
├─────────────────────────────────────────────────── Training/Actor ───────────────────────────────────────────────────┤
│                                                                                                                      │
│actor/approx_kl=0.0058                 │actor/clip_fraction=0.016              │actor/clipped_ratio=0.993             │
│actor/dual_cliped_ratio=0.0000         │actor/entropy_loss=0.0000              │actor/grad_norm=18.964                │
│actor/lr=5.00e-06                      │actor/policy_loss=-0.067               │actor/policy_loss_abs=0.973           │
│actor/ratio=0.993                      │actor/ratio_abs=0.025                  │actor/total_loss=0.0010               │
│                                                                                                                      │
├────────────────────────────────────────────────── Training/Critic ───────────────────────────────────────────────────┤
│                                                                                                                      │
│critic/explained_variance=nan          │critic/lr=1.10e-04                     │critic/value_clip_ratio=0.0000        │
│critic/value_loss=0.200                │                                       │                                      │
│                                                                                                                      │
╰──────────────────────────────────────────────────────────────────────────────────────────────────────────────────────╯


╭──────────────────────────────────────────────────────────────────────────────────────────────────────────────────────╮
├──────────────────────────────────────────────────── Metric Table ────────────────────────────────────────────────────┤
│ Global Step:    2/100 │ Progress: ░░░░░░░░░░░░░░░░░░░░░░░░░░░░░░░░░░░░░░░░ │   2.0%                                  │
│ Elapsed: 01:28:10 │ ETA: 72:00:15 │ Step Time: 2645.057s                                                             │
├──────────────────────────────────────────────────────── Time ────────────────────────────────────────────────────────┤
│                                                                                                                      │
│actor/actor/compute_adv=0.0062         │actor/actor/recv_traj=2380.5           │actor/actor/sync_model_to_rollout=1.9…│
│actor/run_training=235.7               │cal_adv_and_returns=0.0086             │env/compute_bootstrap_rewards=0.026   │
│env/env/bootstrap_step=810.8           │env/env/send_rollout_trajectories=2.340│env/env_interact_step=1380.7          │
│env/interact=2378.2                    │env/run_interact_once=2377.7           │generate_rollouts=2386.2              │
│rollout/generate_one_epoch=2370.4      │rollout/predict=160.3                  │rollout/rollout/generate=2386.1       │
│step=2624.2                            │sync_weights=2.362                     │                                      │
│                                                                                                                      │
├──────────────────────────────────────────────────── Environment ─────────────────────────────────────────────────────┤
│                                                                                                                      │
│episode_len=192.0                      │num_trajectories=128                   │return=0.546875                       │
│reward=0.0028483074                    │success_once=0.546875                  │                                      │
│                                                                                                                      │
├────────────────────────────────────────────────────── Rollout ───────────────────────────────────────────────────────┤
│                                                                                                                      │
│advantages_max=1.382                   │advantages_mean=5.00e-08               │advantages_min=-1.207                 │
│returns_max=1.000                      │returns_mean=0.460                     │returns_min=0.0000                    │
│rewards=0.0031                         │                                       │                                      │
│                                                                                                                      │
├─────────────────────────────────────────────────── Training/Actor ───────────────────────────────────────────────────┤
│                                                                                                                      │
│actor/approx_kl=0.0048                 │actor/clip_fraction=0.015              │actor/clipped_ratio=0.995             │
│actor/dual_cliped_ratio=0.0000         │actor/entropy_loss=0.0000              │actor/grad_norm=17.504                │
│actor/lr=5.00e-06                      │actor/policy_loss=-0.068               │actor/policy_loss_abs=0.982           │
│actor/ratio=0.995                      │actor/ratio_abs=0.026                  │actor/total_loss=3.13e-04             │
│                                                                                                                      │
├────────────────────────────────────────────────── Training/Critic ───────────────────────────────────────────────────┤
│                                                                                                                      │
│critic/explained_variance=nan          │critic/lr=1.10e-04                     │critic/value_clip_ratio=0.0000        │
│critic/value_loss=0.108                │                                       │                                      │
│                                                                                                                      │
╰──────────────────────────────────────────────────────────────────────────────────────────────────────────────────────╯


╭──────────────────────────────────────────────────────────────────────────────────────────────────────────────────────╮
├──────────────────────────────────────────────────── Metric Table ────────────────────────────────────────────────────┤
│ Global Step:    3/100 │ Progress: █░░░░░░░░░░░░░░░░░░░░░░░░░░░░░░░░░░░░░░░ │   3.0%                                  │
│ Elapsed: 02:12:11 │ ETA: 71:14:24 │ Step Time: 2643.960s                                                             │
├──────────────────────────────────────────────────────── Time ────────────────────────────────────────────────────────┤
│                                                                                                                      │
│actor/actor/compute_adv=0.0042         │actor/actor/recv_traj=2399.5           │actor/actor/sync_model_to_rollout=1.9…│
│actor/run_training=234.5               │cal_adv_and_returns=0.0081             │env/compute_bootstrap_rewards=0.023   │
│env/env/bootstrap_step=810.8           │env/env/send_rollout_trajectories=2.452│env/env_interact_step=1399.6          │
│env/interact=2397.4                    │env/run_interact_once=2396.8           │generate_rollouts=2404.9              │
│rollout/generate_one_epoch=2389.3      │rollout/predict=160.3                  │rollout/rollout/generate=2404.9       │
│step=2641.7                            │sync_weights=2.373                     │                                      │
│                                                                                                                      │
├──────────────────────────────────────────────────── Environment ─────────────────────────────────────────────────────┤
│                                                                                                                      │
│episode_len=192.0                      │num_trajectories=128                   │return=0.4453125                      │
│reward=0.002319336                     │success_once=0.4453125                 │                                      │
│                                                                                                                      │
├────────────────────────────────────────────────────── Rollout ───────────────────────────────────────────────────────┤
│                                                                                                                      │
│advantages_max=1.635                   │advantages_mean=2.96e-09               │advantages_min=-1.104                 │
│returns_max=1.000                      │returns_mean=0.420                     │returns_min=0.0000                    │
│rewards=0.0025                         │                                       │                                      │
│                                                                                                                      │
├─────────────────────────────────────────────────── Training/Actor ───────────────────────────────────────────────────┤
│                                                                                                                      │
│actor/approx_kl=5.28e-04               │actor/clip_fraction=0.012              │actor/clipped_ratio=0.999             │
│actor/dual_cliped_ratio=0.0000         │actor/entropy_loss=0.0000              │actor/grad_norm=19.259                │
│actor/lr=5.00e-06                      │actor/policy_loss=-0.065               │actor/policy_loss_abs=0.987           │
│actor/ratio=1.000                      │actor/ratio_abs=0.029                  │actor/total_loss=1.90e-04             │
│                                                                                                                      │
├────────────────────────────────────────────────── Training/Critic ───────────────────────────────────────────────────┤
│                                                                                                                      │
│critic/explained_variance=nan          │critic/lr=1.10e-04                     │critic/value_clip_ratio=0.0000        │
│critic/value_loss=0.089                │                                       │                                      │
│                                                                                                                      │
╰──────────────────────────────────────────────────────────────────────────────────────────────────────────────────────╯


╭──────────────────────────────────────────────────────────────────────────────────────────────────────────────────────╮
├──────────────────────────────────────────────────── Metric Table ────────────────────────────────────────────────────┤
│ Global Step:    4/100 │ Progress: █░░░░░░░░░░░░░░░░░░░░░░░░░░░░░░░░░░░░░░░ │   4.0%                                  │
│ Elapsed: 02:56:04 │ ETA: 70:25:38 │ Step Time: 2641.026s                                                             │
├──────────────────────────────────────────────────────── Time ────────────────────────────────────────────────────────┤
│                                                                                                                      │
│actor/actor/compute_adv=0.0041         │actor/actor/recv_traj=2387.7           │actor/actor/sync_model_to_rollout=2.0…│
│actor/run_training=236.9               │cal_adv_and_returns=0.0085             │env/compute_bootstrap_rewards=0.022   │
│env/env/bootstrap_step=799.6           │env/env/send_rollout_trajectories=2.504│env/env_interact_step=1400.7          │
│env/interact=2385.4                    │env/run_interact_once=2384.9           │generate_rollouts=2392.9              │
│rollout/generate_one_epoch=2377.3      │rollout/predict=159.7                  │rollout/rollout/generate=2392.8       │
│step=2632.2                            │sync_weights=2.417                     │                                      │
│                                                                                                                      │
├──────────────────────────────────────────────────── Environment ─────────────────────────────────────────────────────┤
│                                                                                                                      │
│episode_len=192.0                      │num_trajectories=128                   │return=0.4453125                      │
│reward=0.002319336                     │success_once=0.4453125                 │                                      │
│                                                                                                                      │
├────────────────────────────────────────────────────── Rollout ───────────────────────────────────────────────────────┤
│                                                                                                                      │
│advantages_max=1.812                   │advantages_mean=-2.27e-08              │advantages_min=-1.212                 │
│returns_max=1.000                      │returns_mean=0.422                     │returns_min=0.0000                    │
│rewards=0.0025                         │                                       │                                      │
│                                                                                                                      │
├─────────────────────────────────────────────────── Training/Actor ───────────────────────────────────────────────────┤
│                                                                                                                      │
│actor/approx_kl=0.0022                 │actor/clip_fraction=0.016              │actor/clipped_ratio=1.000             │
│actor/dual_cliped_ratio=0.0000         │actor/entropy_loss=0.0000              │actor/grad_norm=19.723                │
│actor/lr=5.00e-06                      │actor/policy_loss=-0.069               │actor/policy_loss_abs=0.978           │
│actor/ratio=1.000                      │actor/ratio_abs=0.029                  │actor/total_loss=1.43e-04             │
│                                                                                                                      │
├────────────────────────────────────────────────── Training/Critic ───────────────────────────────────────────────────┤
│                                                                                                                      │
│critic/explained_variance=nan          │critic/lr=1.10e-04                     │critic/value_clip_ratio=0.0000        │
│critic/value_loss=0.087                │                                       │                                      │
│                                                                                                                      │
╰──────────────────────────────────────────────────────────────────────────────────────────────────────────────────────╯


╭──────────────────────────────────────────────────────────────────────────────────────────────────────────────────────╮
├──────────────────────────────────────────────────── Metric Table ────────────────────────────────────────────────────┤
│ Global Step:    5/100 │ Progress: ██░░░░░░░░░░░░░░░░░░░░░░░░░░░░░░░░░░░░░░ │   5.0%                                  │
│ Elapsed: 03:39:55 │ ETA: 69:38:30 │ Step Time: 2639.062s                                                             │
├──────────────────────────────────────────────────────── Time ────────────────────────────────────────────────────────┤
│                                                                                                                      │
│actor/actor/compute_adv=0.0044         │actor/actor/recv_traj=2388.0           │actor/actor/sync_model_to_rollout=2.1…│
│actor/run_training=235.2               │cal_adv_and_returns=0.0088             │env/compute_bootstrap_rewards=0.022   │
│env/env/bootstrap_step=795.4           │env/env/send_rollout_trajectories=2.338│env/env_interact_step=1405.7          │
│env/interact=2385.8                    │env/run_interact_once=2385.4           │generate_rollouts=2393.6              │
│rollout/generate_one_epoch=2378.0      │rollout/predict=159.8                  │rollout/rollout/generate=2393.5       │
│step=2631.2                            │sync_weights=2.428                     │                                      │
│                                                                                                                      │
├──────────────────────────────────────────────────── Environment ─────────────────────────────────────────────────────┤
│                                                                                                                      │
│episode_len=192.0                      │num_trajectories=128                   │return=0.4453125                      │
│reward=0.002319336                     │success_once=0.4453125                 │                                      │
│                                                                                                                      │
├────────────────────────────────────────────────────── Rollout ───────────────────────────────────────────────────────┤
│                                                                                                                      │
│advantages_max=1.716                   │advantages_mean=1.28e-08               │advantages_min=-1.140                 │
│returns_max=1.000                      │returns_mean=0.414                     │returns_min=0.0000                    │
│rewards=0.0025                         │                                       │                                      │
│                                                                                                                      │
├─────────────────────────────────────────────────── Training/Actor ───────────────────────────────────────────────────┤
│                                                                                                                      │
│actor/approx_kl=-3.72e-04              │actor/clip_fraction=0.0083             │actor/clipped_ratio=0.996             │
│actor/dual_cliped_ratio=0.0000         │actor/entropy_loss=0.0000              │actor/grad_norm=18.156                │
│actor/lr=5.00e-06                      │actor/policy_loss=-0.063               │actor/policy_loss_abs=0.983           │
│actor/ratio=0.996                      │actor/ratio_abs=0.024                  │actor/total_loss=1.73e-04             │
│                                                                                                                      │
├────────────────────────────────────────────────── Training/Critic ───────────────────────────────────────────────────┤
│                                                                                                                      │
│critic/explained_variance=nan          │critic/lr=1.10e-04                     │critic/value_clip_ratio=0.0000        │
│critic/value_loss=0.085                │                                       │                                      │
│                                                                                                                      │
╰──────────────────────────────────────────────────────────────────────────────────────────────────────────────────────╯

