
╭──────────────────────────────────────────────────────────────────────────────────────────────────────────────────────╮
├──────────────────────────────────────────────────── Metric Table ────────────────────────────────────────────────────┤
│ Global Step:    1/1 │ Progress: ████████████████████████████████████████ │ 100.0%                                    │
│ Elapsed: 13:41 │ ETA: 00:00 │ Step Time: 821.363s                                                                    │
├──────────────────────────────────────────────────────── Time ────────────────────────────────────────────────────────┤
│                                                                                                                      │
│actor/actor/compute_adv=0.040          │actor/actor/recv_traj=342.6            │actor/actor/sync_model_to_rollout=5.2…│
│actor/run_training=19.764              │actor_training=19.769                  │cal_adv_and_returns=0.045             │
│env/compute_bootstrap_rewards=7.52e-04 │env/env/bootstrap_step=200.6           │env/env/send_rollout_trajectories=0.7…│
│env/env_interact_step=104.0            │env/evaluate=423.7                     │env/interact=342.2                    │
│env/run_interact_once=341.0            │eval=426.1                             │generate_rollouts=350.2               │
│rollout/evaluate=291.5                 │rollout/generate_one_epoch=335.5       │rollout/predict=57.381                │
│rollout/rollout/generate=350.1         │rollout/sync_model_from_actor=6.026    │step=821.3                            │
│sync_weights=3.712                     │                                       │                                      │
│                                                                                                                      │
├──────────────────────────────────────────────────── Environment ─────────────────────────────────────────────────────┤
│                                                                                                                      │
│episode_len=192.0                      │num_trajectories=32                    │return=0.40625                        │
│reward=0.0021158853                    │success_once=0.40625                   │                                      │
│                                                                                                                      │
├────────────────────────────────────────────────────── Rollout ───────────────────────────────────────────────────────┤
│                                                                                                                      │
│advantages_max=1.620                   │advantages_mean=-0.060                 │advantages_min=-2.475                 │
│rewards=0.0031                         │                                       │                                      │
│                                                                                                                      │
├───────────────────────────────────────────────────── Evaluation ─────────────────────────────────────────────────────┤
│                                                                                                                      │
│episode_len=192.0                      │num_trajectories=32                    │return=0.34375                        │
│reward=0.0017903646                    │success_at_end=0.34375                 │success_once=0.34375                  │
│                                                                                                                      │
├─────────────────────────────────────────────────── Training/Actor ───────────────────────────────────────────────────┤
│                                                                                                                      │
│actor/approx_kl=-0.0012                │actor/clip_fraction=0.0000             │actor/clipped_ratio=0.861             │
│actor/dual_cliped_ratio=0.0000         │actor/entropy_loss=0.0000              │actor/grad_norm=9.357                 │
│actor/lr=5.00e-06                      │actor/policy_loss=-0.0011              │actor/policy_loss_abs=0.592           │
│actor/ratio=0.861                      │actor/ratio_abs=0.0076                 │actor/total_loss=-1.76e-05            │
│                                                                                                                      │
╰──────────────────────────────────────────────────────────────────────────────────────────────────────────────────────╯

