Usage stats collection is disabled.

[37mLocal node IP[39m: [1m120.241.223.9[22m

[32m--------------------[39m
[32mRay runtime started.[39m
[32m--------------------[39m

[36mNext steps[39m
  [2mNote: The following commands are intended for use on[22m
  [2mthe head node or within the cluster network.[22m
  
  To add another node to this Ray cluster, run
  [1m  ray start --address='120.241.223.9:6389'[22m
  
  To connect to this Ray cluster:
    [35mimport[39m[26m ray
    ray[35m.[39m[26minit()
  
  To submit a Ray job using the Ray Jobs CLI:
  [1m  RAY_API_SERVER_ADDRESS='http://127.0.0.1:8266' ray job submit --working-dir . -- python my_script.py[22m
  
  See https://docs.ray.io/en/latest/cluster/running-applications/job-submission/index.html 
  for more information on submitting Ray jobs to the Ray cluster.
  
  To terminate the Ray runtime, run
  [1m  ray stop[22m
  
  To view the status of the cluster, use
    [1mray status[22m[26m
  
  To monitor and debug Ray, view the dashboard at 
    [1m127.0.0.1:8266[22m[26m
  
  [4mIf connection to the dashboard fails, check your firewall settings and network configuration.[24m
