
╭──────────────────────────────────────────────────────────────────────────────────────────────────────────────────────╮
├──────────────────────────────────────────────────── Metric Table ────────────────────────────────────────────────────┤
│ Global Step:    1/2 │ Progress: ████████████████████░░░░░░░░░░░░░░░░░░░░ │  50.0%                                    │
│ Elapsed: 26:49 │ ETA: 26:49 │ Step Time: 1609.649s                                                                   │
├──────────────────────────────────────────────────────── Time ────────────────────────────────────────────────────────┤
│                                                                                                                      │
│actor/actor/compute_adv=0.035          │actor/actor/recv_traj=1573.5           │actor/actor/sync_model_to_rollout=11.…│
│actor/run_training=24.303              │actor_training=24.308                  │cal_adv_and_returns=0.043             │
│env/compute_bootstrap_rewards=0.0022   │env/env/bootstrap_step=1159.6          │env/env/send_rollout_trajectories=1.1…│
│env/env_interact_step=386.5            │env/interact=1572.2                    │env/run_interact_once=1572.2          │
│generate_rollouts=1573.5               │rollout/generate_one_epoch=1567.3      │rollout/predict=10.881                │
│rollout/rollout/generate=1573.4        │rollout/sync_model_from_actor=10.751   │step=1609.6                           │
│sync_weights=11.706                    │                                       │                                      │
│                                                                                                                      │
├──────────────────────────────────────────────────── Environment ─────────────────────────────────────────────────────┤
│                                                                                                                      │
│episode_len=200.0                      │num_trajectories=256                   │return=0.72265625                     │
│reward=0.003613281                     │success_once=0.72265625                │                                      │
│                                                                                                                      │
├────────────────────────────────────────────────────── Rollout ───────────────────────────────────────────────────────┤
│                                                                                                                      │
│advantages_max=1.620                   │advantages_mean=-0.122                 │advantages_min=-2.475                 │
│rewards=0.0040                         │                                       │                                      │
│                                                                                                                      │
├─────────────────────────────────────────────────── Training/Actor ───────────────────────────────────────────────────┤
│                                                                                                                      │
│actor/approx_kl=0.089                  │actor/clip_fraction=0.887              │actor/clipped_ratio=49.972            │
│actor/dual_cliped_ratio=0.0000         │actor/dvac_current_mean=-4.403         │actor/dvac_current_std=0.656          │
│actor/dvac_history_mean=0.0000         │actor/dvac_history_std=0.0000          │actor/dvac_warmup=1.000               │
│actor/dvac_weight_ess_fraction=1.000   │actor/dvac_weight_mean=1.000           │actor/dvac_weight_sq_mean=1.000       │
│actor/dvac_z_high_clip_fraction=0.0000 │actor/dvac_z_low_clip_fraction=0.0000  │actor/entropy_loss=0.0000             │
│actor/grad_norm=1.257                  │actor/lr=5.60e-06                      │actor/policy_loss=-6.30e-04           │
│actor/policy_loss_abs=0.684            │actor/ratio=50.017                     │actor/ratio_abs=1.381                 │
│actor/total_loss=-3.93e-05             │                                       │                                      │
│                                                                                                                      │
╰──────────────────────────────────────────────────────────────────────────────────────────────────────────────────────╯


╭──────────────────────────────────────────────────────────────────────────────────────────────────────────────────────╮
├──────────────────────────────────────────────────── Metric Table ────────────────────────────────────────────────────┤
│ Global Step:    2/2 │ Progress: ████████████████████████████████████████ │ 100.0%                                    │
│ Elapsed: 53:21 │ ETA: 00:00 │ Step Time: 1600.648s                                                                   │
├──────────────────────────────────────────────────────── Time ────────────────────────────────────────────────────────┤
│                                                                                                                      │
│actor/actor/compute_adv=0.0066         │actor/actor/recv_traj=1539.1           │actor/actor/sync_model_to_rollout=2.1…│
│actor/run_training=22.858              │actor_training=22.864                  │cal_adv_and_returns=0.012             │
│env/compute_bootstrap_rewards=0.0023   │env/env/bootstrap_step=1137.6          │env/env/send_rollout_trajectories=1.1…│
│env/env_interact_step=369.5            │env/interact=1538.1                    │env/run_interact_once=1538.1          │
│generate_rollouts=1539.1               │rollout/generate_one_epoch=1531.6      │rollout/predict=10.325                │
│rollout/rollout/generate=1538.4        │rollout/sync_model_from_actor=2.766    │step=1591.6                           │
│sync_weights=2.770                     │                                       │                                      │
│                                                                                                                      │
├──────────────────────────────────────────────────── Environment ─────────────────────────────────────────────────────┤
│                                                                                                                      │
│episode_len=200.0                      │num_trajectories=256                   │return=0.71875                        │
│reward=0.0035937498                    │success_once=0.71875                   │                                      │
│                                                                                                                      │
├────────────────────────────────────────────────────── Rollout ───────────────────────────────────────────────────────┤
│                                                                                                                      │
│advantages_max=2.475                   │advantages_mean=-0.108                 │advantages_min=-2.475                 │
│rewards=0.0044                         │                                       │                                      │
│                                                                                                                      │
├─────────────────────────────────────────────────── Training/Actor ───────────────────────────────────────────────────┤
│                                                                                                                      │
│actor/approx_kl=-0.0012                │actor/clip_fraction=0.0091             │actor/clipped_ratio=50.009            │
│actor/dual_cliped_ratio=0.0000         │actor/dvac_current_mean=-4.404         │actor/dvac_current_std=0.678          │
│actor/dvac_history_mean=-4.403         │actor/dvac_history_std=0.656           │actor/dvac_warmup=0.0000              │
│actor/dvac_weight_ess_fraction=0.809   │actor/dvac_weight_mean=0.988           │actor/dvac_weight_sq_mean=1.205       │
│actor/dvac_z_high_clip_fraction=0.037  │actor/dvac_z_low_clip_fraction=0.011   │actor/entropy_loss=0.0000             │
│actor/grad_norm=0.476                  │actor/lr=5.60e-06                      │actor/policy_loss=0.020               │
│actor/policy_loss_abs=0.446            │actor/ratio=50.009                     │actor/ratio_abs=0.361                 │
│actor/total_loss=0.0013                │                                       │                                      │
│                                                                                                                      │
╰──────────────────────────────────────────────────────────────────────────────────────────────────────────────────────╯

