/data/chenyiteng/projects/rlinf-current-dsrl/RLinf-7d07-dsrl-robotwin/examples/embodiment/train_embodied_agent.py:35: Hydra14MigrationWarning: 
version_base="1.1" selects Hydra 1.1 compatibility behavior.
Hydra 1.4 will remove this compatibility behavior.
Before upgrading to Hydra 1.4, set version_base="1.3" and test your application.
See https://hydra.cc/docs/upgrades/1.3_to_1.4/prepare_for_1_4/ for preparation instructions.
  @hydra.main(
/home/chenyiteng/venvs/rlinf-7d07-openpi-robotwin/lib/python3.11/site-packages/hydra/_internal/hydra.py:119: UserWarning: Future Hydra versions will no longer change working directory at job runtime by default.
See https://hydra.cc/docs/1.2/upgrades/1.1_to_1.2/changes_to_job_working_dir/ for more information.
  ret = run_job(
[INFO 16:37:46 RLinf] RLinf Ray code sync is enabled (py_modules=('/data/chenyiteng/projects/rlinf-current-dsrl/RLinf-7d07-dsrl-robotwin/rlinf',)); workers receive only the rlinf package from the launch node. Disable with RLINF_CODE_WORKING_DIR=0.
2026-08-23 16:37:46,292	INFO worker.py:1683 -- Using address 172.17.0.1:6389 set in the environment variable RAY_ADDRESS
2026-08-23 16:37:46,298	INFO worker.py:1833 -- Connecting to existing Ray cluster at address: 172.17.0.1:6389...
2026-08-23 16:37:46,369	INFO worker.py:2015 -- Connected to Ray cluster. View the dashboard at [1m[32mhttp://127.0.0.1:8266 [39m[22m
2026-08-23 16:37:46,434	INFO packaging.py:734 -- Creating a file package for local module '/data/chenyiteng/projects/rlinf-current-dsrl/RLinf-7d07-dsrl-robotwin/rlinf'.
2026-08-23 16:37:46,497	INFO packaging.py:434 -- Pushing file package 'gcs://_ray_pkg_d492505f8a8ca2d9.zip' (7.77MiB) to Ray cluster...
2026-08-23 16:37:46,524	INFO packaging.py:447 -- Successfully pushed file package 'gcs://_ray_pkg_d492505f8a8ca2d9.zip'.
[INFO 16:37:46 RLinf] Ray namespace conflict detected. Retrying to initialize Cluster with a new namespace (attempt 1).
[INFO 16:37:46 RLinf] RLinf Ray code sync is enabled (py_modules=('/data/chenyiteng/projects/rlinf-current-dsrl/RLinf-7d07-dsrl-robotwin/rlinf',)); workers receive only the rlinf package from the launch node. Disable with RLINF_CODE_WORKING_DIR=0.
2026-08-23 16:37:46,859	INFO worker.py:1683 -- Using address 172.17.0.1:6389 set in the environment variable RAY_ADDRESS
2026-08-23 16:37:46,862	INFO worker.py:1833 -- Connecting to existing Ray cluster at address: 172.17.0.1:6389...
2026-08-23 16:37:46,919	INFO worker.py:2015 -- Connected to Ray cluster. View the dashboard at [1m[32mhttp://127.0.0.1:8266 [39m[22m
[INFO 16:37:49 RLinf] RLinf is running on a cluster with 1 node and 8 accelerators. The nodes' details are: 
node_labels: []
node_rank: 0
ray_id: 2730f38e60da6b4c0f68d8779893624a0917240589c544541c894c54
node_ip: 172.17.0.1
num_cpus: 128
python_interpreter_path: /home/chenyiteng/venvs/rlinf-7d07-openpi-robotwin/bin/python
hardware_resources:
- type: Accelerator
  infos:
  - type: Accelerator
    model: NV_GPU:H100 80GB HBM3
  - type: Accelerator
    model: NV_GPU:H100 80GB HBM3
  - type: Accelerator
    model: NV_GPU:H100 80GB HBM3
  - type: Accelerator
    model: NV_GPU:H100 80GB HBM3
  - type: Accelerator
    model: NV_GPU:H100 80GB HBM3
  - type: Accelerator
    model: NV_GPU:H100 80GB HBM3
  - type: Accelerator
    model: NV_GPU:H100 80GB HBM3
  - type: Accelerator
    model: NV_GPU:H100 80GB HBM3
profiler_backends: []

Node groups' details are: 
label: cluster
nodes: '0'
hardware_type: Accelerator
ignore_hardware: false
env_configs: null

label: node
nodes: '0'
hardware_type: null
ignore_hardware: true
env_configs: null

[36m(_RemoteNodeProbe pid=344487)[0m /data/chenyiteng/projects/rlinf-current-dsrl/RLinf-7d07-dsrl-robotwin/rlinf/scheduler/cluster/node.py:532: UserWarning: Python interpreter used to launch Ray on node with IP 172.17.0.1 is different from that on the head node /home/chenyiteng/venvs/rlinf-7d07-openpi-robotwin/bin/python. Keep using the current interpreter /home/chenyiteng/venvs/rlinf-7d07-openpi-robotwin/bin/python3 on this node.
[36m(_RemoteNodeProbe pid=344487)[0m   warnings.warn(
[INFO 16:37:49 FlexiblePlacementStrategy] 
[INFO 16:37:49 FlexiblePlacementStrategy] Using flexible placement with hardware ranks: [[6], [7]], node groups: ['cluster'].
[INFO 16:37:49 FlexiblePlacementStrategy] 
[INFO 16:37:49 FlexiblePlacementStrategy] Using flexible placement with hardware ranks: [[6], [7]], node groups: ['cluster'].
{
  "env": {
    "train": {
      "env_type": "robotwin",
      "total_num_envs": 4,
      "auto_reset": false,
      "ignore_terminations": false,
      "reward_coef": 1.0,
      "use_custom_reward": true,
      "use_rel_reward": false,
      "center_crop": false,
      "seed": 0,
      "group_size": 1,
      "use_fixed_reset_state_ids": false,
      "max_steps_per_rollout_epoch": 200,
      "max_episode_steps": 200,
      "is_eval": false,
      "assets_path": "/data/chenyiteng/projects/rlinf-shenzhen/RoboTwin-RLinf-support",
      "seeds_path": "/data/chenyiteng/projects/rlinf-current-dsrl/RLinf-7d07-dsrl-robotwin/rlinf/envs/robotwin/seeds/train_seeds.json",
      "video_cfg": {
        "save_video": false,
        "info_on_video": true,
        "video_base_dir": "/data/chenyiteng/results/rlinf-current-dsrl/formal-dsrl-pi0-robotwin-2gpu4env-200c-20260824-v1/run/video/train"
      },
      "enable_offload": true,
      "task_config": {
        "task_name": "adjust_bottle",
        "step_lim": 200,
        "planner_backend": "mplib",
        "render_freq": 0,
        "episode_num": 100,
        "use_seed": false,
        "save_freq": 15,
        "embodiment": [
          "aloha-agilex"
        ],
        "language_num": 100,
        "domain_randomization": {
          "random_background": false,
          "cluttered_table": false,
          "clean_background_rate": 1,
          "random_head_camera_dis": 0,
          "random_table_height": 0,
          "random_light": false,
          "crazy_random_light_rate": 0
        },
        "camera": {
          "head_camera_type": "D435",
          "wrist_camera_type": "D435",
          "collect_head_camera": true,
          "collect_wrist_camera": true
        },
        "data_type": {
          "rgb": true,
          "third_view": false,
          "depth": false,
          "pointcloud": false,
          "observer": false,
          "endpose": false,
          "qpos": true,
          "mesh_segmentation": false,
          "actor_segmentation": false
        },
        "pcd_down_sample_num": 1024,
        "pcd_crop": true,
        "save_path": "./data",
        "clear_cache_freq": 1,
        "collect_data": true,
        "eval_video_log": true
      },
      "rollout_epoch": 1
    },
    "eval": {
      "env_type": "robotwin",
      "total_num_envs": 4,
      "auto_reset": true,
      "ignore_terminations": true,
      "reward_coef": 1.0,
      "use_custom_reward": true,
      "use_rel_reward": false,
      "center_crop": false,
      "seed": 0,
      "group_size": 1,
      "use_fixed_reset_state_ids": false,
      "max_steps_per_rollout_epoch": 200,
      "max_episode_steps": 200,
      "is_eval": true,
      "assets_path": "/data/chenyiteng/projects/rlinf-shenzhen/RoboTwin-RLinf-support",
      "seeds_path": "/data/chenyiteng/projects/rlinf-current-dsrl/RLinf-7d07-dsrl-robotwin/rlinf/envs/robotwin/seeds/eval_seeds.json",
      "video_cfg": {
        "save_video": false,
        "info_on_video": true,
        "video_base_dir": "/data/chenyiteng/results/rlinf-current-dsrl/formal-dsrl-pi0-robotwin-2gpu4env-200c-20260824-v1/run/video/eval"
      },
      "enable_offload": false,
      "task_config": {
        "task_name": "adjust_bottle",
        "step_lim": 200,
        "planner_backend": "mplib",
        "render_freq": 0,
        "episode_num": 100,
        "use_seed": false,
        "save_freq": 15,
        "embodiment": [
          "aloha-agilex"
        ],
        "language_num": 100,
        "domain_randomization": {
          "random_background": false,
          "cluttered_table": false,
          "clean_background_rate": 1,
          "random_head_camera_dis": 0,
          "random_table_height": 0,
          "random_light": false,
          "crazy_random_light_rate": 0
        },
        "camera": {
          "head_camera_type": "D435",
          "wrist_camera_type": "D435",
          "collect_head_camera": true,
          "collect_wrist_camera": true
        },
        "data_type": {
          "rgb": true,
          "third_view": false,
          "depth": false,
          "pointcloud": false,
          "observer": false,
          "endpose": false,
          "qpos": true,
          "mesh_segmentation": false,
          "actor_segmentation": false
        },
        "pcd_down_sample_num": 1024,
        "pcd_crop": true,
        "save_path": "./data",
        "clear_cache_freq": 1,
        "collect_data": true,
        "eval_video_log": true
      },
      "rollout_epoch": 3
    },
    "group_name": "EnvGroup",
    "enable_offload": true
  },
  "actor": {
    "model": {
      "model_type": "openpi",
      "model_path": "/data/chenyiteng/models/rlinf/RLinf-Pi0-RoboTwin-SFT-adjust_bottle@92684e50",
      "precision": null,
      "num_action_chunks": 20,
      "action_dim": 14,
      "is_lora": false,
      "lora_rank": 32,
      "use_proprio": true,
      "num_steps": 4,
      "add_value_head": false,
      "openpi": {
        "config_name": "pi0_aloha_robotwin",
        "num_images_in_input": 3,
        "noise_level": 0.5,
        "action_chunk": 20,
        "num_steps": 4,
        "train_expert_only": true,
        "action_env_dim": 14,
        "noise_method": "flow_ode",
        "add_value_head": false,
        "detach_critic_input": true,
        "use_dsrl": true,
        "dsrl_state_dim": 14,
        "dsrl_action_noise_dim": 32,
        "dsrl_num_q_heads": 10,
        "dsrl_agg_q": "mean",
        "dsrl_image_latent_dim": 64,
        "dsrl_state_latent_dim": 64,
        "dsrl_hidden_dims": [
          128,
          128,
          128
        ],
        "action_horizon": 50,
        "rtc_enabled": false,
        "dsrl_gaussian_warmup": true,
        "dsrl_eval_deterministic": false
      },
      "add_q_head": true,
      "q_head_type": "default"
    },
    "fsdp_config": {
      "strategy": "fsdp",
      "sharding_strategy": "no_shard",
      "gradient_checkpointing": false,
      "cpu_offload": false,
      "offload_pin_memory": false,
      "reshard_after_forward": true,
      "enable_gradient_accumulation": true,
      "forward_prefetch": false,
      "limit_all_gathers": false,
      "backward_prefetch": null,
      "use_orig_params": true,
      "use_liger_kernel": false,
      "mixed_precision": {
        "param_dtype": null,
        "reduce_dtype": null,
        "buffer_dtype": null
      },
      "amp_autocast": {
        "enabled": false,
        "precision": "bf16"
      },
      "grad_scaler": {
        "enabled": false,
        "init_scale": null,
        "growth_interval": null
      },
      "save_full_model_weights": false
    },
    "group_name": "ActorGroup",
    "training_backend": "fsdp",
    "micro_batch_size": 64,
    "global_batch_size": 256,
    "seed": 1234,
    "enable_offload": false,
    "enable_drq": true,
    "compile_model": false,
    "optim": {
      "lr": 0.0001,
      "adam_beta1": 0.9,
      "adam_beta2": 0.96,
      "adam_eps": 1e-08,
      "clip_grad": 3.5
    },
    "critic_optim": {
      "lr": 0.0003,
      "clip_grad": 10.0,
      "lr_scheduler": "torch_constant"
    }
  },
  "weight_syncer": {
    "type": "patch",
    "patch": {
      "snapshot_device": "cpu",
      "delta_encoding": true,
      "compression": "none",
      "init_sync": {
        "enabled": true,
        "prefixes": null,
        "bucket_size": 134217728
      },
      "transport_device": "cpu"
    }
  },
  "cluster": {
    "num_nodes": 1,
    "component_placement": {
      "actor, env, rollout": "6-7"
    },
    "tracer": {
      "enable": false
    }
  },
  "runner": {
    "task_type": "embodied",
    "logger": {
      "log_path": "/data/chenyiteng/results/rlinf-current-dsrl/formal-dsrl-pi0-robotwin-2gpu4env-200c-20260824-v1/run",
      "project_name": "rlinf",
      "experiment_name": "dsrl-current-formal-200c-v1",
      "logger_backends": [
        "tensorboard"
      ]
    },
    "max_epochs": 1000,
    "max_steps": 200,
    "only_eval": false,
    "val_check_interval": 13,
    "save_interval": 65,
    "resume_dir": null,
    "ckpt_path": null,
    "per_worker_log": false,
    "per_worker_log_path": null,
    "weight_sync_interval": 1,
    "overlap_env_bootstrap": false
  },
  "algorithm": {
    "normalize_advantages": false,
    "kl_penalty": "kl",
    "group_size": 1,
    "reward_coef": 1.0,
    "reward_type": "chunk_level",
    "logprob_type": "chunk_level",
    "entropy_type": "token_level",
    "update_epoch": 1,
    "utd_ratio": 20,
    "adv_type": "embodied_sac",
    "loss_type": "embodied_sac",
    "loss_agg_func": "token-mean",
    "agg_q": "mean",
    "actor_agg_q": "mean",
    "backup_entropy": false,
    "critic_subsample_size": 0,
    "critic_actor_ratio": 1,
    "bootstrap_type": "standard",
    "gamma": 0.999,
    "tau": 0.005,
    "entropy_tuning": {
      "alpha_type": "softplus",
      "initial_alpha": 1.0,
      "target_entropy": -16,
      "optim": {
        "lr": 0.0003,
        "lr_scheduler": "torch_constant",
        "clip_grad": 10.0
      }
    },
    "replay_buffer": {
      "type": "dsrl_transition",
      "schema_version": 1,
      "capacity": 25000,
      "warmup_size": 500,
      "min_buffer_size": 1,
      "enable_preload": false
    },
    "target_update_freq": 1,
    "target_update_type": "all",
    "filter_rewards": false,
    "rewards_lower_bound": 0.1,
    "rewards_upper_bound": 0.9
  },
  "rollout": {
    "group_name": "RolloutGroup",
    "backend": "huggingface",
    "recompute_logprobs": false,
    "enable_offload": false,
    "pipeline_stage_num": 1,
    "collect_transitions": true,
    "collect_prev_infos": false,
    "model": {
      "model_path": "/data/chenyiteng/models/rlinf/RLinf-Pi0-RoboTwin-SFT-adjust_bottle@92684e50",
      "precision": null
    }
  },
  "reward": {
    "use_reward_model": false
  },
  "critic": {
    "use_critic_model": false
  }
}
[INFO 16:37:49 FlexiblePlacementStrategy] 
[INFO 16:37:49 FlexiblePlacementStrategy] Using flexible placement with hardware ranks: [[6], [7]], node groups: ['cluster'].
[INFO 16:37:49 FlexiblePlacementStrategy] Generated 2 placements: [Placement(rank=0, cluster_node_rank=0, placement_node_rank=0, local_accelerator_rank=6, accelerator_type='NV_GPU', local_rank=0, local_world_size=2, visible_accelerators=['6'], isolate_accelerator=True, local_hardware_ranks=[6], node_group_label='cluster'), Placement(rank=1, cluster_node_rank=0, placement_node_rank=0, local_accelerator_rank=7, accelerator_type='NV_GPU', local_rank=1, local_world_size=2, visible_accelerators=['7'], isolate_accelerator=True, local_hardware_ranks=[7], node_group_label='cluster')].
[INFO 16:37:49 FlexiblePlacementStrategy] Generated 2 placements: [Placement(rank=0, cluster_node_rank=0, placement_node_rank=0, local_accelerator_rank=6, accelerator_type='NV_GPU', local_rank=0, local_world_size=2, visible_accelerators=['6'], isolate_accelerator=True, local_hardware_ranks=[6], node_group_label='cluster'), Placement(rank=1, cluster_node_rank=0, placement_node_rank=0, local_accelerator_rank=7, accelerator_type='NV_GPU', local_rank=1, local_world_size=2, visible_accelerators=['7'], isolate_accelerator=True, local_hardware_ranks=[7], node_group_label='cluster')].
[INFO 16:37:49 FlexiblePlacementStrategy] Generated 2 placements: [Placement(rank=0, cluster_node_rank=0, placement_node_rank=0, local_accelerator_rank=6, accelerator_type='NV_GPU', local_rank=0, local_world_size=2, visible_accelerators=['6'], isolate_accelerator=True, local_hardware_ranks=[6], node_group_label='cluster'), Placement(rank=1, cluster_node_rank=0, placement_node_rank=0, local_accelerator_rank=7, accelerator_type='NV_GPU', local_rank=1, local_world_size=2, visible_accelerators=['7'], isolate_accelerator=True, local_hardware_ranks=[7], node_group_label='cluster')].
[INFO 16:37:49 NodePlacementStrategy] 
[INFO 16:37:49 NodePlacementStrategy] Using node placement with node ranks: [0], node groups: ['node'].
[INFO 16:37:49 NodePlacementStrategy] Generated 1 placements: [Placement(rank=0, cluster_node_rank=0, placement_node_rank=0, local_accelerator_rank='0', accelerator_type='NV_GPU', local_rank=0, local_world_size=1, visible_accelerators=['0', '1', '2', '3', '4', '5', '6', '7'], isolate_accelerator=True, local_hardware_ranks=[], node_group_label='cluster')].
[INFO 16:37:50 NodePlacementStrategy] 
[INFO 16:37:50 NodePlacementStrategy] Using node placement with node ranks: [0], node groups: ['node'].
[INFO 16:37:50 NodePlacementStrategy] Generated 1 placements: [Placement(rank=0, cluster_node_rank=0, placement_node_rank=0, local_accelerator_rank='0', accelerator_type='NV_GPU', local_rank=0, local_world_size=1, visible_accelerators=['0', '1', '2', '3', '4', '5', '6', '7'], isolate_accelerator=True, local_hardware_ranks=[], node_group_label='cluster')].
[INFO 16:37:50 NodePlacementStrategy] 
[INFO 16:37:50 NodePlacementStrategy] Using node placement with node ranks: [0], node groups: ['node'].
[INFO 16:37:50 NodePlacementStrategy] Generated 1 placements: [Placement(rank=0, cluster_node_rank=0, placement_node_rank=0, local_accelerator_rank='0', accelerator_type='NV_GPU', local_rank=0, local_world_size=1, visible_accelerators=['0', '1', '2', '3', '4', '5', '6', '7'], isolate_accelerator=True, local_hardware_ranks=[], node_group_label='cluster')].
WARNING: All log messages before absl::InitializeLog() is called are written to STDERR
I0000 00:00:1787503070.447293  344178 port.cc:153] oneDNN custom operations are on. You may see slightly different numerical results due to floating-point round-off errors from different computation orders. To turn them off, set the environment variable `TF_ENABLE_ONEDNN_OPTS=0`.
I0000 00:00:1787503070.502905  344178 cpu_feature_guard.cc:227] This TensorFlow binary is optimized to use available CPU instructions in performance-critical operations.
To enable the following instructions: AVX2 AVX512F AVX512_VNNI AVX512_BF16 AVX512_FP16 AVX_VNNI AMX_TILE AMX_INT8 AMX_BF16 FMA, in other operations, rebuild TensorFlow with the appropriate compiler flags.
WARNING: All log messages before absl::InitializeLog() is called are written to STDERR
I0000 00:00:1787503072.258270  344178 port.cc:153] oneDNN custom operations are on. You may see slightly different numerical results due to floating-point round-off errors from different computation orders. To turn them off, set the environment variable `TF_ENABLE_ONEDNN_OPTS=0`.
[36m(EnvWorker pid=344727)[0m [INFO 16:37:55 FlexiblePlacementStrategy] 
[36m(EnvWorker pid=344727)[0m [INFO 16:37:55 FlexiblePlacementStrategy] Using flexible placement with hardware ranks: [[6], [7]], node groups: ['cluster'].
[36m(EnvWorker pid=344782)[0m [INFO 16:37:55 FlexiblePlacementStrategy] 
[36m(EnvWorker pid=344782)[0m [INFO 16:37:55 FlexiblePlacementStrategy] Using flexible placement with hardware ranks: [[6], [7]], node groups: ['cluster'].
[36m(MultiStepRolloutWorker pid=344723)[0m [INFO 16:37:55 FlexiblePlacementStrategy] 
[36m(MultiStepRolloutWorker pid=344723)[0m [INFO 16:37:55 FlexiblePlacementStrategy] Using flexible placement with hardware ranks: [[6], [7]], node groups: ['cluster'].
[36m(MultiStepRolloutWorker pid=344725)[0m [INFO 16:37:55 FlexiblePlacementStrategy] 
[36m(MultiStepRolloutWorker pid=344725)[0m [INFO 16:37:55 FlexiblePlacementStrategy] Using flexible placement with hardware ranks: [[6], [7]], node groups: ['cluster'].
[36m(EmbodiedSACFSDPPolicy pid=344717)[0m [WARNING 16:37:57 ActorGroup-Rank-0][fsdp_model_manager.py:79] Provided there is sufficient GPU memory, set the actor.model.precision parameter to fp32 to allow the optimizer to run in fp32 for better convergence. Meanwhile, setting mixed_precision.param_dtype to 16-bit dtype can help maximize speed, as it will automatically convert fp32 to fp16 during operator execution.
[36m(EmbodiedSACFSDPPolicy pid=344719)[0m [WARNING 16:37:57 ActorGroup-Rank-1][fsdp_model_manager.py:79] Provided there is sufficient GPU memory, set the actor.model.precision parameter to fp32 to allow the optimizer to run in fp32 for better convergence. Meanwhile, setting mixed_precision.param_dtype to 16-bit dtype can help maximize speed, as it will automatically convert fp32 to fp16 during operator execution.
[36m(RolloutGroup(rank=0) pid=344723)[0m WARNING: All log messages before absl::InitializeLog() is called are written to STDERR
[36m(RolloutGroup(rank=0) pid=344723)[0m I0000 00:00:1787503077.973898  345633 port.cc:153] oneDNN custom operations are on. You may see slightly different numerical results due to floating-point round-off errors from different computation orders. To turn them off, set the environment variable `TF_ENABLE_ONEDNN_OPTS=0`.
[36m(RolloutGroup(rank=1) pid=344725)[0m WARNING: All log messages before absl::InitializeLog() is called are written to STDERR
[36m(RolloutGroup(rank=1) pid=344725)[0m I0000 00:00:1787503077.972679  345632 port.cc:153] oneDNN custom operations are on. You may see slightly different numerical results due to floating-point round-off errors from different computation orders. To turn them off, set the environment variable `TF_ENABLE_ONEDNN_OPTS=0`.
[36m(RolloutGroup(rank=1) pid=344725)[0m WARNING: All log messages before absl::InitializeLog() is called are written to STDERR
[36m(RolloutGroup(rank=1) pid=344725)[0m I0000 00:00:1787503079.265366  345632 port.cc:153] oneDNN custom operations are on. You may see slightly different numerical results due to floating-point round-off errors from different computation orders. To turn them off, set the environment variable `TF_ENABLE_ONEDNN_OPTS=0`.
[36m(RolloutGroup(rank=0) pid=344723)[0m WARNING: All log messages before absl::InitializeLog() is called are written to STDERR
[36m(RolloutGroup(rank=0) pid=344723)[0m I0000 00:00:1787503079.302193  345633 port.cc:153] oneDNN custom operations are on. You may see slightly different numerical results due to floating-point round-off errors from different computation orders. To turn them off, set the environment variable `TF_ENABLE_ONEDNN_OPTS=0`.
[36m(EmbodiedSACFSDPPolicy pid=344717)[0m [INFO 16:37:59 FlexiblePlacementStrategy] 
[36m(EmbodiedSACFSDPPolicy pid=344717)[0m [INFO 16:37:59 FlexiblePlacementStrategy] Using flexible placement with hardware ranks: [[6], [7]], node groups: ['cluster'].
[36m(EmbodiedSACFSDPPolicy pid=344717)[0m [INFO 16:37:59 ActorGroup-Rank-0][fsdp_model_manager.py:133] [FSDP] AMP is disabled.
[36m(EmbodiedSACFSDPPolicy pid=344719)[0m [INFO 16:37:59 FlexiblePlacementStrategy] 
[36m(EmbodiedSACFSDPPolicy pid=344719)[0m [INFO 16:37:59 FlexiblePlacementStrategy] Using flexible placement with hardware ranks: [[6], [7]], node groups: ['cluster'].
[36m(EmbodiedSACFSDPPolicy pid=344719)[0m [INFO 16:37:59 ActorGroup-Rank-1][fsdp_model_manager.py:133] [FSDP] AMP is disabled.
[36m(RolloutGroup(rank=1) pid=344725)[0m [INFO 16:38:38 RolloutGroup-Rank-1][openpi_action_model.py:1475] [FREEZE_VLM] DSRL mode: freezing gemma_expert parameters
[36m(RolloutGroup(rank=1) pid=344725)[0m [INFO 16:38:38 RolloutGroup-Rank-1][openpi_action_model.py:1485] [FREEZE_VLM] DSRL mode: freezing projection layers (used in rollout/eval but not optimized)
[36m(RolloutGroup(rank=1) pid=344725)[0m [INFO 16:38:38 RolloutGroup-Rank-1][openpi_action_model.py:1508]   Froze: action_in_proj.weight
[36m(RolloutGroup(rank=1) pid=344725)[0m [INFO 16:38:38 RolloutGroup-Rank-1][openpi_action_model.py:1508]   Froze: action_in_proj.bias
[36m(RolloutGroup(rank=1) pid=344725)[0m [INFO 16:38:38 RolloutGroup-Rank-1][openpi_action_model.py:1508]   Froze: action_out_proj.weight
[36m(RolloutGroup(rank=1) pid=344725)[0m [INFO 16:38:38 RolloutGroup-Rank-1][openpi_action_model.py:1508]   Froze: action_out_proj.bias
[36m(RolloutGroup(rank=1) pid=344725)[0m [INFO 16:38:38 RolloutGroup-Rank-1][openpi_action_model.py:1508]   Froze: state_proj.weight
[36m(RolloutGroup(rank=1) pid=344725)[0m [INFO 16:38:38 RolloutGroup-Rank-1][openpi_action_model.py:1508]   Froze: state_proj.bias
[36m(RolloutGroup(rank=1) pid=344725)[0m [INFO 16:38:38 RolloutGroup-Rank-1][openpi_action_model.py:1508]   Froze: action_time_mlp_in.weight
[36m(RolloutGroup(rank=1) pid=344725)[0m [INFO 16:38:38 RolloutGroup-Rank-1][openpi_action_model.py:1508]   Froze: action_time_mlp_in.bias
[36m(RolloutGroup(rank=1) pid=344725)[0m [INFO 16:38:38 RolloutGroup-Rank-1][openpi_action_model.py:1508]   Froze: action_time_mlp_out.weight
[36m(RolloutGroup(rank=1) pid=344725)[0m [INFO 16:38:38 RolloutGroup-Rank-1][openpi_action_model.py:1508]   Froze: action_time_mlp_out.bias
[36m(RolloutGroup(rank=1) pid=344725)[0m INFO:root:Loaded norm stats from /data/chenyiteng/models/rlinf/RLinf-Pi0-RoboTwin-SFT-adjust_bottle@92684e50/physical-intelligence/robotwin
[36m(RolloutGroup(rank=1) pid=344725)[0m INFO:root:Loaded norm stats from /data/chenyiteng/models/rlinf/RLinf-Pi0-RoboTwin-SFT-adjust_bottle@92684e50/physical-intelligence/robotwin
[36m(RolloutGroup(rank=0) pid=344723)[0m [INFO 16:38:40 RolloutGroup-Rank-0][openpi_action_model.py:1475] [FREEZE_VLM] DSRL mode: freezing gemma_expert parameters
[36m(RolloutGroup(rank=0) pid=344723)[0m [INFO 16:38:40 RolloutGroup-Rank-0][openpi_action_model.py:1485] [FREEZE_VLM] DSRL mode: freezing projection layers (used in rollout/eval but not optimized)
[36m(RolloutGroup(rank=0) pid=344723)[0m [INFO 16:38:40 RolloutGroup-Rank-0][openpi_action_model.py:1508]   Froze: action_in_proj.weight
[36m(RolloutGroup(rank=0) pid=344723)[0m [INFO 16:38:40 RolloutGroup-Rank-0][openpi_action_model.py:1508]   Froze: action_in_proj.bias
[36m(RolloutGroup(rank=0) pid=344723)[0m [INFO 16:38:40 RolloutGroup-Rank-0][openpi_action_model.py:1508]   Froze: action_out_proj.weight
[36m(RolloutGroup(rank=0) pid=344723)[0m [INFO 16:38:40 RolloutGroup-Rank-0][openpi_action_model.py:1508]   Froze: action_out_proj.bias
[36m(RolloutGroup(rank=0) pid=344723)[0m [INFO 16:38:40 RolloutGroup-Rank-0][openpi_action_model.py:1508]   Froze: state_proj.weight
[36m(RolloutGroup(rank=0) pid=344723)[0m [INFO 16:38:40 RolloutGroup-Rank-0][openpi_action_model.py:1508]   Froze: state_proj.bias
[36m(RolloutGroup(rank=0) pid=344723)[0m [INFO 16:38:40 RolloutGroup-Rank-0][openpi_action_model.py:1508]   Froze: action_time_mlp_in.weight
[36m(RolloutGroup(rank=0) pid=344723)[0m [INFO 16:38:40 RolloutGroup-Rank-0][openpi_action_model.py:1508]   Froze: action_time_mlp_in.bias
[36m(RolloutGroup(rank=0) pid=344723)[0m [INFO 16:38:40 RolloutGroup-Rank-0][openpi_action_model.py:1508]   Froze: action_time_mlp_out.weight
[36m(RolloutGroup(rank=0) pid=344723)[0m [INFO 16:38:40 RolloutGroup-Rank-0][openpi_action_model.py:1508]   Froze: action_time_mlp_out.bias
[36m(RolloutGroup(rank=0) pid=344723)[0m INFO:root:Loaded norm stats from /data/chenyiteng/models/rlinf/RLinf-Pi0-RoboTwin-SFT-adjust_bottle@92684e50/physical-intelligence/robotwin
[36m(RolloutGroup(rank=0) pid=344723)[0m INFO:root:Loaded norm stats from /data/chenyiteng/models/rlinf/RLinf-Pi0-RoboTwin-SFT-adjust_bottle@92684e50/physical-intelligence/robotwin
[36m(ActorGroup(rank=0) pid=344717)[0m WARNING: All log messages before absl::InitializeLog() is called are written to STDERR
[36m(ActorGroup(rank=0) pid=344717)[0m I0000 00:00:1787503124.598713  345719 port.cc:153] oneDNN custom operations are on. You may see slightly different numerical results due to floating-point round-off errors from different computation orders. To turn them off, set the environment variable `TF_ENABLE_ONEDNN_OPTS=0`.
[36m(ActorGroup(rank=1) pid=344719)[0m WARNING: All log messages before absl::InitializeLog() is called are written to STDERR
[36m(ActorGroup(rank=1) pid=344719)[0m I0000 00:00:1787503124.598033  345704 port.cc:153] oneDNN custom operations are on. You may see slightly different numerical results due to floating-point round-off errors from different computation orders. To turn them off, set the environment variable `TF_ENABLE_ONEDNN_OPTS=0`.
[36m(ActorGroup(rank=0) pid=344717)[0m WARNING: All log messages before absl::InitializeLog() is called are written to STDERR
[36m(ActorGroup(rank=0) pid=344717)[0m I0000 00:00:1787503126.218143  345719 port.cc:153] oneDNN custom operations are on. You may see slightly different numerical results due to floating-point round-off errors from different computation orders. To turn them off, set the environment variable `TF_ENABLE_ONEDNN_OPTS=0`.
[36m(ActorGroup(rank=1) pid=344719)[0m WARNING: All log messages before absl::InitializeLog() is called are written to STDERR
[36m(ActorGroup(rank=1) pid=344719)[0m I0000 00:00:1787503126.204526  345704 port.cc:153] oneDNN custom operations are on. You may see slightly different numerical results due to floating-point round-off errors from different computation orders. To turn them off, set the environment variable `TF_ENABLE_ONEDNN_OPTS=0`.
[36m(ActorGroup(rank=0) pid=344717)[0m [INFO 16:39:24 ActorGroup-Rank-0][openpi_action_model.py:1475] [FREEZE_VLM] DSRL mode: freezing gemma_expert parameters
[36m(ActorGroup(rank=0) pid=344717)[0m [INFO 16:39:24 ActorGroup-Rank-0][openpi_action_model.py:1485] [FREEZE_VLM] DSRL mode: freezing projection layers (used in rollout/eval but not optimized)
[36m(ActorGroup(rank=0) pid=344717)[0m [INFO 16:39:24 ActorGroup-Rank-0][openpi_action_model.py:1508]   Froze: action_in_proj.weight
[36m(ActorGroup(rank=0) pid=344717)[0m [INFO 16:39:24 ActorGroup-Rank-0][openpi_action_model.py:1508]   Froze: action_in_proj.bias
[36m(ActorGroup(rank=0) pid=344717)[0m [INFO 16:39:24 ActorGroup-Rank-0][openpi_action_model.py:1508]   Froze: action_out_proj.weight
[36m(ActorGroup(rank=0) pid=344717)[0m [INFO 16:39:24 ActorGroup-Rank-0][openpi_action_model.py:1508]   Froze: action_out_proj.bias
[36m(ActorGroup(rank=0) pid=344717)[0m [INFO 16:39:24 ActorGroup-Rank-0][openpi_action_model.py:1508]   Froze: state_proj.weight
[36m(ActorGroup(rank=0) pid=344717)[0m [INFO 16:39:24 ActorGroup-Rank-0][openpi_action_model.py:1508]   Froze: state_proj.bias
[36m(ActorGroup(rank=0) pid=344717)[0m [INFO 16:39:24 ActorGroup-Rank-0][openpi_action_model.py:1508]   Froze: action_time_mlp_in.weight
[36m(ActorGroup(rank=0) pid=344717)[0m [INFO 16:39:24 ActorGroup-Rank-0][openpi_action_model.py:1508]   Froze: action_time_mlp_in.bias
[36m(ActorGroup(rank=0) pid=344717)[0m [INFO 16:39:24 ActorGroup-Rank-0][openpi_action_model.py:1508]   Froze: action_time_mlp_out.weight
[36m(ActorGroup(rank=0) pid=344717)[0m [INFO 16:39:24 ActorGroup-Rank-0][openpi_action_model.py:1508]   Froze: action_time_mlp_out.bias
[36m(ActorGroup(rank=0) pid=344717)[0m INFO:root:Loaded norm stats from /data/chenyiteng/models/rlinf/RLinf-Pi0-RoboTwin-SFT-adjust_bottle@92684e50/physical-intelligence/robotwin
[36m(ActorGroup(rank=0) pid=344717)[0m INFO:root:Loaded norm stats from /data/chenyiteng/models/rlinf/RLinf-Pi0-RoboTwin-SFT-adjust_bottle@92684e50/physical-intelligence/robotwin
[36m(ActorGroup(rank=1) pid=344719)[0m [INFO 16:39:26 ActorGroup-Rank-1][openpi_action_model.py:1475] [FREEZE_VLM] DSRL mode: freezing gemma_expert parameters
[36m(ActorGroup(rank=1) pid=344719)[0m [INFO 16:39:26 ActorGroup-Rank-1][openpi_action_model.py:1485] [FREEZE_VLM] DSRL mode: freezing projection layers (used in rollout/eval but not optimized)
[36m(ActorGroup(rank=1) pid=344719)[0m [INFO 16:39:26 ActorGroup-Rank-1][openpi_action_model.py:1508]   Froze: action_in_proj.weight
[36m(ActorGroup(rank=1) pid=344719)[0m [INFO 16:39:26 ActorGroup-Rank-1][openpi_action_model.py:1508]   Froze: action_in_proj.bias
[36m(ActorGroup(rank=1) pid=344719)[0m [INFO 16:39:26 ActorGroup-Rank-1][openpi_action_model.py:1508]   Froze: action_out_proj.weight
[36m(ActorGroup(rank=1) pid=344719)[0m [INFO 16:39:26 ActorGroup-Rank-1][openpi_action_model.py:1508]   Froze: action_out_proj.bias
[36m(ActorGroup(rank=1) pid=344719)[0m [INFO 16:39:26 ActorGroup-Rank-1][openpi_action_model.py:1508]   Froze: state_proj.weight
[36m(ActorGroup(rank=1) pid=344719)[0m [INFO 16:39:26 ActorGroup-Rank-1][openpi_action_model.py:1508]   Froze: state_proj.bias
[36m(ActorGroup(rank=1) pid=344719)[0m [INFO 16:39:26 ActorGroup-Rank-1][openpi_action_model.py:1508]   Froze: action_time_mlp_in.weight
[36m(ActorGroup(rank=1) pid=344719)[0m [INFO 16:39:26 ActorGroup-Rank-1][openpi_action_model.py:1508]   Froze: action_time_mlp_in.bias
[36m(ActorGroup(rank=1) pid=344719)[0m [INFO 16:39:26 ActorGroup-Rank-1][openpi_action_model.py:1508]   Froze: action_time_mlp_out.weight
[36m(ActorGroup(rank=1) pid=344719)[0m [INFO 16:39:26 ActorGroup-Rank-1][openpi_action_model.py:1508]   Froze: action_time_mlp_out.bias
[36m(ActorGroup(rank=1) pid=344719)[0m INFO:root:Loaded norm stats from /data/chenyiteng/models/rlinf/RLinf-Pi0-RoboTwin-SFT-adjust_bottle@92684e50/physical-intelligence/robotwin
[36m(ActorGroup(rank=1) pid=344719)[0m INFO:root:Loaded norm stats from /data/chenyiteng/models/rlinf/RLinf-Pi0-RoboTwin-SFT-adjust_bottle@92684e50/physical-intelligence/robotwin
[36m(ActorGroup(rank=0) pid=344717)[0m [INFO 16:40:01 ActorGroup-Rank-0][openpi_action_model.py:1475] [FREEZE_VLM] DSRL mode: freezing gemma_expert parameters
[36m(ActorGroup(rank=0) pid=344717)[0m [INFO 16:40:01 ActorGroup-Rank-0][openpi_action_model.py:1485] [FREEZE_VLM] DSRL mode: freezing projection layers (used in rollout/eval but not optimized)
[36m(ActorGroup(rank=0) pid=344717)[0m [INFO 16:40:01 ActorGroup-Rank-0][openpi_action_model.py:1508]   Froze: action_in_proj.weight
[36m(ActorGroup(rank=0) pid=344717)[0m [INFO 16:40:01 ActorGroup-Rank-0][openpi_action_model.py:1508]   Froze: action_in_proj.bias
[36m(ActorGroup(rank=0) pid=344717)[0m [INFO 16:40:01 ActorGroup-Rank-0][openpi_action_model.py:1508]   Froze: action_out_proj.weight
[36m(ActorGroup(rank=0) pid=344717)[0m [INFO 16:40:01 ActorGroup-Rank-0][openpi_action_model.py:1508]   Froze: action_out_proj.bias
[36m(ActorGroup(rank=0) pid=344717)[0m [INFO 16:40:01 ActorGroup-Rank-0][openpi_action_model.py:1508]   Froze: state_proj.weight
[36m(ActorGroup(rank=0) pid=344717)[0m [INFO 16:40:01 ActorGroup-Rank-0][openpi_action_model.py:1508]   Froze: state_proj.bias
[36m(ActorGroup(rank=0) pid=344717)[0m [INFO 16:40:01 ActorGroup-Rank-0][openpi_action_model.py:1508]   Froze: action_time_mlp_in.weight
[36m(ActorGroup(rank=0) pid=344717)[0m [INFO 16:40:01 ActorGroup-Rank-0][openpi_action_model.py:1508]   Froze: action_time_mlp_in.bias
[36m(ActorGroup(rank=0) pid=344717)[0m [INFO 16:40:01 ActorGroup-Rank-0][openpi_action_model.py:1508]   Froze: action_time_mlp_out.weight
[36m(ActorGroup(rank=0) pid=344717)[0m [INFO 16:40:01 ActorGroup-Rank-0][openpi_action_model.py:1508]   Froze: action_time_mlp_out.bias
[36m(ActorGroup(rank=0) pid=344717)[0m INFO:root:Loaded norm stats from /data/chenyiteng/models/rlinf/RLinf-Pi0-RoboTwin-SFT-adjust_bottle@92684e50/physical-intelligence/robotwin
[36m(ActorGroup(rank=0) pid=344717)[0m INFO:root:Loaded norm stats from /data/chenyiteng/models/rlinf/RLinf-Pi0-RoboTwin-SFT-adjust_bottle@92684e50/physical-intelligence/robotwin
[36m(ActorGroup(rank=0) pid=344717)[0m [INFO 16:40:04 ActorGroup-Rank-0][fsdp_sac_policy_worker.py:96] [FSDP] Gradient checkpointing is disabled
[36m(ActorGroup(rank=0) pid=344717)[0m /home/chenyiteng/venvs/rlinf-7d07-openpi-robotwin/lib/python3.11/site-packages/torch/distributed/fsdp/wrap.py:485: FutureWarning: The `NO_SHARD` sharding strategy is deprecated. If having issues, please use `DistributedDataParallel` instead.
[36m(ActorGroup(rank=0) pid=344717)[0m   return wrapper_cls(module, **kwargs)
[36m(ActorGroup(rank=1) pid=344719)[0m [INFO 16:40:05 ActorGroup-Rank-1][openpi_action_model.py:1475] [FREEZE_VLM] DSRL mode: freezing gemma_expert parameters
[36m(ActorGroup(rank=1) pid=344719)[0m [INFO 16:40:05 ActorGroup-Rank-1][openpi_action_model.py:1485] [FREEZE_VLM] DSRL mode: freezing projection layers (used in rollout/eval but not optimized)
[36m(ActorGroup(rank=1) pid=344719)[0m [INFO 16:40:05 ActorGroup-Rank-1][openpi_action_model.py:1508]   Froze: action_in_proj.weight
[36m(ActorGroup(rank=1) pid=344719)[0m [INFO 16:40:05 ActorGroup-Rank-1][openpi_action_model.py:1508]   Froze: action_in_proj.bias
[36m(ActorGroup(rank=1) pid=344719)[0m [INFO 16:40:05 ActorGroup-Rank-1][openpi_action_model.py:1508]   Froze: action_out_proj.weight
[36m(ActorGroup(rank=1) pid=344719)[0m [INFO 16:40:05 ActorGroup-Rank-1][openpi_action_model.py:1508]   Froze: action_out_proj.bias
[36m(ActorGroup(rank=1) pid=344719)[0m [INFO 16:40:05 ActorGroup-Rank-1][openpi_action_model.py:1508]   Froze: state_proj.weight
[36m(ActorGroup(rank=1) pid=344719)[0m [INFO 16:40:05 ActorGroup-Rank-1][openpi_action_model.py:1508]   Froze: state_proj.bias
[36m(ActorGroup(rank=1) pid=344719)[0m [INFO 16:40:05 ActorGroup-Rank-1][openpi_action_model.py:1508]   Froze: action_time_mlp_in.weight
[36m(ActorGroup(rank=1) pid=344719)[0m [INFO 16:40:05 ActorGroup-Rank-1][openpi_action_model.py:1508]   Froze: action_time_mlp_in.bias
[36m(ActorGroup(rank=1) pid=344719)[0m [INFO 16:40:05 ActorGroup-Rank-1][openpi_action_model.py:1508]   Froze: action_time_mlp_out.weight
[36m(ActorGroup(rank=1) pid=344719)[0m [INFO 16:40:05 ActorGroup-Rank-1][openpi_action_model.py:1508]   Froze: action_time_mlp_out.bias
[36m(ActorGroup(rank=1) pid=344719)[0m INFO:root:Loaded norm stats from /data/chenyiteng/models/rlinf/RLinf-Pi0-RoboTwin-SFT-adjust_bottle@92684e50/physical-intelligence/robotwin
[36m(ActorGroup(rank=1) pid=344719)[0m INFO:root:Loaded norm stats from /data/chenyiteng/models/rlinf/RLinf-Pi0-RoboTwin-SFT-adjust_bottle@92684e50/physical-intelligence/robotwin
[36m(ActorGroup(rank=1) pid=344719)[0m /home/chenyiteng/venvs/rlinf-7d07-openpi-robotwin/lib/python3.11/site-packages/torch/distributed/fsdp/wrap.py:485: FutureWarning: The `NO_SHARD` sharding strategy is deprecated. If having issues, please use `DistributedDataParallel` instead.
[36m(ActorGroup(rank=1) pid=344719)[0m   return wrapper_cls(module, **kwargs)
[36m(ActorGroup(rank=1) pid=344719)[0m [INFO 16:40:07 ActorGroup-Rank-1][fsdp_sac_policy_worker.py:96] [FSDP] Gradient checkpointing is disabled
[36m(ActorGroup(rank=0) pid=344717)[0m /data/chenyiteng/ray/rlt-dsrl-v3/session_2026-08-23_16-27-53_911161_321906/runtime_resources/py_modules_files/_ray_pkg_d492505f8a8ca2d9/rlinf/hybrid_engines/fsdp/strategy/fsdp.py:173: FutureWarning: The `NO_SHARD` sharding strategy is deprecated. If having issues, please use `DistributedDataParallel` instead.
[36m(ActorGroup(rank=0) pid=344717)[0m   fsdp_model = FSDP(
[36m(ActorGroup(rank=1) pid=344719)[0m /data/chenyiteng/ray/rlt-dsrl-v3/session_2026-08-23_16-27-53_911161_321906/runtime_resources/py_modules_files/_ray_pkg_d492505f8a8ca2d9/rlinf/hybrid_engines/fsdp/strategy/fsdp.py:173: FutureWarning: The `NO_SHARD` sharding strategy is deprecated. If having issues, please use `DistributedDataParallel` instead.
[36m(ActorGroup(rank=1) pid=344719)[0m   fsdp_model = FSDP(
[36m(RolloutGroup(rank=0) pid=344723)[0m Generating Rollout Epochs:   0%|          | 0/1 [00:00<?, ?it/s]
[36m(RolloutGroup(rank=0) pid=344723)[0m Generating Rollout Epochs: 100%|██████████| 1/1 [00:30<00:00, 30.10s/it]Generating Rollout Epochs: 100%|██████████| 1/1 [00:30<00:00, 30.10s/it]

╭──────────────────────────────────────────────────────────────────────────────────────────────────────────────────────╮
├──────────────────────────────────────────────────── Metric Table ────────────────────────────────────────────────────┤
│ Global Step:    1/200 │ Progress: ░░░░░░░░░░░░░░░░░░░░░░░░░░░░░░░░░░░░░░░░ │   0.5%                                  │
│ Elapsed: 00:41 │ ETA: 02:17:23 │ Step Time: 41.423s                                                                  │
├──────────────────────────────────────────────────────── Time ────────────────────────────────────────────────────────┤
│                                                                                                                      │
│actor/actor/compute_adv=4.83e-05       │actor/actor/recv_traj=32.241           │actor/actor/sync_model_to_rollout=8.5…│
│actor/run_training=0.0027              │actor_training=0.0056                  │cal_adv_and_returns=0.0059            │
│env/compute_bootstrap_rewards=8.03e-04 │env/env/bootstrap_step=16.305          │env/env/send_rollout_trajectories=0.3…│
│env/env_interact_step=11.747           │env/interact=31.734                    │env/run_interact_once=31.201          │
│generate_rollouts=32.287               │rollout/generate_one_epoch=30.851      │rollout/predict=1.908                 │
│rollout/rollout/generate=30.852        │rollout/sync_model_from_actor=9.063    │step=41.367                           │
│sync_weights=9.068                     │                                       │                                      │
│                                                                                                                      │
├──────────────────────────────────────────────────── Environment ─────────────────────────────────────────────────────┤
│                                                                                                                      │
│episode_len=200.0                      │num_trajectories=4                     │return=0.0                            │
│reward=0.0                             │success_once=0.0                       │                                      │
│                                                                                                                      │
├─────────────────────────────────────────────────── Replay Buffer ────────────────────────────────────────────────────┤
│                                                                                                                      │
│local_capacity=1.25e+04                │resident_transitions=20.000            │total_inserted=20.000                 │
│write_cursor=20.000                    │                                       │                                      │
│                                                                                                                      │
├─────────────────────────────────────────────────── Training/Other ───────────────────────────────────────────────────┤
│                                                                                                                      │
│sac/global_new_transitions=40.000      │sac/global_resident_transitions=40.000 │                                      │
│                                                                                                                      │
╰──────────────────────────────────────────────────────────────────────────────────────────────────────────────────────╯

[36m(ActorGroup(rank=0) pid=344717)[0m [INFO 16:40:50 ActorGroup-Rank-0][fsdp_sac_policy_worker.py:901] DSRL replay warm-up: 40 < 500 global transitions
[36m(RolloutGroup(rank=0) pid=344723)[0m Generating Rollout Epochs:   0%|          | 0/1 [00:00<?, ?it/s]
[36m(RolloutGroup(rank=0) pid=344723)[0m Generating Rollout Epochs: 100%|██████████| 1/1 [00:29<00:00, 29.71s/it]Generating Rollout Epochs: 100%|██████████| 1/1 [00:29<00:00, 29.71s/it]
[36m(ActorGroup(rank=0) pid=344717)[0m [INFO 16:41:21 ActorGroup-Rank-0][fsdp_sac_policy_worker.py:901] DSRL replay warm-up: 80 < 500 global transitions

╭──────────────────────────────────────────────────────────────────────────────────────────────────────────────────────╮
├──────────────────────────────────────────────────── Metric Table ────────────────────────────────────────────────────┤
│ Global Step:    2/200 │ Progress: ░░░░░░░░░░░░░░░░░░░░░░░░░░░░░░░░░░░░░░░░ │   1.0%                                  │
│ Elapsed: 01:12 │ ETA: 02:00:23 │ Step Time: 36.484s                                                                  │
├──────────────────────────────────────────────────────── Time ────────────────────────────────────────────────────────┤
│                                                                                                                      │
│actor/actor/compute_adv=2.96e-05       │actor/actor/recv_traj=30.856           │actor/actor/sync_model_to_rollout=0.1…│
│actor/run_training=0.0023              │actor_training=0.0059                  │cal_adv_and_returns=0.0047            │
│env/compute_bootstrap_rewards=9.17e-04 │env/env/bootstrap_step=16.856          │env/env/send_rollout_trajectories=0.3…│
│env/env_interact_step=11.478           │env/interact=30.725                    │env/run_interact_once=30.074          │
│generate_rollouts=30.894               │rollout/generate_one_epoch=29.715      │rollout/predict=1.246                 │
│rollout/rollout/generate=29.715        │rollout/sync_model_from_actor=0.614    │step=31.522                           │
│sync_weights=0.617                     │                                       │                                      │
│                                                                                                                      │
├──────────────────────────────────────────────────── Environment ─────────────────────────────────────────────────────┤
│                                                                                                                      │
│episode_len=200.0                      │num_trajectories=4                     │return=0.0                            │
│reward=0.0                             │success_once=0.0                       │                                      │
│                                                                                                                      │
├─────────────────────────────────────────────────── Replay Buffer ────────────────────────────────────────────────────┤
│                                                                                                                      │
│local_capacity=1.25e+04                │resident_transitions=40.000            │total_inserted=40.000                 │
│write_cursor=40.000                    │                                       │                                      │
│                                                                                                                      │
├─────────────────────────────────────────────────── Training/Other ───────────────────────────────────────────────────┤
│                                                                                                                      │
│sac/global_new_transitions=40.000      │sac/global_resident_transitions=80.000 │                                      │
│                                                                                                                      │
╰──────────────────────────────────────────────────────────────────────────────────────────────────────────────────────╯

[36m(RolloutGroup(rank=0) pid=344723)[0m Generating Rollout Epochs:   0%|          | 0/1 [00:00<?, ?it/s]
[36m(RolloutGroup(rank=0) pid=344723)[0m Generating Rollout Epochs: 100%|██████████| 1/1 [00:31<00:00, 31.05s/it]Generating Rollout Epochs: 100%|██████████| 1/1 [00:31<00:00, 31.05s/it]
[36m(ActorGroup(rank=0) pid=344717)[0m [INFO 16:41:54 ActorGroup-Rank-0][fsdp_sac_policy_worker.py:901] DSRL replay warm-up: 120 < 500 global transitions

╭──────────────────────────────────────────────────────────────────────────────────────────────────────────────────────╮
├──────────────────────────────────────────────────── Metric Table ────────────────────────────────────────────────────┤
│ Global Step:    3/200 │ Progress: ░░░░░░░░░░░░░░░░░░░░░░░░░░░░░░░░░░░░░░░░ │   1.5%                                  │
│ Elapsed: 01:45 │ ETA: 01:55:34 │ Step Time: 35.201s                                                                  │
├──────────────────────────────────────────────────────── Time ────────────────────────────────────────────────────────┤
│                                                                                                                      │
│actor/actor/compute_adv=2.81e-05       │actor/actor/recv_traj=32.066           │actor/actor/sync_model_to_rollout=0.1…│
│actor/run_training=0.0021              │actor_training=0.0051                  │cal_adv_and_returns=0.0046            │
│env/compute_bootstrap_rewards=7.60e-04 │env/env/bootstrap_step=17.462          │env/env/send_rollout_trajectories=0.3…│
│env/env_interact_step=11.962           │env/interact=32.005                    │env/run_interact_once=31.431          │
│generate_rollouts=32.105               │rollout/generate_one_epoch=31.045      │rollout/predict=1.240                 │
│rollout/rollout/generate=31.046        │rollout/sync_model_from_actor=0.498    │step=32.615                           │
│sync_weights=0.500                     │                                       │                                      │
│                                                                                                                      │
├──────────────────────────────────────────────────── Environment ─────────────────────────────────────────────────────┤
│                                                                                                                      │
│episode_len=200.0                      │num_trajectories=4                     │return=0.0                            │
│reward=0.0                             │success_once=0.0                       │                                      │
│                                                                                                                      │
├─────────────────────────────────────────────────── Replay Buffer ────────────────────────────────────────────────────┤
│                                                                                                                      │
│local_capacity=1.25e+04                │resident_transitions=60.000            │total_inserted=60.000                 │
│write_cursor=60.000                    │                                       │                                      │
│                                                                                                                      │
├─────────────────────────────────────────────────── Training/Other ───────────────────────────────────────────────────┤
│                                                                                                                      │
│sac/global_new_transitions=40.000      │sac/global_resident_transitions=120.0  │                                      │
│                                                                                                                      │
╰──────────────────────────────────────────────────────────────────────────────────────────────────────────────────────╯

[36m(RolloutGroup(rank=0) pid=344723)[0m Generating Rollout Epochs:   0%|          | 0/1 [00:00<?, ?it/s]
[36m(RolloutGroup(rank=0) pid=344723)[0m Generating Rollout Epochs: 100%|██████████| 1/1 [00:30<00:00, 30.53s/it]Generating Rollout Epochs: 100%|██████████| 1/1 [00:30<00:00, 30.53s/it]

╭──────────────────────────────────────────────────────────────────────────────────────────────────────────────────────╮
├──────────────────────────────────────────────────── Metric Table ────────────────────────────────────────────────────┤
│ Global Step:    4/200 │ Progress: ░░░░░░░░░░░░░░░░░░░░░░░░░░░░░░░░░░░░░░░░ │   2.0%                                  │
│ Elapsed: 02:17 │ ETA: 01:52:31 │ Step Time: 34.448s                                                                  │
├──────────────────────────────────────────────────────── Time ────────────────────────────────────────────────────────┤
│                                                                                                                      │
│actor/actor/compute_adv=3.20e-05       │actor/actor/recv_traj=31.550           │actor/actor/sync_model_to_rollout=0.1…│
│actor/run_training=0.0019              │actor_training=0.0046                  │cal_adv_and_returns=0.0046            │
│env/compute_bootstrap_rewards=8.65e-04 │env/env/bootstrap_step=17.350          │env/env/send_rollout_trajectories=0.3…│
│env/env_interact_step=11.530           │env/interact=31.485                    │env/run_interact_once=30.883          │
│generate_rollouts=31.589               │rollout/generate_one_epoch=30.532      │rollout/predict=1.257                 │
│rollout/rollout/generate=30.533        │rollout/sync_model_from_actor=0.565    │step=32.168                           │
│sync_weights=0.569                     │                                       │                                      │
│                                                                                                                      │
├──────────────────────────────────────────────────── Environment ─────────────────────────────────────────────────────┤
│                                                                                                                      │
│episode_len=200.0                      │num_trajectories=4                     │return=0.25                           │
│reward=0.00125                         │success_once=0.25                      │                                      │
│                                                                                                                      │
├─────────────────────────────────────────────────── Replay Buffer ────────────────────────────────────────────────────┤
│                                                                                                                      │
│local_capacity=1.25e+04                │resident_transitions=80.000            │total_inserted=80.000                 │
│write_cursor=80.000                    │                                       │                                      │
│                                                                                                                      │
├─────────────────────────────────────────────────── Training/Other ───────────────────────────────────────────────────┤
│                                                                                                                      │
│sac/global_new_transitions=40.000      │sac/global_resident_transitions=160.0  │                                      │
│                                                                                                                      │
╰──────────────────────────────────────────────────────────────────────────────────────────────────────────────────────╯

[36m(ActorGroup(rank=0) pid=344717)[0m [INFO 16:42:26 ActorGroup-Rank-0][fsdp_sac_policy_worker.py:901] DSRL replay warm-up: 160 < 500 global transitions
[36m(RolloutGroup(rank=0) pid=344723)[0m Generating Rollout Epochs:   0%|          | 0/1 [00:00<?, ?it/s]
[36m(RolloutGroup(rank=0) pid=344723)[0m Generating Rollout Epochs: 100%|██████████| 1/1 [00:28<00:00, 28.49s/it]Generating Rollout Epochs: 100%|██████████| 1/1 [00:28<00:00, 28.49s/it]
[36m(ActorGroup(rank=0) pid=344717)[0m [INFO 16:42:59 ActorGroup-Rank-0][fsdp_sac_policy_worker.py:901] DSRL replay warm-up: 196 < 500 global transitions

╭──────────────────────────────────────────────────────────────────────────────────────────────────────────────────────╮
├──────────────────────────────────────────────────── Metric Table ────────────────────────────────────────────────────┤
│ Global Step:    5/200 │ Progress: █░░░░░░░░░░░░░░░░░░░░░░░░░░░░░░░░░░░░░░░ │   2.5%                                  │
│ Elapsed: 02:50 │ ETA: 01:50:46 │ Step Time: 34.082s                                                                  │
├──────────────────────────────────────────────────────── Time ────────────────────────────────────────────────────────┤
│                                                                                                                      │
│actor/actor/compute_adv=3.71e-05       │actor/actor/recv_traj=31.962           │actor/actor/sync_model_to_rollout=0.1…│
│actor/run_training=0.0021              │actor_training=0.0054                  │cal_adv_and_returns=0.0056            │
│env/compute_bootstrap_rewards=8.73e-04 │env/env/bootstrap_step=17.590          │env/env/send_rollout_trajectories=0.3…│
│env/env_interact_step=11.695           │env/interact=31.898                    │env/run_interact_once=31.294          │
│generate_rollouts=31.999               │rollout/generate_one_epoch=30.956      │rollout/predict=1.229                 │
│rollout/rollout/generate=30.956        │rollout/sync_model_from_actor=0.584    │step=32.598                           │
│sync_weights=0.587                     │                                       │                                      │
│                                                                                                                      │
├──────────────────────────────────────────────────── Environment ─────────────────────────────────────────────────────┤
│                                                                                                                      │
│episode_len=200.0                      │num_trajectories=4                     │return=1.25                           │
│reward=0.00625                         │success_once=0.25                      │                                      │
│                                                                                                                      │
├─────────────────────────────────────────────────── Replay Buffer ────────────────────────────────────────────────────┤
│                                                                                                                      │
│local_capacity=1.25e+04                │resident_transitions=98.000            │total_inserted=98.000                 │
│write_cursor=98.000                    │                                       │                                      │
│                                                                                                                      │
├─────────────────────────────────────────────────── Training/Other ───────────────────────────────────────────────────┤
│                                                                                                                      │
│sac/global_new_transitions=36.000      │sac/global_resident_transitions=196.0  │                                      │
│                                                                                                                      │
╰──────────────────────────────────────────────────────────────────────────────────────────────────────────────────────╯

[36m(RolloutGroup(rank=0) pid=344723)[0m Generating Rollout Epochs:   0%|          | 0/1 [00:00<?, ?it/s]
[36m(RolloutGroup(rank=0) pid=344723)[0m Generating Rollout Epochs: 100%|██████████| 1/1 [00:30<00:00, 30.65s/it]Generating Rollout Epochs: 100%|██████████| 1/1 [00:30<00:00, 30.65s/it]

╭──────────────────────────────────────────────────────────────────────────────────────────────────────────────────────╮
├──────────────────────────────────────────────────── Metric Table ────────────────────────────────────────────────────┤
│ Global Step:    6/200 │ Progress: █░░░░░░░░░░░░░░░░░░░░░░░░░░░░░░░░░░░░░░░ │   3.0%                                  │
│ Elapsed: 03:22 │ ETA: 01:49:09 │ Step Time: 33.760s                                                                  │
├──────────────────────────────────────────────────────── Time ────────────────────────────────────────────────────────┤
│                                                                                                                      │
│actor/actor/compute_adv=2.52e-05       │actor/actor/recv_traj=31.556           │actor/actor/sync_model_to_rollout=0.1…│
│actor/run_training=0.0017              │actor_training=0.0045                  │cal_adv_and_returns=0.0055            │
│env/compute_bootstrap_rewards=8.75e-04 │env/env/bootstrap_step=17.029          │env/env/send_rollout_trajectories=0.3…│
│env/env_interact_step=11.789           │env/interact=31.489                    │env/run_interact_once=31.002          │
│generate_rollouts=31.592               │rollout/generate_one_epoch=30.650      │rollout/predict=1.389                 │
│rollout/rollout/generate=30.651        │rollout/sync_model_from_actor=0.519    │step=32.125                           │
│sync_weights=0.522                     │                                       │                                      │
│                                                                                                                      │
├──────────────────────────────────────────────────── Environment ─────────────────────────────────────────────────────┤
│                                                                                                                      │
│episode_len=200.0                      │num_trajectories=4                     │return=0.0                            │
│reward=0.0                             │success_once=0.0                       │                                      │
│                                                                                                                      │
├─────────────────────────────────────────────────── Replay Buffer ────────────────────────────────────────────────────┤
│                                                                                                                      │
│local_capacity=1.25e+04                │resident_transitions=118.0             │total_inserted=118.0                  │
│write_cursor=118.0                     │                                       │                                      │
│                                                                                                                      │
├─────────────────────────────────────────────────── Training/Other ───────────────────────────────────────────────────┤
│                                                                                                                      │
│sac/global_new_transitions=40.000      │sac/global_resident_transitions=236.0  │                                      │
│                                                                                                                      │
╰──────────────────────────────────────────────────────────────────────────────────────────────────────────────────────╯

[36m(ActorGroup(rank=0) pid=344717)[0m [INFO 16:43:31 ActorGroup-Rank-0][fsdp_sac_policy_worker.py:901] DSRL replay warm-up: 236 < 500 global transitions
[36m(RolloutGroup(rank=0) pid=344723)[0m Generating Rollout Epochs:   0%|          | 0/1 [00:00<?, ?it/s]
[36m(RolloutGroup(rank=0) pid=344723)[0m Generating Rollout Epochs: 100%|██████████| 1/1 [00:30<00:00, 30.24s/it]Generating Rollout Epochs: 100%|██████████| 1/1 [00:30<00:00, 30.24s/it]

╭──────────────────────────────────────────────────────────────────────────────────────────────────────────────────────╮
├──────────────────────────────────────────────────── Metric Table ────────────────────────────────────────────────────┤
│ Global Step:    7/200 │ Progress: █░░░░░░░░░░░░░░░░░░░░░░░░░░░░░░░░░░░░░░░ │   3.5%                                  │
│ Elapsed: 03:54 │ ETA: 01:47:43 │ Step Time: 33.487s                                                                  │
├──────────────────────────────────────────────────────── Time ────────────────────────────────────────────────────────┤
│                                                                                                                      │
│actor/actor/compute_adv=3.21e-05       │actor/actor/recv_traj=31.208           │actor/actor/sync_model_to_rollout=0.1…│
│actor/run_training=0.0025              │actor_training=0.0051                  │cal_adv_and_returns=0.0046            │
│env/compute_bootstrap_rewards=8.46e-04 │env/env/bootstrap_step=16.874          │env/env/send_rollout_trajectories=0.3…│
│env/env_interact_step=11.952           │env/interact=31.145                    │env/run_interact_once=30.579          │
│generate_rollouts=31.246               │rollout/generate_one_epoch=30.236      │rollout/predict=1.243                 │
│rollout/rollout/generate=30.237        │rollout/sync_model_from_actor=0.571    │step=31.831                           │
│sync_weights=0.575                     │                                       │                                      │
│                                                                                                                      │
├──────────────────────────────────────────────────── Environment ─────────────────────────────────────────────────────┤
│                                                                                                                      │
│episode_len=200.0                      │num_trajectories=4                     │return=0.0                            │
│reward=0.0                             │success_once=0.0                       │                                      │
│                                                                                                                      │
├─────────────────────────────────────────────────── Replay Buffer ────────────────────────────────────────────────────┤
│                                                                                                                      │
│local_capacity=1.25e+04                │resident_transitions=138.0             │total_inserted=138.0                  │
│write_cursor=138.0                     │                                       │                                      │
│                                                                                                                      │
├─────────────────────────────────────────────────── Training/Other ───────────────────────────────────────────────────┤
│                                                                                                                      │
│sac/global_new_transitions=40.000      │sac/global_resident_transitions=276.0  │                                      │
│                                                                                                                      │
╰──────────────────────────────────────────────────────────────────────────────────────────────────────────────────────╯

[36m(ActorGroup(rank=0) pid=344717)[0m [INFO 16:44:03 ActorGroup-Rank-0][fsdp_sac_policy_worker.py:901] DSRL replay warm-up: 276 < 500 global transitions
[36m(RolloutGroup(rank=0) pid=344723)[0m Generating Rollout Epochs:   0%|          | 0/1 [00:00<?, ?it/s]
[36m(RolloutGroup(rank=0) pid=344723)[0m Generating Rollout Epochs: 100%|██████████| 1/1 [00:30<00:00, 30.58s/it]Generating Rollout Epochs: 100%|██████████| 1/1 [00:30<00:00, 30.58s/it]

╭──────────────────────────────────────────────────────────────────────────────────────────────────────────────────────╮
├──────────────────────────────────────────────────── Metric Table ────────────────────────────────────────────────────┤
│ Global Step:    8/200 │ Progress: █░░░░░░░░░░░░░░░░░░░░░░░░░░░░░░░░░░░░░░░ │   4.0%                                  │
│ Elapsed: 04:26 │ ETA: 01:46:42 │ Step Time: 33.345s                                                                  │
├──────────────────────────────────────────────────────── Time ────────────────────────────────────────────────────────┤
│                                                                                                                      │
│actor/actor/compute_adv=2.73e-05       │actor/actor/recv_traj=31.608           │actor/actor/sync_model_to_rollout=0.2…│
│actor/run_training=0.0017              │actor_training=0.0048                  │cal_adv_and_returns=0.0050            │
│env/compute_bootstrap_rewards=7.98e-04 │env/env/bootstrap_step=16.699          │env/env/send_rollout_trajectories=0.3…│
│env/env_interact_step=12.417           │env/interact=31.537                    │env/run_interact_once=30.936          │
│generate_rollouts=31.648               │rollout/generate_one_epoch=30.582      │rollout/predict=1.241                 │
│rollout/rollout/generate=30.583        │rollout/sync_model_from_actor=0.668    │step=32.330                           │
│sync_weights=0.671                     │                                       │                                      │
│                                                                                                                      │
├──────────────────────────────────────────────────── Environment ─────────────────────────────────────────────────────┤
│                                                                                                                      │
│episode_len=200.0                      │num_trajectories=4                     │return=0.0                            │
│reward=0.0                             │success_once=0.0                       │                                      │
│                                                                                                                      │
├─────────────────────────────────────────────────── Replay Buffer ────────────────────────────────────────────────────┤
│                                                                                                                      │
│local_capacity=1.25e+04                │resident_transitions=158.0             │total_inserted=158.0                  │
│write_cursor=158.0                     │                                       │                                      │
│                                                                                                                      │
├─────────────────────────────────────────────────── Training/Other ───────────────────────────────────────────────────┤
│                                                                                                                      │
│sac/global_new_transitions=40.000      │sac/global_resident_transitions=316.0  │                                      │
│                                                                                                                      │
╰──────────────────────────────────────────────────────────────────────────────────────────────────────────────────────╯

[36m(ActorGroup(rank=0) pid=344717)[0m [INFO 16:44:35 ActorGroup-Rank-0][fsdp_sac_policy_worker.py:901] DSRL replay warm-up: 316 < 500 global transitions
[36m(RolloutGroup(rank=0) pid=344723)[0m Generating Rollout Epochs:   0%|          | 0/1 [00:00<?, ?it/s]
[36m(RolloutGroup(rank=0) pid=344723)[0m Generating Rollout Epochs: 100%|██████████| 1/1 [00:30<00:00, 30.03s/it]Generating Rollout Epochs: 100%|██████████| 1/1 [00:30<00:00, 30.03s/it]
[36m(ActorGroup(rank=0) pid=344717)[0m [INFO 16:45:07 ActorGroup-Rank-0][fsdp_sac_policy_worker.py:901] DSRL replay warm-up: 350 < 500 global transitions

╭──────────────────────────────────────────────────────────────────────────────────────────────────────────────────────╮
├──────────────────────────────────────────────────── Metric Table ────────────────────────────────────────────────────┤
│ Global Step:    9/200 │ Progress: █░░░░░░░░░░░░░░░░░░░░░░░░░░░░░░░░░░░░░░░ │   4.5%                                  │
│ Elapsed: 04:58 │ ETA: 01:45:30 │ Step Time: 33.145s                                                                  │
├──────────────────────────────────────────────────────── Time ────────────────────────────────────────────────────────┤
│                                                                                                                      │
│actor/actor/compute_adv=4.89e-05       │actor/actor/recv_traj=30.891           │actor/actor/sync_model_to_rollout=0.1…│
│actor/run_training=0.0016              │actor_training=0.0051                  │cal_adv_and_returns=0.0048            │
│env/compute_bootstrap_rewards=8.43e-04 │env/env/bootstrap_step=17.484          │env/env/send_rollout_trajectories=0.3…│
│env/env_interact_step=11.200           │env/interact=30.826                    │env/run_interact_once=30.338          │
│generate_rollouts=30.929               │rollout/generate_one_epoch=30.033      │rollout/predict=1.238                 │
│rollout/rollout/generate=30.034        │rollout/sync_model_from_actor=0.575    │step=31.517                           │
│sync_weights=0.577                     │                                       │                                      │
│                                                                                                                      │
├──────────────────────────────────────────────────── Environment ─────────────────────────────────────────────────────┤
│                                                                                                                      │
│episode_len=200.0                      │num_trajectories=4                     │return=1.75                           │
│reward=0.00875                         │success_once=0.25                      │                                      │
│                                                                                                                      │
├─────────────────────────────────────────────────── Replay Buffer ────────────────────────────────────────────────────┤
│                                                                                                                      │
│local_capacity=1.25e+04                │resident_transitions=175.0             │total_inserted=175.0                  │
│write_cursor=175.0                     │                                       │                                      │
│                                                                                                                      │
├─────────────────────────────────────────────────── Training/Other ───────────────────────────────────────────────────┤
│                                                                                                                      │
│sac/global_new_transitions=34.000      │sac/global_resident_transitions=350.0  │                                      │
│                                                                                                                      │
╰──────────────────────────────────────────────────────────────────────────────────────────────────────────────────────╯

[36m(RolloutGroup(rank=0) pid=344723)[0m Generating Rollout Epochs:   0%|          | 0/1 [00:00<?, ?it/s]
[36m(RolloutGroup(rank=0) pid=344723)[0m Generating Rollout Epochs: 100%|██████████| 1/1 [00:31<00:00, 31.62s/it]Generating Rollout Epochs: 100%|██████████| 1/1 [00:31<00:00, 31.62s/it]

╭──────────────────────────────────────────────────────────────────────────────────────────────────────────────────────╮
├──────────────────────────────────────────────────── Metric Table ────────────────────────────────────────────────────┤
│ Global Step:   10/200 │ Progress: ██░░░░░░░░░░░░░░░░░░░░░░░░░░░░░░░░░░░░░░ │   5.0%                                  │
│ Elapsed: 05:32 │ ETA: 01:45:10 │ Step Time: 33.213s                                                                  │
├──────────────────────────────────────────────────────── Time ────────────────────────────────────────────────────────┤
│                                                                                                                      │
│actor/actor/compute_adv=2.84e-05       │actor/actor/recv_traj=33.174           │actor/actor/sync_model_to_rollout=0.1…│
│actor/run_training=0.0022              │actor_training=0.0057                  │cal_adv_and_returns=0.0048            │
│env/compute_bootstrap_rewards=6.21e-04 │env/env/bootstrap_step=17.654          │env/env/send_rollout_trajectories=0.3…│
│env/env_interact_step=12.275           │env/interact=33.111                    │env/run_interact_once=31.968          │
│generate_rollouts=33.214               │rollout/generate_one_epoch=31.623      │rollout/predict=1.277                 │
│rollout/rollout/generate=31.624        │rollout/sync_model_from_actor=0.574    │step=33.803                           │
│sync_weights=0.577                     │                                       │                                      │
│                                                                                                                      │
├──────────────────────────────────────────────────── Environment ─────────────────────────────────────────────────────┤
│                                                                                                                      │
│episode_len=200.0                      │num_trajectories=4                     │return=0.0                            │
│reward=0.0                             │success_once=0.0                       │                                      │
│                                                                                                                      │
├─────────────────────────────────────────────────── Replay Buffer ────────────────────────────────────────────────────┤
│                                                                                                                      │
│local_capacity=1.25e+04                │resident_transitions=195.0             │total_inserted=195.0                  │
│write_cursor=195.0                     │                                       │                                      │
│                                                                                                                      │
├─────────────────────────────────────────────────── Training/Other ───────────────────────────────────────────────────┤
│                                                                                                                      │
│sac/global_new_transitions=40.000      │sac/global_resident_transitions=390.0  │                                      │
│                                                                                                                      │
╰──────────────────────────────────────────────────────────────────────────────────────────────────────────────────────╯

[36m(ActorGroup(rank=0) pid=344717)[0m [INFO 16:45:40 ActorGroup-Rank-0][fsdp_sac_policy_worker.py:901] DSRL replay warm-up: 390 < 500 global transitions
[36m(RolloutGroup(rank=0) pid=344723)[0m Generating Rollout Epochs:   0%|          | 0/1 [00:00<?, ?it/s]
[36m(RolloutGroup(rank=0) pid=344723)[0m Generating Rollout Epochs: 100%|██████████| 1/1 [00:32<00:00, 32.97s/it]Generating Rollout Epochs: 100%|██████████| 1/1 [00:32<00:00, 32.97s/it]

╭──────────────────────────────────────────────────────────────────────────────────────────────────────────────────────╮
├──────────────────────────────────────────────────── Metric Table ────────────────────────────────────────────────────┤
│ Global Step:   11/200 │ Progress: ██░░░░░░░░░░░░░░░░░░░░░░░░░░░░░░░░░░░░░░ │   5.5%                                  │
│ Elapsed: 06:07 │ ETA: 01:45:17 │ Step Time: 33.426s                                                                  │
├──────────────────────────────────────────────────────── Time ────────────────────────────────────────────────────────┤
│                                                                                                                      │
│actor/actor/compute_adv=4.08e-05       │actor/actor/recv_traj=34.309           │actor/actor/sync_model_to_rollout=0.2…│
│actor/run_training=0.0033              │actor_training=0.0047                  │cal_adv_and_returns=0.0037            │
│env/compute_bootstrap_rewards=7.38e-04 │env/env/bootstrap_step=20.404          │env/env/send_rollout_trajectories=0.3…│
│env/env_interact_step=11.622           │env/interact=34.262                    │env/run_interact_once=33.709          │
│generate_rollouts=34.349               │rollout/generate_one_epoch=33.342      │rollout/predict=1.235                 │
│rollout/rollout/generate=33.342        │rollout/sync_model_from_actor=1.174    │step=35.536                           │
│sync_weights=1.178                     │                                       │                                      │
│                                                                                                                      │
├──────────────────────────────────────────────────── Environment ─────────────────────────────────────────────────────┤
│                                                                                                                      │
│episode_len=200.0                      │num_trajectories=4                     │return=0.0                            │
│reward=0.0                             │success_once=0.0                       │                                      │
│                                                                                                                      │
├─────────────────────────────────────────────────── Replay Buffer ────────────────────────────────────────────────────┤
│                                                                                                                      │
│local_capacity=1.25e+04                │resident_transitions=215.0             │total_inserted=215.0                  │
│write_cursor=215.0                     │                                       │                                      │
│                                                                                                                      │
├─────────────────────────────────────────────────── Training/Other ───────────────────────────────────────────────────┤
│                                                                                                                      │
│sac/global_new_transitions=40.000      │sac/global_resident_transitions=430.0  │                                      │
│                                                                                                                      │
╰──────────────────────────────────────────────────────────────────────────────────────────────────────────────────────╯

[36m(ActorGroup(rank=0) pid=344717)[0m [INFO 16:46:16 ActorGroup-Rank-0][fsdp_sac_policy_worker.py:901] DSRL replay warm-up: 430 < 500 global transitions
[36m(RolloutGroup(rank=0) pid=344723)[0m Generating Rollout Epochs:   0%|          | 0/1 [00:00<?, ?it/s]
[36m(RolloutGroup(rank=0) pid=344723)[0m Generating Rollout Epochs: 100%|██████████| 1/1 [00:28<00:00, 28.23s/it]Generating Rollout Epochs: 100%|██████████| 1/1 [00:28<00:00, 28.23s/it]

╭──────────────────────────────────────────────────────────────────────────────────────────────────────────────────────╮
├──────────────────────────────────────────────────── Metric Table ────────────────────────────────────────────────────┤
│ Global Step:   12/200 │ Progress: ██░░░░░░░░░░░░░░░░░░░░░░░░░░░░░░░░░░░░░░ │   6.0%                                  │
│ Elapsed: 06:37 │ ETA: 01:43:47 │ Step Time: 33.126s                                                                  │
├──────────────────────────────────────────────────────── Time ────────────────────────────────────────────────────────┤
│                                                                                                                      │
│actor/actor/compute_adv=2.57e-05       │actor/actor/recv_traj=29.158           │actor/actor/sync_model_to_rollout=0.1…│
│actor/run_training=0.0015              │actor_training=0.0027                  │cal_adv_and_returns=0.0034            │
│env/compute_bootstrap_rewards=6.69e-04 │env/env/bootstrap_step=15.701          │env/env/send_rollout_trajectories=0.3…│
│env/env_interact_step=11.138           │env/interact=29.112                    │env/run_interact_once=28.537          │
│generate_rollouts=29.193               │rollout/generate_one_epoch=28.231      │rollout/predict=1.230                 │
│rollout/rollout/generate=28.232        │rollout/sync_model_from_actor=0.611    │step=29.813                           │
│sync_weights=0.613                     │                                       │                                      │
│                                                                                                                      │
├──────────────────────────────────────────────────── Environment ─────────────────────────────────────────────────────┤
│                                                                                                                      │
│episode_len=200.0                      │num_trajectories=4                     │return=0.0                            │
│reward=0.0                             │success_once=0.0                       │                                      │
│                                                                                                                      │
├─────────────────────────────────────────────────── Replay Buffer ────────────────────────────────────────────────────┤
│                                                                                                                      │
│local_capacity=1.25e+04                │resident_transitions=235.0             │total_inserted=235.0                  │
│write_cursor=235.0                     │                                       │                                      │
│                                                                                                                      │
├─────────────────────────────────────────────────── Training/Other ───────────────────────────────────────────────────┤
│                                                                                                                      │
│sac/global_new_transitions=40.000      │sac/global_resident_transitions=470.0  │                                      │
│                                                                                                                      │
╰──────────────────────────────────────────────────────────────────────────────────────────────────────────────────────╯

[36m(ActorGroup(rank=0) pid=344717)[0m [INFO 16:46:46 ActorGroup-Rank-0][fsdp_sac_policy_worker.py:901] DSRL replay warm-up: 470 < 500 global transitions
[36m(RolloutGroup(rank=0) pid=344723)[0m Generating Rollout Epochs:   0%|          | 0/1 [00:00<?, ?it/s]
[36m(RolloutGroup(rank=0) pid=344723)[0m Generating Rollout Epochs: 100%|██████████| 1/1 [00:32<00:00, 32.17s/it]Generating Rollout Epochs: 100%|██████████| 1/1 [00:32<00:00, 32.17s/it]
Exception occurred while running EmbodiedSACFSDPPolicy's function run_training: exception is The actor died unexpectedly before finishing this task.
	class_name: EmbodiedSACFSDPPolicy
	actor_id: 2faba2207b78238836a60f8504000000
	pid: 344717
	name: ActorGroup:0
	namespace: RLinf_1
	ip: 172.17.0.1
The actor is dead because it was killed by `ray.kill`.
Error executing job with overrides: ['cluster.component_placement={actor\\,\\ env\\,\\ rollout:6-7}', 'runner.logger.log_path=/data/chenyiteng/results/rlinf-current-dsrl/formal-dsrl-pi0-robotwin-2gpu4env-200c-20260824-v1/run', 'runner.logger.experiment_name=dsrl-current-formal-200c-v1', 'runner.max_epochs=1000', 'runner.max_steps=200', 'runner.val_check_interval=13', 'runner.save_interval=65', 'runner.resume_dir=null', 'runner.ckpt_path=null', 'algorithm.utd_ratio=20', 'algorithm.critic_actor_ratio=1', 'algorithm.replay_buffer.capacity=25000', 'algorithm.replay_buffer.warmup_size=500', 'env.train.total_num_envs=4', 'env.train.rollout_epoch=1', 'env.train.max_episode_steps=200', 'env.train.max_steps_per_rollout_epoch=200', 'env.train.assets_path=/data/chenyiteng/projects/rlinf-shenzhen/RoboTwin-RLinf-support', 'env.eval.total_num_envs=4', 'env.eval.rollout_epoch=3', 'env.eval.max_episode_steps=200', 'env.eval.max_steps_per_rollout_epoch=200', 'env.eval.assets_path=/data/chenyiteng/projects/rlinf-shenzhen/RoboTwin-RLinf-support', 'actor.micro_batch_size=64', 'actor.global_batch_size=256', 'actor.model.model_path=/data/chenyiteng/models/rlinf/RLinf-Pi0-RoboTwin-SFT-adjust_bottle@92684e50', 'actor.model.num_action_chunks=20', 'actor.model.openpi.action_horizon=50', 'actor.model.openpi.rtc_enabled=false', 'actor.model.openpi.use_dsrl=true', 'actor.model.openpi.dsrl_gaussian_warmup=true', 'actor.model.openpi.dsrl_eval_deterministic=false', 'actor.fsdp_config.save_full_model_weights=false']
Traceback (most recent call last):
  File "/data/chenyiteng/projects/rlinf-current-dsrl/RLinf-7d07-dsrl-robotwin/examples/embodiment/train_embodied_agent.py", line 183, in <module>
    main()
  File "/home/chenyiteng/venvs/rlinf-7d07-openpi-robotwin/lib/python3.11/site-packages/hydra/main.py", line 94, in decorated_main
    _run_hydra(
  File "/home/chenyiteng/venvs/rlinf-7d07-openpi-robotwin/lib/python3.11/site-packages/hydra/_internal/utils.py", line 394, in _run_hydra
    _run_app(
  File "/home/chenyiteng/venvs/rlinf-7d07-openpi-robotwin/lib/python3.11/site-packages/hydra/_internal/utils.py", line 457, in _run_app
    run_and_report(
  File "/home/chenyiteng/venvs/rlinf-7d07-openpi-robotwin/lib/python3.11/site-packages/hydra/_internal/utils.py", line 223, in run_and_report
    raise ex
  File "/home/chenyiteng/venvs/rlinf-7d07-openpi-robotwin/lib/python3.11/site-packages/hydra/_internal/utils.py", line 220, in run_and_report
    return func()
           ^^^^^^
  File "/home/chenyiteng/venvs/rlinf-7d07-openpi-robotwin/lib/python3.11/site-packages/hydra/_internal/utils.py", line 458, in <lambda>
    lambda: hydra.run(
            ^^^^^^^^^^
  File "/home/chenyiteng/venvs/rlinf-7d07-openpi-robotwin/lib/python3.11/site-packages/hydra/_internal/hydra.py", line 132, in run
    _ = ret.return_value
        ^^^^^^^^^^^^^^^^
  File "/home/chenyiteng/venvs/rlinf-7d07-openpi-robotwin/lib/python3.11/site-packages/hydra/core/utils.py", line 260, in return_value
    raise self._return_value
  File "/home/chenyiteng/venvs/rlinf-7d07-openpi-robotwin/lib/python3.11/site-packages/hydra/core/utils.py", line 186, in run_job
    ret.return_value = task_function(task_cfg)
                       ^^^^^^^^^^^^^^^^^^^^^^^
  File "/data/chenyiteng/projects/rlinf-current-dsrl/RLinf-7d07-dsrl-robotwin/examples/embodiment/train_embodied_agent.py", line 172, in main
    runner.run()
  File "/data/chenyiteng/projects/rlinf-current-dsrl/RLinf-7d07-dsrl-robotwin/rlinf/runners/embodied_runner.py", line 540, in run
    actor_training_metrics = actor_training_handle.wait()
                             ^^^^^^^^^^^^^^^^^^^^^^^^^^^^
  File "/data/chenyiteng/projects/rlinf-current-dsrl/RLinf-7d07-dsrl-robotwin/rlinf/scheduler/worker/worker_group.py", line 546, in wait
    self._wait_thread.join()
  File "/home/chenyiteng/.local/share/uv/python/cpython-3.11.14-linux-x86_64-gnu/lib/python3.11/threading.py", line 1119, in join
    self._wait_for_tstate_lock()
  File "/home/chenyiteng/.local/share/uv/python/cpython-3.11.14-linux-x86_64-gnu/lib/python3.11/threading.py", line 1139, in _wait_for_tstate_lock
    if lock.acquire(block, timeout):
       ^^^^^^^^^^^^^^^^^^^^^^^^^^^^
  File "/data/chenyiteng/projects/rlinf-current-dsrl/RLinf-7d07-dsrl-robotwin/rlinf/scheduler/cluster/cluster.py", line 477, in signal_handler
    actor = ray.get_actor(actor_state.name)
            ^^^^^^^^^^^^^^^^^^^^^^^^^^^^^^^
  File "/home/chenyiteng/venvs/rlinf-7d07-openpi-robotwin/lib/python3.11/site-packages/ray/_private/auto_init_hook.py", line 22, in auto_init_wrapper
    return fn(*args, **kwargs)
           ^^^^^^^^^^^^^^^^^^^
  File "/home/chenyiteng/venvs/rlinf-7d07-openpi-robotwin/lib/python3.11/site-packages/ray/_private/client_mode_hook.py", line 134, in wrapper
    return func(*args, **kwargs)
           ^^^^^^^^^^^^^^^^^^^^^
  File "/home/chenyiteng/venvs/rlinf-7d07-openpi-robotwin/lib/python3.11/site-packages/ray/_private/worker.py", line 3446, in get_actor
    return worker.core_worker.get_named_actor_handle(name, namespace or "")
           ^^^^^^^^^^^^^^^^^^^^^^^^^^^^^^^^^^^^^^^^^^^^^^^^^^^^^^^^^^^^^^^^
  File "python/ray/_raylet.pyx", line 4514, in ray._raylet.CoreWorker.get_named_actor_handle
  File "python/ray/includes/common.pxi", line 109, in ray._raylet.check_status
ValueError: Failed to look up actor with name 'Rollout:0'. This could because 1. You are trying to look up a named actor you didn't create. 2. The named actor died. 3. You did not use a namespace matching the namespace of the actor.
