
╭──────────────────────────────────────────────────────────────────────────────────────────────────────────────────────╮
├──────────────────────────────────────────────────── Metric Table ────────────────────────────────────────────────────┤
│ Global Step:    2/2 │ Progress: ████████████████████████████████████████ │ 100.0%                                    │
│ Elapsed: 01:02 │ ETA: 00:00 │ Step Time: 62.964s                                                                     │
├──────────────────────────────────────────────────────── Time ────────────────────────────────────────────────────────┤
│                                                                                                                      │
│actor/actor/compute_adv=8.10e-05       │actor/actor/recv_traj=23.141           │actor/actor/sync_model_to_rollout=1.4…│
│actor/forward_actor=0.106              │actor/forward_critic=0.526             │actor/sample=0.015                    │
│actor/update_one_epoch=1.111           │actor_training=1.121                   │cal_adv_and_returns=0.0057            │
│env/compute_bootstrap_rewards=3.16e-04 │env/env/bootstrap_step=17.646          │env/env/send_rollout_trajectories=0.4…│
│env/env_interact_step=2.340            │env/evaluate=35.334                    │env/interact=22.859                   │
│env/run_interact_once=21.939           │eval=36.197                            │generate_rollouts=23.191              │
│rollout/evaluate=19.282                │rollout/generate_one_epoch=21.462      │rollout/rollout/generate=21.463       │
│rollout/sync_model_from_actor=2.566    │step=62.927                            │sync_weights=1.771                    │
│                                                                                                                      │
├──────────────────────────────────────────────────── Environment ─────────────────────────────────────────────────────┤
│                                                                                                                      │
│episode_len=20.0                       │num_trajectories=4                     │return=0.0                            │
│reward=0.0                             │success_once=0.0                       │                                      │
│                                                                                                                      │
├───────────────────────────────────────────────────── Evaluation ─────────────────────────────────────────────────────┤
│                                                                                                                      │
│episode_len=20.0                       │num_trajectories=4                     │return=0.0                            │
│reward=0.0                             │success_at_end=0.0                     │success_once=0.0                      │
│                                                                                                                      │
├─────────────────────────────────────────────────── Replay Buffer ────────────────────────────────────────────────────┤
│                                                                                                                      │
│cache_size=8.000                       │num_trajectories=8.000                 │total_samples=8.000                   │
│                                                                                                                      │
├─────────────────────────────────────────────────── Training/Actor ───────────────────────────────────────────────────┤
│                                                                                                                      │
│actor/action_ref_abs_mean=0.278        │actor/actor_weight_in_warmup=0.0000    │actor/actor_weight_ramp_progress=0.950│
│actor/actor_weight_schedule_enabled=1.…│actor/bc_human_loss=0.0000             │actor/bc_loss=0.166                   │
│actor/bc_ref_loss=0.166                │actor/bc_weight=2.725                  │actor/entropy=-670.2                  │
│actor/grad_norm=4.693                  │actor/human_mask_ratio=0.0000          │actor/lr=1.00e-04                     │
│actor/policy_mask_ratio=1.000          │actor/q_pi=-0.226                      │actor/q_value_0=-0.226                │
│actor/q_value_1=-0.225                 │actor/q_weight=0.430                   │actor/reference_dropout_prob=0.500    │
│actor/weighted_bc=0.454                │actor/weighted_q=-0.099                │                                      │
│                                                                                                                      │
├────────────────────────────────────────────────── Training/Critic ───────────────────────────────────────────────────┤
│                                                                                                                      │
│critic/grad_norm=1.498                 │critic/lr=1.00e-04                     │critic/q_data=-0.230                  │
│                                                                                                                      │
├─────────────────────────────────────────────────── Training/Other ───────────────────────────────────────────────────┤
│                                                                                                                      │
│alpha/grad_norm=0.0000                 │replay/actor_switch_rate=1.000         │replay/done_rate=0.500                │
│replay/intervention_rate=0.0000        │replay/intervention_requested_rate=0.0…│replay/record_transition_rate=1.000   │
│replay/reward_mean=0.0000              │replay/reward_positive_rate=0.0000     │replay/transition_count=4.000         │
│rlt/actor_updates_run=10.000           │rlt/critic_updates_run=20.000          │rlt/desired_total_updates=48.000      │
│rlt/global_min_replay_size=8.000       │rlt/global_total_transitions_added=16.…│rlt/global_transitions_since_train=8.…│
│rlt/max_updates_per_train_step=20.000  │rlt/min_replay_buffer_size=2.000       │rlt/pending_update_budget=20.000      │
│rlt/ready_for_online=1.000             │rlt/should_train=1.000                 │rlt/skip_reason=0.0000                │
│rlt/train_every_episodes=0.0000        │rlt/train_every_transitions=1.000      │rlt/update_epoch=5.000                │
│rlt/update_step=8.000                  │rlt/updates_scheduled=40.000           │rlt/updates_to_run=20.000             │
│rlt/warmup_required_updates=8.000      │sac/actor_loss=0.553                   │sac/alpha=0.0000                      │
│sac/alpha_loss=0.0000                  │sac/critic_loss=0.0029                 │                                      │
│                                                                                                                      │
╰──────────────────────────────────────────────────────────────────────────────────────────────────────────────────────╯

