
╭──────────────────────────────────────────────────────────────────────────────────────────────────────────────────────╮
├──────────────────────────────────────────────────── Metric Table ────────────────────────────────────────────────────┤
│ Global Step:    1/1 │ Progress: ████████████████████████████████████████ │ 100.0%                                    │
│ Elapsed: 29:04 │ ETA: 00:00 │ Step Time: 1744.263s                                                                   │
├──────────────────────────────────────────────────────── Time ────────────────────────────────────────────────────────┤
│                                                                                                                      │
│actor/actor/compute_adv=0.030          │actor/actor/recv_traj=1653.8           │actor/actor/sync_model_to_rollout=6.6…│
│actor/run_training=54.411              │actor_training=54.416                  │cal_adv_and_returns=0.036             │
│env/compute_bootstrap_rewards=0.0024   │env/env/bootstrap_step=1258.9          │env/env/send_rollout_trajectories=1.1…│
│env/env_interact_step=373.8            │env/interact=1652.8                    │env/run_interact_once=1652.8          │
│generate_rollouts=1655.7               │rollout/generate_one_epoch=1651.1      │rollout/predict=12.920                │
│rollout/rollout/generate=1655.6        │rollout/sync_model_from_actor=5.828    │step=1744.2                           │
│sync_weights=6.632                     │                                       │                                      │
│                                                                                                                      │
├──────────────────────────────────────────────────── Environment ─────────────────────────────────────────────────────┤
│                                                                                                                      │
│episode_len=200.0                      │num_trajectories=256                   │return=0.80078125                     │
│reward=0.004003906                     │success_once=0.80078125                │                                      │
│                                                                                                                      │
├────────────────────────────────────────────────────── Rollout ───────────────────────────────────────────────────────┤
│                                                                                                                      │
│advantages_max=2.475                   │advantages_mean=-0.113                 │advantages_min=-1.620                 │
│rewards=0.0032                         │                                       │                                      │
│                                                                                                                      │
├─────────────────────────────────────────────────── Training/Actor ───────────────────────────────────────────────────┤
│                                                                                                                      │
│actor/approx_kl=0.366                  │actor/clip_fraction=0.383              │actor/clipped_ratio=0.969             │
│actor/dual_cliped_ratio=0.0000         │actor/entropy_loss=0.0000              │actor/grad_norm=13.738                │
│actor/lr=5.00e-06                      │actor/policy_loss=-0.013               │actor/policy_loss_abs=0.292           │
│actor/ratio=1.227                      │actor/ratio_abs=0.645                  │actor/total_loss=-0.0016              │
│                                                                                                                      │
╰──────────────────────────────────────────────────────────────────────────────────────────────────────────────────────╯

