
╭──────────────────────────────────────────────────────────────────────────────────────────────────────────────────────╮
├──────────────────────────────────────────────────── Metric Table ────────────────────────────────────────────────────┤
│ Global Step:    1/1 │ Progress: ████████████████████████████████████████ │ 100.0%                                    │
│ Elapsed: 27:46 │ ETA: 00:00 │ Step Time: 1666.298s                                                                   │
├──────────────────────────────────────────────────────── Time ────────────────────────────────────────────────────────┤
│                                                                                                                      │
│actor/actor/compute_adv=0.040          │actor/actor/recv_traj=1562.1           │actor/actor/sync_model_to_rollout=12.…│
│actor/run_training=61.847              │actor_training=61.852                  │cal_adv_and_returns=0.047             │
│env/compute_bootstrap_rewards=0.0021   │env/env/bootstrap_step=1195.6          │env/env/send_rollout_trajectories=1.3…│
│env/env_interact_step=346.0            │env/interact=1560.9                    │env/run_interact_once=1560.9          │
│generate_rollouts=1565.2               │rollout/generate_one_epoch=1558.3      │rollout/predict=12.742                │
│rollout/rollout/generate=1565.1        │rollout/sync_model_from_actor=11.237   │step=1666.2                           │
│sync_weights=12.315                    │                                       │                                      │
│                                                                                                                      │
├──────────────────────────────────────────────────── Environment ─────────────────────────────────────────────────────┤
│                                                                                                                      │
│episode_len=200.0                      │num_trajectories=256                   │return=0.83203125                     │
│reward=0.004160156                     │success_once=0.83203125                │                                      │
│                                                                                                                      │
├────────────────────────────────────────────────────── Rollout ───────────────────────────────────────────────────────┤
│                                                                                                                      │
│advantages_max=1.079                   │advantages_mean=-9.02e-08              │advantages_min=-2.462                 │
│returns_max=1.000                      │returns_mean=0.738                     │returns_min=-0.024                    │
│rewards=0.0051                         │                                       │                                      │
│                                                                                                                      │
├─────────────────────────────────────────────────── Training/Actor ───────────────────────────────────────────────────┤
│                                                                                                                      │
│actor/approx_kl=0.066                  │actor/clip_fraction=0.237              │actor/clipped_ratio=0.992             │
│actor/dual_cliped_ratio=0.0000         │actor/entropy_loss=0.0000              │actor/grad_norm=23.619                │
│actor/lr=5.00e-06                      │actor/policy_loss=-0.115               │actor/policy_loss_abs=0.706           │
│actor/ratio=1.087                      │actor/ratio_abs=0.299                  │actor/total_loss=0.026                │
│                                                                                                                      │
├────────────────────────────────────────────────── Training/Critic ───────────────────────────────────────────────────┤
│                                                                                                                      │
│critic/explained_variance=-0.113       │critic/lr=1.00e-04                     │critic/value_clip_ratio=0.018         │
│critic/value_loss=0.323                │                                       │                                      │
│                                                                                                                      │
╰──────────────────────────────────────────────────────────────────────────────────────────────────────────────────────╯

