/data/chenyiteng/projects/rlinf-shenzhen/worktrees/fastwam-current-grpo/examples/embodiment/train_embodied_agent.py:35: Hydra14MigrationWarning: 
version_base="1.1" selects Hydra 1.1 compatibility behavior.
Hydra 1.4 will remove this compatibility behavior.
Before upgrading to Hydra 1.4, set version_base="1.3" and test your application.
See https://hydra.cc/docs/upgrades/1.3_to_1.4/prepare_for_1_4/ for preparation instructions.
  @hydra.main(
/home/chenyiteng/venvs/rlinf-7d07-openpi-robotwin/lib/python3.11/site-packages/hydra/_internal/hydra.py:119: UserWarning: Future Hydra versions will no longer change working directory at job runtime by default.
See https://hydra.cc/docs/1.2/upgrades/1.1_to_1.2/changes_to_job_working_dir/ for more information.
  ret = run_job(
[INFO 10:14:53 RLinf] RLinf Ray code sync is enabled (py_modules=('/data/chenyiteng/projects/rlinf-shenzhen/worktrees/fastwam-current-grpo/rlinf',)); workers receive only the rlinf package from the launch node. Disable with RLINF_CODE_WORKING_DIR=0.
2026-09-03 10:14:53,146	INFO worker.py:1683 -- Using address 172.17.0.1:6389 set in the environment variable RAY_ADDRESS
2026-09-03 10:14:53,153	INFO worker.py:1833 -- Connecting to existing Ray cluster at address: 172.17.0.1:6389...
2026-09-03 10:14:53,253	INFO worker.py:2015 -- Connected to Ray cluster. View the dashboard at [1m[32mhttp://127.0.0.1:8266 [39m[22m
2026-09-03 10:14:53,317	INFO packaging.py:734 -- Creating a file package for local module '/data/chenyiteng/projects/rlinf-shenzhen/worktrees/fastwam-current-grpo/rlinf'.
2026-09-03 10:14:53,419	INFO packaging.py:434 -- Pushing file package 'gcs://_ray_pkg_d10bda6d90b6e84f.zip' (10.19MiB) to Ray cluster...
2026-09-03 10:14:53,456	INFO packaging.py:447 -- Successfully pushed file package 'gcs://_ray_pkg_d10bda6d90b6e84f.zip'.
[INFO 10:14:53 RLinf] Ray namespace conflict detected. Retrying to initialize Cluster with a new namespace (attempt 1).
[INFO 10:14:53 RLinf] RLinf Ray code sync is enabled (py_modules=('/data/chenyiteng/projects/rlinf-shenzhen/worktrees/fastwam-current-grpo/rlinf',)); workers receive only the rlinf package from the launch node. Disable with RLINF_CODE_WORKING_DIR=0.
2026-09-03 10:14:53,800	INFO worker.py:1683 -- Using address 172.17.0.1:6389 set in the environment variable RAY_ADDRESS
2026-09-03 10:14:53,802	INFO worker.py:1833 -- Connecting to existing Ray cluster at address: 172.17.0.1:6389...
2026-09-03 10:14:53,867	INFO worker.py:2015 -- Connected to Ray cluster. View the dashboard at [1m[32mhttp://127.0.0.1:8266 [39m[22m
[INFO 10:14:56 RLinf] RLinf is running on a cluster with 1 node and 8 accelerators. The nodes' details are: 
node_labels: []
node_rank: 0
ray_id: 2730f38e60da6b4c0f68d8779893624a0917240589c544541c894c54
node_ip: 172.17.0.1
num_cpus: 128
python_interpreter_path: /home/chenyiteng/venvs/rlinf-7d07-openpi-robotwin/bin/python
hardware_resources:
- type: Accelerator
  infos:
  - type: Accelerator
    model: NV_GPU:H100 80GB HBM3
  - type: Accelerator
    model: NV_GPU:H100 80GB HBM3
  - type: Accelerator
    model: NV_GPU:H100 80GB HBM3
  - type: Accelerator
    model: NV_GPU:H100 80GB HBM3
  - type: Accelerator
    model: NV_GPU:H100 80GB HBM3
  - type: Accelerator
    model: NV_GPU:H100 80GB HBM3
  - type: Accelerator
    model: NV_GPU:H100 80GB HBM3
  - type: Accelerator
    model: NV_GPU:H100 80GB HBM3
profiler_backends: []

Node groups' details are: 
label: cluster
nodes: '0'
hardware_type: Accelerator
ignore_hardware: false
env_configs: null

label: node
nodes: '0'
hardware_type: null
ignore_hardware: true
env_configs: null

[INFO 10:14:56 FlexiblePlacementStrategy] 
[INFO 10:14:56 FlexiblePlacementStrategy] Using flexible placement with hardware ranks: [[6], [7]], node groups: ['cluster'].
[INFO 10:14:56 FlexiblePlacementStrategy] 
[INFO 10:14:56 FlexiblePlacementStrategy] Using flexible placement with hardware ranks: [[6], [7]], node groups: ['cluster'].
{
  "env": {
    "train": {
      "env_type": "robotwin",
      "total_num_envs": 32,
      "auto_reset": false,
      "ignore_terminations": false,
      "reward_coef": 1.0,
      "use_custom_reward": true,
      "use_rel_reward": true,
      "center_crop": false,
      "seed": 0,
      "group_size": 8,
      "use_fixed_reset_state_ids": false,
      "max_steps_per_rollout_epoch": 192,
      "max_episode_steps": 192,
      "is_eval": false,
      "assets_path": "/data/chenyiteng/projects/rlinf-shenzhen/RoboTwin-RLinf-support",
      "seeds_path": "/data/chenyiteng/projects/rlinf-shenzhen/worktrees/fastwam-current-grpo/rlinf/envs/robotwin/seeds/train_seeds.json",
      "video_cfg": {
        "save_video": false,
        "info_on_video": true,
        "video_base_dir": "/data/chenyiteng/results/rlinf-shenzhen/fastwam-grpo/runs/fastwam-grpo-control-resume10-to100-2gpu32x4-g8-b1024-u2-m10-fixed32-eval5-phys67-dcp-renderlife-v2/video/train"
      },
      "enable_offload": true,
      "task_config": {
        "task_name": "move_stapler_pad",
        "step_lim": 192,
        "planner_backend": "mplib",
        "render_freq": 0,
        "episode_num": 100,
        "use_seed": false,
        "save_freq": 15,
        "embodiment": [
          "aloha-agilex"
        ],
        "language_num": 100,
        "domain_randomization": {
          "random_background": false,
          "cluttered_table": false,
          "clean_background_rate": 1,
          "random_head_camera_dis": 0,
          "random_table_height": 0,
          "random_light": false,
          "crazy_random_light_rate": 0
        },
        "camera": {
          "head_camera_type": "D435",
          "wrist_camera_type": "D435",
          "collect_head_camera": true,
          "collect_wrist_camera": true
        },
        "data_type": {
          "rgb": true,
          "third_view": false,
          "depth": false,
          "pointcloud": false,
          "observer": false,
          "endpose": false,
          "qpos": true,
          "mesh_segmentation": false,
          "actor_segmentation": false
        },
        "pcd_down_sample_num": 1024,
        "pcd_crop": true,
        "save_path": "/data/chenyiteng/results/rlinf-shenzhen/fastwam-grpo/runs/fastwam-grpo-control-resume10-to100-2gpu32x4-g8-b1024-u2-m10-fixed32-eval5-phys67-dcp-renderlife-v2/robotwin_data/train",
        "clear_cache_freq": 1,
        "collect_data": true,
        "eval_video_log": true
      },
      "rollout_epoch": 4
    },
    "eval": {
      "env_type": "robotwin",
      "total_num_envs": 32,
      "auto_reset": true,
      "ignore_terminations": true,
      "reward_coef": 1.0,
      "use_custom_reward": true,
      "use_rel_reward": true,
      "center_crop": false,
      "seed": 0,
      "group_size": 1,
      "use_fixed_reset_state_ids": true,
      "max_steps_per_rollout_epoch": 192,
      "max_episode_steps": 192,
      "is_eval": true,
      "assets_path": "/data/chenyiteng/projects/rlinf-shenzhen/RoboTwin-RLinf-support",
      "seeds_path": "/data/chenyiteng/projects/rlinf-shenzhen/worktrees/fastwam-current-grpo/rlinf/envs/robotwin/seeds/eval_seeds.json",
      "video_cfg": {
        "save_video": true,
        "info_on_video": true,
        "video_base_dir": "/data/chenyiteng/results/rlinf-shenzhen/fastwam-grpo/runs/fastwam-grpo-control-resume10-to100-2gpu32x4-g8-b1024-u2-m10-fixed32-eval5-phys67-dcp-renderlife-v2/video/eval"
      },
      "enable_offload": true,
      "task_config": {
        "task_name": "move_stapler_pad",
        "step_lim": 192,
        "planner_backend": "mplib",
        "render_freq": 0,
        "episode_num": 100,
        "use_seed": false,
        "save_freq": 15,
        "embodiment": [
          "aloha-agilex"
        ],
        "language_num": 100,
        "domain_randomization": {
          "random_background": false,
          "cluttered_table": false,
          "clean_background_rate": 1,
          "random_head_camera_dis": 0,
          "random_table_height": 0,
          "random_light": false,
          "crazy_random_light_rate": 0
        },
        "camera": {
          "head_camera_type": "D435",
          "wrist_camera_type": "D435",
          "collect_head_camera": true,
          "collect_wrist_camera": true
        },
        "data_type": {
          "rgb": true,
          "third_view": false,
          "depth": false,
          "pointcloud": false,
          "observer": false,
          "endpose": false,
          "qpos": true,
          "mesh_segmentation": false,
          "actor_segmentation": false
        },
        "pcd_down_sample_num": 1024,
        "pcd_crop": true,
        "save_path": "/data/chenyiteng/results/rlinf-shenzhen/fastwam-grpo/runs/fastwam-grpo-control-resume10-to100-2gpu32x4-g8-b1024-u2-m10-fixed32-eval5-phys67-dcp-renderlife-v2/robotwin_data/eval",
        "clear_cache_freq": 1,
        "collect_data": true,
        "eval_video_log": true
      },
      "rollout_epoch": 1
    },
    "group_name": "EnvGroup",
    "enable_offload": true
  },
  "actor": {
    "model": {
      "model_type": "fastwam",
      "model_path": "/data/chenyiteng/models/fastwam/release-8eaceeb/robotwin_uncond_3cam_384.pt",
      "checkpoint_path": "/data/chenyiteng/models/fastwam/release-8eaceeb/robotwin_uncond_3cam_384.pt",
      "dataset_stats_path": "/data/chenyiteng/models/fastwam/release-8eaceeb/robotwin_uncond_3cam_384_dataset_stats.json",
      "precision": "bf16",
      "is_lora": false,
      "action_dim": 14,
      "action_horizon": 32,
      "num_action_chunks": 24,
      "num_inference_steps": 10,
      "sigma_shift": 5.0,
      "text_cfg_scale": 1.0,
      "negative_prompt": "",
      "rand_device": "cpu",
      "tiled": false,
      "model_forward_batch_size": 2,
      "eval_seed": 0,
      "add_value_head": false,
      "rl": {
        "noise_level": 0.3
      },
      "fastwam": {
        "config_name": "sim_robotwin",
        "task": "robotwin_uncond_3cam_384_1e-4"
      }
    },
    "fsdp_config": {
      "strategy": "fsdp2",
      "sharding_strategy": "full_shard",
      "gradient_checkpointing": false,
      "cpu_offload": false,
      "offload_pin_memory": false,
      "reshard_after_forward": true,
      "enable_gradient_accumulation": true,
      "forward_prefetch": false,
      "limit_all_gathers": false,
      "backward_prefetch": null,
      "use_orig_params": false,
      "use_liger_kernel": false,
      "mixed_precision": {
        "param_dtype": "bf16",
        "reduce_dtype": "bf16",
        "buffer_dtype": "bf16"
      },
      "amp_autocast": {
        "enabled": false,
        "precision": "bf16"
      },
      "grad_scaler": {
        "enabled": false,
        "init_scale": null,
        "growth_interval": null
      },
      "wrap_policy": {
        "no_split_names": [
          "__none__"
        ]
      },
      "save_full_model_weights": false,
      "checkpoint_format": "dcp",
      "cast_forward_inputs": false
    },
    "group_name": "ActorGroup",
    "training_backend": "fsdp",
    "micro_batch_size": 2,
    "global_batch_size": 1024,
    "seed": 1234,
    "enable_offload": false,
    "optim": {
      "lr": 5e-06,
      "value_lr": 0.00011,
      "adam_beta1": 0.9,
      "adam_beta2": 0.95,
      "adam_eps": 1e-08,
      "weight_decay": 0.01,
      "clip_grad": 1.0,
      "critic_warmup_steps": 0
    }
  },
  "rollout": {
    "model": {
      "model_type": "fastwam",
      "model_path": "/data/chenyiteng/models/fastwam/release-8eaceeb/robotwin_uncond_3cam_384.pt",
      "checkpoint_path": "/data/chenyiteng/models/fastwam/release-8eaceeb/robotwin_uncond_3cam_384.pt",
      "dataset_stats_path": "/data/chenyiteng/models/fastwam/release-8eaceeb/robotwin_uncond_3cam_384_dataset_stats.json",
      "precision": "bf16",
      "is_lora": false,
      "action_dim": 14,
      "action_horizon": 32,
      "num_action_chunks": 24,
      "num_inference_steps": 10,
      "sigma_shift": 5.0,
      "text_cfg_scale": 1.0,
      "negative_prompt": "",
      "rand_device": "cpu",
      "tiled": false,
      "model_forward_batch_size": 2,
      "eval_seed": 0,
      "add_value_head": false,
      "rl": {
        "noise_level": 0.3
      },
      "fastwam": {
        "config_name": "sim_robotwin",
        "task": "robotwin_uncond_3cam_384_1e-4"
      }
    },
    "group_name": "RolloutGroup",
    "backend": "huggingface",
    "recompute_logprobs": false,
    "collect_prev_infos": true,
    "enable_offload": true,
    "pipeline_stage_num": 1
  },
  "weight_syncer": {
    "type": "bucket",
    "bucket": {
      "bucket_size": 536870912,
      "bucket_dtype": null,
      "is_agent": false,
      "load_instant": true,
      "bucket_device": "cpu"
    }
  },
  "cluster": {
    "num_nodes": 1,
    "component_placement": {
      "actor, env, rollout": "6,7"
    },
    "tracer": {
      "enable": false
    }
  },
  "runner": {
    "task_type": "embodied",
    "logger": {
      "log_path": "/data/chenyiteng/results/rlinf-shenzhen/fastwam-grpo/runs/fastwam-grpo-control-resume10-to100-2gpu32x4-g8-b1024-u2-m10-fixed32-eval5-phys67-dcp-renderlife-v2",
      "project_name": "rlinf",
      "experiment_name": "fastwam_grpo_control_resume10_to100_2gpu32x4_g8_b1024_u2_m10_fixed32_eval5_phys67_dcp_renderlife_v2",
      "logger_backends": [
        "tensorboard"
      ]
    },
    "max_epochs": 1000,
    "max_steps": 100,
    "only_eval": false,
    "val_check_interval": 5,
    "save_interval": 10,
    "weight_sync_interval": 1,
    "resume_dir": "/data/chenyiteng/results/rlinf-shenzhen/fastwam-grpo/runs/fastwam-grpo-control-formal100-2gpu32x4-g8-b1024-u2-m10-fixed32-eval5-phys67-dcp-v1/fastwam_grpo_control_formal100_2gpu32x4_g8_b1024_u2_m10_fixed32_eval5_phys67_dcp_v1/checkpoints/global_step_10",
    "ckpt_path": null,
    "per_worker_log": false,
    "per_worker_log_path": null,
    "overlap_env_bootstrap": false
  },
  "algorithm": {
    "normalize_advantages": true,
    "kl_penalty": "kl",
    "group_size": 8,
    "reward_coef": 1.0,
    "reward_type": "chunk_level",
    "logprob_type": "chunk_level",
    "entropy_type": "token_level",
    "update_epoch": 2,
    "adv_type": "grpo",
    "loss_type": "actor",
    "loss_agg_func": "token-mean",
    "kl_beta": 0.0,
    "entropy_bonus": 0,
    "clip_ratio_high": 0.2,
    "clip_ratio_low": 0.2,
    "clip_ratio_c": 3.0,
    "value_clip": 0.2,
    "huber_delta": 10.0,
    "gamma": 0.99,
    "gae_lambda": 0.95,
    "filter_rewards": true,
    "rewards_lower_bound": 0.1,
    "rewards_upper_bound": 0.9
  },
  "reward": {
    "use_reward_model": false
  },
  "critic": {
    "use_critic_model": false
  }
}
[INFO 10:14:56 FlexiblePlacementStrategy] 
[INFO 10:14:56 FlexiblePlacementStrategy] Using flexible placement with hardware ranks: [[6], [7]], node groups: ['cluster'].
[INFO 10:14:56 FlexiblePlacementStrategy] Generated 2 placements: [Placement(rank=0, cluster_node_rank=0, placement_node_rank=0, local_accelerator_rank=6, accelerator_type='NV_GPU', local_rank=0, local_world_size=2, visible_accelerators=['6'], isolate_accelerator=True, local_hardware_ranks=[6], node_group_label='cluster'), Placement(rank=1, cluster_node_rank=0, placement_node_rank=0, local_accelerator_rank=7, accelerator_type='NV_GPU', local_rank=1, local_world_size=2, visible_accelerators=['7'], isolate_accelerator=True, local_hardware_ranks=[7], node_group_label='cluster')].
[36m(_RemoteNodeProbe pid=2812999)[0m /data/chenyiteng/projects/rlinf-shenzhen/worktrees/fastwam-current-grpo/rlinf/scheduler/cluster/node.py:532: UserWarning: Python interpreter used to launch Ray on node with IP 172.17.0.1 is different from that on the head node /home/chenyiteng/venvs/rlinf-7d07-openpi-robotwin/bin/python. Keep using the current interpreter /home/chenyiteng/venvs/rlinf-7d07-openpi-robotwin/bin/python3 on this node.
[36m(_RemoteNodeProbe pid=2812999)[0m   warnings.warn(
[INFO 10:14:56 FlexiblePlacementStrategy] Generated 2 placements: [Placement(rank=0, cluster_node_rank=0, placement_node_rank=0, local_accelerator_rank=6, accelerator_type='NV_GPU', local_rank=0, local_world_size=2, visible_accelerators=['6'], isolate_accelerator=True, local_hardware_ranks=[6], node_group_label='cluster'), Placement(rank=1, cluster_node_rank=0, placement_node_rank=0, local_accelerator_rank=7, accelerator_type='NV_GPU', local_rank=1, local_world_size=2, visible_accelerators=['7'], isolate_accelerator=True, local_hardware_ranks=[7], node_group_label='cluster')].
[INFO 10:14:56 FlexiblePlacementStrategy] Generated 2 placements: [Placement(rank=0, cluster_node_rank=0, placement_node_rank=0, local_accelerator_rank=6, accelerator_type='NV_GPU', local_rank=0, local_world_size=2, visible_accelerators=['6'], isolate_accelerator=True, local_hardware_ranks=[6], node_group_label='cluster'), Placement(rank=1, cluster_node_rank=0, placement_node_rank=0, local_accelerator_rank=7, accelerator_type='NV_GPU', local_rank=1, local_world_size=2, visible_accelerators=['7'], isolate_accelerator=True, local_hardware_ranks=[7], node_group_label='cluster')].
[INFO 10:14:56 NodePlacementStrategy] 
[INFO 10:14:56 NodePlacementStrategy] Using node placement with node ranks: [0], node groups: ['node'].
[INFO 10:14:56 NodePlacementStrategy] Generated 1 placements: [Placement(rank=0, cluster_node_rank=0, placement_node_rank=0, local_accelerator_rank='0', accelerator_type='NV_GPU', local_rank=0, local_world_size=1, visible_accelerators=['0', '1', '2', '3', '4', '5', '6', '7'], isolate_accelerator=True, local_hardware_ranks=[], node_group_label='cluster')].
[INFO 10:14:56 NodePlacementStrategy] 
[INFO 10:14:56 NodePlacementStrategy] Using node placement with node ranks: [0], node groups: ['node'].
[INFO 10:14:56 NodePlacementStrategy] Generated 1 placements: [Placement(rank=0, cluster_node_rank=0, placement_node_rank=0, local_accelerator_rank='0', accelerator_type='NV_GPU', local_rank=0, local_world_size=1, visible_accelerators=['0', '1', '2', '3', '4', '5', '6', '7'], isolate_accelerator=True, local_hardware_ranks=[], node_group_label='cluster')].
[INFO 10:14:56 NodePlacementStrategy] 
[INFO 10:14:56 NodePlacementStrategy] Using node placement with node ranks: [0], node groups: ['node'].
[INFO 10:14:56 NodePlacementStrategy] Generated 1 placements: [Placement(rank=0, cluster_node_rank=0, placement_node_rank=0, local_accelerator_rank='0', accelerator_type='NV_GPU', local_rank=0, local_world_size=1, visible_accelerators=['0', '1', '2', '3', '4', '5', '6', '7'], isolate_accelerator=True, local_hardware_ranks=[], node_group_label='cluster')].
WARNING: All log messages before absl::InitializeLog() is called are written to STDERR
I0000 00:00:1788430497.291267 2812516 port.cc:153] oneDNN custom operations are on. You may see slightly different numerical results due to floating-point round-off errors from different computation orders. To turn them off, set the environment variable `TF_ENABLE_ONEDNN_OPTS=0`.
I0000 00:00:1788430497.348829 2812516 cpu_feature_guard.cc:227] This TensorFlow binary is optimized to use available CPU instructions in performance-critical operations.
To enable the following instructions: AVX2 AVX512F AVX512_VNNI AVX512_BF16 AVX512_FP16 AVX_VNNI AMX_TILE AMX_INT8 AMX_BF16 FMA, in other operations, rebuild TensorFlow with the appropriate compiler flags.
WARNING: All log messages before absl::InitializeLog() is called are written to STDERR
I0000 00:00:1788430499.064677 2812516 port.cc:153] oneDNN custom operations are on. You may see slightly different numerical results due to floating-point round-off errors from different computation orders. To turn them off, set the environment variable `TF_ENABLE_ONEDNN_OPTS=0`.
[36m(MultiStepRolloutWorker pid=2813137)[0m [INFO 10:15:02 FlexiblePlacementStrategy] 
[36m(MultiStepRolloutWorker pid=2813137)[0m [INFO 10:15:02 FlexiblePlacementStrategy] Using flexible placement with hardware ranks: [[6], [7]], node groups: ['cluster'].
[36m(MultiStepRolloutWorker pid=2813139)[0m [INFO 10:15:02 FlexiblePlacementStrategy] 
[36m(MultiStepRolloutWorker pid=2813139)[0m [INFO 10:15:02 FlexiblePlacementStrategy] Using flexible placement with hardware ranks: [[6], [7]], node groups: ['cluster'].
[36m(EnvWorker pid=2813142)[0m [INFO 10:15:02 FlexiblePlacementStrategy] 
[36m(EnvWorker pid=2813142)[0m [INFO 10:15:02 FlexiblePlacementStrategy] Using flexible placement with hardware ranks: [[6], [7]], node groups: ['cluster'].
[36m(EnvWorker pid=2813140)[0m [INFO 10:15:02 FlexiblePlacementStrategy] 
[36m(EnvWorker pid=2813140)[0m [INFO 10:15:02 FlexiblePlacementStrategy] Using flexible placement with hardware ranks: [[6], [7]], node groups: ['cluster'].
[36m(EmbodiedFSDPActor pid=2813133)[0m [WARNING 10:15:02 ActorGroup-Rank-0][fsdp_model_manager.py:79] Provided there is sufficient GPU memory, set the actor.model.precision parameter to fp32 to allow the optimizer to run in fp32 for better convergence. Meanwhile, setting mixed_precision.param_dtype to 16-bit dtype can help maximize speed, as it will automatically convert fp32 to fp16 during operator execution.
[36m(EmbodiedFSDPActor pid=2813136)[0m [WARNING 10:15:02 ActorGroup-Rank-1][fsdp_model_manager.py:79] Provided there is sufficient GPU memory, set the actor.model.precision parameter to fp32 to allow the optimizer to run in fp32 for better convergence. Meanwhile, setting mixed_precision.param_dtype to 16-bit dtype can help maximize speed, as it will automatically convert fp32 to fp16 during operator execution.
[36m(RolloutGroup(rank=0) pid=2813137)[0m INFO:fastwam.models.wan22.helpers.loader:Loading Wan2.2-TI2V-5B components...
[36m(RolloutGroup(rank=0) pid=2813137)[0m INFO:fastwam.models.wan22.helpers.loader:Skipping pretrained video DiT load (`skip_dit_load_from_pretrain=True`); initializing video expert randomly and expecting checkpoint override.
[36m(EmbodiedFSDPActor pid=2813136)[0m [INFO 10:15:05 ActorGroup-Rank-1][fsdp_model_manager.py:133] [FSDP] AMP is disabled.
[36m(EmbodiedFSDPActor pid=2813136)[0m [INFO 10:15:05 FlexiblePlacementStrategy] 
[36m(EmbodiedFSDPActor pid=2813136)[0m [INFO 10:15:05 FlexiblePlacementStrategy] Using flexible placement with hardware ranks: [[6], [7]], node groups: ['cluster'].
[36m(EmbodiedFSDPActor pid=2813133)[0m [INFO 10:15:06 ActorGroup-Rank-0][fsdp_model_manager.py:133] [FSDP] AMP is disabled.
[36m(EmbodiedFSDPActor pid=2813133)[0m [INFO 10:15:06 FlexiblePlacementStrategy] 
[36m(EmbodiedFSDPActor pid=2813133)[0m [INFO 10:15:06 FlexiblePlacementStrategy] Using flexible placement with hardware ranks: [[6], [7]], node groups: ['cluster'].
[36m(RolloutGroup(rank=0) pid=2813137)[0m INFO:fastwam.models.wan22.helpers.loader:Finished loading Wan2.2-TI2V-5B components in 64.10 seconds.
[36m(RolloutGroup(rank=0) pid=2813137)[0m INFO:fastwam.models.wan22.action_dit:Skipping ActionDiT pretrained load (`skip_dit_load_from_pretrain=True`); initializing action expert randomly and expecting checkpoint override.
[36m(RolloutGroup(rank=0) pid=2813137)[0m INFO:fastwam.models.wan22.mot:Initialized MoT with experts: ['video', 'action'], num_layers=30
[36m(RolloutGroup(rank=0) pid=2813137)[0m INFO:fastwam.models.wan22.mot:  Expert 'video': num_params=5.00 B
[36m(RolloutGroup(rank=0) pid=2813137)[0m INFO:fastwam.models.wan22.mot:  Expert 'action': num_params=1.02 B
[36m(RolloutGroup(rank=1) pid=2813139)[0m [INFO 10:16:18 RolloutGroup-Rank-1][builder.py:312] Built Fast-WAM RoboTwin policy | checkpoint=/data/chenyiteng/models/fastwam/release-8eaceeb/robotwin_uncond_3cam_384.pt | stats=/data/chenyiteng/models/fastwam/release-8eaceeb/robotwin_uncond_3cam_384_dataset_stats.json | trainable_parameters=824 | H/N/S=32/24/10
[36m(RolloutGroup(rank=0) pid=2813137)[0m [INFO 10:16:19 RolloutGroup-Rank-0][builder.py:312] Built Fast-WAM RoboTwin policy | checkpoint=/data/chenyiteng/models/fastwam/release-8eaceeb/robotwin_uncond_3cam_384.pt | stats=/data/chenyiteng/models/fastwam/release-8eaceeb/robotwin_uncond_3cam_384_dataset_stats.json | trainable_parameters=824 | H/N/S=32/24/10
[36m(ActorGroup(rank=0) pid=2813133)[0m INFO:fastwam.models.wan22.helpers.loader:Loading Wan2.2-TI2V-5B components...
[36m(ActorGroup(rank=0) pid=2813133)[0m INFO:fastwam.models.wan22.helpers.loader:Skipping pretrained video DiT load (`skip_dit_load_from_pretrain=True`); initializing video expert randomly and expecting checkpoint override.
[36m(ActorGroup(rank=0) pid=2813133)[0m INFO:fastwam.models.wan22.helpers.loader:Finished loading Wan2.2-TI2V-5B components in 65.57 seconds.
[36m(ActorGroup(rank=0) pid=2813133)[0m INFO:fastwam.models.wan22.action_dit:Skipping ActionDiT pretrained load (`skip_dit_load_from_pretrain=True`); initializing action expert randomly and expecting checkpoint override.
[36m(ActorGroup(rank=0) pid=2813133)[0m INFO:fastwam.models.wan22.mot:Initialized MoT with experts: ['video', 'action'], num_layers=30
[36m(ActorGroup(rank=0) pid=2813133)[0m INFO:fastwam.models.wan22.mot:  Expert 'video': num_params=5.00 B
[36m(ActorGroup(rank=0) pid=2813133)[0m INFO:fastwam.models.wan22.mot:  Expert 'action': num_params=1.02 B
[36m(ActorGroup(rank=1) pid=2813136)[0m [INFO 10:17:44 ActorGroup-Rank-1][builder.py:312] Built Fast-WAM RoboTwin policy | checkpoint=/data/chenyiteng/models/fastwam/release-8eaceeb/robotwin_uncond_3cam_384.pt | stats=/data/chenyiteng/models/fastwam/release-8eaceeb/robotwin_uncond_3cam_384_dataset_stats.json | trainable_parameters=824 | H/N/S=32/24/10
[36m(ActorGroup(rank=1) pid=2813136)[0m [INFO 10:17:44 ActorGroup-Rank-1][fsdp_model_manager.py:294] [FSDP] Gradient checkpointing is disabled
[36m(ActorGroup(rank=0) pid=2813133)[0m [INFO 10:17:46 ActorGroup-Rank-0][builder.py:312] Built Fast-WAM RoboTwin policy | checkpoint=/data/chenyiteng/models/fastwam/release-8eaceeb/robotwin_uncond_3cam_384.pt | stats=/data/chenyiteng/models/fastwam/release-8eaceeb/robotwin_uncond_3cam_384_dataset_stats.json | trainable_parameters=824 | H/N/S=32/24/10
[36m(ActorGroup(rank=0) pid=2813133)[0m [INFO 10:17:46 ActorGroup-Rank-0][fsdp_model_manager.py:294] [FSDP] Gradient checkpointing is disabled
[INFO 10:17:47 RLinf] Resuming training from checkpoint directory /data/chenyiteng/results/rlinf-shenzhen/fastwam-grpo/runs/fastwam-grpo-control-formal100-2gpu32x4-g8-b1024-u2-m10-fixed32-eval5-phys67-dcp-v1/fastwam_grpo_control_formal100_2gpu32x4_g8_b1024_u2_m10_fixed32_eval5_phys67_dcp_v1/checkpoints/global_step_10.
[36m(ActorGroup(rank=0) pid=2813133)[0m /home/chenyiteng/venvs/rlinf-7d07-openpi-robotwin/lib/python3.11/site-packages/torch/distributed/c10d_logger.py:83: UserWarning: barrier(): using the device under current context. You can specify `device_id` in `init_process_group` to mute this warning.
[36m(ActorGroup(rank=0) pid=2813133)[0m   return func(*args, **kwargs)
[36m(RolloutGroup(rank=0) pid=2813137)[0m Generating Rollout Epochs:   0%|          | 0/4 [00:00<?, ?it/s]
[36m(RolloutGroup(rank=0) pid=2813137)[0m Generating Rollout Epochs:  25%|██▌       | 1/4 [03:17<09:52, 197.35s/it]
[36m(RolloutGroup(rank=0) pid=2813137)[0m Generating Rollout Epochs:  50%|█████     | 2/4 [05:54<05:47, 173.70s/it]
[36m(RolloutGroup(rank=0) pid=2813137)[0m Generating Rollout Epochs:  75%|███████▌  | 3/4 [08:35<02:47, 167.93s/it]
[36m(RolloutGroup(rank=0) pid=2813137)[0m Generating Rollout Epochs: 100%|██████████| 4/4 [11:16<00:00, 165.35s/it]Generating Rollout Epochs: 100%|██████████| 4/4 [11:16<00:00, 169.24s/it]

╭──────────────────────────────────────────────────────────────────────────────────────────────────────────────────────╮
├──────────────────────────────────────────────────── Metric Table ────────────────────────────────────────────────────┤
│ Global Step:   11/100 │ Progress: ████░░░░░░░░░░░░░░░░░░░░░░░░░░░░░░░░░░░░ │  11.0%                                  │
│ Elapsed: 14:09 │ ETA: 21:00:46 │ Step Time: 849.958s                                                                 │
├──────────────────────────────────────────────────────── Time ────────────────────────────────────────────────────────┤
│                                                                                                                      │
│actor/actor/compute_adv=0.036          │actor/actor/recv_traj=687.3            │actor/actor/sync_model_to_rollout=2.1…│
│actor/run_training=154.7               │actor_training=154.7                   │cal_adv_and_returns=0.041             │
│env/compute_bootstrap_rewards=0.0032   │env/env/bootstrap_step=113.3           │env/env/send_rollout_trajectories=1.5…│
│env/env_interact_step=434.6            │env/interact=685.4                     │env/run_interact_once=683.0           │
│generate_rollouts=692.7                │rollout/generate_one_epoch=677.0       │rollout/predict=129.7                 │
│rollout/rollout/generate=692.6         │rollout/sync_model_from_actor=2.457    │step=849.9                            │
│sync_weights=2.463                     │                                       │                                      │
│                                                                                                                      │
├──────────────────────────────────────────────────── Environment ─────────────────────────────────────────────────────┤
│                                                                                                                      │
│episode_len=192.0                      │num_trajectories=128                   │return=0.4296875                      │
│reward=0.0022379558                    │success_once=0.4296875                 │                                      │
│                                                                                                                      │
├────────────────────────────────────────────────────── Rollout ───────────────────────────────────────────────────────┤
│                                                                                                                      │
│advantages_max=2.475                   │advantages_mean=-0.063                 │advantages_min=-2.475                 │
│rewards=0.0028                         │                                       │                                      │
│                                                                                                                      │
├─────────────────────────────────────────────────── Training/Actor ───────────────────────────────────────────────────┤
│                                                                                                                      │
│actor/approx_kl=0.0032                 │actor/clip_fraction=0.022              │actor/clipped_ratio=0.907             │
│actor/dual_cliped_ratio=0.0000         │actor/entropy_loss=0.0000              │actor/grad_norm=10.373                │
│actor/lr=5.00e-06                      │actor/policy_loss=-0.0021              │actor/policy_loss_abs=0.634           │
│actor/ratio=0.907                      │actor/ratio_abs=0.029                  │actor/total_loss=-8.09e-06            │
│                                                                                                                      │
╰──────────────────────────────────────────────────────────────────────────────────────────────────────────────────────╯

[36m(RolloutGroup(rank=0) pid=2813137)[0m Generating Rollout Epochs:   0%|          | 0/4 [00:00<?, ?it/s]
[36m(RolloutGroup(rank=0) pid=2813137)[0m Generating Rollout Epochs:  25%|██▌       | 1/4 [02:58<08:54, 178.25s/it]
[36m(RolloutGroup(rank=0) pid=2813137)[0m Generating Rollout Epochs:  50%|█████     | 2/4 [05:53<05:52, 176.46s/it]
[36m(RolloutGroup(rank=0) pid=2813137)[0m Generating Rollout Epochs:  75%|███████▌  | 3/4 [08:44<02:54, 174.04s/it]
[36m(RolloutGroup(rank=0) pid=2813137)[0m Generating Rollout Epochs: 100%|██████████| 4/4 [11:34<00:00, 172.57s/it]Generating Rollout Epochs: 100%|██████████| 4/4 [11:34<00:00, 173.73s/it]

╭──────────────────────────────────────────────────────────────────────────────────────────────────────────────────────╮
├──────────────────────────────────────────────────── Metric Table ────────────────────────────────────────────────────┤
│ Global Step:   12/100 │ Progress: ████░░░░░░░░░░░░░░░░░░░░░░░░░░░░░░░░░░░░ │  12.0%                                  │
│ Elapsed: 28:21 │ ETA: 20:48:04 │ Step Time: 850.960s                                                                 │
├──────────────────────────────────────────────────────── Time ────────────────────────────────────────────────────────┤
│                                                                                                                      │
│actor/actor/compute_adv=0.0048         │actor/actor/recv_traj=705.2            │actor/actor/sync_model_to_rollout=1.8…│
│actor/run_training=139.1               │actor_training=139.1                   │cal_adv_and_returns=0.0090            │
│env/compute_bootstrap_rewards=0.0033   │env/env/bootstrap_step=118.9           │env/env/send_rollout_trajectories=1.0…│
│env/env_interact_step=451.2            │env/interact=703.5                     │env/run_interact_once=701.6           │
│generate_rollouts=710.5                │rollout/generate_one_epoch=695.2       │rollout/predict=131.5                 │
│rollout/rollout/generate=710.5         │rollout/sync_model_from_actor=2.283    │step=851.9                            │
│sync_weights=2.287                     │                                       │                                      │
│                                                                                                                      │
├──────────────────────────────────────────────────── Environment ─────────────────────────────────────────────────────┤
│                                                                                                                      │
│episode_len=192.0                      │num_trajectories=128                   │return=0.484375                       │
│reward=0.0025227866                    │success_once=0.484375                  │                                      │
│                                                                                                                      │
├────────────────────────────────────────────────────── Rollout ───────────────────────────────────────────────────────┤
│                                                                                                                      │
│advantages_max=2.475                   │advantages_mean=-0.047                 │advantages_min=-2.475                 │
│rewards=0.0022                         │                                       │                                      │
│                                                                                                                      │
├─────────────────────────────────────────────────── Training/Actor ───────────────────────────────────────────────────┤
│                                                                                                                      │
│actor/approx_kl=0.0017                 │actor/clip_fraction=0.0098             │actor/clipped_ratio=0.903             │
│actor/dual_cliped_ratio=0.0000         │actor/entropy_loss=0.0000              │actor/grad_norm=11.252                │
│actor/lr=5.00e-06                      │actor/policy_loss=-3.92e-04            │actor/policy_loss_abs=0.610           │
│actor/ratio=0.904                      │actor/ratio_abs=0.025                  │actor/total_loss=-1.53e-06            │
│                                                                                                                      │
╰──────────────────────────────────────────────────────────────────────────────────────────────────────────────────────╯

[36m(RolloutGroup(rank=0) pid=2813137)[0m Generating Rollout Epochs:   0%|          | 0/4 [00:00<?, ?it/s]
[36m(RolloutGroup(rank=0) pid=2813137)[0m Generating Rollout Epochs:  25%|██▌       | 1/4 [02:36<07:48, 156.24s/it]
[36m(RolloutGroup(rank=0) pid=2813137)[0m Generating Rollout Epochs:  50%|█████     | 2/4 [05:05<05:04, 152.42s/it]
[36m(RolloutGroup(rank=0) pid=2813137)[0m Generating Rollout Epochs:  75%|███████▌  | 3/4 [07:45<02:35, 155.60s/it]
[36m(RolloutGroup(rank=0) pid=2813137)[0m Generating Rollout Epochs: 100%|██████████| 4/4 [10:31<00:00, 159.91s/it]Generating Rollout Epochs: 100%|██████████| 4/4 [10:31<00:00, 157.97s/it]

╭──────────────────────────────────────────────────────────────────────────────────────────────────────────────────────╮
├──────────────────────────────────────────────────── Metric Table ────────────────────────────────────────────────────┤
│ Global Step:   13/100 │ Progress: █████░░░░░░░░░░░░░░░░░░░░░░░░░░░░░░░░░░░ │  13.0%                                  │
│ Elapsed: 41:35 │ ETA: 20:06:15 │ Step Time: 831.902s                                                                 │
├──────────────────────────────────────────────────────── Time ────────────────────────────────────────────────────────┤
│                                                                                                                      │
│actor/actor/compute_adv=0.0057         │actor/actor/recv_traj=643.5            │actor/actor/sync_model_to_rollout=2.0…│
│actor/run_training=142.1               │actor_training=142.1                   │cal_adv_and_returns=0.012             │
│env/compute_bootstrap_rewards=0.0025   │env/env/bootstrap_step=102.4           │env/env/send_rollout_trajectories=1.6…│
│env/env_interact_step=415.6            │env/interact=641.8                     │env/run_interact_once=639.1           │
│generate_rollouts=649.1                │rollout/generate_one_epoch=631.9       │rollout/predict=114.9                 │
│rollout/rollout/generate=649.0         │rollout/sync_model_from_actor=2.544    │step=793.8                            │
│sync_weights=2.549                     │                                       │                                      │
│                                                                                                                      │
├──────────────────────────────────────────────────── Environment ─────────────────────────────────────────────────────┤
│                                                                                                                      │
│episode_len=192.0                      │num_trajectories=128                   │return=0.4375                         │
│reward=0.002278646                     │success_once=0.4375                    │                                      │
│                                                                                                                      │
├────────────────────────────────────────────────────── Rollout ───────────────────────────────────────────────────────┤
│                                                                                                                      │
│advantages_max=2.475                   │advantages_mean=-0.056                 │advantages_min=-2.475                 │
│rewards=0.0025                         │                                       │                                      │
│                                                                                                                      │
├─────────────────────────────────────────────────── Training/Actor ───────────────────────────────────────────────────┤
│                                                                                                                      │
│actor/approx_kl=0.0045                 │actor/clip_fraction=0.0054             │actor/clipped_ratio=0.768             │
│actor/dual_cliped_ratio=0.0000         │actor/entropy_loss=0.0000              │actor/grad_norm=8.860                 │
│actor/lr=5.00e-06                      │actor/policy_loss=0.0028               │actor/policy_loss_abs=0.530           │
│actor/ratio=0.768                      │actor/ratio_abs=0.019                  │actor/total_loss=1.09e-05             │
│                                                                                                                      │
╰──────────────────────────────────────────────────────────────────────────────────────────────────────────────────────╯

[36m(RolloutGroup(rank=0) pid=2813137)[0m Generating Rollout Epochs:   0%|          | 0/4 [00:00<?, ?it/s]
[36m(RolloutGroup(rank=0) pid=2813137)[0m Generating Rollout Epochs:  25%|██▌       | 1/4 [02:58<08:56, 178.77s/it]
[36m(RolloutGroup(rank=0) pid=2813137)[0m Generating Rollout Epochs:  50%|█████     | 2/4 [05:41<05:38, 169.36s/it]
[36m(RolloutGroup(rank=0) pid=2813137)[0m Generating Rollout Epochs:  75%|███████▌  | 3/4 [08:30<02:49, 169.21s/it]
[36m(RolloutGroup(rank=0) pid=2813137)[0m Generating Rollout Epochs: 100%|██████████| 4/4 [11:21<00:00, 169.95s/it]Generating Rollout Epochs: 100%|██████████| 4/4 [11:21<00:00, 170.42s/it]

╭──────────────────────────────────────────────────────────────────────────────────────────────────────────────────────╮
├──────────────────────────────────────────────────── Metric Table ────────────────────────────────────────────────────┤
│ Global Step:   14/100 │ Progress: █████░░░░░░░░░░░░░░░░░░░░░░░░░░░░░░░░░░░ │  14.0%                                  │
│ Elapsed: 56:09 │ ETA: 20:07:21 │ Step Time: 842.347s                                                                 │
├──────────────────────────────────────────────────────── Time ────────────────────────────────────────────────────────┤
│                                                                                                                      │
│actor/actor/compute_adv=0.0056         │actor/actor/recv_traj=729.0            │actor/actor/sync_model_to_rollout=1.7…│
│actor/run_training=138.6               │actor_training=138.6                   │cal_adv_and_returns=0.011             │
│env/compute_bootstrap_rewards=0.0034   │env/env/bootstrap_step=108.2           │env/env/send_rollout_trajectories=1.5…│
│env/env_interact_step=484.4            │env/interact=727.2                     │env/run_interact_once=725.1           │
│generate_rollouts=732.9                │rollout/generate_one_epoch=718.3       │rollout/predict=130.8                 │
│rollout/rollout/generate=732.9         │rollout/sync_model_from_actor=2.140    │step=873.7                            │
│sync_weights=2.144                     │                                       │                                      │
│                                                                                                                      │
├──────────────────────────────────────────────────── Environment ─────────────────────────────────────────────────────┤
│                                                                                                                      │
│episode_len=192.0                      │num_trajectories=128                   │return=0.34375                        │
│reward=0.0017903647                    │success_once=0.34375                   │                                      │
│                                                                                                                      │
├────────────────────────────────────────────────────── Rollout ───────────────────────────────────────────────────────┤
│                                                                                                                      │
│advantages_max=2.475                   │advantages_mean=-0.050                 │advantages_min=-1.620                 │
│rewards=0.0022                         │                                       │                                      │
│                                                                                                                      │
├─────────────────────────────────────────────────── Training/Actor ───────────────────────────────────────────────────┤
│                                                                                                                      │
│actor/approx_kl=7.25e-04               │actor/clip_fraction=0.0063             │actor/clipped_ratio=0.873             │
│actor/dual_cliped_ratio=0.0000         │actor/entropy_loss=0.0000              │actor/grad_norm=5.523                 │
│actor/lr=5.00e-06                      │actor/policy_loss=1.34e-05             │actor/policy_loss_abs=0.565           │
│actor/ratio=0.873                      │actor/ratio_abs=0.015                  │actor/total_loss=5.23e-08             │
│                                                                                                                      │
╰──────────────────────────────────────────────────────────────────────────────────────────────────────────────────────╯

[36m(RolloutGroup(rank=0) pid=2813137)[0m Generating Rollout Epochs:   0%|          | 0/4 [00:00<?, ?it/s]
[36m(RolloutGroup(rank=0) pid=2813137)[0m Generating Rollout Epochs:  25%|██▌       | 1/4 [03:14<09:44, 194.90s/it]
[36m(RolloutGroup(rank=0) pid=2813137)[0m Generating Rollout Epochs:  50%|█████     | 2/4 [06:16<06:14, 187.15s/it]
[36m(RolloutGroup(rank=0) pid=2813137)[0m Generating Rollout Epochs:  75%|███████▌  | 3/4 [08:49<02:51, 171.34s/it]
[36m(RolloutGroup(rank=0) pid=2813137)[0m Generating Rollout Epochs: 100%|██████████| 4/4 [11:46<00:00, 173.56s/it]Generating Rollout Epochs: 100%|██████████| 4/4 [11:46<00:00, 176.53s/it]
[36m(RolloutGroup(rank=0) pid=2813137)[0m Evaluating Rollout Epochs:   0%|          | 0/1 [00:00<?, ?it/s]
[36m(RolloutGroup(rank=0) pid=2813137)[0m Evaluating Rollout Epochs: 100%|██████████| 1/1 [02:55<00:00, 175.44s/it]Evaluating Rollout Epochs: 100%|██████████| 1/1 [02:55<00:00, 175.44s/it]

╭──────────────────────────────────────────────────────────────────────────────────────────────────────────────────────╮
├──────────────────────────────────────────────────── Metric Table ────────────────────────────────────────────────────┤
│ Global Step:   15/100 │ Progress: ██████░░░░░░░░░░░░░░░░░░░░░░░░░░░░░░░░░░ │  15.0%                                  │
│ Elapsed: 01:14:31 │ ETA: 21:06:55 │ Step Time: 894.301s                                                              │
├──────────────────────────────────────────────────────── Time ────────────────────────────────────────────────────────┤
│                                                                                                                      │
│actor/actor/compute_adv=0.0052         │actor/actor/recv_traj=718.3            │actor/actor/sync_model_to_rollout=3.7…│
│actor/run_training=153.6               │actor_training=153.6                   │cal_adv_and_returns=0.011             │
│env/compute_bootstrap_rewards=0.0030   │env/env/bootstrap_step=119.0           │env/env/send_rollout_trajectories=1.5…│
│env/env_interact_step=465.5            │env/evaluate=219.9                     │env/interact=716.4                    │
│env/run_interact_once=714.0            │eval=222.3                             │generate_rollouts=723.9               │
│rollout/evaluate=196.5                 │rollout/generate_one_epoch=706.1       │rollout/predict=154.6                 │
│rollout/rollout/generate=723.9         │rollout/sync_model_from_actor=4.518    │step=1102.1                           │
│sync_weights=2.133                     │                                       │                                      │
│                                                                                                                      │
├──────────────────────────────────────────────────── Environment ─────────────────────────────────────────────────────┤
│                                                                                                                      │
│episode_len=192.0                      │num_trajectories=128                   │return=0.265625                       │
│reward=0.0013834636                    │success_once=0.265625                  │                                      │
│                                                                                                                      │
├────────────────────────────────────────────────────── Rollout ───────────────────────────────────────────────────────┤
│                                                                                                                      │
│advantages_max=2.475                   │advantages_mean=-0.039                 │advantages_min=-1.208                 │
│rewards=0.0016                         │                                       │                                      │
│                                                                                                                      │
├───────────────────────────────────────────────────── Evaluation ─────────────────────────────────────────────────────┤
│                                                                                                                      │
│episode_len=192.0                      │num_trajectories=32                    │return=0.40625                        │
│reward=0.0021158855                    │success_at_end=0.40625                 │success_once=0.40625                  │
│                                                                                                                      │
├─────────────────────────────────────────────────── Training/Actor ───────────────────────────────────────────────────┤
│                                                                                                                      │
│actor/approx_kl=0.0013                 │actor/clip_fraction=0.011              │actor/clipped_ratio=0.869             │
│actor/dual_cliped_ratio=0.0000         │actor/entropy_loss=0.0000              │actor/grad_norm=12.449                │
│actor/lr=5.00e-06                      │actor/policy_loss=-6.05e-05            │actor/policy_loss_abs=0.558           │
│actor/ratio=0.870                      │actor/ratio_abs=0.025                  │actor/total_loss=-2.36e-07            │
│                                                                                                                      │
╰──────────────────────────────────────────────────────────────────────────────────────────────────────────────────────╯

[36m(RolloutGroup(rank=0) pid=2813137)[0m Generating Rollout Epochs:   0%|          | 0/4 [00:00<?, ?it/s]
[36m(RolloutGroup(rank=0) pid=2813137)[0m Generating Rollout Epochs:  25%|██▌       | 1/4 [02:49<08:28, 169.34s/it]
[36m(RolloutGroup(rank=0) pid=2813137)[0m Generating Rollout Epochs:  50%|█████     | 2/4 [05:24<05:22, 161.11s/it]
[36m(RolloutGroup(rank=0) pid=2813137)[0m Generating Rollout Epochs:  75%|███████▌  | 3/4 [08:01<02:39, 159.29s/it]
[36m(RolloutGroup(rank=0) pid=2813137)[0m Generating Rollout Epochs: 100%|██████████| 4/4 [10:20<00:00, 151.10s/it]Generating Rollout Epochs: 100%|██████████| 4/4 [10:20<00:00, 155.09s/it]

╭──────────────────────────────────────────────────────────────────────────────────────────────────────────────────────╮
├──────────────────────────────────────────────────── Metric Table ────────────────────────────────────────────────────┤
│ Global Step:   16/100 │ Progress: ██████░░░░░░░░░░░░░░░░░░░░░░░░░░░░░░░░░░ │  16.0%                                  │
│ Elapsed: 01:27:23 │ ETA: 20:23:35 │ Step Time: 874.000s                                                              │
├──────────────────────────────────────────────────────── Time ────────────────────────────────────────────────────────┤
│                                                                                                                      │
│actor/actor/compute_adv=0.0060         │actor/actor/recv_traj=633.0            │actor/actor/sync_model_to_rollout=2.0…│
│actor/run_training=132.3               │actor_training=132.3                   │cal_adv_and_returns=0.011             │
│env/compute_bootstrap_rewards=0.0026   │env/env/bootstrap_step=102.9           │env/env/send_rollout_trajectories=1.0…│
│env/env_interact_step=407.3            │env/interact=631.3                     │env/run_interact_once=628.7           │
│generate_rollouts=637.8                │rollout/generate_one_epoch=622.2       │rollout/predict=117.4                 │
│rollout/rollout/generate=637.7         │rollout/sync_model_from_actor=2.388    │step=772.5                            │
│sync_weights=2.393                     │                                       │                                      │
│                                                                                                                      │
├──────────────────────────────────────────────────── Environment ─────────────────────────────────────────────────────┤
│                                                                                                                      │
│episode_len=192.0                      │num_trajectories=128                   │return=0.3984375                      │
│reward=0.0020751955                    │success_once=0.3984375                 │                                      │
│                                                                                                                      │
├────────────────────────────────────────────────────── Rollout ───────────────────────────────────────────────────────┤
│                                                                                                                      │
│advantages_max=2.475                   │advantages_mean=-0.037                 │advantages_min=-2.475                 │
│rewards=0.0020                         │                                       │                                      │
│                                                                                                                      │
├─────────────────────────────────────────────────── Training/Actor ───────────────────────────────────────────────────┤
│                                                                                                                      │
│actor/approx_kl=0.0033                 │actor/clip_fraction=0.012              │actor/clipped_ratio=0.867             │
│actor/dual_cliped_ratio=0.0000         │actor/entropy_loss=0.0000              │actor/grad_norm=8.890                 │
│actor/lr=5.00e-06                      │actor/policy_loss=-2.58e-04            │actor/policy_loss_abs=0.540           │
│actor/ratio=0.867                      │actor/ratio_abs=0.023                  │actor/total_loss=-1.01e-06            │
│                                                                                                                      │
╰──────────────────────────────────────────────────────────────────────────────────────────────────────────────────────╯

[36m(RolloutGroup(rank=0) pid=2813137)[0m Generating Rollout Epochs:   0%|          | 0/4 [00:00<?, ?it/s]
[36m(RolloutGroup(rank=0) pid=2813137)[0m Generating Rollout Epochs:  25%|██▌       | 1/4 [02:38<07:54, 158.19s/it]
[36m(RolloutGroup(rank=0) pid=2813137)[0m Generating Rollout Epochs:  50%|█████     | 2/4 [05:13<05:12, 156.39s/it]
[36m(RolloutGroup(rank=0) pid=2813137)[0m Generating Rollout Epochs:  75%|███████▌  | 3/4 [07:50<02:36, 156.77s/it]
[36m(RolloutGroup(rank=0) pid=2813137)[0m Generating Rollout Epochs: 100%|██████████| 4/4 [10:27<00:00, 156.79s/it]Generating Rollout Epochs: 100%|██████████| 4/4 [10:27<00:00, 156.84s/it]

╭──────────────────────────────────────────────────────────────────────────────────────────────────────────────────────╮
├──────────────────────────────────────────────────── Metric Table ────────────────────────────────────────────────────┤
│ Global Step:   17/100 │ Progress: ██████░░░░░░░░░░░░░░░░░░░░░░░░░░░░░░░░░░ │  17.0%                                  │
│ Elapsed: 01:40:25 │ ETA: 19:50:48 │ Step Time: 860.822s                                                              │
├──────────────────────────────────────────────────────── Time ────────────────────────────────────────────────────────┤
│                                                                                                                      │
│actor/actor/compute_adv=0.0055         │actor/actor/recv_traj=640.7            │actor/actor/sync_model_to_rollout=1.7…│
│actor/run_training=133.1               │actor_training=133.1                   │cal_adv_and_returns=0.011             │
│env/compute_bootstrap_rewards=0.0022   │env/env/bootstrap_step=98.339          │env/env/send_rollout_trajectories=1.0…│
│env/env_interact_step=420.4            │env/interact=639.1                     │env/run_interact_once=637.4           │
│generate_rollouts=646.5                │rollout/generate_one_epoch=627.4       │rollout/predict=113.2                 │
│rollout/rollout/generate=646.4         │rollout/sync_model_from_actor=2.149    │step=781.7                            │
│sync_weights=2.153                     │                                       │                                      │
│                                                                                                                      │
├──────────────────────────────────────────────────── Environment ─────────────────────────────────────────────────────┤
│                                                                                                                      │
│episode_len=192.0                      │num_trajectories=128                   │return=0.28125                        │
│reward=0.0014648438                    │success_once=0.28125                   │                                      │
│                                                                                                                      │
├────────────────────────────────────────────────────── Rollout ───────────────────────────────────────────────────────┤
│                                                                                                                      │
│advantages_max=2.475                   │advantages_mean=-0.038                 │advantages_min=-2.475                 │
│rewards=0.0025                         │                                       │                                      │
│                                                                                                                      │
├─────────────────────────────────────────────────── Training/Actor ───────────────────────────────────────────────────┤
│                                                                                                                      │
│actor/approx_kl=3.87e-04               │actor/clip_fraction=0.0068             │actor/clipped_ratio=0.833             │
│actor/dual_cliped_ratio=0.0000         │actor/entropy_loss=0.0000              │actor/grad_norm=7.924                 │
│actor/lr=5.00e-06                      │actor/policy_loss=9.47e-04             │actor/policy_loss_abs=0.496           │
│actor/ratio=0.833                      │actor/ratio_abs=0.017                  │actor/total_loss=3.70e-06             │
│                                                                                                                      │
╰──────────────────────────────────────────────────────────────────────────────────────────────────────────────────────╯

[36m(RolloutGroup(rank=0) pid=2813137)[0m Generating Rollout Epochs:   0%|          | 0/4 [00:00<?, ?it/s]
[36m(RolloutGroup(rank=0) pid=2813137)[0m Generating Rollout Epochs:  25%|██▌       | 1/4 [02:39<07:58, 159.63s/it]
[36m(RolloutGroup(rank=0) pid=2813137)[0m Generating Rollout Epochs:  50%|█████     | 2/4 [05:13<05:13, 156.52s/it]
[36m(RolloutGroup(rank=0) pid=2813137)[0m Generating Rollout Epochs:  75%|███████▌  | 3/4 [07:45<02:34, 154.38s/it]
[36m(RolloutGroup(rank=0) pid=2813137)[0m Generating Rollout Epochs: 100%|██████████| 4/4 [10:15<00:00, 152.42s/it]Generating Rollout Epochs: 100%|██████████| 4/4 [10:15<00:00, 153.80s/it]

╭──────────────────────────────────────────────────────────────────────────────────────────────────────────────────────╮
├──────────────────────────────────────────────────── Metric Table ────────────────────────────────────────────────────┤
│ Global Step:   18/100 │ Progress: ███████░░░░░░░░░░░░░░░░░░░░░░░░░░░░░░░░░ │  18.0%                                  │
│ Elapsed: 01:53:11 │ ETA: 19:20:17 │ Step Time: 848.993s                                                              │
├──────────────────────────────────────────────────────── Time ────────────────────────────────────────────────────────┤
│                                                                                                                      │
│actor/actor/compute_adv=0.0050         │actor/actor/recv_traj=628.5            │actor/actor/sync_model_to_rollout=1.6…│
│actor/run_training=130.5               │actor_training=130.5                   │cal_adv_and_returns=0.010             │
│env/compute_bootstrap_rewards=0.0023   │env/env/bootstrap_step=98.472          │env/env/send_rollout_trajectories=1.0…│
│env/env_interact_step=408.4            │env/interact=627.0                     │env/run_interact_once=625.1           │
│generate_rollouts=633.7                │rollout/generate_one_epoch=615.2       │rollout/predict=112.8                 │
│rollout/rollout/generate=633.7         │rollout/sync_model_from_actor=1.948    │step=766.2                            │
│sync_weights=1.952                     │                                       │                                      │
│                                                                                                                      │
├──────────────────────────────────────────────────── Environment ─────────────────────────────────────────────────────┤
│                                                                                                                      │
│episode_len=192.0                      │num_trajectories=128                   │return=0.2734375                      │
│reward=0.0014241537                    │success_once=0.2734375                 │                                      │
│                                                                                                                      │
├────────────────────────────────────────────────────── Rollout ───────────────────────────────────────────────────────┤
│                                                                                                                      │
│advantages_max=2.475                   │advantages_mean=-0.045                 │advantages_min=-1.620                 │
│rewards=0.0018                         │                                       │                                      │
│                                                                                                                      │
├─────────────────────────────────────────────────── Training/Actor ───────────────────────────────────────────────────┤
│                                                                                                                      │
│actor/approx_kl=0.0036                 │actor/clip_fraction=0.011              │actor/clipped_ratio=0.922             │
│actor/dual_cliped_ratio=0.0000         │actor/entropy_loss=0.0000              │actor/grad_norm=11.302                │
│actor/lr=5.00e-06                      │actor/policy_loss=0.0020               │actor/policy_loss_abs=0.639           │
│actor/ratio=0.922                      │actor/ratio_abs=0.023                  │actor/total_loss=7.93e-06             │
│                                                                                                                      │
╰──────────────────────────────────────────────────────────────────────────────────────────────────────────────────────╯

[36m(RolloutGroup(rank=0) pid=2813137)[0m Generating Rollout Epochs:   0%|          | 0/4 [00:00<?, ?it/s]
[36m(RolloutGroup(rank=0) pid=2813137)[0m Generating Rollout Epochs:  25%|██▌       | 1/4 [02:51<08:33, 171.17s/it]
[36m(RolloutGroup(rank=0) pid=2813137)[0m Generating Rollout Epochs:  50%|█████     | 2/4 [05:29<05:27, 163.74s/it]
[36m(RolloutGroup(rank=0) pid=2813137)[0m Generating Rollout Epochs:  75%|███████▌  | 3/4 [08:03<02:39, 159.15s/it]
[36m(RolloutGroup(rank=0) pid=2813137)[0m Generating Rollout Epochs: 100%|██████████| 4/4 [10:27<00:00, 153.15s/it]Generating Rollout Epochs: 100%|██████████| 4/4 [10:27<00:00, 156.84s/it]

╭──────────────────────────────────────────────────────────────────────────────────────────────────────────────────────╮
├──────────────────────────────────────────────────── Metric Table ────────────────────────────────────────────────────┤
│ Global Step:   19/100 │ Progress: ███████░░░░░░░░░░░░░░░░░░░░░░░░░░░░░░░░░ │  19.0%                                  │
│ Elapsed: 02:06:09 │ ETA: 18:55:29 │ Step Time: 841.109s                                                              │
├──────────────────────────────────────────────────────── Time ────────────────────────────────────────────────────────┤
│                                                                                                                      │
│actor/actor/compute_adv=0.0052         │actor/actor/recv_traj=637.2            │actor/actor/sync_model_to_rollout=1.6…│
│actor/run_training=133.5               │actor_training=133.5                   │cal_adv_and_returns=0.011             │
│env/compute_bootstrap_rewards=0.0024   │env/env/bootstrap_step=99.747          │env/env/send_rollout_trajectories=1.0…│
│env/env_interact_step=414.8            │env/interact=635.6                     │env/run_interact_once=633.5           │
│generate_rollouts=642.4                │rollout/generate_one_epoch=627.3       │rollout/predict=113.4                 │
│rollout/rollout/generate=642.4         │rollout/sync_model_from_actor=2.078    │step=778.0                            │
│sync_weights=2.082                     │                                       │                                      │
│                                                                                                                      │
├──────────────────────────────────────────────────── Environment ─────────────────────────────────────────────────────┤
│                                                                                                                      │
│episode_len=192.0                      │num_trajectories=128                   │return=0.28125                        │
│reward=0.0014648438                    │success_once=0.28125                   │                                      │
│                                                                                                                      │
├────────────────────────────────────────────────────── Rollout ───────────────────────────────────────────────────────┤
│                                                                                                                      │
│advantages_max=2.475                   │advantages_mean=-0.056                 │advantages_min=-2.475                 │
│rewards=0.0019                         │                                       │                                      │
│                                                                                                                      │
├─────────────────────────────────────────────────── Training/Actor ───────────────────────────────────────────────────┤
│                                                                                                                      │
│actor/approx_kl=0.0036                 │actor/clip_fraction=0.0093             │actor/clipped_ratio=0.822             │
│actor/dual_cliped_ratio=0.0000         │actor/entropy_loss=0.0000              │actor/grad_norm=10.693                │
│actor/lr=5.00e-06                      │actor/policy_loss=0.0028               │actor/policy_loss_abs=0.488           │
│actor/ratio=0.823                      │actor/ratio_abs=0.024                  │actor/total_loss=1.09e-05             │
│                                                                                                                      │
╰──────────────────────────────────────────────────────────────────────────────────────────────────────────────────────╯

[36m(RolloutGroup(rank=0) pid=2813137)[0m Generating Rollout Epochs:   0%|          | 0/4 [00:00<?, ?it/s]
[36m(RolloutGroup(rank=0) pid=2813137)[0m Generating Rollout Epochs:  25%|██▌       | 1/4 [02:54<08:43, 174.49s/it]
[36m(RolloutGroup(rank=0) pid=2813137)[0m Generating Rollout Epochs:  50%|█████     | 2/4 [05:25<05:21, 160.91s/it]
[36m(RolloutGroup(rank=0) pid=2813137)[0m Generating Rollout Epochs:  75%|███████▌  | 3/4 [07:51<02:33, 153.88s/it]
[36m(RolloutGroup(rank=0) pid=2813137)[0m Generating Rollout Epochs: 100%|██████████| 4/4 [10:19<00:00, 151.73s/it]Generating Rollout Epochs: 100%|██████████| 4/4 [10:19<00:00, 154.96s/it]
[36m(RolloutGroup(rank=0) pid=2813137)[0m Evaluating Rollout Epochs:   0%|          | 0/1 [00:00<?, ?it/s]
[36m(RolloutGroup(rank=0) pid=2813137)[0m Evaluating Rollout Epochs: 100%|██████████| 1/1 [02:24<00:00, 144.93s/it]Evaluating Rollout Epochs: 100%|██████████| 1/1 [02:24<00:00, 144.93s/it]
[INFO 12:40:25 RLinf] Saving checkpoint at step 20.

╭──────────────────────────────────────────────────────────────────────────────────────────────────────────────────────╮
├──────────────────────────────────────────────────── Metric Table ────────────────────────────────────────────────────┤
│ Global Step:   20/100 │ Progress: ████████░░░░░░░░░░░░░░░░░░░░░░░░░░░░░░░░ │  20.0%                                  │
│ Elapsed: 02:22:38 │ ETA: 19:01:04 │ Step Time: 855.812s                                                              │
├──────────────────────────────────────────────────────── Time ────────────────────────────────────────────────────────┤
│                                                                                                                      │
│actor/actor/compute_adv=0.0061         │actor/actor/recv_traj=633.4            │actor/actor/sync_model_to_rollout=3.4…│
│actor/run_training=133.7               │actor_training=133.7                   │cal_adv_and_returns=0.012             │
│env/compute_bootstrap_rewards=0.0023   │env/env/bootstrap_step=121.3           │env/env/send_rollout_trajectories=1.1…│
│env/env_interact_step=391.8            │env/evaluate=186.3                     │env/interact=631.8                    │
│env/run_interact_once=629.7            │eval=188.4                             │generate_rollouts=639.2               │
│rollout/evaluate=160.9                 │rollout/generate_one_epoch=619.8       │rollout/predict=134.4                 │
│rollout/rollout/generate=639.1         │rollout/sync_model_from_actor=4.102    │step=988.1                            │
│sync_weights=2.070                     │                                       │                                      │
│                                                                                                                      │
├──────────────────────────────────────────────────── Environment ─────────────────────────────────────────────────────┤
│                                                                                                                      │
│episode_len=192.0                      │num_trajectories=128                   │return=0.4453125                      │
│reward=0.002319336                     │success_once=0.4453125                 │                                      │
│                                                                                                                      │
├────────────────────────────────────────────────────── Rollout ───────────────────────────────────────────────────────┤
│                                                                                                                      │
│advantages_max=2.475                   │advantages_mean=-0.044                 │advantages_min=-2.475                 │
│rewards=0.0023                         │                                       │                                      │
│                                                                                                                      │
├───────────────────────────────────────────────────── Evaluation ─────────────────────────────────────────────────────┤
│                                                                                                                      │
│episode_len=192.0                      │num_trajectories=32                    │return=0.28125                        │
│reward=0.0014648438                    │success_at_end=0.28125                 │success_once=0.28125                  │
│                                                                                                                      │
├─────────────────────────────────────────────────── Training/Actor ───────────────────────────────────────────────────┤
│                                                                                                                      │
│actor/approx_kl=-3.66e-04              │actor/clip_fraction=0.012              │actor/clipped_ratio=0.925             │
│actor/dual_cliped_ratio=0.0000         │actor/entropy_loss=0.0000              │actor/grad_norm=10.583                │
│actor/lr=5.00e-06                      │actor/policy_loss=0.0035               │actor/policy_loss_abs=0.607           │
│actor/ratio=0.926                      │actor/ratio_abs=0.025                  │actor/total_loss=1.38e-05             │
│                                                                                                                      │
╰──────────────────────────────────────────────────────────────────────────────────────────────────────────────────────╯

[36m(RolloutGroup(rank=0) pid=2813137)[0m Generating Rollout Epochs:   0%|          | 0/4 [00:00<?, ?it/s]
[36m(RolloutGroup(rank=0) pid=2813137)[0m Generating Rollout Epochs:  25%|██▌       | 1/4 [02:35<07:45, 155.14s/it]
[36m(RolloutGroup(rank=0) pid=2813137)[0m Generating Rollout Epochs:  50%|█████     | 2/4 [05:04<05:03, 151.79s/it]
[36m(RolloutGroup(rank=0) pid=2813137)[0m Generating Rollout Epochs:  75%|███████▌  | 3/4 [07:44<02:35, 155.36s/it]
[36m(RolloutGroup(rank=0) pid=2813137)[0m Generating Rollout Epochs: 100%|██████████| 4/4 [10:03<00:00, 148.91s/it]
[36m(RolloutGroup(rank=0) pid=2813137)[0m Generating Rollout Epochs: 100%|██████████| 4/4 [10:03<00:00, 150.81s/it]

╭──────────────────────────────────────────────────────────────────────────────────────────────────────────────────────╮
├──────────────────────────────────────────────────── Metric Table ────────────────────────────────────────────────────┤
│ Global Step:   21/100 │ Progress: ████████░░░░░░░░░░░░░░░░░░░░░░░░░░░░░░░░ │  21.0%                                  │
│ Elapsed: 02:35:11 │ ETA: 18:34:35 │ Step Time: 846.525s                                                              │
├──────────────────────────────────────────────────────── Time ────────────────────────────────────────────────────────┤
│                                                                                                                      │
│actor/actor/compute_adv=0.0077         │actor/actor/recv_traj=613.1            │actor/actor/sync_model_to_rollout=1.5…│
│actor/run_training=133.4               │actor_training=133.4                   │cal_adv_and_returns=0.013             │
│env/compute_bootstrap_rewards=0.0022   │env/env/bootstrap_step=95.794          │env/env/send_rollout_trajectories=1.0…│
│env/env_interact_step=399.5            │env/interact=611.5                     │env/run_interact_once=609.8           │
│generate_rollouts=618.4                │rollout/generate_one_epoch=603.2       │rollout/predict=110.5                 │
│rollout/rollout/generate=618.3         │rollout/sync_model_from_actor=1.873    │step=753.6                            │
│sync_weights=1.875                     │                                       │                                      │
│                                                                                                                      │
├──────────────────────────────────────────────────── Environment ─────────────────────────────────────────────────────┤
│                                                                                                                      │
│episode_len=192.0                      │num_trajectories=128                   │return=0.2734375                      │
│reward=0.0014241538                    │success_once=0.2734375                 │                                      │
│                                                                                                                      │
├────────────────────────────────────────────────────── Rollout ───────────────────────────────────────────────────────┤
│                                                                                                                      │
│advantages_max=2.475                   │advantages_mean=-0.044                 │advantages_min=-1.620                 │
│rewards=0.0018                         │                                       │                                      │
│                                                                                                                      │
├─────────────────────────────────────────────────── Training/Actor ───────────────────────────────────────────────────┤
│                                                                                                                      │
│actor/approx_kl=0.0038                 │actor/clip_fraction=0.012              │actor/clipped_ratio=0.937             │
│actor/dual_cliped_ratio=0.0000         │actor/entropy_loss=0.0000              │actor/grad_norm=11.318                │
│actor/lr=5.00e-06                      │actor/policy_loss=0.0022               │actor/policy_loss_abs=0.615           │
│actor/ratio=0.938                      │actor/ratio_abs=0.029                  │actor/total_loss=8.68e-06             │
│                                                                                                                      │
╰──────────────────────────────────────────────────────────────────────────────────────────────────────────────────────╯

[36m(RolloutGroup(rank=0) pid=2813137)[0m Generating Rollout Epochs:   0%|          | 0/4 [00:00<?, ?it/s]
[36m(RolloutGroup(rank=0) pid=2813137)[0m Generating Rollout Epochs:  25%|██▌       | 1/4 [02:37<07:53, 157.82s/it]
[36m(RolloutGroup(rank=0) pid=2813137)[0m Generating Rollout Epochs:  50%|█████     | 2/4 [05:03<05:00, 150.43s/it]
[36m(RolloutGroup(rank=0) pid=2813137)[0m Generating Rollout Epochs:  75%|███████▌  | 3/4 [07:28<02:28, 148.31s/it]
[36m(RolloutGroup(rank=0) pid=2813137)[0m Generating Rollout Epochs: 100%|██████████| 4/4 [10:11<00:00, 153.79s/it]Generating Rollout Epochs: 100%|██████████| 4/4 [10:11<00:00, 152.76s/it]

╭──────────────────────────────────────────────────────────────────────────────────────────────────────────────────────╮
├──────────────────────────────────────────────────── Metric Table ────────────────────────────────────────────────────┤
│ Global Step:   22/100 │ Progress: ████████░░░░░░░░░░░░░░░░░░░░░░░░░░░░░░░░ │  22.0%                                  │
│ Elapsed: 02:47:57 │ ETA: 18:11:41 │ Step Time: 839.769s                                                              │
├──────────────────────────────────────────────────────── Time ────────────────────────────────────────────────────────┤
│                                                                                                                      │
│actor/actor/compute_adv=0.0045         │actor/actor/recv_traj=620.8            │actor/actor/sync_model_to_rollout=1.4…│
│actor/run_training=138.3               │actor_training=138.3                   │cal_adv_and_returns=0.0091            │
│env/compute_bootstrap_rewards=0.0021   │env/env/bootstrap_step=97.866          │env/env/send_rollout_trajectories=1.5…│
│env/env_interact_step=401.8            │env/interact=619.1                     │env/run_interact_once=617.0           │
│generate_rollouts=625.3                │rollout/generate_one_epoch=611.0       │rollout/predict=111.7                 │
│rollout/rollout/generate=625.3         │rollout/sync_model_from_actor=1.807    │step=765.4                            │
│sync_weights=1.810                     │                                       │                                      │
│                                                                                                                      │
├──────────────────────────────────────────────────── Environment ─────────────────────────────────────────────────────┤
│                                                                                                                      │
│episode_len=192.0                      │num_trajectories=128                   │return=0.3125                         │
│reward=0.0016276041                    │success_once=0.3125                    │                                      │
│                                                                                                                      │
├────────────────────────────────────────────────────── Rollout ───────────────────────────────────────────────────────┤
│                                                                                                                      │
│advantages_max=2.475                   │advantages_mean=-0.032                 │advantages_min=-2.475                 │
│rewards=0.0021                         │                                       │                                      │
│                                                                                                                      │
├─────────────────────────────────────────────────── Training/Actor ───────────────────────────────────────────────────┤
│                                                                                                                      │
│actor/approx_kl=0.0046                 │actor/clip_fraction=0.017              │actor/clipped_ratio=0.934             │
│actor/dual_cliped_ratio=0.0000         │actor/entropy_loss=0.0000              │actor/grad_norm=12.615                │
│actor/lr=5.00e-06                      │actor/policy_loss=0.0018               │actor/policy_loss_abs=0.597           │
│actor/ratio=0.935                      │actor/ratio_abs=0.028                  │actor/total_loss=7.18e-06             │
│                                                                                                                      │
╰──────────────────────────────────────────────────────────────────────────────────────────────────────────────────────╯

[36m(RolloutGroup(rank=0) pid=2813137)[0m Generating Rollout Epochs:   0%|          | 0/4 [00:00<?, ?it/s]
