
╭──────────────────────────────────────────────────────────────────────────────────────────────────────────────────────╮
├──────────────────────────────────────────────────── Metric Table ────────────────────────────────────────────────────┤
│ Global Step:    1/1 │ Progress: ████████████████████████████████████████ │ 100.0%                                    │
│ Elapsed: 00:25 │ ETA: 00:00 │ Step Time: 25.945s                                                                     │
├──────────────────────────────────────────────────────── Time ────────────────────────────────────────────────────────┤
│                                                                                                                      │
│actor/actor/compute_adv=3.87e-05       │actor/actor/recv_traj=23.098           │actor/actor/sync_model_to_rollout=1.6…│
│actor_training=0.0059                  │cal_adv_and_returns=0.0059             │env/compute_bootstrap_rewards=3.07e-04│
│env/env/bootstrap_step=16.891          │env/env/send_rollout_trajectories=0.513│env/env_interact_step=2.380           │
│env/interact=22.682                    │env/run_interact_once=21.798           │generate_rollouts=23.148              │
│rollout/generate_one_epoch=21.275      │rollout/rollout/generate=21.276        │rollout/sync_model_from_actor=2.068   │
│step=25.891                            │sync_weights=2.073                     │                                      │
│                                                                                                                      │
├──────────────────────────────────────────────────── Environment ─────────────────────────────────────────────────────┤
│                                                                                                                      │
│episode_len=20.0                       │num_trajectories=4                     │return=0.0                            │
│reward=0.0                             │success_once=0.0                       │                                      │
│                                                                                                                      │
├─────────────────────────────────────────────────── Replay Buffer ────────────────────────────────────────────────────┤
│                                                                                                                      │
│cache_size=4.000                       │num_trajectories=4.000                 │total_samples=4.000                   │
│                                                                                                                      │
├─────────────────────────────────────────────────── Training/Other ───────────────────────────────────────────────────┤
│                                                                                                                      │
│replay/actor_switch_rate=0.0000        │replay/done_rate=0.500                 │replay/intervention_rate=0.0000       │
│replay/intervention_requested_rate=0.0…│replay/record_transition_rate=1.000    │replay/reward_mean=0.0000             │
│replay/reward_positive_rate=0.0000     │replay/transition_count=4.000          │rlt/actor_updates_run=0.0000          │
│rlt/critic_updates_run=0.0000          │rlt/desired_total_updates=0.0000       │rlt/global_min_replay_size=4.000      │
│rlt/global_total_transitions_added=8.0…│rlt/global_transitions_since_train=8.0…│rlt/max_updates_per_train_step=1.000  │
│rlt/min_replay_buffer_size=10000.0     │rlt/pending_update_budget=0.0000       │rlt/ready_for_online=0.0000           │
│rlt/should_train=0.0000                │rlt/skip_reason=1.000                  │rlt/train_every_episodes=0.0000       │
│rlt/train_every_transitions=1.000      │rlt/update_epoch=5.000                 │rlt/update_step=0.0000                │
│rlt/updates_scheduled=0.0000           │rlt/updates_to_run=0.0000              │rlt/warmup_required_updates=3.00e+04  │
│                                                                                                                      │
╰──────────────────────────────────────────────────────────────────────────────────────────────────────────────────────╯

