
╭──────────────────────────────────────────────────────────────────────────────────────────────────────────────────────╮
├──────────────────────────────────────────────────── Metric Table ────────────────────────────────────────────────────┤
│ Global Step:    1/1 │ Progress: ████████████████████████████████████████ │ 100.0%                                    │
│ Elapsed: 13:23 │ ETA: 00:00 │ Step Time: 803.011s                                                                    │
├──────────────────────────────────────────────────────── Time ────────────────────────────────────────────────────────┤
│                                                                                                                      │
│actor/actor/compute_adv=0.040          │actor/actor/recv_traj=319.4            │actor/actor/sync_model_to_rollout=4.7…│
│actor/run_training=20.929              │actor_training=20.934                  │cal_adv_and_returns=0.045             │
│env/compute_bootstrap_rewards=0.0010   │env/env/bootstrap_step=166.3           │env/env/send_rollout_trajectories=0.7…│
│env/env_interact_step=111.3            │env/evaluate=415.2                     │env/interact=318.9                    │
│env/run_interact_once=317.4            │eval=417.9                             │generate_rollouts=328.0               │
│rollout/evaluate=289.9                 │rollout/generate_one_epoch=311.6       │rollout/predict=65.514                │
│rollout/rollout/generate=328.0         │rollout/sync_model_from_actor=5.624    │step=803.0                            │
│sync_weights=3.045                     │                                       │                                      │
│                                                                                                                      │
├──────────────────────────────────────────────────── Environment ─────────────────────────────────────────────────────┤
│                                                                                                                      │
│episode_len=192.0                      │num_trajectories=32                    │return=0.15625                        │
│reward=0.0008138021                    │success_once=0.15625                   │                                      │
│                                                                                                                      │
├────────────────────────────────────────────────────── Rollout ───────────────────────────────────────────────────────┤
│                                                                                                                      │
│advantages_max=0.725                   │advantages_mean=-0.048                 │advantages_min=-1.208                 │
│rewards=0.0035                         │                                       │                                      │
│                                                                                                                      │
├───────────────────────────────────────────────────── Evaluation ─────────────────────────────────────────────────────┤
│                                                                                                                      │
│episode_len=192.0                      │num_trajectories=32                    │return=0.40625                        │
│reward=0.0021158855                    │success_at_end=0.40625                 │success_once=0.40625                  │
│                                                                                                                      │
├─────────────────────────────────────────────────── Training/Actor ───────────────────────────────────────────────────┤
│                                                                                                                      │
│actor/approx_kl=-0.0014                │actor/clip_fraction=0.0000             │actor/clipped_ratio=0.359             │
│actor/dual_cliped_ratio=0.0000         │actor/dvac_current_mean=-7.448         │actor/dvac_current_std=1.284          │
│actor/dvac_history_mean=0.0000         │actor/dvac_history_std=0.0000          │actor/dvac_warmup=1.000               │
│actor/dvac_weight_ess_fraction=1.000   │actor/dvac_weight_mean=1.000           │actor/dvac_weight_sq_mean=1.000       │
│actor/dvac_z_high_clip_fraction=0.0000 │actor/dvac_z_low_clip_fraction=0.0000  │actor/entropy_loss=0.0000             │
│actor/grad_norm=13.217                 │actor/lr=5.00e-06                      │actor/policy_loss=-0.0022             │
│actor/policy_loss_abs=5.435            │actor/ratio=0.359                      │actor/ratio_abs=0.0012                │
│actor/total_loss=-3.50e-05             │                                       │                                      │
│                                                                                                                      │
╰──────────────────────────────────────────────────────────────────────────────────────────────────────────────────────╯

