/home/chenyiteng/venvs/fastwam-7faa-py310-cu128/lib/python3.10/site-packages/sapien/__init__.py:2: UserWarning: pkg_resources is deprecated as an API. See https://setuptools.pypa.io/en/latest/pkg_resources.html. The pkg_resources package is slated for removal as early as 2025-11-30. Refrain from using this package or pin to Setuptools<81.
  import pkg_resources
/home/chenyiteng/venvs/fastwam-7faa-py310-cu128/lib/python3.10/site-packages/sapien/_vulkan_tricks.py:37: UserWarning: Failed to find Vulkan ICD file. This is probably due to an incorrect or partial installation of the NVIDIA driver. SAPIEN will attempt to provide an ICD file anyway but it may not work.
  warn(
[32mRender Well[0m
============= Config =============

[95mMessy Table:[0m False
[95mRandom Background:[0m False
[95mRandom Light:[0m False
[95mRandom Table Height:[0m 0
[95mRandom Head Camera Distance:[0m 0
[94mHead Camera Config:[0m D435, True
[94mWrist Camera Config:[0m D435, True
[94mEmbodiment Config:[0m aloha-agilex

==================================
missing pytorch3d
[INFO] [fastwam.models.wan22.helpers.loader] Loading Wan2.2-TI2V-5B components...
[INFO] [fastwam.models.wan22.helpers.loader] Skipping pretrained video DiT load (`skip_dit_load_from_pretrain=True`); initializing video expert randomly and expecting checkpoint override.
[INFO] [fastwam.models.wan22.helpers.loader] Finished loading Wan2.2-TI2V-5B components in 57.21 seconds.
[INFO] [fastwam.models.wan22.action_dit] Skipping ActionDiT pretrained load (`skip_dit_load_from_pretrain=True`); initializing action expert randomly and expecting checkpoint override.
[INFO] [fastwam.models.wan22.mot] Initialized MoT with experts: ['video', 'action'], num_layers=30
[INFO] [fastwam.models.wan22.mot]   Expert 'video': num_params=5.00 B
[INFO] [fastwam.models.wan22.mot]   Expert 'action': num_params=1.02 B
[34mTask Name: pick_diverse_bottles[0m
[34mPolicy Name: fastwam_policy[0m
Warp DeprecationWarning: The namespace `warp.torch` will soon be removed from the public API. It can still be accessed from `warp._src.torch` but might be changed or removed without notice.
Warp DeprecationWarning: The symbol `warp.torch.device_from_torch` will soon be removed from the public API. Use `warp.device_from_torch` instead.
[92mSuccess![0m
[93mpick_diverse_bottles[0m | [94mfastwam_policy[0m | [92mdemo_clean[0m | [91m/data/chenyiteng/models/fastwam/release-8eaceeb/robotwin_uncond_3cam_384.pt[0m
Success rate: [96m1/1[0m => [95m100.0%[0m, current seed: [90m4300001[0m

[92mSuccess![0m
[93mpick_diverse_bottles[0m | [94mfastwam_policy[0m | [92mdemo_clean[0m | [91m/data/chenyiteng/models/fastwam/release-8eaceeb/robotwin_uncond_3cam_384.pt[0m
Success rate: [96m2/2[0m => [95m100.0%[0m, current seed: [90m4300003[0m

[92mSuccess![0m
[93mpick_diverse_bottles[0m | [94mfastwam_policy[0m | [92mdemo_clean[0m | [91m/data/chenyiteng/models/fastwam/release-8eaceeb/robotwin_uncond_3cam_384.pt[0m
Success rate: [96m3/3[0m => [95m100.0%[0m, current seed: [90m4300004[0m

[92mSuccess![0m
[93mpick_diverse_bottles[0m | [94mfastwam_policy[0m | [92mdemo_clean[0m | [91m/data/chenyiteng/models/fastwam/release-8eaceeb/robotwin_uncond_3cam_384.pt[0m
Success rate: [96m4/4[0m => [95m100.0%[0m, current seed: [90m4300005[0m

[91mFail![0m
[93mpick_diverse_bottles[0m | [94mfastwam_policy[0m | [92mdemo_clean[0m | [91m/data/chenyiteng/models/fastwam/release-8eaceeb/robotwin_uncond_3cam_384.pt[0m
Success rate: [96m4/5[0m => [95m80.0%[0m, current seed: [90m4300006[0m

[92mSuccess![0m
[93mpick_diverse_bottles[0m | [94mfastwam_policy[0m | [92mdemo_clean[0m | [91m/data/chenyiteng/models/fastwam/release-8eaceeb/robotwin_uncond_3cam_384.pt[0m
Success rate: [96m5/6[0m => [95m83.3%[0m, current seed: [90m4300007[0m

[92mSuccess![0m
[93mpick_diverse_bottles[0m | [94mfastwam_policy[0m | [92mdemo_clean[0m | [91m/data/chenyiteng/models/fastwam/release-8eaceeb/robotwin_uncond_3cam_384.pt[0m
Success rate: [96m6/7[0m => [95m85.7%[0m, current seed: [90m4300009[0m

[91mFail![0m
[93mpick_diverse_bottles[0m | [94mfastwam_policy[0m | [92mdemo_clean[0m | [91m/data/chenyiteng/models/fastwam/release-8eaceeb/robotwin_uncond_3cam_384.pt[0m
Success rate: [96m6/8[0m => [95m75.0%[0m, current seed: [90m4300010[0m

[91mFail![0m
[93mpick_diverse_bottles[0m | [94mfastwam_policy[0m | [92mdemo_clean[0m | [91m/data/chenyiteng/models/fastwam/release-8eaceeb/robotwin_uncond_3cam_384.pt[0m
Success rate: [96m6/9[0m => [95m66.7%[0m, current seed: [90m4300011[0m

[92mSuccess![0m
[93mpick_diverse_bottles[0m | [94mfastwam_policy[0m | [92mdemo_clean[0m | [91m/data/chenyiteng/models/fastwam/release-8eaceeb/robotwin_uncond_3cam_384.pt[0m
Success rate: [96m7/10[0m => [95m70.0%[0m, current seed: [90m4300012[0m

[91mFail![0m
[93mpick_diverse_bottles[0m | [94mfastwam_policy[0m | [92mdemo_clean[0m | [91m/data/chenyiteng/models/fastwam/release-8eaceeb/robotwin_uncond_3cam_384.pt[0m
Success rate: [96m7/11[0m => [95m63.6%[0m, current seed: [90m4300013[0m

[92mSuccess![0m
[93mpick_diverse_bottles[0m | [94mfastwam_policy[0m | [92mdemo_clean[0m | [91m/data/chenyiteng/models/fastwam/release-8eaceeb/robotwin_uncond_3cam_384.pt[0m
Success rate: [96m8/12[0m => [95m66.7%[0m, current seed: [90m4300014[0m

[92mSuccess![0m
[93mpick_diverse_bottles[0m | [94mfastwam_policy[0m | [92mdemo_clean[0m | [91m/data/chenyiteng/models/fastwam/release-8eaceeb/robotwin_uncond_3cam_384.pt[0m
Success rate: [96m9/13[0m => [95m69.2%[0m, current seed: [90m4300018[0m

[92mSuccess![0m
[93mpick_diverse_bottles[0m | [94mfastwam_policy[0m | [92mdemo_clean[0m | [91m/data/chenyiteng/models/fastwam/release-8eaceeb/robotwin_uncond_3cam_384.pt[0m
Success rate: [96m10/14[0m => [95m71.4%[0m, current seed: [90m4300021[0m

[92mSuccess![0m
[93mpick_diverse_bottles[0m | [94mfastwam_policy[0m | [92mdemo_clean[0m | [91m/data/chenyiteng/models/fastwam/release-8eaceeb/robotwin_uncond_3cam_384.pt[0m
Success rate: [96m11/15[0m => [95m73.3%[0m, current seed: [90m4300022[0m

[92mSuccess![0m
[93mpick_diverse_bottles[0m | [94mfastwam_policy[0m | [92mdemo_clean[0m | [91m/data/chenyiteng/models/fastwam/release-8eaceeb/robotwin_uncond_3cam_384.pt[0m
Success rate: [96m12/16[0m => [95m75.0%[0m, current seed: [90m4300025[0m

Data has been saved to /data/chenyiteng/projects/fastwam-standalone/worktrees/fastwam-dvac-observe-7faa711/evaluate_results/robotwin/robotwin_uncond_3cam_384/fastwam-pick_diverse_bottles-p2-16ep-c63dc9b5-v1/pick_diverse_bottles/_result_clean.txt
Evaluation finished successfully. Log saved to: /data/chenyiteng/projects/fastwam-standalone/worktrees/fastwam-dvac-observe-7faa711/evaluate_results/robotwin/robotwin_uncond_3cam_384/fastwam-pick_diverse_bottles-p2-16ep-c63dc9b5-v1/eval_pick_diverse_bottles_20260822_160156.log
