WARNING: All log messages before absl::InitializeLog() is called are written to STDERR
I0000 00:00:1785330304.058437  719036 port.cc:153] oneDNN custom operations are on. You may see slightly different numerical results due to floating-point round-off errors from different computation orders. To turn them off, set the environment variable `TF_ENABLE_ONEDNN_OPTS=0`.
WARNING: All log messages before absl::InitializeLog() is called are written to STDERR
I0000 00:00:1785330305.179963  719036 port.cc:153] oneDNN custom operations are on. You may see slightly different numerical results due to floating-point round-off errors from different computation orders. To turn them off, set the environment variable `TF_ENABLE_ONEDNN_OPTS=0`.
INFO:datasets:PyTorch version 2.6.0 available.
INFO:datasets:Polars version 1.41.2 available.
INFO:datasets:TensorFlow version 2.21.0 available.
INFO:datasets:JAX version 0.5.3 available.
INFO:root:Loaded norm stats from /root/autodl-tmp/models/rlinf/RLinf-Pi0-RoboTwin-SFT-adjust_bottle/physical-intelligence/robotwin
INFO:root:Loaded norm stats from /root/autodl-tmp/models/rlinf/RLinf-Pi0-RoboTwin-SFT-adjust_bottle/physical-intelligence/robotwin
INFO:root:data_config: DataConfig(repo_id='/root/autodl-tmp/datasets/robotwin2/canonical/pi0-aloha-clean50-v1', asset_id='robotwin', norm_stats={'state': NormStats(mean=array([-0.37269428,  1.08887184,  0.79279578, -0.35919762, -0.02610701,
        0.22499833,  0.64269018,  0.23795684,  0.62063372,  0.46329799,
       -0.20929499,  0.06419949, -0.17094751,  0.79596072,  0.        ,
        0.        ,  0.        ,  0.        ,  0.        ,  0.        ,
        0.        ,  0.        ,  0.        ,  0.        ,  0.        ,
        0.        ,  0.        ,  0.        ,  0.        ,  0.        ,
        0.        ,  0.        ]), std=array([0.34980512, 1.00222015, 0.86443967, 0.73001003, 0.10888387,
       0.76813078, 0.46929929, 0.3448658 , 0.92157054, 0.75397348,
       0.51303798, 0.14587735, 0.3099938 , 0.39570677, 0.        ,
       0.        , 0.        , 0.        , 0.        , 0.        ,
       0.        , 0.        , 0.        , 0.        , 0.        ,
       0.        , 0.        , 0.        , 0.        , 0.        ,
       0.        , 0.        ]), q01=array([-9.00384021e-01,  0.00000000e+00,  0.00000000e+00, -1.52062890e+00,
       -3.47128082e-01, -5.43473701e+00,  0.00000000e+00,  0.00000000e+00,
        0.00000000e+00,  0.00000000e+00, -1.36539769e+00, -2.44176247e-04,
       -1.09445095e+00,  0.00000000e+00,  0.00000000e+00,  0.00000000e+00,
        0.00000000e+00,  0.00000000e+00,  0.00000000e+00,  0.00000000e+00,
        0.00000000e+00,  0.00000000e+00,  0.00000000e+00,  0.00000000e+00,
        0.00000000e+00,  0.00000000e+00,  0.00000000e+00,  0.00000000e+00,
        0.00000000e+00,  0.00000000e+00,  0.00000000e+00,  0.00000000e+00]), q99=array([-1.86530769e-04,  2.49017542e+00,  2.40379296e+00,  1.30121382e+00,
        1.54464186e-01,  1.07646944e+00,  9.99800000e-01,  8.96572170e-01,
        2.42695506e+00,  2.17473286e+00,  8.67978024e-01,  6.17147152e-01,
        4.00951712e-02,  9.99800000e-01,  0.00000000e+00,  0.00000000e+00,
        0.00000000e+00,  0.00000000e+00,  0.00000000e+00,  0.00000000e+00,
        0.00000000e+00,  0.00000000e+00,  0.00000000e+00,  0.00000000e+00,
        0.00000000e+00,  0.00000000e+00,  0.00000000e+00,  0.00000000e+00,
        0.00000000e+00,  0.00000000e+00,  0.00000000e+00,  0.00000000e+00])), 'actions': NormStats(mean=array([ 0.00408599, -0.00787947, -0.08375353,  0.16289274, -0.0386843 ,
       -0.03061429,  0.53260964,  0.0101    , -0.00439622, -0.04245002,
        0.07746358,  0.03711355,  0.02269779,  0.7283929 ,  0.        ,
        0.        ,  0.        ,  0.        ,  0.        ,  0.        ,
        0.        ,  0.        ,  0.        ,  0.        ,  0.        ,
        0.        ,  0.        ,  0.        ,  0.        ,  0.        ,
        0.        ,  0.        ]), std=array([0.21047416, 0.58606899, 0.6555385 , 0.66479874, 0.08059189,
       0.43395448, 0.48930675, 0.15679045, 0.47293714, 0.49419206,
       0.46433994, 0.10185625, 0.21491235, 0.43818018, 0.        ,
       0.        , 0.        , 0.        , 0.        , 0.        ,
       0.        , 0.        , 0.        , 0.        , 0.        ,
       0.        , 0.        , 0.        , 0.        , 0.        ,
       0.        , 0.        ]), q01=array([-0.77475793, -1.27072401, -1.98408549, -1.27838521, -0.32134282,
       -0.96186098,  0.        , -0.3981804 , -1.28169406, -1.78005335,
       -1.0706417 , -0.0042707 , -0.68166342,  0.        ,  0.        ,
        0.        ,  0.        ,  0.        ,  0.        ,  0.        ,
        0.        ,  0.        ,  0.        ,  0.        ,  0.        ,
        0.        ,  0.        ,  0.        ,  0.        ,  0.        ,
        0.        ,  0.        ]), q99=array([0.51784254, 2.17720464, 1.8797254 , 2.38334729, 0.06408176,
       0.90891721, 0.9998    , 0.73773328, 2.07212337, 1.71755021,
       1.98658438, 0.47471707, 0.85856522, 0.9998    , 0.        ,
       0.        , 0.        , 0.        , 0.        , 0.        ,
       0.        , 0.        , 0.        , 0.        , 0.        ,
       0.        , 0.        , 0.        , 0.        , 0.        ,
       0.        , 0.        ]))}, repack_transforms=Group(inputs=[RepackTransform(structure={'images': {'cam_high': 'observation.images.cam_high', 'cam_left_wrist': 'observation.images.cam_left_wrist', 'cam_right_wrist': 'observation.images.cam_right_wrist'}, 'state': 'observation.state', 'actions': 'action', 'prompt': 'prompt'})], outputs=()), data_transforms=Group(inputs=(AlohaInputs(adapt_to_pi=False), DeltaActions(mask=array([ True,  True,  True,  True,  True,  True, False,  True,  True,
        True,  True,  True,  True, False]))), outputs=(AbsoluteActions(mask=array([ True,  True,  True,  True,  True,  True, False,  True,  True,
        True,  True,  True,  True, False])), AlohaOutputs(adapt_to_pi=False))), model_transforms=Group(inputs=[InjectDefaultPrompt(prompt='adjust the bottle'), ResizeImages(height=224, width=224), TokenizePrompt(tokenizer=<openpi.models.tokenizer.PaligemmaTokenizer object at 0x7f0ddc2d6550>, discrete_state_input=False), PadStatesAndActions(model_action_dim=32)], outputs=()), use_quantile_norm=False, action_sequence_keys=('action',), prompt_from_task=True, rlds_data_dir=None, action_space=None, filter_dict_path=None)
INFO:root:local_batch_size: 4
WARNING: All log messages before absl::InitializeLog() is called are written to STDERR
I0000 00:00:1785330386.272903  719467 port.cc:153] oneDNN custom operations are on. You may see slightly different numerical results due to floating-point round-off errors from different computation orders. To turn them off, set the environment variable `TF_ENABLE_ONEDNN_OPTS=0`.
WARNING: All log messages before absl::InitializeLog() is called are written to STDERR
I0000 00:00:1785330387.616568  719467 port.cc:153] oneDNN custom operations are on. You may see slightly different numerical results due to floating-point round-off errors from different computation orders. To turn them off, set the environment variable `TF_ENABLE_ONEDNN_OPTS=0`.
INFO:datasets:PyTorch version 2.6.0 available.
INFO:datasets:Polars version 1.41.2 available.
INFO:datasets:TensorFlow version 2.21.0 available.
INFO:datasets:JAX version 0.5.3 available.
WARNING: All log messages before absl::InitializeLog() is called are written to STDERR
I0000 00:00:1785330394.450943  719550 port.cc:153] oneDNN custom operations are on. You may see slightly different numerical results due to floating-point round-off errors from different computation orders. To turn them off, set the environment variable `TF_ENABLE_ONEDNN_OPTS=0`.
WARNING: All log messages before absl::InitializeLog() is called are written to STDERR
I0000 00:00:1785330395.786856  719550 port.cc:153] oneDNN custom operations are on. You may see slightly different numerical results due to floating-point round-off errors from different computation orders. To turn them off, set the environment variable `TF_ENABLE_ONEDNN_OPTS=0`.
INFO:datasets:PyTorch version 2.6.0 available.
INFO:datasets:Polars version 1.41.2 available.
INFO:datasets:TensorFlow version 2.21.0 available.
INFO:datasets:JAX version 0.5.3 available.
/root/autodl-tmp/RLinf/.venv/lib/python3.11/site-packages/transformers/models/gemma/modeling_gemma.py:155: UserWarning: Deterministic behavior was enabled with either `torch.use_deterministic_algorithms(True)` or `at::Context::setDeterministicAlgorithms(true)`, but this operation is not deterministic because it uses CuBLAS and you have CUDA >= 10.2. To enable deterministic behavior in this case, you must set an environment variable before running your PyTorch application: CUBLAS_WORKSPACE_CONFIG=:4096:8 or CUBLAS_WORKSPACE_CONFIG=:16:8. For more information, go to https://docs.nvidia.com/cuda/cublas/index.html#results-reproducibility (Triggered internally at /pytorch/aten/src/ATen/Context.cpp:217.)
  freqs = (inv_freq_expanded.float() @ position_ids_expanded.float()).transpose(1, 2)
/root/autodl-tmp/RLinf/.venv/lib/python3.11/site-packages/torch/nn/modules/linear.py:125: UserWarning: Deterministic behavior was enabled with either `torch.use_deterministic_algorithms(True)` or `at::Context::setDeterministicAlgorithms(true)`, but this operation is not deterministic because it uses CuBLAS and you have CUDA >= 10.2. To enable deterministic behavior in this case, you must set an environment variable before running your PyTorch application: CUBLAS_WORKSPACE_CONFIG=:4096:8 or CUBLAS_WORKSPACE_CONFIG=:16:8. For more information, go to https://docs.nvidia.com/cuda/cublas/index.html#results-reproducibility (Triggered internally at /pytorch/aten/src/ATen/Context.cpp:217.)
  return F.linear(input, self.weight, self.bias)
/root/autodl-tmp/RLinf/.venv/lib/python3.11/site-packages/transformers/models/gemma/modeling_gemma.py:243: UserWarning: Deterministic behavior was enabled with either `torch.use_deterministic_algorithms(True)` or `at::Context::setDeterministicAlgorithms(true)`, but this operation is not deterministic because it uses CuBLAS and you have CUDA >= 10.2. To enable deterministic behavior in this case, you must set an environment variable before running your PyTorch application: CUBLAS_WORKSPACE_CONFIG=:4096:8 or CUBLAS_WORKSPACE_CONFIG=:16:8. For more information, go to https://docs.nvidia.com/cuda/cublas/index.html#results-reproducibility (Triggered internally at /pytorch/aten/src/ATen/Context.cpp:217.)
  attn_weights = torch.matmul(query, key_states.transpose(2, 3)) * scaling
/root/autodl-tmp/RLinf/.venv/lib/python3.11/site-packages/transformers/models/gemma/modeling_gemma.py:250: UserWarning: Deterministic behavior was enabled with either `torch.use_deterministic_algorithms(True)` or `at::Context::setDeterministicAlgorithms(true)`, but this operation is not deterministic because it uses CuBLAS and you have CUDA >= 10.2. To enable deterministic behavior in this case, you must set an environment variable before running your PyTorch application: CUBLAS_WORKSPACE_CONFIG=:4096:8 or CUBLAS_WORKSPACE_CONFIG=:16:8. For more information, go to https://docs.nvidia.com/cuda/cublas/index.html#results-reproducibility (Triggered internally at /pytorch/aten/src/ATen/Context.cpp:217.)
  attn_output = torch.matmul(attn_weights, value_states)
/root/autodl-tmp/RLinf/.venv/lib/python3.11/site-packages/torch/nn/modules/activation.py:1313: UserWarning: Deterministic behavior was enabled with either `torch.use_deterministic_algorithms(True)` or `at::Context::setDeterministicAlgorithms(true)`, but this operation is not deterministic because it uses CuBLAS and you have CUDA >= 10.2. To enable deterministic behavior in this case, you must set an environment variable before running your PyTorch application: CUBLAS_WORKSPACE_CONFIG=:4096:8 or CUBLAS_WORKSPACE_CONFIG=:16:8. For more information, go to https://docs.nvidia.com/cuda/cublas/index.html#results-reproducibility (Triggered internally at /pytorch/aten/src/ATen/Context.cpp:217.)
  return torch._native_multi_head_attention(
