/data/chenyiteng/projects/rlinf-shenzhen/worktrees/grpo-dvac-action-adv-fix/examples/embodiment/train_embodied_agent.py:35: Hydra14MigrationWarning: 
version_base="1.1" selects Hydra 1.1 compatibility behavior.
Hydra 1.4 will remove this compatibility behavior.
Before upgrading to Hydra 1.4, set version_base="1.3" and test your application.
See https://hydra.cc/docs/upgrades/1.3_to_1.4/prepare_for_1_4/ for preparation instructions.
  @hydra.main(
/home/chenyiteng/venvs/rlinf-7d07-openpi-robotwin/lib/python3.11/site-packages/hydra/_internal/defaults_list.py:251: UserWarning: In 'robotwin_adjust_bottle_grpo_openpi': Defaults list is missing `_self_`. See https://hydra.cc/docs/1.2/upgrades/1.0_to_1.1/default_composition_order for more information
  warnings.warn(msg, UserWarning)
/home/chenyiteng/venvs/rlinf-7d07-openpi-robotwin/lib/python3.11/site-packages/hydra/_internal/hydra.py:119: UserWarning: Future Hydra versions will no longer change working directory at job runtime by default.
See https://hydra.cc/docs/1.2/upgrades/1.1_to_1.2/changes_to_job_working_dir/ for more information.
  ret = run_job(
[INFO 03:10:01 RLinf] RLinf Ray code sync is enabled (py_modules=('/data/chenyiteng/projects/rlinf-shenzhen/worktrees/grpo-dvac-action-adv-fix/rlinf',)); workers receive only the rlinf package from the launch node. Disable with RLINF_CODE_WORKING_DIR=0.
2026-08-30 03:10:01,044	INFO worker.py:1683 -- Using address 172.17.0.1:6389 set in the environment variable RAY_ADDRESS
2026-08-30 03:10:01,051	INFO worker.py:1833 -- Connecting to existing Ray cluster at address: 172.17.0.1:6389...
2026-08-30 03:10:01,126	INFO worker.py:2015 -- Connected to Ray cluster. View the dashboard at [1m[32mhttp://127.0.0.1:8266 [39m[22m
2026-08-30 03:10:01,202	INFO packaging.py:734 -- Creating a file package for local module '/data/chenyiteng/projects/rlinf-shenzhen/worktrees/grpo-dvac-action-adv-fix/rlinf'.
2026-08-30 03:10:01,269	INFO packaging.py:434 -- Pushing file package 'gcs://_ray_pkg_216ee78c54f26a7e.zip' (7.80MiB) to Ray cluster...
2026-08-30 03:10:01,297	INFO packaging.py:447 -- Successfully pushed file package 'gcs://_ray_pkg_216ee78c54f26a7e.zip'.
[INFO 03:10:03 RLinf] RLinf is running on a cluster with 1 node and 8 accelerators. The nodes' details are: 
node_labels: []
node_rank: 0
ray_id: 2730f38e60da6b4c0f68d8779893624a0917240589c544541c894c54
node_ip: 172.17.0.1
num_cpus: 128
python_interpreter_path: /home/chenyiteng/venvs/rlinf-7d07-openpi-robotwin/bin/python
hardware_resources:
- type: Accelerator
  infos:
  - type: Accelerator
    model: NV_GPU:H100 80GB HBM3
  - type: Accelerator
    model: NV_GPU:H100 80GB HBM3
  - type: Accelerator
    model: NV_GPU:H100 80GB HBM3
  - type: Accelerator
    model: NV_GPU:H100 80GB HBM3
  - type: Accelerator
    model: NV_GPU:H100 80GB HBM3
  - type: Accelerator
    model: NV_GPU:H100 80GB HBM3
  - type: Accelerator
    model: NV_GPU:H100 80GB HBM3
  - type: Accelerator
    model: NV_GPU:H100 80GB HBM3
profiler_backends: []

Node groups' details are: 
label: cluster
nodes: '0'
hardware_type: Accelerator
ignore_hardware: false
env_configs: null

label: node
nodes: '0'
hardware_type: null
ignore_hardware: true
env_configs: null

[36m(_RemoteNodeProbe pid=1414841)[0m /data/chenyiteng/projects/rlinf-shenzhen/worktrees/grpo-dvac-action-adv-fix/rlinf/scheduler/cluster/node.py:532: UserWarning: Python interpreter used to launch Ray on node with IP 172.17.0.1 is different from that on the head node /home/chenyiteng/venvs/rlinf-7d07-openpi-robotwin/bin/python. Keep using the current interpreter /home/chenyiteng/venvs/rlinf-7d07-openpi-robotwin/bin/python3 on this node.
[36m(_RemoteNodeProbe pid=1414841)[0m   warnings.warn(
[INFO 03:10:04 FlexiblePlacementStrategy] 
[INFO 03:10:04 FlexiblePlacementStrategy] Using flexible placement with hardware ranks: [[4], [5]], node groups: ['cluster'].
[INFO 03:10:04 FlexiblePlacementStrategy] 
[INFO 03:10:04 FlexiblePlacementStrategy] Using flexible placement with hardware ranks: [[4], [5]], node groups: ['cluster'].
{
  "env": {
    "train": {
      "env_type": "robotwin",
      "total_num_envs": 64,
      "auto_reset": false,
      "ignore_terminations": false,
      "reward_coef": 1.0,
      "use_custom_reward": true,
      "use_rel_reward": true,
      "center_crop": false,
      "seed": 0,
      "group_size": 8,
      "use_fixed_reset_state_ids": false,
      "max_steps_per_rollout_epoch": 200,
      "max_episode_steps": 200,
      "is_eval": false,
      "assets_path": "/data/chenyiteng/projects/rlinf-shenzhen/RoboTwin-RLinf-support",
      "seeds_path": "/data/chenyiteng/projects/rlinf-shenzhen/worktrees/grpo-dvac-action-adv-fix/rlinf/envs/robotwin/seeds/train_seeds.json",
      "video_cfg": {
        "save_video": true,
        "info_on_video": true,
        "video_base_dir": "/data/chenyiteng/results/rlinf-shenzhen/grpo/runs/dvac-action-adv-fix-w0p5to1p5-formal100-2gpu64x4-b1024-fixed32-eval5-phys45-v1/video/train"
      },
      "enable_offload": false,
      "task_config": {
        "task_name": "adjust_bottle",
        "step_lim": 200,
        "planner_backend": "mplib",
        "render_freq": 0,
        "episode_num": 100,
        "use_seed": false,
        "save_freq": 15,
        "embodiment": [
          "aloha-agilex"
        ],
        "language_num": 100,
        "domain_randomization": {
          "random_background": false,
          "cluttered_table": false,
          "clean_background_rate": 1,
          "random_head_camera_dis": 0,
          "random_table_height": 0,
          "random_light": false,
          "crazy_random_light_rate": 0
        },
        "camera": {
          "head_camera_type": "D435",
          "wrist_camera_type": "D435",
          "collect_head_camera": true,
          "collect_wrist_camera": true
        },
        "data_type": {
          "rgb": true,
          "third_view": false,
          "depth": false,
          "pointcloud": false,
          "observer": false,
          "endpose": false,
          "qpos": true,
          "mesh_segmentation": false,
          "actor_segmentation": false
        },
        "pcd_down_sample_num": 1024,
        "pcd_crop": true,
        "save_path": "/data/chenyiteng/results/rlinf-shenzhen/grpo/runs/dvac-action-adv-fix-w0p5to1p5-formal100-2gpu64x4-b1024-fixed32-eval5-phys45-v1/robotwin_data/train",
        "clear_cache_freq": 1,
        "collect_data": true,
        "eval_video_log": true
      },
      "rollout_epoch": 4
    },
    "eval": {
      "env_type": "robotwin",
      "total_num_envs": 32,
      "auto_reset": true,
      "ignore_terminations": true,
      "reward_coef": 1.0,
      "use_custom_reward": true,
      "use_rel_reward": true,
      "center_crop": false,
      "seed": 0,
      "group_size": 1,
      "use_fixed_reset_state_ids": true,
      "max_steps_per_rollout_epoch": 200,
      "max_episode_steps": 200,
      "is_eval": true,
      "assets_path": "/data/chenyiteng/projects/rlinf-shenzhen/RoboTwin-RLinf-support",
      "seeds_path": "/data/chenyiteng/projects/rlinf-shenzhen/worktrees/grpo-dvac-action-adv-fix/rlinf/envs/robotwin/seeds/eval_seeds.json",
      "video_cfg": {
        "save_video": true,
        "info_on_video": true,
        "video_base_dir": "/data/chenyiteng/results/rlinf-shenzhen/grpo/runs/dvac-action-adv-fix-w0p5to1p5-formal100-2gpu64x4-b1024-fixed32-eval5-phys45-v1/video/eval"
      },
      "enable_offload": false,
      "task_config": {
        "task_name": "adjust_bottle",
        "step_lim": 200,
        "planner_backend": "mplib",
        "render_freq": 0,
        "episode_num": 100,
        "use_seed": false,
        "save_freq": 15,
        "embodiment": [
          "aloha-agilex"
        ],
        "language_num": 100,
        "domain_randomization": {
          "random_background": false,
          "cluttered_table": false,
          "clean_background_rate": 1,
          "random_head_camera_dis": 0,
          "random_table_height": 0,
          "random_light": false,
          "crazy_random_light_rate": 0
        },
        "camera": {
          "head_camera_type": "D435",
          "wrist_camera_type": "D435",
          "collect_head_camera": true,
          "collect_wrist_camera": true
        },
        "data_type": {
          "rgb": true,
          "third_view": false,
          "depth": false,
          "pointcloud": false,
          "observer": false,
          "endpose": false,
          "qpos": true,
          "mesh_segmentation": false,
          "actor_segmentation": false
        },
        "pcd_down_sample_num": 1024,
        "pcd_crop": true,
        "save_path": "/data/chenyiteng/results/rlinf-shenzhen/grpo/runs/dvac-action-adv-fix-w0p5to1p5-formal100-2gpu64x4-b1024-fixed32-eval5-phys45-v1/robotwin_data/eval",
        "clear_cache_freq": 1,
        "collect_data": true,
        "eval_video_log": true
      },
      "rollout_epoch": 1
    },
    "group_name": "EnvGroup",
    "enable_offload": true
  },
  "actor": {
    "model": {
      "model_type": "openpi",
      "model_path": "/data/chenyiteng/models/rlinf/RLinf-Pi0-RoboTwin-SFT-adjust_bottle@92684e50",
      "precision": null,
      "num_action_chunks": 50,
      "action_dim": 14,
      "is_lora": false,
      "lora_rank": 32,
      "use_proprio": true,
      "num_steps": 4,
      "add_value_head": false,
      "openpi": {
        "config_name": "pi0_aloha_robotwin",
        "num_images_in_input": 3,
        "noise_level": 0.5,
        "action_chunk": 50,
        "num_steps": 4,
        "train_expert_only": true,
        "action_env_dim": 14,
        "noise_method": "flow_sde",
        "add_value_head": false,
        "detach_critic_input": false,
        "use_dsrl": false,
        "dsrl_state_dim": 8,
        "dsrl_action_noise_dim": 32,
        "dsrl_num_q_heads": 10,
        "dsrl_agg_q": "mean",
        "dsrl_image_latent_dim": 64,
        "dsrl_state_latent_dim": 64,
        "dsrl_hidden_dims": [
          128,
          128,
          128
        ]
      }
    },
    "fsdp_config": {
      "strategy": "fsdp",
      "sharding_strategy": "full_shard",
      "gradient_checkpointing": false,
      "cpu_offload": false,
      "offload_pin_memory": false,
      "reshard_after_forward": true,
      "enable_gradient_accumulation": true,
      "forward_prefetch": false,
      "limit_all_gathers": false,
      "backward_prefetch": null,
      "use_orig_params": false,
      "use_liger_kernel": false,
      "mixed_precision": {
        "param_dtype": null,
        "reduce_dtype": null,
        "buffer_dtype": null
      },
      "amp_autocast": {
        "enabled": false,
        "precision": "bf16"
      },
      "grad_scaler": {
        "enabled": false,
        "init_scale": null,
        "growth_interval": null
      }
    },
    "group_name": "ActorGroup",
    "training_backend": "fsdp",
    "micro_batch_size": 32,
    "global_batch_size": 1024,
    "seed": 1234,
    "enable_offload": true,
    "optim": {
      "lr": 5.6e-06,
      "value_lr": 0.00011,
      "adam_beta1": 0.9,
      "adam_beta2": 0.95,
      "adam_eps": 1e-08,
      "weight_decay": 0.01,
      "clip_grad": 1.0,
      "critic_warmup_steps": 0
    }
  },
  "weight_syncer": {
    "type": "patch",
    "patch": {
      "snapshot_device": "cpu",
      "delta_encoding": true,
      "compression": "none",
      "init_sync": {
        "enabled": true,
        "prefixes": null,
        "bucket_size": 134217728
      }
    }
  },
  "cluster": {
    "num_nodes": 1,
    "component_placement": {
      "actor, env, rollout": "4,5"
    },
    "tracer": {
      "enable": false
    }
  },
  "runner": {
    "task_type": "embodied",
    "logger": {
      "log_path": "/data/chenyiteng/results/rlinf-shenzhen/grpo/runs/dvac-action-adv-fix-w0p5to1p5-formal100-2gpu64x4-b1024-fixed32-eval5-phys45-v1",
      "project_name": "rlinf",
      "experiment_name": "robotwin_dvac_action_adv_fix_w0p5to1p5_formal100_2gpu64x4_b1024_fixed32_eval5_phys45_v1",
      "logger_backends": [
        "tensorboard"
      ]
    },
    "max_epochs": 1000,
    "max_steps": 100,
    "only_eval": false,
    "val_check_interval": 5,
    "save_interval": 10,
    "resume_dir": null,
    "ckpt_path": null,
    "per_worker_log": false,
    "per_worker_log_path": null,
    "weight_sync_interval": 1,
    "overlap_env_bootstrap": false
  },
  "algorithm": {
    "normalize_advantages": true,
    "kl_penalty": "kl",
    "group_size": 8,
    "reward_coef": 1.0,
    "reward_type": "chunk_level",
    "logprob_type": "action_level",
    "entropy_type": "token_level",
    "update_epoch": 2,
    "adv_type": "grpo",
    "loss_type": "actor",
    "loss_agg_func": "token-mean",
    "kl_beta": 0.0,
    "entropy_bonus": 0,
    "clip_ratio_high": 0.2,
    "clip_ratio_low": 0.2,
    "clip_ratio_c": 3.0,
    "value_clip": 0.2,
    "huber_delta": 10.0,
    "gamma": 0.99,
    "gae_lambda": 0.95,
    "filter_rewards": true,
    "rewards_lower_bound": 0.1,
    "rewards_upper_bound": 0.9,
    "dvac_gradient_weighting": {
      "mode": "apply",
      "application": "action_advantage",
      "selected_l": 3,
      "warmup_steps": 1,
      "window_steps": 5,
      "log_eps": 1e-12,
      "std_floor": 1e-06,
      "z_clip": 2.0,
      "strength": 0.5,
      "weight_min": 0.5,
      "weight_max": 1.5,
      "save_step_tensors": true,
      "output_dir": "/data/chenyiteng/results/rlinf-shenzhen/grpo/runs/dvac-action-adv-fix-w0p5to1p5-formal100-2gpu64x4-b1024-fixed32-eval5-phys45-v1/robotwin_dvac_action_adv_fix_w0p5to1p5_formal100_2gpu64x4_b1024_fixed32_eval5_phys45_v1/dvac_train"
    }
  },
  "rollout": {
    "group_name": "RolloutGroup",
    "backend": "huggingface",
    "recompute_logprobs": false,
    "enable_offload": true,
    "pipeline_stage_num": 1,
    "model": {
      "model_path": "/data/chenyiteng/models/rlinf/RLinf-Pi0-RoboTwin-SFT-adjust_bottle@92684e50",
      "precision": null
    }
  },
  "reward": {
    "use_reward_model": false
  },
  "critic": {
    "use_critic_model": false
  }
}
[INFO 03:10:04 FlexiblePlacementStrategy] 
[INFO 03:10:04 FlexiblePlacementStrategy] Using flexible placement with hardware ranks: [[4], [5]], node groups: ['cluster'].
[INFO 03:10:04 FlexiblePlacementStrategy] Generated 2 placements: [Placement(rank=0, cluster_node_rank=0, placement_node_rank=0, local_accelerator_rank=4, accelerator_type='NV_GPU', local_rank=0, local_world_size=2, visible_accelerators=['4'], isolate_accelerator=True, local_hardware_ranks=[4], node_group_label='cluster'), Placement(rank=1, cluster_node_rank=0, placement_node_rank=0, local_accelerator_rank=5, accelerator_type='NV_GPU', local_rank=1, local_world_size=2, visible_accelerators=['5'], isolate_accelerator=True, local_hardware_ranks=[5], node_group_label='cluster')].
[INFO 03:10:04 FlexiblePlacementStrategy] Generated 2 placements: [Placement(rank=0, cluster_node_rank=0, placement_node_rank=0, local_accelerator_rank=4, accelerator_type='NV_GPU', local_rank=0, local_world_size=2, visible_accelerators=['4'], isolate_accelerator=True, local_hardware_ranks=[4], node_group_label='cluster'), Placement(rank=1, cluster_node_rank=0, placement_node_rank=0, local_accelerator_rank=5, accelerator_type='NV_GPU', local_rank=1, local_world_size=2, visible_accelerators=['5'], isolate_accelerator=True, local_hardware_ranks=[5], node_group_label='cluster')].
[INFO 03:10:04 FlexiblePlacementStrategy] Generated 2 placements: [Placement(rank=0, cluster_node_rank=0, placement_node_rank=0, local_accelerator_rank=4, accelerator_type='NV_GPU', local_rank=0, local_world_size=2, visible_accelerators=['4'], isolate_accelerator=True, local_hardware_ranks=[4], node_group_label='cluster'), Placement(rank=1, cluster_node_rank=0, placement_node_rank=0, local_accelerator_rank=5, accelerator_type='NV_GPU', local_rank=1, local_world_size=2, visible_accelerators=['5'], isolate_accelerator=True, local_hardware_ranks=[5], node_group_label='cluster')].
[INFO 03:10:04 NodePlacementStrategy] 
[INFO 03:10:04 NodePlacementStrategy] Using node placement with node ranks: [0], node groups: ['node'].
[INFO 03:10:04 NodePlacementStrategy] Generated 1 placements: [Placement(rank=0, cluster_node_rank=0, placement_node_rank=0, local_accelerator_rank='0', accelerator_type='NV_GPU', local_rank=0, local_world_size=1, visible_accelerators=['0', '1', '2', '3', '4', '5', '6', '7'], isolate_accelerator=True, local_hardware_ranks=[], node_group_label='cluster')].
[INFO 03:10:04 NodePlacementStrategy] 
[INFO 03:10:04 NodePlacementStrategy] Using node placement with node ranks: [0], node groups: ['node'].
[INFO 03:10:04 NodePlacementStrategy] Generated 1 placements: [Placement(rank=0, cluster_node_rank=0, placement_node_rank=0, local_accelerator_rank='0', accelerator_type='NV_GPU', local_rank=0, local_world_size=1, visible_accelerators=['0', '1', '2', '3', '4', '5', '6', '7'], isolate_accelerator=True, local_hardware_ranks=[], node_group_label='cluster')].
[INFO 03:10:04 NodePlacementStrategy] 
[INFO 03:10:04 NodePlacementStrategy] Using node placement with node ranks: [0], node groups: ['node'].
[INFO 03:10:04 NodePlacementStrategy] Generated 1 placements: [Placement(rank=0, cluster_node_rank=0, placement_node_rank=0, local_accelerator_rank='0', accelerator_type='NV_GPU', local_rank=0, local_world_size=1, visible_accelerators=['0', '1', '2', '3', '4', '5', '6', '7'], isolate_accelerator=True, local_hardware_ranks=[], node_group_label='cluster')].
WARNING: All log messages before absl::InitializeLog() is called are written to STDERR
I0000 00:00:1788059405.040946 1413912 port.cc:153] oneDNN custom operations are on. You may see slightly different numerical results due to floating-point round-off errors from different computation orders. To turn them off, set the environment variable `TF_ENABLE_ONEDNN_OPTS=0`.
I0000 00:00:1788059405.226802 1413912 cpu_feature_guard.cc:227] This TensorFlow binary is optimized to use available CPU instructions in performance-critical operations.
To enable the following instructions: AVX2 AVX512F AVX512_VNNI AVX512_BF16 AVX512_FP16 AVX_VNNI AMX_TILE AMX_INT8 AMX_BF16 FMA, in other operations, rebuild TensorFlow with the appropriate compiler flags.
WARNING: All log messages before absl::InitializeLog() is called are written to STDERR
I0000 00:00:1788059407.197640 1413912 port.cc:153] oneDNN custom operations are on. You may see slightly different numerical results due to floating-point round-off errors from different computation orders. To turn them off, set the environment variable `TF_ENABLE_ONEDNN_OPTS=0`.
[36m(EnvWorker pid=1415055)[0m [INFO 03:10:11 FlexiblePlacementStrategy] 
[36m(EnvWorker pid=1415055)[0m [INFO 03:10:11 FlexiblePlacementStrategy] Using flexible placement with hardware ranks: [[4], [5]], node groups: ['cluster'].
[36m(EnvWorker pid=1415058)[0m [INFO 03:10:11 FlexiblePlacementStrategy] 
[36m(EnvWorker pid=1415058)[0m [INFO 03:10:11 FlexiblePlacementStrategy] Using flexible placement with hardware ranks: [[4], [5]], node groups: ['cluster'].
[36m(MultiStepRolloutWorker pid=1415051)[0m [INFO 03:10:11 FlexiblePlacementStrategy] 
[36m(MultiStepRolloutWorker pid=1415051)[0m [INFO 03:10:11 FlexiblePlacementStrategy] Using flexible placement with hardware ranks: [[4], [5]], node groups: ['cluster'].
[36m(MultiStepRolloutWorker pid=1415053)[0m [INFO 03:10:11 FlexiblePlacementStrategy] 
[36m(MultiStepRolloutWorker pid=1415053)[0m [INFO 03:10:11 FlexiblePlacementStrategy] Using flexible placement with hardware ranks: [[4], [5]], node groups: ['cluster'].
[36m(EmbodiedFSDPActor pid=1415048)[0m [WARNING 03:10:12 ActorGroup-Rank-0][fsdp_model_manager.py:79] Provided there is sufficient GPU memory, set the actor.model.precision parameter to fp32 to allow the optimizer to run in fp32 for better convergence. Meanwhile, setting mixed_precision.param_dtype to 16-bit dtype can help maximize speed, as it will automatically convert fp32 to fp16 during operator execution.
[36m(RolloutGroup(rank=1) pid=1415053)[0m WARNING: All log messages before absl::InitializeLog() is called are written to STDERR
[36m(RolloutGroup(rank=1) pid=1415053)[0m I0000 00:00:1788059412.739057 1416424 port.cc:153] oneDNN custom operations are on. You may see slightly different numerical results due to floating-point round-off errors from different computation orders. To turn them off, set the environment variable `TF_ENABLE_ONEDNN_OPTS=0`.
[36m(EmbodiedFSDPActor pid=1415050)[0m [WARNING 03:10:12 ActorGroup-Rank-1][fsdp_model_manager.py:79] Provided there is sufficient GPU memory, set the actor.model.precision parameter to fp32 to allow the optimizer to run in fp32 for better convergence. Meanwhile, setting mixed_precision.param_dtype to 16-bit dtype can help maximize speed, as it will automatically convert fp32 to fp16 during operator execution.
[36m(RolloutGroup(rank=0) pid=1415051)[0m WARNING: All log messages before absl::InitializeLog() is called are written to STDERR
[36m(RolloutGroup(rank=0) pid=1415051)[0m I0000 00:00:1788059412.991654 1416429 port.cc:153] oneDNN custom operations are on. You may see slightly different numerical results due to floating-point round-off errors from different computation orders. To turn them off, set the environment variable `TF_ENABLE_ONEDNN_OPTS=0`.
[36m(RolloutGroup(rank=1) pid=1415053)[0m WARNING: All log messages before absl::InitializeLog() is called are written to STDERR
[36m(RolloutGroup(rank=1) pid=1415053)[0m I0000 00:00:1788059413.780741 1416424 port.cc:153] oneDNN custom operations are on. You may see slightly different numerical results due to floating-point round-off errors from different computation orders. To turn them off, set the environment variable `TF_ENABLE_ONEDNN_OPTS=0`.
[36m(RolloutGroup(rank=0) pid=1415051)[0m WARNING: All log messages before absl::InitializeLog() is called are written to STDERR
[36m(RolloutGroup(rank=0) pid=1415051)[0m I0000 00:00:1788059414.028730 1416429 port.cc:153] oneDNN custom operations are on. You may see slightly different numerical results due to floating-point round-off errors from different computation orders. To turn them off, set the environment variable `TF_ENABLE_ONEDNN_OPTS=0`.
[36m(EnvGroup(rank=0) pid=1415055)[0m [W830 03:10:21.313344769 socket.cpp:207] [c10d] The hostname of the client socket cannot be retrieved. err=-3
[36m(EmbodiedFSDPActor pid=1415048)[0m [W830 03:10:22.664078854 socket.cpp:207] [c10d] The hostname of the client socket cannot be retrieved. err=-3
[36m(EmbodiedFSDPActor pid=1415048)[0m [INFO 03:10:24 FlexiblePlacementStrategy] 
[36m(EmbodiedFSDPActor pid=1415048)[0m [INFO 03:10:24 FlexiblePlacementStrategy] Using flexible placement with hardware ranks: [[4], [5]], node groups: ['cluster'].
[36m(EmbodiedFSDPActor pid=1415048)[0m [INFO 03:10:24 ActorGroup-Rank-0][fsdp_model_manager.py:133] [FSDP] AMP is disabled.
[36m(EmbodiedFSDPActor pid=1415050)[0m [INFO 03:10:25 FlexiblePlacementStrategy] 
[36m(EmbodiedFSDPActor pid=1415050)[0m [INFO 03:10:25 FlexiblePlacementStrategy] Using flexible placement with hardware ranks: [[4], [5]], node groups: ['cluster'].
[36m(EmbodiedFSDPActor pid=1415050)[0m [INFO 03:10:25 ActorGroup-Rank-1][fsdp_model_manager.py:133] [FSDP] AMP is disabled.
[36m(RolloutGroup(rank=0) pid=1415051)[0m INFO:root:Loaded norm stats from /data/chenyiteng/models/rlinf/RLinf-Pi0-RoboTwin-SFT-adjust_bottle@92684e50/physical-intelligence/robotwin
[36m(RolloutGroup(rank=0) pid=1415051)[0m INFO:root:Loaded norm stats from /data/chenyiteng/models/rlinf/RLinf-Pi0-RoboTwin-SFT-adjust_bottle@92684e50/physical-intelligence/robotwin
[36m(RolloutGroup(rank=1) pid=1415053)[0m INFO:root:Loaded norm stats from /data/chenyiteng/models/rlinf/RLinf-Pi0-RoboTwin-SFT-adjust_bottle@92684e50/physical-intelligence/robotwin
[36m(RolloutGroup(rank=1) pid=1415053)[0m INFO:root:Loaded norm stats from /data/chenyiteng/models/rlinf/RLinf-Pi0-RoboTwin-SFT-adjust_bottle@92684e50/physical-intelligence/robotwin
[36m(ActorGroup(rank=0) pid=1415048)[0m WARNING: All log messages before absl::InitializeLog() is called are written to STDERR
[36m(ActorGroup(rank=0) pid=1415048)[0m I0000 00:00:1788059464.977120 1416553 port.cc:153] oneDNN custom operations are on. You may see slightly different numerical results due to floating-point round-off errors from different computation orders. To turn them off, set the environment variable `TF_ENABLE_ONEDNN_OPTS=0`.
[36m(ActorGroup(rank=1) pid=1415050)[0m WARNING: All log messages before absl::InitializeLog() is called are written to STDERR
[36m(ActorGroup(rank=1) pid=1415050)[0m I0000 00:00:1788059464.912074 1416622 port.cc:153] oneDNN custom operations are on. You may see slightly different numerical results due to floating-point round-off errors from different computation orders. To turn them off, set the environment variable `TF_ENABLE_ONEDNN_OPTS=0`.
[36m(ActorGroup(rank=1) pid=1415050)[0m WARNING: All log messages before absl::InitializeLog() is called are written to STDERR
[36m(ActorGroup(rank=1) pid=1415050)[0m I0000 00:00:1788059466.190128 1416622 port.cc:153] oneDNN custom operations are on. You may see slightly different numerical results due to floating-point round-off errors from different computation orders. To turn them off, set the environment variable `TF_ENABLE_ONEDNN_OPTS=0`.
[36m(ActorGroup(rank=0) pid=1415048)[0m WARNING: All log messages before absl::InitializeLog() is called are written to STDERR
[36m(ActorGroup(rank=0) pid=1415048)[0m I0000 00:00:1788059466.282041 1416553 port.cc:153] oneDNN custom operations are on. You may see slightly different numerical results due to floating-point round-off errors from different computation orders. To turn them off, set the environment variable `TF_ENABLE_ONEDNN_OPTS=0`.
[36m(ActorGroup(rank=1) pid=1415050)[0m INFO:root:Loaded norm stats from /data/chenyiteng/models/rlinf/RLinf-Pi0-RoboTwin-SFT-adjust_bottle@92684e50/physical-intelligence/robotwin
[36m(ActorGroup(rank=1) pid=1415050)[0m INFO:root:Loaded norm stats from /data/chenyiteng/models/rlinf/RLinf-Pi0-RoboTwin-SFT-adjust_bottle@92684e50/physical-intelligence/robotwin
[36m(ActorGroup(rank=0) pid=1415048)[0m INFO:root:Loaded norm stats from /data/chenyiteng/models/rlinf/RLinf-Pi0-RoboTwin-SFT-adjust_bottle@92684e50/physical-intelligence/robotwin
[36m(ActorGroup(rank=0) pid=1415048)[0m INFO:root:Loaded norm stats from /data/chenyiteng/models/rlinf/RLinf-Pi0-RoboTwin-SFT-adjust_bottle@92684e50/physical-intelligence/robotwin
[36m(ActorGroup(rank=1) pid=1415050)[0m [INFO 03:11:48 ActorGroup-Rank-1][fsdp_model_manager.py:294] [FSDP] Gradient checkpointing is disabled
[36m(ActorGroup(rank=0) pid=1415048)[0m [INFO 03:11:48 ActorGroup-Rank-0][fsdp_model_manager.py:294] [FSDP] Gradient checkpointing is disabled
[36m(ActorGroup(rank=1) pid=1415050)[0m [rank1]:[W830 03:12:02.920097779 socket.cpp:207] [c10d] The hostname of the client socket cannot be retrieved. err=-3
[36m(RolloutGroup(rank=0) pid=1415051)[0m Generating Rollout Epochs:   0%|          | 0/4 [00:00<?, ?it/s]
[36m(RolloutGroup(rank=0) pid=1415051)[0m Generating Rollout Epochs:  25%|██▌       | 1/4 [05:54<17:42, 354.21s/it]
[36m(RolloutGroup(rank=0) pid=1415051)[0m Generating Rollout Epochs:  50%|█████     | 2/4 [11:51<11:52, 356.27s/it]
[36m(RolloutGroup(rank=0) pid=1415051)[0m Generating Rollout Epochs:  75%|███████▌  | 3/4 [17:27<05:46, 346.92s/it]
[36m(RolloutGroup(rank=0) pid=1415051)[0m Generating Rollout Epochs: 100%|██████████| 4/4 [22:59<00:00, 340.90s/it]Generating Rollout Epochs: 100%|██████████| 4/4 [22:59<00:00, 344.85s/it]

╭──────────────────────────────────────────────────────────────────────────────────────────────────────────────────────╮
├──────────────────────────────────────────────────── Metric Table ────────────────────────────────────────────────────┤
│ Global Step:    1/100 │ Progress: ░░░░░░░░░░░░░░░░░░░░░░░░░░░░░░░░░░░░░░░░ │   1.0%                                  │
│ Elapsed: 23:46 │ ETA: 39:13:39 │ Step Time: 1426.461s                                                                │
├──────────────────────────────────────────────────────── Time ────────────────────────────────────────────────────────┤
│                                                                                                                      │
│actor/actor/compute_adv=0.036          │actor/actor/recv_traj=1386.3           │actor/actor/sync_model_to_rollout=16.…│
│actor/run_training=23.549              │actor_training=23.555                  │cal_adv_and_returns=0.042             │
│env/compute_bootstrap_rewards=0.0018   │env/env/bootstrap_step=1011.8          │env/env/send_rollout_trajectories=1.1…│
│env/env_interact_step=351.0            │env/interact=1385.2                    │env/run_interact_once=1385.2          │
│generate_rollouts=1386.3               │rollout/generate_one_epoch=1379.4      │rollout/predict=10.848                │
│rollout/rollout/generate=1386.2        │rollout/sync_model_from_actor=15.643   │step=1426.4                           │
│sync_weights=16.459                    │                                       │                                      │
│                                                                                                                      │
├──────────────────────────────────────────────────── Environment ─────────────────────────────────────────────────────┤
│                                                                                                                      │
│episode_len=200.0                      │num_trajectories=256                   │return=0.8203125                      │
│reward=0.0041015623                    │success_once=0.8203125                 │                                      │
│                                                                                                                      │
├────────────────────────────────────────────────────── Rollout ───────────────────────────────────────────────────────┤
│                                                                                                                      │
│advantages_max=1.620                   │advantages_mean=-0.112                 │advantages_min=-2.475                 │
│rewards=0.0045                         │                                       │                                      │
│                                                                                                                      │
├─────────────────────────────────────────────────── Training/Actor ───────────────────────────────────────────────────┤
│                                                                                                                      │
│actor/approx_kl=0.048                  │actor/clip_fraction=0.0080             │actor/clipped_ratio=1.000             │
│actor/dual_cliped_ratio=0.0000         │actor/dvac_current_mean=-4.419         │actor/dvac_current_std=0.650          │
│actor/dvac_history_mean=0.0000         │actor/dvac_history_std=0.0000          │actor/dvac_warmup=1.000               │
│actor/dvac_weight_ess_fraction=1.000   │actor/dvac_weight_mean=1.000           │actor/dvac_weight_sq_mean=1.000       │
│actor/dvac_z_high_clip_fraction=0.0000 │actor/dvac_z_low_clip_fraction=0.0000  │actor/entropy_loss=0.0000             │
│actor/grad_norm=26.529                 │actor/lr=5.60e-06                      │actor/policy_loss=-0.042              │
│actor/policy_loss_abs=25.179           │actor/ratio=1.000                      │actor/ratio_abs=0.016                 │
│actor/total_loss=-0.0026               │                                       │                                      │
│                                                                                                                      │
╰──────────────────────────────────────────────────────────────────────────────────────────────────────────────────────╯

[36m(RolloutGroup(rank=0) pid=1415051)[0m Generating Rollout Epochs:   0%|          | 0/4 [00:00<?, ?it/s]
[36m(RolloutGroup(rank=0) pid=1415051)[0m Generating Rollout Epochs:  25%|██▌       | 1/4 [05:55<17:47, 355.95s/it]
[36m(RolloutGroup(rank=0) pid=1415051)[0m Generating Rollout Epochs:  50%|█████     | 2/4 [11:58<11:59, 359.69s/it]
[36m(RolloutGroup(rank=0) pid=1415051)[0m Generating Rollout Epochs:  75%|███████▌  | 3/4 [17:59<06:00, 360.26s/it]
[36m(RolloutGroup(rank=0) pid=1415051)[0m Generating Rollout Epochs: 100%|██████████| 4/4 [24:16<00:00, 367.15s/it]Generating Rollout Epochs: 100%|██████████| 4/4 [24:16<00:00, 364.22s/it]

╭──────────────────────────────────────────────────────────────────────────────────────────────────────────────────────╮
├──────────────────────────────────────────────────── Metric Table ────────────────────────────────────────────────────┤
│ Global Step:    2/100 │ Progress: ░░░░░░░░░░░░░░░░░░░░░░░░░░░░░░░░░░░░░░░░ │   2.0%                                  │
│ Elapsed: 48:32 │ ETA: 39:38:40 │ Step Time: 1456.327s                                                                │
├──────────────────────────────────────────────────────── Time ────────────────────────────────────────────────────────┤
│                                                                                                                      │
│actor/actor/compute_adv=0.0039         │actor/actor/recv_traj=1463.4           │actor/actor/sync_model_to_rollout=1.9…│
│actor/run_training=20.268              │actor_training=20.273                  │cal_adv_and_returns=0.0081            │
│env/compute_bootstrap_rewards=0.0019   │env/env/bootstrap_step=1045.2          │env/env/send_rollout_trajectories=0.8…│
│env/env_interact_step=387.7            │env/interact=1462.7                    │env/run_interact_once=1462.7          │
│generate_rollouts=1463.4               │rollout/generate_one_epoch=1456.9      │rollout/predict=10.024                │
│rollout/rollout/generate=1461.8        │rollout/sync_model_from_actor=2.445    │step=1486.2                           │
│sync_weights=2.448                     │                                       │                                      │
│                                                                                                                      │
├──────────────────────────────────────────────────── Environment ─────────────────────────────────────────────────────┤
│                                                                                                                      │
│episode_len=200.0                      │num_trajectories=256                   │return=0.76953125                     │
│reward=0.003847656                     │success_once=0.76953125                │                                      │
│                                                                                                                      │
├────────────────────────────────────────────────────── Rollout ───────────────────────────────────────────────────────┤
│                                                                                                                      │
│advantages_max=1.620                   │advantages_mean=-0.123                 │advantages_min=-2.475                 │
│rewards=0.0034                         │                                       │                                      │
│                                                                                                                      │
├─────────────────────────────────────────────────── Training/Actor ───────────────────────────────────────────────────┤
│                                                                                                                      │
│actor/approx_kl=0.052                  │actor/clip_fraction=0.0030             │actor/clipped_ratio=1.000             │
│actor/dual_cliped_ratio=0.0000         │actor/dvac_current_mean=-4.460         │actor/dvac_current_std=0.678          │
│actor/dvac_history_mean=-4.419         │actor/dvac_history_std=0.650           │actor/dvac_warmup=0.0000              │
│actor/dvac_weight_ess_fraction=0.943   │actor/dvac_weight_mean=0.979           │actor/dvac_weight_sq_mean=1.017       │
│actor/dvac_z_high_clip_fraction=0.034  │actor/dvac_z_low_clip_fraction=0.013   │actor/entropy_loss=0.0000             │
│actor/grad_norm=35.541                 │actor/lr=5.60e-06                      │actor/policy_loss=0.361               │
│actor/policy_loss_abs=20.517           │actor/ratio=1.000                      │actor/ratio_abs=0.020                 │
│actor/total_loss=0.023                 │                                       │                                      │
│                                                                                                                      │
╰──────────────────────────────────────────────────────────────────────────────────────────────────────────────────────╯

[36m(RolloutGroup(rank=0) pid=1415051)[0m Generating Rollout Epochs:   0%|          | 0/4 [00:00<?, ?it/s]
[36m(RolloutGroup(rank=0) pid=1415051)[0m Generating Rollout Epochs:  25%|██▌       | 1/4 [05:49<17:27, 349.00s/it]
[36m(RolloutGroup(rank=0) pid=1415051)[0m Generating Rollout Epochs:  50%|█████     | 2/4 [11:52<11:54, 357.29s/it]
[36m(RolloutGroup(rank=0) pid=1415051)[0m Generating Rollout Epochs:  75%|███████▌  | 3/4 [17:16<05:42, 342.21s/it]
[36m(RolloutGroup(rank=0) pid=1415051)[0m Generating Rollout Epochs: 100%|██████████| 4/4 [22:37<00:00, 333.88s/it]Generating Rollout Epochs: 100%|██████████| 4/4 [22:37<00:00, 339.37s/it]

╭──────────────────────────────────────────────────────────────────────────────────────────────────────────────────────╮
├──────────────────────────────────────────────────── Metric Table ────────────────────────────────────────────────────┤
│ Global Step:    3/100 │ Progress: █░░░░░░░░░░░░░░░░░░░░░░░░░░░░░░░░░░░░░░░ │   3.0%                                  │
│ Elapsed: 01:11:41 │ ETA: 38:38:10 │ Step Time: 1433.927s                                                             │
├──────────────────────────────────────────────────────── Time ────────────────────────────────────────────────────────┤
│                                                                                                                      │
│actor/actor/compute_adv=0.0061         │actor/actor/recv_traj=1366.7           │actor/actor/sync_model_to_rollout=1.9…│
│actor/run_training=19.891              │actor_training=19.895                  │cal_adv_and_returns=0.011             │
│env/compute_bootstrap_rewards=0.0027   │env/env/bootstrap_step=957.1           │env/env/send_rollout_trajectories=0.7…│
│env/env_interact_step=374.9            │env/interact=1366.0                    │env/run_interact_once=1366.0          │
│generate_rollouts=1366.8               │rollout/generate_one_epoch=1360.2      │rollout/predict=10.035                │
│rollout/rollout/generate=1364.6        │rollout/sync_model_from_actor=2.433    │step=1389.1                           │
│sync_weights=2.437                     │                                       │                                      │
│                                                                                                                      │
├──────────────────────────────────────────────────── Environment ─────────────────────────────────────────────────────┤
│                                                                                                                      │
│episode_len=200.0                      │num_trajectories=256                   │return=0.734375                       │
│reward=0.003671875                     │success_once=0.734375                  │                                      │
│                                                                                                                      │
├────────────────────────────────────────────────────── Rollout ───────────────────────────────────────────────────────┤
│                                                                                                                      │
│advantages_max=2.475                   │advantages_mean=-0.122                 │advantages_min=-2.475                 │
│rewards=0.0041                         │                                       │                                      │
│                                                                                                                      │
├─────────────────────────────────────────────────── Training/Actor ───────────────────────────────────────────────────┤
│                                                                                                                      │
│actor/approx_kl=0.051                  │actor/clip_fraction=0.0047             │actor/clipped_ratio=1.000             │
│actor/dual_cliped_ratio=0.0000         │actor/dvac_current_mean=-4.427         │actor/dvac_current_std=0.721          │
│actor/dvac_history_mean=-4.439         │actor/dvac_history_std=0.664           │actor/dvac_warmup=0.0000              │
│actor/dvac_weight_ess_fraction=0.944   │actor/dvac_weight_mean=0.995           │actor/dvac_weight_sq_mean=1.049       │
│actor/dvac_z_high_clip_fraction=0.044  │actor/dvac_z_low_clip_fraction=0.011   │actor/entropy_loss=0.0000             │
│actor/grad_norm=37.983                 │actor/lr=5.60e-06                      │actor/policy_loss=0.904               │
│actor/policy_loss_abs=30.875           │actor/ratio=1.000                      │actor/ratio_abs=0.017                 │
│actor/total_loss=0.056                 │                                       │                                      │
│                                                                                                                      │
╰──────────────────────────────────────────────────────────────────────────────────────────────────────────────────────╯

[36m(RolloutGroup(rank=0) pid=1415051)[0m Generating Rollout Epochs:   0%|          | 0/4 [00:00<?, ?it/s]
[36m(RolloutGroup(rank=0) pid=1415051)[0m Generating Rollout Epochs:  25%|██▌       | 1/4 [05:09<15:27, 309.19s/it]
[36m(RolloutGroup(rank=0) pid=1415051)[0m Generating Rollout Epochs:  50%|█████     | 2/4 [09:56<09:52, 296.31s/it]
[36m(RolloutGroup(rank=0) pid=1415051)[0m Generating Rollout Epochs:  75%|███████▌  | 3/4 [15:04<05:01, 301.87s/it]
[36m(RolloutGroup(rank=0) pid=1415051)[0m Generating Rollout Epochs: 100%|██████████| 4/4 [20:05<00:00, 301.47s/it]Generating Rollout Epochs: 100%|██████████| 4/4 [20:05<00:00, 301.46s/it]

╭──────────────────────────────────────────────────────────────────────────────────────────────────────────────────────╮
├──────────────────────────────────────────────────── Metric Table ────────────────────────────────────────────────────┤
│ Global Step:    4/100 │ Progress: █░░░░░░░░░░░░░░░░░░░░░░░░░░░░░░░░░░░░░░░ │   4.0%                                  │
│ Elapsed: 01:32:15 │ ETA: 36:54:23 │ Step Time: 1383.996s                                                             │
├──────────────────────────────────────────────────────── Time ────────────────────────────────────────────────────────┤
│                                                                                                                      │
│actor/actor/compute_adv=0.0063         │actor/actor/recv_traj=1211.8           │actor/actor/sync_model_to_rollout=1.6…│
│actor/run_training=20.237              │actor_training=20.242                  │cal_adv_and_returns=0.011             │
│env/compute_bootstrap_rewards=0.0017   │env/env/bootstrap_step=847.6           │env/env/send_rollout_trajectories=0.7…│
│env/env_interact_step=335.1            │env/interact=1211.1                    │env/run_interact_once=1211.1          │
│generate_rollouts=1211.8               │rollout/generate_one_epoch=1205.8      │rollout/predict=9.739                 │
│rollout/rollout/generate=1210.0        │rollout/sync_model_from_actor=2.086    │step=1234.2                           │
│sync_weights=2.089                     │                                       │                                      │
│                                                                                                                      │
├──────────────────────────────────────────────────── Environment ─────────────────────────────────────────────────────┤
│                                                                                                                      │
│episode_len=200.0                      │num_trajectories=256                   │return=0.7890625                      │
│reward=0.0039453125                    │success_once=0.7890625                 │                                      │
│                                                                                                                      │
├────────────────────────────────────────────────────── Rollout ───────────────────────────────────────────────────────┤
│                                                                                                                      │
│advantages_max=1.620                   │advantages_mean=-0.117                 │advantages_min=-2.475                 │
│rewards=0.0043                         │                                       │                                      │
│                                                                                                                      │
├─────────────────────────────────────────────────── Training/Actor ───────────────────────────────────────────────────┤
│                                                                                                                      │
│actor/approx_kl=0.015                  │actor/clip_fraction=8.16e-04           │actor/clipped_ratio=1.000             │
│actor/dual_cliped_ratio=0.0000         │actor/dvac_current_mean=-4.388         │actor/dvac_current_std=0.699          │
│actor/dvac_history_mean=-4.435         │actor/dvac_history_std=0.684           │actor/dvac_warmup=0.0000              │
│actor/dvac_weight_ess_fraction=0.950   │actor/dvac_weight_mean=1.009           │actor/dvac_weight_sq_mean=1.071       │
│actor/dvac_z_high_clip_fraction=0.040  │actor/dvac_z_low_clip_fraction=0.0056  │actor/entropy_loss=0.0000             │
│actor/grad_norm=38.115                 │actor/lr=5.60e-06                      │actor/policy_loss=0.663               │
│actor/policy_loss_abs=25.628           │actor/ratio=1.000                      │actor/ratio_abs=0.011                 │
│actor/total_loss=0.041                 │                                       │                                      │
│                                                                                                                      │
╰──────────────────────────────────────────────────────────────────────────────────────────────────────────────────────╯

[36m(RolloutGroup(rank=0) pid=1415051)[0m Generating Rollout Epochs:   0%|          | 0/4 [00:00<?, ?it/s]
[36m(RolloutGroup(rank=0) pid=1415051)[0m Generating Rollout Epochs:  25%|██▌       | 1/4 [05:12<15:38, 312.75s/it]
[36m(RolloutGroup(rank=0) pid=1415051)[0m Generating Rollout Epochs:  50%|█████     | 2/4 [10:23<10:23, 311.55s/it]
[36m(RolloutGroup(rank=0) pid=1415051)[0m Generating Rollout Epochs:  75%|███████▌  | 3/4 [15:13<05:01, 301.50s/it]
[36m(RolloutGroup(rank=0) pid=1415051)[0m Generating Rollout Epochs: 100%|██████████| 4/4 [20:32<00:00, 308.77s/it]Generating Rollout Epochs: 100%|██████████| 4/4 [20:32<00:00, 308.23s/it]
[36m(RolloutGroup(rank=0) pid=1415051)[0m Evaluating Rollout Epochs:   0%|          | 0/1 [00:00<?, ?it/s]
[36m(RolloutGroup(rank=0) pid=1415051)[0m Evaluating Rollout Epochs: 100%|██████████| 1/1 [02:43<00:00, 163.56s/it]Evaluating Rollout Epochs: 100%|██████████| 1/1 [02:43<00:00, 163.56s/it]

╭──────────────────────────────────────────────────────────────────────────────────────────────────────────────────────╮
├──────────────────────────────────────────────────── Metric Table ────────────────────────────────────────────────────┤
│ Global Step:    5/100 │ Progress: ██░░░░░░░░░░░░░░░░░░░░░░░░░░░░░░░░░░░░░░ │   5.0%                                  │
│ Elapsed: 01:58:42 │ ETA: 37:35:34 │ Step Time: 1424.572s                                                             │
├──────────────────────────────────────────────────────── Time ────────────────────────────────────────────────────────┤
│                                                                                                                      │
│actor/actor/compute_adv=0.0069         │actor/actor/recv_traj=1248.5           │actor/actor/sync_model_to_rollout=3.5…│
│actor/run_training=22.830              │actor_training=22.836                  │cal_adv_and_returns=0.015             │
│env/compute_bootstrap_rewards=0.0016   │env/env/bootstrap_step=872.9           │env/env/send_rollout_trajectories=1.4…│
│env/env_interact_step=341.2            │env/evaluate=310.4                     │env/interact=1247.6                   │
│env/run_interact_once=1247.6           │eval=313.2                             │generate_rollouts=1248.6              │
│rollout/evaluate=170.3                 │rollout/generate_one_epoch=1238.9      │rollout/predict=10.965                │
│rollout/rollout/generate=1245.3        │rollout/sync_model_from_actor=4.992    │step=1586.8                           │
│sync_weights=2.216                     │                                       │                                      │
│                                                                                                                      │
├──────────────────────────────────────────────────── Environment ─────────────────────────────────────────────────────┤
│                                                                                                                      │
│episode_len=200.0                      │num_trajectories=256                   │return=0.8828125                      │
│reward=0.004414062                     │success_once=0.8828125                 │                                      │
│                                                                                                                      │
├────────────────────────────────────────────────────── Rollout ───────────────────────────────────────────────────────┤
│                                                                                                                      │
│advantages_max=0.935                   │advantages_mean=-0.115                 │advantages_min=-2.475                 │
│rewards=0.0046                         │                                       │                                      │
│                                                                                                                      │
├───────────────────────────────────────────────────── Evaluation ─────────────────────────────────────────────────────┤
│                                                                                                                      │
│episode_len=200.0                      │num_trajectories=32                    │return=0.9375                         │
│reward=0.0046874997                    │success_at_end=0.9375                  │success_once=0.9375                   │
│                                                                                                                      │
├─────────────────────────────────────────────────── Training/Actor ───────────────────────────────────────────────────┤
│                                                                                                                      │
│actor/approx_kl=0.021                  │actor/clip_fraction=0.0018             │actor/clipped_ratio=1.000             │
│actor/dual_cliped_ratio=0.0000         │actor/dvac_current_mean=-4.419         │actor/dvac_current_std=0.661          │
│actor/dvac_history_mean=-4.424         │actor/dvac_history_std=0.688           │actor/dvac_warmup=0.0000              │
│actor/dvac_weight_ess_fraction=0.952   │actor/dvac_weight_mean=0.996           │actor/dvac_weight_sq_mean=1.042       │
│actor/dvac_z_high_clip_fraction=0.029  │actor/dvac_z_low_clip_fraction=0.0054  │actor/entropy_loss=0.0000             │
│actor/grad_norm=37.604                 │actor/lr=5.60e-06                      │actor/policy_loss=0.195               │
│actor/policy_loss_abs=18.647           │actor/ratio=1.000                      │actor/ratio_abs=0.014                 │
│actor/total_loss=0.012                 │                                       │                                      │
│                                                                                                                      │
╰──────────────────────────────────────────────────────────────────────────────────────────────────────────────────────╯

[36m(RolloutGroup(rank=0) pid=1415051)[0m Generating Rollout Epochs:   0%|          | 0/4 [00:00<?, ?it/s]
[36m(RolloutGroup(rank=0) pid=1415051)[0m Generating Rollout Epochs:  25%|██▌       | 1/4 [06:12<18:36, 372.06s/it]
[36m(RolloutGroup(rank=0) pid=1415051)[0m Generating Rollout Epochs:  50%|█████     | 2/4 [11:47<11:40, 350.30s/it]
[36m(RolloutGroup(rank=0) pid=1415051)[0m Generating Rollout Epochs:  75%|███████▌  | 3/4 [17:50<05:56, 356.27s/it]
[36m(RolloutGroup(rank=0) pid=1415051)[0m Generating Rollout Epochs: 100%|██████████| 4/4 [24:16<00:00, 368.19s/it]Generating Rollout Epochs: 100%|██████████| 4/4 [24:16<00:00, 364.24s/it]

╭──────────────────────────────────────────────────────────────────────────────────────────────────────────────────────╮
├──────────────────────────────────────────────────── Metric Table ────────────────────────────────────────────────────┤
│ Global Step:    6/100 │ Progress: ██░░░░░░░░░░░░░░░░░░░░░░░░░░░░░░░░░░░░░░ │   6.0%                                  │
│ Elapsed: 02:23:56 │ ETA: 37:35:10 │ Step Time: 1439.474s                                                             │
├──────────────────────────────────────────────────────── Time ────────────────────────────────────────────────────────┤
│                                                                                                                      │
│actor/actor/compute_adv=0.0078         │actor/actor/recv_traj=1489.0           │actor/actor/sync_model_to_rollout=2.0…│
│actor/run_training=22.860              │actor_training=22.866                  │cal_adv_and_returns=0.015             │
│env/compute_bootstrap_rewards=0.0020   │env/env/bootstrap_step=1052.0          │env/env/send_rollout_trajectories=1.1…│
│env/env_interact_step=397.1            │env/interact=1488.0                    │env/run_interact_once=1488.0          │
│generate_rollouts=1489.0               │rollout/generate_one_epoch=1475.3      │rollout/predict=10.278                │
│rollout/rollout/generate=1484.0        │rollout/sync_model_from_actor=1.871    │step=1514.0                           │
│sync_weights=2.057                     │                                       │                                      │
│                                                                                                                      │
├──────────────────────────────────────────────────── Environment ─────────────────────────────────────────────────────┤
│                                                                                                                      │
│episode_len=200.0                      │num_trajectories=256                   │return=0.87109375                     │
│reward=0.0043554683                    │success_once=0.87109375                │                                      │
│                                                                                                                      │
├────────────────────────────────────────────────────── Rollout ───────────────────────────────────────────────────────┤
│                                                                                                                      │
│advantages_max=1.208                   │advantages_mean=-0.120                 │advantages_min=-2.475                 │
│rewards=0.0043                         │                                       │                                      │
│                                                                                                                      │
├─────────────────────────────────────────────────── Training/Actor ───────────────────────────────────────────────────┤
│                                                                                                                      │
│actor/approx_kl=0.018                  │actor/clip_fraction=0.0011             │actor/clipped_ratio=1.000             │
│actor/dual_cliped_ratio=0.0000         │actor/dvac_current_mean=-4.410         │actor/dvac_current_std=0.646          │
│actor/dvac_history_mean=-4.423         │actor/dvac_history_std=0.683           │actor/dvac_warmup=0.0000              │
│actor/dvac_weight_ess_fraction=0.952   │actor/dvac_weight_mean=1.000           │actor/dvac_weight_sq_mean=1.051       │
│actor/dvac_z_high_clip_fraction=0.031  │actor/dvac_z_low_clip_fraction=0.0048  │actor/entropy_loss=0.0000             │
│actor/grad_norm=29.908                 │actor/lr=5.60e-06                      │actor/policy_loss=0.348               │
│actor/policy_loss_abs=18.251           │actor/ratio=1.000                      │actor/ratio_abs=0.012                 │
│actor/total_loss=0.022                 │                                       │                                      │
│                                                                                                                      │
╰──────────────────────────────────────────────────────────────────────────────────────────────────────────────────────╯

[36m(RolloutGroup(rank=0) pid=1415051)[0m Generating Rollout Epochs:   0%|          | 0/4 [00:00<?, ?it/s]
[36m(RolloutGroup(rank=0) pid=1415051)[0m Generating Rollout Epochs:  25%|██▌       | 1/4 [05:55<17:46, 355.50s/it]
[36m(RolloutGroup(rank=0) pid=1415051)[0m Generating Rollout Epochs:  50%|█████     | 2/4 [12:14<12:19, 369.60s/it]
[36m(RolloutGroup(rank=0) pid=1415051)[0m Generating Rollout Epochs:  75%|███████▌  | 3/4 [18:46<06:19, 379.58s/it]
[36m(RolloutGroup(rank=0) pid=1415051)[0m Generating Rollout Epochs: 100%|██████████| 4/4 [25:16<00:00, 383.88s/it]Generating Rollout Epochs: 100%|██████████| 4/4 [25:16<00:00, 379.22s/it]

╭──────────────────────────────────────────────────────────────────────────────────────────────────────────────────────╮
├──────────────────────────────────────────────────── Metric Table ────────────────────────────────────────────────────┤
│ Global Step:    7/100 │ Progress: ██░░░░░░░░░░░░░░░░░░░░░░░░░░░░░░░░░░░░░░ │   7.0%                                  │
│ Elapsed: 02:49:49 │ ETA: 37:36:14 │ Step Time: 1455.637s                                                             │
├──────────────────────────────────────────────────────── Time ────────────────────────────────────────────────────────┤
│                                                                                                                      │
│actor/actor/compute_adv=0.0060         │actor/actor/recv_traj=1527.6           │actor/actor/sync_model_to_rollout=1.9…│
│actor/run_training=22.578              │actor_training=22.583                  │cal_adv_and_returns=0.012             │
│env/compute_bootstrap_rewards=0.0024   │env/env/bootstrap_step=1094.5          │env/env/send_rollout_trajectories=1.2…│
│env/env_interact_step=388.9            │env/interact=1526.6                    │env/run_interact_once=1526.6          │
│generate_rollouts=1527.6               │rollout/generate_one_epoch=1516.9      │rollout/predict=10.417                │
│rollout/rollout/generate=1522.9        │rollout/sync_model_from_actor=2.343    │step=1552.6                           │
│sync_weights=2.348                     │                                       │                                      │
│                                                                                                                      │
├──────────────────────────────────────────────────── Environment ─────────────────────────────────────────────────────┤
│                                                                                                                      │
│episode_len=200.0                      │num_trajectories=256                   │return=0.84765625                     │
│reward=0.004238281                     │success_once=0.84765625                │                                      │
│                                                                                                                      │
├────────────────────────────────────────────────────── Rollout ───────────────────────────────────────────────────────┤
│                                                                                                                      │
│advantages_max=1.620                   │advantages_mean=-0.110                 │advantages_min=-2.475                 │
│rewards=0.0042                         │                                       │                                      │
│                                                                                                                      │
├─────────────────────────────────────────────────── Training/Actor ───────────────────────────────────────────────────┤
│                                                                                                                      │
│actor/approx_kl=0.019                  │actor/clip_fraction=2.29e-04           │actor/clipped_ratio=1.000             │
│actor/dual_cliped_ratio=0.0000         │actor/dvac_current_mean=-4.383         │actor/dvac_current_std=0.668          │
│actor/dvac_history_mean=-4.421         │actor/dvac_history_std=0.682           │actor/dvac_warmup=0.0000              │
│actor/dvac_weight_ess_fraction=0.950   │actor/dvac_weight_mean=1.009           │actor/dvac_weight_sq_mean=1.071       │
│actor/dvac_z_high_clip_fraction=0.035  │actor/dvac_z_low_clip_fraction=0.0054  │actor/entropy_loss=0.0000             │
│actor/grad_norm=27.496                 │actor/lr=5.60e-06                      │actor/policy_loss=0.580               │
│actor/policy_loss_abs=19.591           │actor/ratio=1.000                      │actor/ratio_abs=0.010                 │
│actor/total_loss=0.036                 │                                       │                                      │
│                                                                                                                      │
╰──────────────────────────────────────────────────────────────────────────────────────────────────────────────────────╯

[36m(RolloutGroup(rank=0) pid=1415051)[0m Generating Rollout Epochs:   0%|          | 0/4 [00:00<?, ?it/s]
[36m(RolloutGroup(rank=0) pid=1415051)[0m Generating Rollout Epochs:  25%|██▌       | 1/4 [05:58<17:56, 358.84s/it]
[36m(RolloutGroup(rank=0) pid=1415051)[0m Generating Rollout Epochs:  50%|█████     | 2/4 [12:12<12:14, 367.41s/it]
[36m(RolloutGroup(rank=0) pid=1415051)[0m Generating Rollout Epochs:  75%|███████▌  | 3/4 [18:29<06:11, 371.98s/it]
[36m(RolloutGroup(rank=0) pid=1415051)[0m Generating Rollout Epochs: 100%|██████████| 4/4 [24:22<00:00, 364.45s/it]Generating Rollout Epochs: 100%|██████████| 4/4 [24:22<00:00, 365.64s/it]

╭──────────────────────────────────────────────────────────────────────────────────────────────────────────────────────╮
├──────────────────────────────────────────────────── Metric Table ────────────────────────────────────────────────────┤
│ Global Step:    8/100 │ Progress: ███░░░░░░░░░░░░░░░░░░░░░░░░░░░░░░░░░░░░░ │   8.0%                                  │
│ Elapsed: 03:15:08 │ ETA: 37:24:09 │ Step Time: 1463.577s                                                             │
├──────────────────────────────────────────────────────── Time ────────────────────────────────────────────────────────┤
│                                                                                                                      │
│actor/actor/compute_adv=0.0083         │actor/actor/recv_traj=1495.5           │actor/actor/sync_model_to_rollout=1.8…│
│actor/run_training=21.108              │actor_training=21.113                  │cal_adv_and_returns=0.016             │
│env/compute_bootstrap_rewards=0.0020   │env/env/bootstrap_step=1073.6          │env/env/send_rollout_trajectories=1.1…│
│env/env_interact_step=375.0            │env/interact=1494.5                    │env/run_interact_once=1494.5          │
│generate_rollouts=1495.5               │rollout/generate_one_epoch=1482.5      │rollout/predict=10.323                │
│rollout/rollout/generate=1489.9        │rollout/sync_model_from_actor=2.459    │step=1519.1                           │
│sync_weights=2.463                     │                                       │                                      │
│                                                                                                                      │
├──────────────────────────────────────────────────── Environment ─────────────────────────────────────────────────────┤
│                                                                                                                      │
│episode_len=200.0                      │num_trajectories=256                   │return=0.8671875                      │
│reward=0.004335937                     │success_once=0.8671875                 │                                      │
│                                                                                                                      │
├────────────────────────────────────────────────────── Rollout ───────────────────────────────────────────────────────┤
│                                                                                                                      │
│advantages_max=2.475                   │advantages_mean=-0.111                 │advantages_min=-2.475                 │
│rewards=0.0044                         │                                       │                                      │
│                                                                                                                      │
├─────────────────────────────────────────────────── Training/Actor ───────────────────────────────────────────────────┤
│                                                                                                                      │
│actor/approx_kl=0.0044                 │actor/clip_fraction=3.68e-05           │actor/clipped_ratio=1.000             │
│actor/dual_cliped_ratio=0.0000         │actor/dvac_current_mean=-4.341         │actor/dvac_current_std=0.664          │
│actor/dvac_history_mean=-4.405         │actor/dvac_history_std=0.680           │actor/dvac_warmup=0.0000              │
│actor/dvac_weight_ess_fraction=0.952   │actor/dvac_weight_mean=1.018           │actor/dvac_weight_sq_mean=1.090       │
│actor/dvac_z_high_clip_fraction=0.036  │actor/dvac_z_low_clip_fraction=0.0045  │actor/entropy_loss=0.0000             │
│actor/grad_norm=22.288                 │actor/lr=5.60e-06                      │actor/policy_loss=0.496               │
│actor/policy_loss_abs=18.878           │actor/ratio=1.000                      │actor/ratio_abs=0.0067                │
│actor/total_loss=0.031                 │                                       │                                      │
│                                                                                                                      │
╰──────────────────────────────────────────────────────────────────────────────────────────────────────────────────────╯

[36m(RolloutGroup(rank=0) pid=1415051)[0m Generating Rollout Epochs:   0%|          | 0/4 [00:00<?, ?it/s]
[36m(RolloutGroup(rank=0) pid=1415051)[0m Generating Rollout Epochs:  25%|██▌       | 1/4 [06:16<18:49, 376.34s/it]
[36m(RolloutGroup(rank=0) pid=1415051)[0m Generating Rollout Epochs:  50%|█████     | 2/4 [12:34<12:35, 377.57s/it]
[36m(RolloutGroup(rank=0) pid=1415051)[0m Generating Rollout Epochs:  75%|███████▌  | 3/4 [19:06<06:23, 383.91s/it]
[36m(RolloutGroup(rank=0) pid=1415051)[0m Generating Rollout Epochs: 100%|██████████| 4/4 [25:10<00:00, 375.99s/it]Generating Rollout Epochs: 100%|██████████| 4/4 [25:10<00:00, 377.52s/it]

╭──────────────────────────────────────────────────────────────────────────────────────────────────────────────────────╮
├──────────────────────────────────────────────────── Metric Table ────────────────────────────────────────────────────┤
│ Global Step:    9/100 │ Progress: ███░░░░░░░░░░░░░░░░░░░░░░░░░░░░░░░░░░░░░ │   9.0%                                  │
│ Elapsed: 03:40:56 │ ETA: 37:13:55 │ Step Time: 1472.914s                                                             │
├──────────────────────────────────────────────────────── Time ────────────────────────────────────────────────────────┤
│                                                                                                                      │
│actor/actor/compute_adv=0.0088         │actor/actor/recv_traj=1522.4           │actor/actor/sync_model_to_rollout=1.7…│
│actor/run_training=23.016              │actor_training=23.021                  │cal_adv_and_returns=0.016             │
│env/compute_bootstrap_rewards=0.0022   │env/env/bootstrap_step=1077.9          │env/env/send_rollout_trajectories=1.1…│
│env/env_interact_step=398.1            │env/interact=1521.4                    │env/run_interact_once=1521.4          │
│generate_rollouts=1522.4               │rollout/generate_one_epoch=1510.1      │rollout/predict=10.393                │
│rollout/rollout/generate=1517.1        │rollout/sync_model_from_actor=2.113    │step=1547.6                           │
│sync_weights=2.117                     │                                       │                                      │
│                                                                                                                      │
├──────────────────────────────────────────────────── Environment ─────────────────────────────────────────────────────┤
│                                                                                                                      │
│episode_len=200.0                      │num_trajectories=256                   │return=0.8828125                      │
│reward=0.004414062                     │success_once=0.8828125                 │                                      │
│                                                                                                                      │
├────────────────────────────────────────────────────── Rollout ───────────────────────────────────────────────────────┤
│                                                                                                                      │
│advantages_max=1.620                   │advantages_mean=-0.113                 │advantages_min=-2.475                 │
│rewards=0.0046                         │                                       │                                      │
│                                                                                                                      │
├─────────────────────────────────────────────────── Training/Actor ───────────────────────────────────────────────────┤
│                                                                                                                      │
│actor/approx_kl=0.020                  │actor/clip_fraction=2.69e-04           │actor/clipped_ratio=1.000             │
│actor/dual_cliped_ratio=0.0000         │actor/dvac_current_mean=-4.342         │actor/dvac_current_std=0.654          │
│actor/dvac_history_mean=-4.388         │actor/dvac_history_std=0.668           │actor/dvac_warmup=0.0000              │
│actor/dvac_weight_ess_fraction=0.951   │actor/dvac_weight_mean=1.012           │actor/dvac_weight_sq_mean=1.077       │
│actor/dvac_z_high_clip_fraction=0.039  │actor/dvac_z_low_clip_fraction=0.0044  │actor/entropy_loss=0.0000             │
│actor/grad_norm=36.915                 │actor/lr=5.60e-06                      │actor/policy_loss=0.430               │
│actor/policy_loss_abs=18.500           │actor/ratio=1.000                      │actor/ratio_abs=0.0098                │
│actor/total_loss=0.027                 │                                       │                                      │
│                                                                                                                      │
╰──────────────────────────────────────────────────────────────────────────────────────────────────────────────────────╯

[36m(RolloutGroup(rank=0) pid=1415051)[0m Generating Rollout Epochs:   0%|          | 0/4 [00:00<?, ?it/s]
[36m(RolloutGroup(rank=0) pid=1415051)[0m Generating Rollout Epochs:  25%|██▌       | 1/4 [06:19<18:59, 379.75s/it]
[36m(RolloutGroup(rank=0) pid=1415051)[0m Generating Rollout Epochs:  50%|█████     | 2/4 [12:20<12:16, 368.34s/it]
[36m(RolloutGroup(rank=0) pid=1415051)[0m Generating Rollout Epochs:  75%|███████▌  | 3/4 [18:25<06:06, 366.81s/it]
[36m(RolloutGroup(rank=0) pid=1415051)[0m Generating Rollout Epochs: 100%|██████████| 4/4 [24:43<00:00, 371.57s/it]Generating Rollout Epochs: 100%|██████████| 4/4 [24:43<00:00, 370.99s/it]
[36m(RolloutGroup(rank=0) pid=1415051)[0m Evaluating Rollout Epochs:   0%|          | 0/1 [00:00<?, ?it/s]
[36m(RolloutGroup(rank=0) pid=1415051)[0m Evaluating Rollout Epochs: 100%|██████████| 1/1 [02:52<00:00, 172.53s/it]Evaluating Rollout Epochs: 100%|██████████| 1/1 [02:52<00:00, 172.53s/it]
[INFO 07:23:36 RLinf] Saving checkpoint at step 10.
[36m(ActorGroup(rank=0) pid=1415048)[0m /home/chenyiteng/venvs/rlinf-7d07-openpi-robotwin/lib/python3.11/site-packages/torch/distributed/c10d_logger.py:83: UserWarning: barrier(): using the device under current context. You can specify `device_id` in `init_process_group` to mute this warning.
[36m(ActorGroup(rank=0) pid=1415048)[0m   return func(*args, **kwargs)
[36m(ActorGroup(rank=0) pid=1415048)[0m /home/chenyiteng/venvs/rlinf-7d07-openpi-robotwin/lib/python3.11/site-packages/torch/distributed/fsdp/_optim_utils.py:1173: UserWarning: `_get_pg_default_device` will be deprecated, it only stays for backward-compatibility reason. If you need to find a device for object collectives, please use `_get_object_coll_device`. If you need to query the device types supported by group, please use `_device_capability(group)`. 
[36m(ActorGroup(rank=0) pid=1415048)[0m   device = _get_pg_default_device(group)
[36m(ActorGroup(rank=1) pid=1415050)[0m /home/chenyiteng/venvs/rlinf-7d07-openpi-robotwin/lib/python3.11/site-packages/torch/distributed/fsdp/_optim_utils.py:1173: UserWarning: `_get_pg_default_device` will be deprecated, it only stays for backward-compatibility reason. If you need to find a device for object collectives, please use `_get_object_coll_device`. If you need to query the device types supported by group, please use `_device_capability(group)`. 
[36m(ActorGroup(rank=1) pid=1415050)[0m   device = _get_pg_default_device(group)
[36m(ActorGroup(rank=0) pid=1415048)[0m /home/chenyiteng/venvs/rlinf-7d07-openpi-robotwin/lib/python3.11/site-packages/torch/distributed/c10d_logger.py:83: UserWarning: barrier(): using the device under current context. You can specify `device_id` in `init_process_group` to mute this warning.
[36m(ActorGroup(rank=0) pid=1415048)[0m   return func(*args, **kwargs)
[36m(ActorGroup(rank=0) pid=1415048)[0m /home/chenyiteng/venvs/rlinf-7d07-openpi-robotwin/lib/python3.11/site-packages/torch/distributed/c10d_logger.py:83: UserWarning: barrier(): using the device under current context. You can specify `device_id` in `init_process_group` to mute this warning.
[36m(ActorGroup(rank=0) pid=1415048)[0m   return func(*args, **kwargs)

╭──────────────────────────────────────────────────────────────────────────────────────────────────────────────────────╮
├──────────────────────────────────────────────────── Metric Table ────────────────────────────────────────────────────┤
│ Global Step:   10/100 │ Progress: ████░░░░░░░░░░░░░░░░░░░░░░░░░░░░░░░░░░░░ │  10.0%                                  │
│ Elapsed: 04:12:11 │ ETA: 37:49:42 │ Step Time: 1513.139s                                                             │
├──────────────────────────────────────────────────────── Time ────────────────────────────────────────────────────────┤
│                                                                                                                      │
│actor/actor/compute_adv=0.0091         │actor/actor/recv_traj=1527.8           │actor/actor/sync_model_to_rollout=3.9…│
│actor/run_training=23.233              │actor_training=23.239                  │cal_adv_and_returns=0.015             │
│env/compute_bootstrap_rewards=0.0021   │env/env/bootstrap_step=1090.5          │env/env/send_rollout_trajectories=1.2…│
│env/env_interact_step=385.2            │env/evaluate=292.4                     │env/interact=1526.7                   │
│env/run_interact_once=1526.7           │eval=294.9                             │generate_rollouts=1527.8              │
│rollout/evaluate=179.2                 │rollout/generate_one_epoch=1516.5      │rollout/predict=11.453                │
│rollout/rollout/generate=1522.7        │rollout/sync_model_from_actor=4.932    │step=1875.1                           │
│sync_weights=2.501                     │                                       │                                      │
│                                                                                                                      │
├──────────────────────────────────────────────────── Environment ─────────────────────────────────────────────────────┤
│                                                                                                                      │
│episode_len=200.0                      │num_trajectories=256                   │return=0.85546875                     │
│reward=0.0042773434                    │success_once=0.85546875                │                                      │
│                                                                                                                      │
├────────────────────────────────────────────────────── Rollout ───────────────────────────────────────────────────────┤
│                                                                                                                      │
│advantages_max=0.725                   │advantages_mean=-0.114                 │advantages_min=-2.475                 │
│rewards=0.0049                         │                                       │                                      │
│                                                                                                                      │
├───────────────────────────────────────────────────── Evaluation ─────────────────────────────────────────────────────┤
│                                                                                                                      │
│episode_len=200.0                      │num_trajectories=32                    │return=0.9375                         │
│reward=0.0046874997                    │success_at_end=0.9375                  │success_once=0.9375                   │
│                                                                                                                      │
├─────────────────────────────────────────────────── Training/Actor ───────────────────────────────────────────────────┤
│                                                                                                                      │
│actor/approx_kl=0.029                  │actor/clip_fraction=7.54e-04           │actor/clipped_ratio=1.000             │
│actor/dual_cliped_ratio=0.0000         │actor/dvac_current_mean=-4.358         │actor/dvac_current_std=0.636          │
│actor/dvac_history_mean=-4.379         │actor/dvac_history_std=0.660           │actor/dvac_warmup=0.0000              │
│actor/dvac_weight_ess_fraction=0.951   │actor/dvac_weight_mean=1.004           │actor/dvac_weight_sq_mean=1.059       │
│actor/dvac_z_high_clip_fraction=0.032  │actor/dvac_z_low_clip_fraction=0.0060  │actor/entropy_loss=0.0000             │
│actor/grad_norm=33.528                 │actor/lr=5.60e-06                      │actor/policy_loss=0.580               │
│actor/policy_loss_abs=20.914           │actor/ratio=1.000                      │actor/ratio_abs=0.012                 │
│actor/total_loss=0.036                 │                                       │                                      │
│                                                                                                                      │
╰──────────────────────────────────────────────────────────────────────────────────────────────────────────────────────╯

[36m(RolloutGroup(rank=0) pid=1415051)[0m Generating Rollout Epochs:   0%|          | 0/4 [00:00<?, ?it/s]
[36m(RolloutGroup(rank=0) pid=1415051)[0m Generating Rollout Epochs:  25%|██▌       | 1/4 [05:31<16:34, 331.56s/it]
[36m(RolloutGroup(rank=0) pid=1415051)[0m Generating Rollout Epochs:  50%|█████     | 2/4 [10:13<10:04, 302.15s/it]
[36m(RolloutGroup(rank=0) pid=1415051)[0m Generating Rollout Epochs:  75%|███████▌  | 3/4 [14:58<04:54, 294.59s/it]
[36m(RolloutGroup(rank=0) pid=1415051)[0m Generating Rollout Epochs: 100%|██████████| 4/4 [19:41<00:00, 289.76s/it]Generating Rollout Epochs: 100%|██████████| 4/4 [19:41<00:00, 295.27s/it]

╭──────────────────────────────────────────────────────────────────────────────────────────────────────────────────────╮
├──────────────────────────────────────────────────── Metric Table ────────────────────────────────────────────────────┤
│ Global Step:   11/100 │ Progress: ████░░░░░░░░░░░░░░░░░░░░░░░░░░░░░░░░░░░░ │  11.0%                                  │
│ Elapsed: 04:32:26 │ ETA: 36:44:15 │ Step Time: 1486.016s                                                             │
├──────────────────────────────────────────────────────── Time ────────────────────────────────────────────────────────┤
│                                                                                                                      │
│actor/actor/compute_adv=0.0059         │actor/actor/recv_traj=1193.5           │actor/actor/sync_model_to_rollout=1.7…│
│actor/run_training=19.450              │actor_training=19.453                  │cal_adv_and_returns=0.0095            │
│env/compute_bootstrap_rewards=0.0014   │env/env/bootstrap_step=862.7           │env/env/send_rollout_trajectories=0.8…│
│env/env_interact_step=306.5            │env/interact=1192.9                    │env/run_interact_once=1192.9          │
│generate_rollouts=1193.5               │rollout/generate_one_epoch=1184.4      │rollout/predict=9.600                 │
│rollout/rollout/generate=1189.2        │rollout/sync_model_from_actor=1.529    │step=1214.8                           │
│sync_weights=1.748                     │                                       │                                      │
│                                                                                                                      │
├──────────────────────────────────────────────────── Environment ─────────────────────────────────────────────────────┤
│                                                                                                                      │
│episode_len=200.0                      │num_trajectories=256                   │return=0.890625                       │
│reward=0.0044531245                    │success_once=0.890625                  │                                      │
│                                                                                                                      │
├────────────────────────────────────────────────────── Rollout ───────────────────────────────────────────────────────┤
│                                                                                                                      │
│advantages_max=0.935                   │advantages_mean=-0.115                 │advantages_min=-2.475                 │
│rewards=0.0049                         │                                       │                                      │
│                                                                                                                      │
├─────────────────────────────────────────────────── Training/Actor ───────────────────────────────────────────────────┤
│                                                                                                                      │
│actor/approx_kl=0.0067                 │actor/clip_fraction=7.81e-04           │actor/clipped_ratio=1.000             │
│actor/dual_cliped_ratio=0.0000         │actor/dvac_current_mean=-4.373         │actor/dvac_current_std=0.656          │
│actor/dvac_history_mean=-4.367         │actor/dvac_history_std=0.654           │actor/dvac_warmup=0.0000              │
│actor/dvac_weight_ess_fraction=0.946   │actor/dvac_weight_mean=0.993           │actor/dvac_weight_sq_mean=1.042       │
│actor/dvac_z_high_clip_fraction=0.032  │actor/dvac_z_low_clip_fraction=0.010   │actor/entropy_loss=0.0000             │
│actor/grad_norm=41.029                 │actor/lr=5.60e-06                      │actor/policy_loss=0.795               │
│actor/policy_loss_abs=19.924           │actor/ratio=1.000                      │actor/ratio_abs=0.0099                │
│actor/total_loss=0.050                 │                                       │                                      │
│                                                                                                                      │
╰──────────────────────────────────────────────────────────────────────────────────────────────────────────────────────╯

[36m(RolloutGroup(rank=0) pid=1415051)[0m Generating Rollout Epochs:   0%|          | 0/4 [00:00<?, ?it/s]
[36m(RolloutGroup(rank=0) pid=1415051)[0m Generating Rollout Epochs:  25%|██▌       | 1/4 [04:46<14:18, 286.21s/it]
[36m(RolloutGroup(rank=0) pid=1415051)[0m Generating Rollout Epochs:  50%|█████     | 2/4 [09:32<09:32, 286.05s/it]
[36m(RolloutGroup(rank=0) pid=1415051)[0m Generating Rollout Epochs:  75%|███████▌  | 3/4 [14:16<04:45, 285.50s/it]
[36m(RolloutGroup(rank=0) pid=1415051)[0m Generating Rollout Epochs: 100%|██████████| 4/4 [18:53<00:00, 282.01s/it]Generating Rollout Epochs: 100%|██████████| 4/4 [18:53<00:00, 283.41s/it]

╭──────────────────────────────────────────────────────────────────────────────────────────────────────────────────────╮
├──────────────────────────────────────────────────── Metric Table ────────────────────────────────────────────────────┤
│ Global Step:   12/100 │ Progress: ████░░░░░░░░░░░░░░░░░░░░░░░░░░░░░░░░░░░░ │  12.0%                                  │
│ Elapsed: 04:51:49 │ ETA: 35:40:05 │ Step Time: 1459.155s                                                             │
├──────────────────────────────────────────────────────── Time ────────────────────────────────────────────────────────┤
│                                                                                                                      │
│actor/actor/compute_adv=0.0070         │actor/actor/recv_traj=1142.4           │actor/actor/sync_model_to_rollout=1.5…│
│actor/run_training=19.371              │actor_training=19.375                  │cal_adv_and_returns=0.0099            │
│env/compute_bootstrap_rewards=0.0013   │env/env/bootstrap_step=802.8           │env/env/send_rollout_trajectories=0.8…│
│env/env_interact_step=305.2            │env/interact=1141.7                    │env/run_interact_once=1141.7          │
│generate_rollouts=1142.4               │rollout/generate_one_epoch=1133.6      │rollout/predict=9.586                 │
│rollout/rollout/generate=1137.5        │rollout/sync_model_from_actor=1.884    │step=1163.7                           │
│sync_weights=1.887                     │                                       │                                      │
│                                                                                                                      │
├──────────────────────────────────────────────────── Environment ─────────────────────────────────────────────────────┤
│                                                                                                                      │
│episode_len=200.0                      │num_trajectories=256                   │return=0.84375                        │
│reward=0.0042187497                    │success_once=0.84375                   │                                      │
│                                                                                                                      │
├────────────────────────────────────────────────────── Rollout ───────────────────────────────────────────────────────┤
│                                                                                                                      │
│advantages_max=1.620                   │advantages_mean=-0.112                 │advantages_min=-2.475                 │
│rewards=0.0046                         │                                       │                                      │
│                                                                                                                      │
├─────────────────────────────────────────────────── Training/Actor ───────────────────────────────────────────────────┤
│                                                                                                                      │
│actor/approx_kl=0.021                  │actor/clip_fraction=1.00e-03           │actor/clipped_ratio=1.000             │
│actor/dual_cliped_ratio=0.0000         │actor/dvac_current_mean=-4.318         │actor/dvac_current_std=0.670          │
│actor/dvac_history_mean=-4.359         │actor/dvac_history_std=0.656           │actor/dvac_warmup=0.0000              │
│actor/dvac_weight_ess_fraction=0.948   │actor/dvac_weight_mean=1.009           │actor/dvac_weight_sq_mean=1.074       │
│actor/dvac_z_high_clip_fraction=0.043  │actor/dvac_z_low_clip_fraction=0.0060  │actor/entropy_loss=0.0000             │
│actor/grad_norm=31.649                 │actor/lr=5.60e-06                      │actor/policy_loss=0.589               │
│actor/policy_loss_abs=19.311           │actor/ratio=1.000                      │actor/ratio_abs=0.014                 │
│actor/total_loss=0.037                 │                                       │                                      │
│                                                                                                                      │
╰──────────────────────────────────────────────────────────────────────────────────────────────────────────────────────╯

[36m(RolloutGroup(rank=0) pid=1415051)[0m Generating Rollout Epochs:   0%|          | 0/4 [00:00<?, ?it/s]
[36m(RolloutGroup(rank=0) pid=1415051)[0m Generating Rollout Epochs:  25%|██▌       | 1/4 [04:46<14:20, 286.87s/it]
[36m(RolloutGroup(rank=0) pid=1415051)[0m Generating Rollout Epochs:  50%|█████     | 2/4 [09:41<09:43, 291.65s/it]
[36m(RolloutGroup(rank=0) pid=1415051)[0m Generating Rollout Epochs:  75%|███████▌  | 3/4 [14:28<04:49, 289.24s/it]
[36m(RolloutGroup(rank=0) pid=1415051)[0m Generating Rollout Epochs: 100%|██████████| 4/4 [19:04<00:00, 283.94s/it]Generating Rollout Epochs: 100%|██████████| 4/4 [19:04<00:00, 286.02s/it]

╭──────────────────────────────────────────────────────────────────────────────────────────────────────────────────────╮
├──────────────────────────────────────────────────── Metric Table ────────────────────────────────────────────────────┤
│ Global Step:   13/100 │ Progress: █████░░░░░░░░░░░░░░░░░░░░░░░░░░░░░░░░░░░ │  13.0%                                  │
│ Elapsed: 05:11:28 │ ETA: 34:44:26 │ Step Time: 1437.544s                                                             │
├──────────────────────────────────────────────────────── Time ────────────────────────────────────────────────────────┤
│                                                                                                                      │
│actor/actor/compute_adv=0.0061         │actor/actor/recv_traj=1157.0           │actor/actor/sync_model_to_rollout=1.5…│
│actor/run_training=19.262              │actor_training=19.265                  │cal_adv_and_returns=0.010             │
│env/compute_bootstrap_rewards=0.0014   │env/env/bootstrap_step=814.6           │env/env/send_rollout_trajectories=0.8…│
│env/env_interact_step=305.8            │env/interact=1156.3                    │env/run_interact_once=1156.3          │
│generate_rollouts=1157.0               │rollout/generate_one_epoch=1148.4      │rollout/predict=9.548                 │
│rollout/rollout/generate=1152.1        │rollout/sync_model_from_actor=1.909    │step=1178.2                           │
│sync_weights=1.911                     │                                       │                                      │
│                                                                                                                      │
├──────────────────────────────────────────────────── Environment ─────────────────────────────────────────────────────┤
│                                                                                                                      │
│episode_len=200.0                      │num_trajectories=256                   │return=0.82421875                     │
│reward=0.0041210935                    │success_once=0.82421875                │                                      │
│                                                                                                                      │
├────────────────────────────────────────────────────── Rollout ───────────────────────────────────────────────────────┤
│                                                                                                                      │
│advantages_max=2.475                   │advantages_mean=-0.105                 │advantages_min=-2.475                 │
│rewards=0.0040                         │                                       │                                      │
│                                                                                                                      │
├─────────────────────────────────────────────────── Training/Actor ───────────────────────────────────────────────────┤
│                                                                                                                      │
│actor/approx_kl=0.025                  │actor/clip_fraction=0.0012             │actor/clipped_ratio=1.000             │
│actor/dual_cliped_ratio=0.0000         │actor/dvac_current_mean=-4.302         │actor/dvac_current_std=0.687          │
│actor/dvac_history_mean=-4.346         │actor/dvac_history_std=0.656           │actor/dvac_warmup=0.0000              │
│actor/dvac_weight_ess_fraction=0.946   │actor/dvac_weight_mean=1.009           │actor/dvac_weight_sq_mean=1.077       │
│actor/dvac_z_high_clip_fraction=0.046  │actor/dvac_z_low_clip_fraction=0.0092  │actor/entropy_loss=0.0000             │
│actor/grad_norm=33.470                 │actor/lr=5.60e-06                      │actor/policy_loss=0.467               │
│actor/policy_loss_abs=16.271           │actor/ratio=1.000                      │actor/ratio_abs=0.014                 │
│actor/total_loss=0.029                 │                                       │                                      │
│                                                                                                                      │
╰──────────────────────────────────────────────────────────────────────────────────────────────────────────────────────╯

[36m(RolloutGroup(rank=0) pid=1415051)[0m Generating Rollout Epochs:   0%|          | 0/4 [00:00<?, ?it/s]
[36m(RolloutGroup(rank=0) pid=1415051)[0m Generating Rollout Epochs:  25%|██▌       | 1/4 [04:39<13:58, 279.34s/it]
[36m(RolloutGroup(rank=0) pid=1415051)[0m Generating Rollout Epochs:  50%|█████     | 2/4 [09:18<09:19, 279.52s/it]
