/data/chenyiteng/projects/rlinf-shenzhen/worktrees/pi0-online-bc/examples/embodiment/train_embodied_agent.py:35: Hydra14MigrationWarning: 
version_base="1.1" selects Hydra 1.1 compatibility behavior.
Hydra 1.4 will remove this compatibility behavior.
Before upgrading to Hydra 1.4, set version_base="1.3" and test your application.
See https://hydra.cc/docs/upgrades/1.3_to_1.4/prepare_for_1_4/ for preparation instructions.
  @hydra.main(
/home/chenyiteng/venvs/rlinf-7d07-openpi-robotwin/lib/python3.11/site-packages/hydra/_internal/hydra.py:119: UserWarning: Future Hydra versions will no longer change working directory at job runtime by default.
See https://hydra.cc/docs/1.2/upgrades/1.1_to_1.2/changes_to_job_working_dir/ for more information.
  ret = run_job(
[INFO 03:39:00 RLinf] RLinf Ray code sync is enabled (py_modules=('/data/chenyiteng/projects/rlinf-shenzhen/worktrees/pi0-online-bc/rlinf',)); workers receive only the rlinf package from the launch node. Disable with RLINF_CODE_WORKING_DIR=0.
2026-09-05 03:39:00,169	INFO worker.py:1683 -- Using address 172.17.0.1:6389 set in the environment variable RAY_ADDRESS
2026-09-05 03:39:00,176	INFO worker.py:1833 -- Connecting to existing Ray cluster at address: 172.17.0.1:6389...
2026-09-05 03:39:00,261	INFO worker.py:2015 -- Connected to Ray cluster. View the dashboard at [1m[32mhttp://127.0.0.1:8266 [39m[22m
[INFO 03:39:00 RLinf] Ray namespace conflict detected. Retrying to initialize Cluster with a new namespace (attempt 1).
[INFO 03:39:00 RLinf] RLinf Ray code sync is enabled (py_modules=('/data/chenyiteng/projects/rlinf-shenzhen/worktrees/pi0-online-bc/rlinf',)); workers receive only the rlinf package from the launch node. Disable with RLINF_CODE_WORKING_DIR=0.
2026-09-05 03:39:00,621	INFO worker.py:1683 -- Using address 172.17.0.1:6389 set in the environment variable RAY_ADDRESS
2026-09-05 03:39:00,623	INFO worker.py:1833 -- Connecting to existing Ray cluster at address: 172.17.0.1:6389...
2026-09-05 03:39:00,677	INFO worker.py:2015 -- Connected to Ray cluster. View the dashboard at [1m[32mhttp://127.0.0.1:8266 [39m[22m
[INFO 03:39:02 RLinf] RLinf is running on a cluster with 1 node and 8 accelerators. The nodes' details are: 
node_labels: []
node_rank: 0
ray_id: 2730f38e60da6b4c0f68d8779893624a0917240589c544541c894c54
node_ip: 172.17.0.1
num_cpus: 128
python_interpreter_path: /home/chenyiteng/venvs/rlinf-7d07-openpi-robotwin/bin/python
hardware_resources:
- type: Accelerator
  infos:
  - type: Accelerator
    model: NV_GPU:H100 80GB HBM3
  - type: Accelerator
    model: NV_GPU:H100 80GB HBM3
  - type: Accelerator
    model: NV_GPU:H100 80GB HBM3
  - type: Accelerator
    model: NV_GPU:H100 80GB HBM3
  - type: Accelerator
    model: NV_GPU:H100 80GB HBM3
  - type: Accelerator
    model: NV_GPU:H100 80GB HBM3
  - type: Accelerator
    model: NV_GPU:H100 80GB HBM3
  - type: Accelerator
    model: NV_GPU:H100 80GB HBM3
profiler_backends: []

Node groups' details are: 
label: cluster
nodes: '0'
hardware_type: Accelerator
ignore_hardware: false
env_configs: null

label: node
nodes: '0'
hardware_type: null
ignore_hardware: true
env_configs: null

[INFO 03:39:02 FlexiblePlacementStrategy] 
[36m(_RemoteNodeProbe pid=396051)[0m /data/chenyiteng/projects/rlinf-shenzhen/worktrees/pi0-online-bc/rlinf/scheduler/cluster/node.py:532: UserWarning: Python interpreter used to launch Ray on node with IP 172.17.0.1 is different from that on the head node /home/chenyiteng/venvs/rlinf-7d07-openpi-robotwin/bin/python. Keep using the current interpreter /home/chenyiteng/venvs/rlinf-7d07-openpi-robotwin/bin/python3 on this node.[INFO 03:39:02 FlexiblePlacementStrategy] Using flexible placement with hardware ranks: [[6]], node groups: ['cluster'].
[INFO 03:39:02 FlexiblePlacementStrategy] 
[INFO 03:39:02 FlexiblePlacementStrategy] Using flexible placement with hardware ranks: [[6]], node groups: ['cluster'].

[36m(_RemoteNodeProbe pid=396051)[0m   warnings.warn({
  "env": {
    "train": {
      "env_type": "robotwin",
      "total_num_envs": 32,
      "auto_reset": false,
      "ignore_terminations": false,
      "reward_coef": 1.0,
      "use_custom_reward": true,
      "use_rel_reward": true,
      "center_crop": false,
      "seed": 0,
      "group_size": 1,
      "use_fixed_reset_state_ids": false,
      "max_steps_per_rollout_epoch": 200,
      "max_episode_steps": 200,
      "is_eval": false,
      "assets_path": "/data/chenyiteng/projects/rlinf-shenzhen/RoboTwin-RLinf-support",
      "seeds_path": "/data/chenyiteng/projects/rlinf-shenzhen/worktrees/pi0-online-bc/rlinf/envs/robotwin/seeds/train_seeds.json",
      "video_cfg": {
        "save_video": false,
        "info_on_video": true,
        "video_base_dir": "/data/chenyiteng/results/rlinf-shenzhen/online-bc/pi0-adjust-bottle-smoke32x1-m4-gpu6-20260905-v4/video/train"
      },
      "enable_offload": false,
      "task_config": {
        "task_name": "adjust_bottle",
        "step_lim": 200,
        "planner_backend": "mplib",
        "render_freq": 0,
        "episode_num": 100,
        "use_seed": false,
        "save_freq": 15,
        "embodiment": [
          "aloha-agilex"
        ],
        "language_num": 100,
        "domain_randomization": {
          "random_background": false,
          "cluttered_table": false,
          "clean_background_rate": 1,
          "random_head_camera_dis": 0,
          "random_table_height": 0,
          "random_light": false,
          "crazy_random_light_rate": 0
        },
        "camera": {
          "head_camera_type": "D435",
          "wrist_camera_type": "D435",
          "collect_head_camera": true,
          "collect_wrist_camera": true
        },
        "data_type": {
          "rgb": true,
          "third_view": false,
          "depth": false,
          "pointcloud": false,
          "observer": false,
          "endpose": false,
          "qpos": true,
          "mesh_segmentation": false,
          "actor_segmentation": false
        },
        "pcd_down_sample_num": 1024,
        "pcd_crop": true,
        "save_path": "/data/chenyiteng/results/rlinf-shenzhen/online-bc/pi0-adjust-bottle-smoke32x1-m4-gpu6-20260905-v4/robotwin_data",
        "clear_cache_freq": 1,
        "collect_data": true,
        "eval_video_log": true
      },
      "rollout_epoch": 1
    },
    "eval": {
      "env_type": "robotwin",
      "total_num_envs": 32,
      "auto_reset": true,
      "ignore_terminations": true,
      "reward_coef": 1.0,
      "use_custom_reward": true,
      "use_rel_reward": true,
      "center_crop": false,
      "seed": 0,
      "group_size": 1,
      "use_fixed_reset_state_ids": true,
      "max_steps_per_rollout_epoch": 200,
      "max_episode_steps": 200,
      "is_eval": true,
      "assets_path": "/data/chenyiteng/projects/rlinf-shenzhen/RoboTwin-RLinf-support",
      "seeds_path": "/data/chenyiteng/projects/rlinf-shenzhen/worktrees/pi0-online-bc/rlinf/envs/robotwin/seeds/eval_seeds.json",
      "video_cfg": {
        "save_video": false,
        "info_on_video": true,
        "video_base_dir": "/data/chenyiteng/results/rlinf-shenzhen/online-bc/pi0-adjust-bottle-smoke32x1-m4-gpu6-20260905-v4/video/train"
      },
      "enable_offload": false,
      "task_config": {
        "task_name": "adjust_bottle",
        "step_lim": 200,
        "planner_backend": "mplib",
        "render_freq": 0,
        "episode_num": 100,
        "use_seed": false,
        "save_freq": 15,
        "embodiment": [
          "aloha-agilex"
        ],
        "language_num": 100,
        "domain_randomization": {
          "random_background": false,
          "cluttered_table": false,
          "clean_background_rate": 1,
          "random_head_camera_dis": 0,
          "random_table_height": 0,
          "random_light": false,
          "crazy_random_light_rate": 0
        },
        "camera": {
          "head_camera_type": "D435",
          "wrist_camera_type": "D435",
          "collect_head_camera": true,
          "collect_wrist_camera": true
        },
        "data_type": {
          "rgb": true,
          "third_view": false,
          "depth": false,
          "pointcloud": false,
          "observer": false,
          "endpose": false,
          "qpos": true,
          "mesh_segmentation": false,
          "actor_segmentation": false
        },
        "pcd_down_sample_num": 1024,
        "pcd_crop": true,
        "save_path": "/data/chenyiteng/results/rlinf-shenzhen/online-bc/pi0-adjust-bottle-smoke32x1-m4-gpu6-20260905-v4/robotwin_data",
        "clear_cache_freq": 1,
        "collect_data": true,
        "eval_video_log": true
      },
      "rollout_epoch": 1
    },
    "group_name": "EnvGroup"
  },
  "actor": {
    "model": {
      "model_type": "openpi",
      "model_path": "/data/chenyiteng/models/rlinf/RLinf-Pi0-RoboTwin-SFT-adjust_bottle@92684e50",
      "precision": null,
      "num_action_chunks": 50,
      "action_dim": 14,
      "is_lora": false,
      "lora_rank": 32,
      "use_proprio": true,
      "num_steps": 4,
      "add_value_head": false,
      "openpi": {
        "config_name": "pi0_aloha_robotwin",
        "num_images_in_input": 3,
        "noise_level": 0.5,
        "action_chunk": 50,
        "num_steps": 4,
        "train_expert_only": true,
        "action_env_dim": 14,
        "noise_method": "flow_sde",
        "add_value_head": false,
        "detach_critic_input": false,
        "use_dsrl": false,
        "dsrl_state_dim": 8,
        "dsrl_action_noise_dim": 32,
        "dsrl_num_q_heads": 10,
        "dsrl_agg_q": "mean",
        "dsrl_image_latent_dim": 64,
        "dsrl_state_latent_dim": 64,
        "dsrl_hidden_dims": [
          128,
          128,
          128
        ],
        "image_augmentation": false
      }
    },
    "fsdp_config": {
      "strategy": "fsdp",
      "sharding_strategy": "no_shard",
      "gradient_checkpointing": false,
      "cpu_offload": false,
      "offload_pin_memory": false,
      "reshard_after_forward": true,
      "enable_gradient_accumulation": true,
      "forward_prefetch": false,
      "limit_all_gathers": false,
      "backward_prefetch": null,
      "use_orig_params": true,
      "use_liger_kernel": false,
      "mixed_precision": {
        "param_dtype": null,
        "reduce_dtype": null,
        "buffer_dtype": null
      },
      "amp_autocast": {
        "enabled": false,
        "precision": "bf16"
      },
      "grad_scaler": {
        "enabled": false,
        "init_scale": null,
        "growth_interval": null
      }
    },
    "group_name": "ActorGroup",
    "training_backend": "fsdp",
    "micro_batch_size": 32,
    "global_batch_size": 1024,
    "seed": 1234,
    "enable_offload": true,
    "enable_drq": false,
    "optim": {
      "lr": 2.5e-05,
      "value_lr": 2.5e-05,
      "adam_beta1": 0.9,
      "adam_beta2": 0.95,
      "adam_eps": 1e-08,
      "weight_decay": 1e-10,
      "clip_grad": 1.0,
      "total_training_steps": 4,
      "lr_warmup_steps": 0,
      "lr_scheduler": "constant",
      "min_lr": 2.5e-05
    }
  },
  "weight_syncer": {
    "type": "patch",
    "patch": {
      "snapshot_device": "cpu",
      "delta_encoding": true,
      "compression": "none",
      "init_sync": {
        "enabled": true,
        "prefixes": null,
        "bucket_size": 134217728
      }
    }
  },
  "cluster": {
    "num_nodes": 1,
    "component_placement": {
      "actor,env,rollout": "6"
    },
    "tracer": {
      "enable": false
    }
  },
  "runner": {
    "task_type": "embodied",
    "logger": {
      "log_path": "/data/chenyiteng/results/rlinf-shenzhen/online-bc/pi0-adjust-bottle-smoke32x1-m4-gpu6-20260905-v4",
      "project_name": "rlinf-online-bc",
      "experiment_name": "pi0-adjust-bottle-online-bc-smoke32-m4-gpu6",
      "logger_backends": [
        "tensorboard"
      ]
    },
    "max_epochs": 2,
    "max_steps": -1,
    "only_eval": false,
    "val_check_interval": 1,
    "save_interval": 1,
    "resume_dir": null,
    "ckpt_path": null,
    "overlap_env_bootstrap": false,
    "per_worker_log": false,
    "per_worker_log_path": null,
    "weight_sync_interval": 1
  },
  "algorithm": {
    "loss_type": "online_bc",
    "adv_type": "gae",
    "gamma": 0.99,
    "reward_coef": 1.0,
    "update_epoch": 2,
    "online_bc": {
      "data_path": "/data/chenyiteng/results/rlinf-shenzhen/online-bc/pi0-adjust-bottle-smoke32x1-m4-gpu6-20260905-v4/success_data",
      "demo_weight": 0.0,
      "demo_data_path": null
    },
    "replay_buffer": {
      "min_buffer_size": 1
    }
  },
  "rollout": {
    "group_name": "RolloutGroup",
    "backend": "huggingface",
    "recompute_logprobs": false,
    "enable_offload": true,
    "pipeline_stage_num": 1,
    "collect_prev_infos": false,
    "collect_final_values": false,
    "expert_model": null,
    "model": {
      "model_path": "/data/chenyiteng/models/rlinf/RLinf-Pi0-RoboTwin-SFT-adjust_bottle@92684e50",
      "precision": null
    }
  },
  "reward": {
    "use_reward_model": false
  },
  "critic": {
    "use_critic_model": false
  }
}

[INFO 03:39:02 FlexiblePlacementStrategy] 
[INFO 03:39:02 FlexiblePlacementStrategy] Using flexible placement with hardware ranks: [[6]], node groups: ['cluster'].
[INFO 03:39:02 FlexiblePlacementStrategy] Generated 1 placements: [Placement(rank=0, cluster_node_rank=0, placement_node_rank=0, local_accelerator_rank=6, accelerator_type='NV_GPU', local_rank=0, local_world_size=1, visible_accelerators=['6'], isolate_accelerator=True, local_hardware_ranks=[6], node_group_label='cluster')].
[INFO 03:39:02 FlexiblePlacementStrategy] Generated 1 placements: [Placement(rank=0, cluster_node_rank=0, placement_node_rank=0, local_accelerator_rank=6, accelerator_type='NV_GPU', local_rank=0, local_world_size=1, visible_accelerators=['6'], isolate_accelerator=True, local_hardware_ranks=[6], node_group_label='cluster')].
[INFO 03:39:02 FlexiblePlacementStrategy] Generated 1 placements: [Placement(rank=0, cluster_node_rank=0, placement_node_rank=0, local_accelerator_rank=6, accelerator_type='NV_GPU', local_rank=0, local_world_size=1, visible_accelerators=['6'], isolate_accelerator=True, local_hardware_ranks=[6], node_group_label='cluster')].
[INFO 03:39:03 NodePlacementStrategy] 
[INFO 03:39:03 NodePlacementStrategy] Using node placement with node ranks: [0], node groups: ['node'].
[INFO 03:39:03 NodePlacementStrategy] Generated 1 placements: [Placement(rank=0, cluster_node_rank=0, placement_node_rank=0, local_accelerator_rank='0', accelerator_type='NV_GPU', local_rank=0, local_world_size=1, visible_accelerators=['0', '1', '2', '3', '4', '5', '6', '7'], isolate_accelerator=True, local_hardware_ranks=[], node_group_label='cluster')].
[INFO 03:39:03 NodePlacementStrategy] 
[INFO 03:39:03 NodePlacementStrategy] Using node placement with node ranks: [0], node groups: ['node'].
[INFO 03:39:03 NodePlacementStrategy] Generated 1 placements: [Placement(rank=0, cluster_node_rank=0, placement_node_rank=0, local_accelerator_rank='0', accelerator_type='NV_GPU', local_rank=0, local_world_size=1, visible_accelerators=['0', '1', '2', '3', '4', '5', '6', '7'], isolate_accelerator=True, local_hardware_ranks=[], node_group_label='cluster')].
[INFO 03:39:03 NodePlacementStrategy] 
[INFO 03:39:03 NodePlacementStrategy] Using node placement with node ranks: [0], node groups: ['node'].
[INFO 03:39:03 NodePlacementStrategy] Generated 1 placements: [Placement(rank=0, cluster_node_rank=0, placement_node_rank=0, local_accelerator_rank='0', accelerator_type='NV_GPU', local_rank=0, local_world_size=1, visible_accelerators=['0', '1', '2', '3', '4', '5', '6', '7'], isolate_accelerator=True, local_hardware_ranks=[], node_group_label='cluster')].
WARNING: All log messages before absl::InitializeLog() is called are written to STDERR
I0000 00:00:1788579543.545751  395488 port.cc:153] oneDNN custom operations are on. You may see slightly different numerical results due to floating-point round-off errors from different computation orders. To turn them off, set the environment variable `TF_ENABLE_ONEDNN_OPTS=0`.
I0000 00:00:1788579543.606299  395488 cpu_feature_guard.cc:227] This TensorFlow binary is optimized to use available CPU instructions in performance-critical operations.
To enable the following instructions: AVX2 AVX512F AVX512_VNNI AVX512_BF16 AVX512_FP16 AVX_VNNI AMX_TILE AMX_INT8 AMX_BF16 FMA, in other operations, rebuild TensorFlow with the appropriate compiler flags.
WARNING: All log messages before absl::InitializeLog() is called are written to STDERR
I0000 00:00:1788579545.299585  395488 port.cc:153] oneDNN custom operations are on. You may see slightly different numerical results due to floating-point round-off errors from different computation orders. To turn them off, set the environment variable `TF_ENABLE_ONEDNN_OPTS=0`.
[36m(MultiStepRolloutWorker pid=396214)[0m [INFO 03:39:07 FlexiblePlacementStrategy] 
[36m(MultiStepRolloutWorker pid=396214)[0m [INFO 03:39:07 FlexiblePlacementStrategy] Using flexible placement with hardware ranks: [[6]], node groups: ['cluster'].
[36m(EnvWorker pid=396216)[0m [INFO 03:39:08 FlexiblePlacementStrategy] 
[36m(EnvWorker pid=396216)[0m [INFO 03:39:08 FlexiblePlacementStrategy] Using flexible placement with hardware ranks: [[6]], node groups: ['cluster'].
[36m(RolloutGroup(rank=0) pid=396214)[0m WARNING: All log messages before absl::InitializeLog() is called are written to STDERR
[36m(RolloutGroup(rank=0) pid=396214)[0m I0000 00:00:1788579549.319659  396950 port.cc:153] oneDNN custom operations are on. You may see slightly different numerical results due to floating-point round-off errors from different computation orders. To turn them off, set the environment variable `TF_ENABLE_ONEDNN_OPTS=0`.
[36m(EmbodiedOnlineBCFSDPPolicy pid=396212)[0m [WARNING 03:39:09 ActorGroup-Rank-0][fsdp_model_manager.py:79] Provided there is sufficient GPU memory, set the actor.model.precision parameter to fp32 to allow the optimizer to run in fp32 for better convergence. Meanwhile, setting mixed_precision.param_dtype to 16-bit dtype can help maximize speed, as it will automatically convert fp32 to fp16 during operator execution.
[36m(EnvGroup(rank=0) pid=396216)[0m /home/chenyiteng/venvs/rlinf-7d07-openpi-robotwin/lib/python3.11/site-packages/sapien/_vulkan_tricks.py:73: UserWarning: Failed to find Vulkan ICD file. This is probably due to an incorrect or partial installation of the NVIDIA driver. SAPIEN will attempt to provide an ICD file anyway but it may not work.
[36m(EnvGroup(rank=0) pid=396216)[0m   warn(
[36m(RolloutGroup(rank=0) pid=396214)[0m WARNING: All log messages before absl::InitializeLog() is called are written to STDERR
[36m(RolloutGroup(rank=0) pid=396214)[0m I0000 00:00:1788579550.417409  396950 port.cc:153] oneDNN custom operations are on. You may see slightly different numerical results due to floating-point round-off errors from different computation orders. To turn them off, set the environment variable `TF_ENABLE_ONEDNN_OPTS=0`.
[36m(EmbodiedOnlineBCFSDPPolicy pid=396212)[0m [INFO 03:39:10 ActorGroup-Rank-0][fsdp_model_manager.py:133] [FSDP] AMP is disabled.
[36m(EmbodiedOnlineBCFSDPPolicy pid=396212)[0m [INFO 03:39:10 FlexiblePlacementStrategy] 
[36m(EmbodiedOnlineBCFSDPPolicy pid=396212)[0m [INFO 03:39:10 FlexiblePlacementStrategy] Using flexible placement with hardware ranks: [[6]], node groups: ['cluster'].
[36m(RolloutGroup(rank=0) pid=396214)[0m INFO:root:Loaded norm stats from /data/chenyiteng/models/rlinf/RLinf-Pi0-RoboTwin-SFT-adjust_bottle@92684e50/physical-intelligence/robotwin
[36m(RolloutGroup(rank=0) pid=396214)[0m INFO:root:Loaded norm stats from /data/chenyiteng/models/rlinf/RLinf-Pi0-RoboTwin-SFT-adjust_bottle@92684e50/physical-intelligence/robotwin
[36m(ActorGroup(rank=0) pid=396212)[0m WARNING: All log messages before absl::InitializeLog() is called are written to STDERR
[36m(ActorGroup(rank=0) pid=396212)[0m I0000 00:00:1788579599.146742  397067 port.cc:153] oneDNN custom operations are on. You may see slightly different numerical results due to floating-point round-off errors from different computation orders. To turn them off, set the environment variable `TF_ENABLE_ONEDNN_OPTS=0`.
[36m(ActorGroup(rank=0) pid=396212)[0m WARNING: All log messages before absl::InitializeLog() is called are written to STDERR
[36m(ActorGroup(rank=0) pid=396212)[0m I0000 00:00:1788579600.453777  397067 port.cc:153] oneDNN custom operations are on. You may see slightly different numerical results due to floating-point round-off errors from different computation orders. To turn them off, set the environment variable `TF_ENABLE_ONEDNN_OPTS=0`.
[36m(ActorGroup(rank=0) pid=396212)[0m INFO:root:Loaded norm stats from /data/chenyiteng/models/rlinf/RLinf-Pi0-RoboTwin-SFT-adjust_bottle@92684e50/physical-intelligence/robotwin
[36m(ActorGroup(rank=0) pid=396212)[0m INFO:root:Loaded norm stats from /data/chenyiteng/models/rlinf/RLinf-Pi0-RoboTwin-SFT-adjust_bottle@92684e50/physical-intelligence/robotwin
[36m(ActorGroup(rank=0) pid=396212)[0m [INFO 03:40:42 ActorGroup-Rank-0][fsdp_model_manager.py:294] [FSDP] Gradient checkpointing is disabled
[36m(ActorGroup(rank=0) pid=396212)[0m [INFO 03:40:46 ActorGroup-Rank-0][fsdp_online_bc_policy_worker.py:31] Online BC trainable parameters: 578,036,768; expert_only=True
[36m(RolloutGroup(rank=0) pid=396214)[0m Generating Rollout Epochs:   0%|          | 0/1 [00:00<?, ?it/s]
[36m(RolloutGroup(rank=0) pid=396214)[0m Generating Rollout Epochs: 100%|██████████| 1/1 [05:42<00:00, 342.26s/it]Generating Rollout Epochs: 100%|██████████| 1/1 [05:42<00:00, 342.26s/it]
[36m(ActorGroup(rank=0) pid=396212)[0m INFO:root:Disabled gradient checkpointing for PI0Pytorch model
[36m(ActorGroup(rank=0) pid=396212)[0m Forcing gradient checkpointing to be enabled for Gemma expert model
[36m(ActorGroup(rank=0) pid=396212)[0m INFO:root:Disabled gradient checkpointing for PI0Pytorch model
[36m(ActorGroup(rank=0) pid=396212)[0m Forcing gradient checkpointing to be enabled for Gemma expert model
[36m(ActorGroup(rank=0) pid=396212)[0m INFO:root:Disabled gradient checkpointing for PI0Pytorch model
[36m(ActorGroup(rank=0) pid=396212)[0m Forcing gradient checkpointing to be enabled for Gemma expert model
[36m(ActorGroup(rank=0) pid=396212)[0m INFO:root:Disabled gradient checkpointing for PI0Pytorch model
[36m(ActorGroup(rank=0) pid=396212)[0m Forcing gradient checkpointing to be enabled for Gemma expert model
[36m(ActorGroup(rank=0) pid=396212)[0m INFO:root:Disabled gradient checkpointing for PI0Pytorch model
[36m(ActorGroup(rank=0) pid=396212)[0m Forcing gradient checkpointing to be enabled for Gemma expert model
[36m(ActorGroup(rank=0) pid=396212)[0m INFO:root:Disabled gradient checkpointing for PI0Pytorch model
[36m(ActorGroup(rank=0) pid=396212)[0m Forcing gradient checkpointing to be enabled for Gemma expert model
[36m(ActorGroup(rank=0) pid=396212)[0m INFO:root:Disabled gradient checkpointing for PI0Pytorch model
[36m(ActorGroup(rank=0) pid=396212)[0m Forcing gradient checkpointing to be enabled for Gemma expert model
[36m(ActorGroup(rank=0) pid=396212)[0m Forcing gradient checkpointing to be enabled for Gemma expert model
[36m(ActorGroup(rank=0) pid=396212)[0m INFO:root:Disabled gradient checkpointing for PI0Pytorch model
[36m(ActorGroup(rank=0) pid=396212)[0m INFO:root:Disabled gradient checkpointing for PI0Pytorch model
[36m(ActorGroup(rank=0) pid=396212)[0m Forcing gradient checkpointing to be enabled for Gemma expert model
[36m(ActorGroup(rank=0) pid=396212)[0m INFO:root:Disabled gradient checkpointing for PI0Pytorch model
[36m(ActorGroup(rank=0) pid=396212)[0m Forcing gradient checkpointing to be enabled for Gemma expert model
[36m(ActorGroup(rank=0) pid=396212)[0m INFO:root:Disabled gradient checkpointing for PI0Pytorch model
[36m(ActorGroup(rank=0) pid=396212)[0m Forcing gradient checkpointing to be enabled for Gemma expert model
[36m(ActorGroup(rank=0) pid=396212)[0m INFO:root:Disabled gradient checkpointing for PI0Pytorch model
[36m(ActorGroup(rank=0) pid=396212)[0m Forcing gradient checkpointing to be enabled for Gemma expert model
[36m(ActorGroup(rank=0) pid=396212)[0m INFO:root:Disabled gradient checkpointing for PI0Pytorch model
[36m(ActorGroup(rank=0) pid=396212)[0m Forcing gradient checkpointing to be enabled for Gemma expert model
[36m(ActorGroup(rank=0) pid=396212)[0m INFO:root:Disabled gradient checkpointing for PI0Pytorch model
[36m(ActorGroup(rank=0) pid=396212)[0m Forcing gradient checkpointing to be enabled for Gemma expert model
[36m(ActorGroup(rank=0) pid=396212)[0m INFO:root:Disabled gradient checkpointing for PI0Pytorch model
[36m(ActorGroup(rank=0) pid=396212)[0m Forcing gradient checkpointing to be enabled for Gemma expert model
[36m(ActorGroup(rank=0) pid=396212)[0m INFO:root:Disabled gradient checkpointing for PI0Pytorch model
[36m(ActorGroup(rank=0) pid=396212)[0m Forcing gradient checkpointing to be enabled for Gemma expert model
[36m(ActorGroup(rank=0) pid=396212)[0m Forcing gradient checkpointing to be enabled for Gemma expert model
[36m(ActorGroup(rank=0) pid=396212)[0m INFO:root:Disabled gradient checkpointing for PI0Pytorch model
[36m(ActorGroup(rank=0) pid=396212)[0m INFO:root:Disabled gradient checkpointing for PI0Pytorch model
[36m(ActorGroup(rank=0) pid=396212)[0m Forcing gradient checkpointing to be enabled for Gemma expert model
[36m(ActorGroup(rank=0) pid=396212)[0m Forcing gradient checkpointing to be enabled for Gemma expert model
[36m(ActorGroup(rank=0) pid=396212)[0m INFO:root:Disabled gradient checkpointing for PI0Pytorch model
[36m(ActorGroup(rank=0) pid=396212)[0m INFO:root:Disabled gradient checkpointing for PI0Pytorch model
[36m(ActorGroup(rank=0) pid=396212)[0m Forcing gradient checkpointing to be enabled for Gemma expert model
[36m(ActorGroup(rank=0) pid=396212)[0m Forcing gradient checkpointing to be enabled for Gemma expert model
[36m(ActorGroup(rank=0) pid=396212)[0m INFO:root:Disabled gradient checkpointing for PI0Pytorch model
[36m(ActorGroup(rank=0) pid=396212)[0m INFO:root:Disabled gradient checkpointing for PI0Pytorch model
[36m(ActorGroup(rank=0) pid=396212)[0m Forcing gradient checkpointing to be enabled for Gemma expert model
[36m(ActorGroup(rank=0) pid=396212)[0m INFO:root:Disabled gradient checkpointing for PI0Pytorch model
[36m(ActorGroup(rank=0) pid=396212)[0m Forcing gradient checkpointing to be enabled for Gemma expert model
[36m(ActorGroup(rank=0) pid=396212)[0m INFO:root:Disabled gradient checkpointing for PI0Pytorch model
[36m(ActorGroup(rank=0) pid=396212)[0m Forcing gradient checkpointing to be enabled for Gemma expert model
[36m(ActorGroup(rank=0) pid=396212)[0m INFO:root:Disabled gradient checkpointing for PI0Pytorch model
[36m(ActorGroup(rank=0) pid=396212)[0m Forcing gradient checkpointing to be enabled for Gemma expert model
[36m(ActorGroup(rank=0) pid=396212)[0m INFO:root:Disabled gradient checkpointing for PI0Pytorch model
[36m(ActorGroup(rank=0) pid=396212)[0m Forcing gradient checkpointing to be enabled for Gemma expert model
[36m(ActorGroup(rank=0) pid=396212)[0m INFO:root:Disabled gradient checkpointing for PI0Pytorch model
[36m(ActorGroup(rank=0) pid=396212)[0m Forcing gradient checkpointing to be enabled for Gemma expert model
[36m(ActorGroup(rank=0) pid=396212)[0m INFO:root:Disabled gradient checkpointing for PI0Pytorch model
[36m(ActorGroup(rank=0) pid=396212)[0m Forcing gradient checkpointing to be enabled for Gemma expert model
[36m(ActorGroup(rank=0) pid=396212)[0m Forcing gradient checkpointing to be enabled for Gemma expert model
[36m(ActorGroup(rank=0) pid=396212)[0m INFO:root:Disabled gradient checkpointing for PI0Pytorch model
[36m(ActorGroup(rank=0) pid=396212)[0m INFO:root:Disabled gradient checkpointing for PI0Pytorch model
[36m(ActorGroup(rank=0) pid=396212)[0m Forcing gradient checkpointing to be enabled for Gemma expert model
[36m(ActorGroup(rank=0) pid=396212)[0m INFO:root:Disabled gradient checkpointing for PI0Pytorch model
[36m(ActorGroup(rank=0) pid=396212)[0m Forcing gradient checkpointing to be enabled for Gemma expert model
[36m(ActorGroup(rank=0) pid=396212)[0m INFO:root:Disabled gradient checkpointing for PI0Pytorch model
[36m(ActorGroup(rank=0) pid=396212)[0m Forcing gradient checkpointing to be enabled for Gemma expert model
[36m(ActorGroup(rank=0) pid=396212)[0m INFO:root:Disabled gradient checkpointing for PI0Pytorch model
[36m(ActorGroup(rank=0) pid=396212)[0m Forcing gradient checkpointing to be enabled for Gemma expert model
[36m(ActorGroup(rank=0) pid=396212)[0m INFO:root:Disabled gradient checkpointing for PI0Pytorch model
[36m(ActorGroup(rank=0) pid=396212)[0m Forcing gradient checkpointing to be enabled for Gemma expert model
[36m(ActorGroup(rank=0) pid=396212)[0m Forcing gradient checkpointing to be enabled for Gemma expert model
[36m(ActorGroup(rank=0) pid=396212)[0m INFO:root:Disabled gradient checkpointing for PI0Pytorch model
[36m(ActorGroup(rank=0) pid=396212)[0m INFO:root:Disabled gradient checkpointing for PI0Pytorch model
[36m(ActorGroup(rank=0) pid=396212)[0m Forcing gradient checkpointing to be enabled for Gemma expert model
[36m(ActorGroup(rank=0) pid=396212)[0m INFO:root:Disabled gradient checkpointing for PI0Pytorch model
[36m(ActorGroup(rank=0) pid=396212)[0m Forcing gradient checkpointing to be enabled for Gemma expert model
[36m(ActorGroup(rank=0) pid=396212)[0m Forcing gradient checkpointing to be enabled for Gemma expert model
[36m(ActorGroup(rank=0) pid=396212)[0m INFO:root:Disabled gradient checkpointing for PI0Pytorch model
[36m(ActorGroup(rank=0) pid=396212)[0m INFO:root:Disabled gradient checkpointing for PI0Pytorch model
[36m(ActorGroup(rank=0) pid=396212)[0m Forcing gradient checkpointing to be enabled for Gemma expert model
[36m(ActorGroup(rank=0) pid=396212)[0m INFO:root:Disabled gradient checkpointing for PI0Pytorch model
[36m(ActorGroup(rank=0) pid=396212)[0m Forcing gradient checkpointing to be enabled for Gemma expert model
[36m(ActorGroup(rank=0) pid=396212)[0m Forcing gradient checkpointing to be enabled for Gemma expert model
[36m(ActorGroup(rank=0) pid=396212)[0m INFO:root:Disabled gradient checkpointing for PI0Pytorch model
[36m(ActorGroup(rank=0) pid=396212)[0m INFO:root:Disabled gradient checkpointing for PI0Pytorch model
[36m(ActorGroup(rank=0) pid=396212)[0m Forcing gradient checkpointing to be enabled for Gemma expert model
[36m(ActorGroup(rank=0) pid=396212)[0m INFO:root:Disabled gradient checkpointing for PI0Pytorch model
[36m(ActorGroup(rank=0) pid=396212)[0m Forcing gradient checkpointing to be enabled for Gemma expert model
[36m(ActorGroup(rank=0) pid=396212)[0m Forcing gradient checkpointing to be enabled for Gemma expert model
[36m(ActorGroup(rank=0) pid=396212)[0m INFO:root:Disabled gradient checkpointing for PI0Pytorch model
[36m(ActorGroup(rank=0) pid=396212)[0m INFO:root:Disabled gradient checkpointing for PI0Pytorch model
[36m(ActorGroup(rank=0) pid=396212)[0m Forcing gradient checkpointing to be enabled for Gemma expert model
[36m(ActorGroup(rank=0) pid=396212)[0m Forcing gradient checkpointing to be enabled for Gemma expert model
[36m(ActorGroup(rank=0) pid=396212)[0m INFO:root:Disabled gradient checkpointing for PI0Pytorch model
[36m(ActorGroup(rank=0) pid=396212)[0m INFO:root:Disabled gradient checkpointing for PI0Pytorch model
[36m(ActorGroup(rank=0) pid=396212)[0m Forcing gradient checkpointing to be enabled for Gemma expert model
[36m(ActorGroup(rank=0) pid=396212)[0m INFO:root:Disabled gradient checkpointing for PI0Pytorch model
[36m(ActorGroup(rank=0) pid=396212)[0m Forcing gradient checkpointing to be enabled for Gemma expert model
[36m(ActorGroup(rank=0) pid=396212)[0m Forcing gradient checkpointing to be enabled for Gemma expert model
[36m(ActorGroup(rank=0) pid=396212)[0m INFO:root:Disabled gradient checkpointing for PI0Pytorch model
[36m(ActorGroup(rank=0) pid=396212)[0m INFO:root:Disabled gradient checkpointing for PI0Pytorch model
[36m(ActorGroup(rank=0) pid=396212)[0m Forcing gradient checkpointing to be enabled for Gemma expert model
[36m(ActorGroup(rank=0) pid=396212)[0m INFO:root:Disabled gradient checkpointing for PI0Pytorch model
[36m(ActorGroup(rank=0) pid=396212)[0m Forcing gradient checkpointing to be enabled for Gemma expert model
[36m(ActorGroup(rank=0) pid=396212)[0m Forcing gradient checkpointing to be enabled for Gemma expert model
[36m(ActorGroup(rank=0) pid=396212)[0m INFO:root:Disabled gradient checkpointing for PI0Pytorch model
[36m(ActorGroup(rank=0) pid=396212)[0m INFO:root:Disabled gradient checkpointing for PI0Pytorch model
[36m(ActorGroup(rank=0) pid=396212)[0m Forcing gradient checkpointing to be enabled for Gemma expert model
[36m(ActorGroup(rank=0) pid=396212)[0m INFO:root:Disabled gradient checkpointing for PI0Pytorch model
[36m(ActorGroup(rank=0) pid=396212)[0m Forcing gradient checkpointing to be enabled for Gemma expert model
[36m(ActorGroup(rank=0) pid=396212)[0m INFO:root:Disabled gradient checkpointing for PI0Pytorch model
[36m(ActorGroup(rank=0) pid=396212)[0m Forcing gradient checkpointing to be enabled for Gemma expert model
[36m(ActorGroup(rank=0) pid=396212)[0m Forcing gradient checkpointing to be enabled for Gemma expert model
[36m(ActorGroup(rank=0) pid=396212)[0m INFO:root:Disabled gradient checkpointing for PI0Pytorch model
[36m(ActorGroup(rank=0) pid=396212)[0m INFO:root:Disabled gradient checkpointing for PI0Pytorch model
[36m(ActorGroup(rank=0) pid=396212)[0m Forcing gradient checkpointing to be enabled for Gemma expert model
[36m(ActorGroup(rank=0) pid=396212)[0m INFO:root:Disabled gradient checkpointing for PI0Pytorch model
[36m(ActorGroup(rank=0) pid=396212)[0m Forcing gradient checkpointing to be enabled for Gemma expert model
[36m(ActorGroup(rank=0) pid=396212)[0m INFO:root:Disabled gradient checkpointing for PI0Pytorch model
[36m(ActorGroup(rank=0) pid=396212)[0m Forcing gradient checkpointing to be enabled for Gemma expert model
[36m(ActorGroup(rank=0) pid=396212)[0m INFO:root:Disabled gradient checkpointing for PI0Pytorch model
[36m(ActorGroup(rank=0) pid=396212)[0m Forcing gradient checkpointing to be enabled for Gemma expert model
[36m(ActorGroup(rank=0) pid=396212)[0m INFO:root:Disabled gradient checkpointing for PI0Pytorch model
[36m(ActorGroup(rank=0) pid=396212)[0m Forcing gradient checkpointing to be enabled for Gemma expert model
[36m(ActorGroup(rank=0) pid=396212)[0m INFO:root:Disabled gradient checkpointing for PI0Pytorch model
[36m(ActorGroup(rank=0) pid=396212)[0m Forcing gradient checkpointing to be enabled for Gemma expert model
[36m(ActorGroup(rank=0) pid=396212)[0m INFO:root:Disabled gradient checkpointing for PI0Pytorch model
[36m(ActorGroup(rank=0) pid=396212)[0m Forcing gradient checkpointing to be enabled for Gemma expert model
[36m(ActorGroup(rank=0) pid=396212)[0m INFO:root:Disabled gradient checkpointing for PI0Pytorch model
[36m(ActorGroup(rank=0) pid=396212)[0m Forcing gradient checkpointing to be enabled for Gemma expert model
[36m(ActorGroup(rank=0) pid=396212)[0m /home/chenyiteng/venvs/rlinf-7d07-openpi-robotwin/lib/python3.11/site-packages/torch/distributed/c10d_logger.py:83: UserWarning: barrier(): using the device under current context. You can specify `device_id` in `init_process_group` to mute this warning.
[36m(ActorGroup(rank=0) pid=396212)[0m   return func(*args, **kwargs)
Exception occurred while running EmbodiedOnlineBCFSDPPolicy's function sync_model_to_rollout: exception is [36mray::EmbodiedOnlineBCFSDPPolicy.sync_model_to_rollout()[39m (pid=396212, ip=172.17.0.1, actor_id=2ad33065f8710611166b0d3dc7010000, repr=ActorGroup(rank=0))
  File "/home/chenyiteng/.local/share/uv/python/cpython-3.11.14-linux-x86_64-gnu/lib/python3.11/concurrent/futures/_base.py", line 456, in result
    return self.__get_result()
           ^^^^^^^^^^^^^^^^^^^
  File "/home/chenyiteng/.local/share/uv/python/cpython-3.11.14-linux-x86_64-gnu/lib/python3.11/concurrent/futures/_base.py", line 401, in __get_result
    raise self._exception
           ^^^^^^^^^^^^^^^^^^^^^^^^^^^^^^^^^^^^^
  File "/data/chenyiteng/projects/rlinf-shenzhen/worktrees/pi0-online-bc/rlinf/scheduler/worker/worker.py", line 92, in async_func
    return await func(*args, **kwargs)
           ^^^^^^^^^^^^^^^^^^^^^^^^^^^
  File "/data/chenyiteng/projects/rlinf-shenzhen/worktrees/pi0-online-bc/rlinf/scheduler/worker/worker.py", line 1367, in wrapper
    return await func(self, *args, **kwargs)
           ^^^^^^^^^^^^^^^^^^^^^^^^^^^^^^^^^
  File "/data/chenyiteng/projects/rlinf-shenzhen/worktrees/pi0-online-bc/rlinf/workers/actor/embodied_fsdp_actor_worker.py", line 140, in sync_model_to_rollout
    state_dict = self.get_rollout_state_dict()
                 ^^^^^^^^^^^^^^^^^^^^^^^^^^^^^
           ^^^^^^^^^^^^^^^^^^^^^^^^^^^^^^^
  File "/data/chenyiteng/projects/rlinf-shenzhen/worktrees/pi0-online-bc/rlinf/scheduler/worker/worker.py", line 82, in sync_func
    return func(*args, **kwargs)
           ^^^^^^^^^^^^^^^^^^^^^
  File "/data/chenyiteng/projects/rlinf-shenzhen/worktrees/pi0-online-bc/rlinf/workers/actor/embodied_fsdp_actor_worker.py", line 129, in get_rollout_state_dict
    return self.get_model_state_dict(cpu_offload=False, full_state_dict=False)
           ^^^^^^^^^^^^^^^^^^^^^^^^^^^^^^^^^^^^^^^^^^^^^^^^^^^^^^^^^^^^^^^^^^^
           ^^^^^^^^^^^^^^^^^^^^^^^^^^^^^^^
  File "/data/chenyiteng/projects/rlinf-shenzhen/worktrees/pi0-online-bc/rlinf/hybrid_engines/fsdp/fsdp_model_manager.py", line 337, in get_model_state_dict
    state_dict = self._strategy.get_model_state_dict(
                 ^^^^^^^^^^^^^^^^^^^^^^^^^^^^^^^^^^^^
  File "/data/chenyiteng/projects/rlinf-shenzhen/worktrees/pi0-online-bc/rlinf/hybrid_engines/fsdp/strategy/base.py", line 380, in get_model_state_dict
    state_dict = get_model_state_dict(model=model, options=opts)
                 ^^^^^^^^^^^^^^^^^^^^^^^^^^^^^^^^^^^^^^^^^^^^^^^
  File "/home/chenyiteng/venvs/rlinf-7d07-openpi-robotwin/lib/python3.11/site-packages/torch/distributed/checkpoint/state_dict.py", line 1191, in get_model_state_dict
    model_state_dict = _get_model_state_dict(model, info)
                       ^^^^^^^^^^^^^^^^^^^^^^^^^^^^^^^^^^
  File "/home/chenyiteng/venvs/rlinf-7d07-openpi-robotwin/lib/python3.11/site-packages/torch/utils/_contextlib.py", line 124, in decorate_context
    return func(*args, **kwargs)
           ^^^^^^^^^^^^^^^^^^^^^
  File "/home/chenyiteng/venvs/rlinf-7d07-openpi-robotwin/lib/python3.11/site-packages/torch/distributed/checkpoint/state_dict.py", line 483, in _get_model_state_dict
    state_dict = _state_dict_fn(model, "state_dict")()
                 ^^^^^^^^^^^^^^^^^^^^^^^^^^^^^^^^^^^^^
  File "/home/chenyiteng/venvs/rlinf-7d07-openpi-robotwin/lib/python3.11/site-packages/torch/nn/modules/module.py", line 2276, in state_dict
    hook_result = hook(self, destination, prefix, local_metadata)
                  ^^^^^^^^^^^^^^^^^^^^^^^^^^^^^^^^^^^^^^^^^^^^^^^
  File "/home/chenyiteng/venvs/rlinf-7d07-openpi-robotwin/lib/python3.11/site-packages/torch/utils/_contextlib.py", line 124, in decorate_context
    return func(*args, **kwargs)
           ^^^^^^^^^^^^^^^^^^^^^
  File "/home/chenyiteng/venvs/rlinf-7d07-openpi-robotwin/lib/python3.11/site-packages/torch/distributed/fsdp/_state_dict_utils.py", line 724, in _post_state_dict_hook
    processed_state_dict = _post_state_dict_hook_fn[fsdp_state._state_dict_type](
                           ^^^^^^^^^^^^^^^^^^^^^^^^^^^^^^^^^^^^^^^^^^^^^^^^^^^^^^
  File "/home/chenyiteng/venvs/rlinf-7d07-openpi-robotwin/lib/python3.11/site-packages/torch/distributed/fsdp/_state_dict_utils.py", line 344, in _full_post_state_dict_hook
    return _common_unshard_post_state_dict_hook(
           ^^^^^^^^^^^^^^^^^^^^^^^^^^^^^^^^^^^^^
  File "/home/chenyiteng/venvs/rlinf-7d07-openpi-robotwin/lib/python3.11/site-packages/torch/distributed/fsdp/_state_dict_utils.py", line 223, in _common_unshard_post_state_dict_hook
    raise AssertionError(
AssertionError: FSDP assumes paligemma_with_expert.paligemma.model.vision_tower.vision_model.encoder.layers.0.layer_norm1.weight is in the state_dict but the state_dict only has odict_keys(['paligemma_with_expert.paligemma.model.vision_tower.vision_model.embeddings.patch_embedding.weight', 'paligemma_with_expert.paligemma.model.vision_tower.vision_model.embeddings.patch_embedding.bias', 'paligemma_with_expert.paligemma.model.vision_tower.vision_model.embeddings.position_embedding.weight', 'paligemma_with_expert.paligemma.model.language_model.embed_tokens.weight', 'paligemma_with_expert.paligemma.model.language_model.layers.0.self_attn.q_proj.weight', 'paligemma_with_expert.paligemma.model.language_model.layers.0.self_attn.k_proj.weight', 'paligemma_with_expert.paligemma.model.language_model.layers.0.self_attn.v_proj.weight', 'paligemma_with_expert.paligemma.model.language_model.layers.0.self_attn.o_proj.weight', 'paligemma_with_expert.paligemma.model.language_model.layers.0.mlp.gate_proj.weight', 'paligemma_with_expert.paligemma.model.language_model.layers.0.mlp.up_proj.weight', 'paligemma_with_expert.paligemma.model.language_model.layers.0.mlp.down_proj.weight', 'paligemma_with_expert.paligemma.model.language_model.layers.0.input_layernorm.weight', 'paligemma_with_expert.paligemma.model.language_model.layers.0.post_attention_layernorm.weight', 'paligemma_with_expert.paligemma.model.language_model.layers.1.self_attn.q_proj.weight', 'paligemma_with_expert.paligemma.model.language_model.layers.1.self_attn.k_proj.weight', 'paligemma_with_expert.paligemma.model.language_model.layers.1.self_attn.v_proj.weight', 'paligemma_with_expert.paligemma.model.language_model.layers.1.self_attn.o_proj.weight', 'paligemma_with_expert.paligemma.model.language_model.layers.1.mlp.gate_proj.weight', 'paligemma_with_expert.paligemma.model.language_model.layers.1.mlp.up_proj.weight', 'paligemma_with_expert.paligemma.model.language_model.layers.1.mlp.down_proj.weight', 'paligemma_with_expert.paligemma.model.language_model.layers.1.input_layernorm.weight', 'paligemma_with_expert.paligemma.model.language_model.layers.1.post_attention_layernorm.weight', 'paligemma_with_expert.paligemma.model.language_model.layers.2.self_attn.q_proj.weight', 'paligemma_with_expert.paligemma.model.language_model.layers.2.self_attn.k_proj.weight', 'paligemma_with_expert.paligemma.model.language_model.layers.2.self_attn.v_proj.weight', 'paligemma_with_expert.paligemma.model.language_model.layers.2.self_attn.o_proj.weight', 'paligemma_with_expert.paligemma.model.language_model.layers.2.mlp.gate_proj.weight', 'paligemma_with_expert.paligemma.model.language_model.layers.2.mlp.up_proj.weight', 'paligemma_with_expert.paligemma.model.language_model.layers.2.mlp.down_proj.weight', 'paligemma_with_expert.paligemma.model.language_model.layers.2.input_layernorm.weight', 'paligemma_with_expert.paligemma.model.language_model.layers.2.post_attention_layernorm.weight', 'paligemma_with_expert.paligemma.model.language_model.layers.3.self_attn.q_proj.weight', 'paligemma_with_expert.paligemma.model.language_model.layers.3.self_attn.k_proj.weight', 'paligemma_with_expert.paligemma.model.language_model.layers.3.self_attn.v_proj.weight', 'paligemma_with_expert.paligemma.model.language_model.layers.3.self_attn.o_proj.weight', 'paligemma_with_expert.paligemma.model.language_model.layers.3.mlp.gate_proj.weight', 'paligemma_with_expert.paligemma.model.language_model.layers.3.mlp.up_proj.weight', 'paligemma_with_expert.paligemma.model.language_model.layers.3.mlp.down_proj.weight', 'paligemma_with_expert.paligemma.model.language_model.layers.3.input_layernorm.weight', 'paligemma_with_expert.paligemma.model.language_model.layers.3.post_attention_layernorm.weight', 'paligemma_with_expert.paligemma.model.language_model.layers.4.self_attn.q_proj.weight', 'paligemma_with_expert.paligemma.model.language_model.layers.4.self_attn.k_proj.weight', 'paligemma_with_expert.paligemma.model.language_model.layers.4.self_attn.v_proj.weight', 'paligemma_with_expert.paligemma.model.language_model.layers.4.self_attn.o_proj.weight', 'paligemma_with_expert.paligemma.model.language_model.layers.4.mlp.gate_proj.weight', 'paligemma_with_expert.paligemma.model.language_model.layers.4.mlp.up_proj.weight', 'paligemma_with_expert.paligemma.model.language_model.layers.4.mlp.down_proj.weight', 'paligemma_with_expert.paligemma.model.language_model.layers.4.input_layernorm.weight', 'paligemma_with_expert.paligemma.model.language_model.layers.4.post_attention_layernorm.weight', 'paligemma_with_expert.paligemma.model.language_model.layers.5.self_attn.q_proj.weight', 'paligemma_with_expert.paligemma.model.language_model.layers.5.self_attn.k_proj.weight', 'paligemma_with_expert.paligemma.model.language_model.layers.5.self_attn.v_proj.weight', 'paligemma_with_expert.paligemma.model.language_model.layers.5.self_attn.o_proj.weight', 'paligemma_with_expert.paligemma.model.language_model.layers.5.mlp.gate_proj.weight', 'paligemma_with_expert.paligemma.model.language_model.layers.5.mlp.up_proj.weight', 'paligemma_with_expert.paligemma.model.language_model.layers.5.mlp.down_proj.weight', 'paligemma_with_expert.paligemma.model.language_model.layers.5.input_layernorm.weight', 'paligemma_with_expert.paligemma.model.language_model.layers.5.post_attention_layernorm.weight', 'paligemma_with_expert.paligemma.model.language_model.layers.6.self_attn.q_proj.weight', 'paligemma_with_expert.paligemma.model.language_model.layers.6.self_attn.k_proj.weight', 'paligemma_with_expert.paligemma.model.language_model.layers.6.self_attn.v_proj.weight', 'paligemma_with_expert.paligemma.model.language_model.layers.6.self_attn.o_proj.weight', 'paligemma_with_expert.paligemma.model.language_model.layers.6.mlp.gate_proj.weight', 'paligemma_with_expert.paligemma.model.language_model.layers.6.mlp.up_proj.weight', 'paligemma_with_expert.paligemma.model.language_model.layers.6.mlp.down_proj.weight', 'paligemma_with_expert.paligemma.model.language_model.layers.6.input_layernorm.weight', 'paligemma_with_expert.paligemma.model.language_model.layers.6.post_attention_layernorm.weight', 'paligemma_with_expert.paligemma.model.language_model.layers.7.self_attn.q_proj.weight', 'paligemma_with_expert.paligemma.model.language_model.layers.7.self_attn.k_proj.weight', 'paligemma_with_expert.paligemma.model.language_model.layers.7.self_attn.v_proj.weight', 'paligemma_with_expert.paligemma.model.language_model.layers.7.self_attn.o_proj.weight', 'paligemma_with_expert.paligemma.model.language_model.layers.7.mlp.gate_proj.weight', 'paligemma_with_expert.paligemma.model.language_model.layers.7.mlp.up_proj.weight', 'paligemma_with_expert.paligemma.model.language_model.layers.7.mlp.down_proj.weight', 'paligemma_with_expert.paligemma.model.language_model.layers.7.input_layernorm.weight', 'paligemma_with_expert.paligemma.model.language_model.layers.7.post_attention_layernorm.weight', 'paligemma_with_expert.paligemma.model.language_model.layers.8.self_attn.q_proj.weight', 'paligemma_with_expert.paligemma.model.language_model.layers.8.self_attn.k_proj.weight', 'paligemma_with_expert.paligemma.model.language_model.layers.8.self_attn.v_proj.weight', 'paligemma_with_expert.paligemma.model.language_model.layers.8.self_attn.o_proj.weight', 'paligemma_with_expert.paligemma.model.language_model.layers.8.mlp.gate_proj.weight', 'paligemma_with_expert.paligemma.model.language_model.layers.8.mlp.up_proj.weight', 'paligemma_with_expert.paligemma.model.language_model.layers.8.mlp.down_proj.weight', 'paligemma_with_expert.paligemma.model.language_model.layers.8.input_layernorm.weight', 'paligemma_with_expert.paligemma.model.language_model.layers.8.post_attention_layernorm.weight', 'paligemma_with_expert.paligemma.model.language_model.layers.9.self_attn.q_proj.weight', 'paligemma_with_expert.paligemma.model.language_model.layers.9.self_attn.k_proj.weight', 'paligemma_with_expert.paligemma.model.language_model.layers.9.self_attn.v_proj.weight', 'paligemma_with_expert.paligemma.model.language_model.layers.9.self_attn.o_proj.weight', 'paligemma_with_expert.paligemma.model.language_model.layers.9.mlp.gate_proj.weight', 'paligemma_with_expert.paligemma.model.language_model.layers.9.mlp.up_proj.weight', 'paligemma_with_expert.paligemma.model.language_model.layers.9.mlp.down_proj.weight', 'paligemma_with_expert.paligemma.model.language_model.layers.9.input_layernorm.weight', 'paligemma_with_expert.paligemma.model.language_model.layers.9.post_attention_layernorm.weight', 'paligemma_with_expert.paligemma.model.language_model.layers.10.self_attn.q_proj.weight', 'paligemma_with_expert.paligemma.model.language_model.layers.10.self_attn.k_proj.weight', 'paligemma_with_expert.paligemma.model.language_model.layers.10.self_attn.v_proj.weight', 'paligemma_with_expert.paligemma.model.language_model.layers.10.self_attn.o_proj.weight', 'paligemma_with_expert.paligemma.model.language_model.layers.10.mlp.gate_proj.weight', 'paligemma_with_expert.paligemma.model.language_model.layers.10.mlp.up_proj.weight', 'paligemma_with_expert.paligemma.model.language_model.layers.10.mlp.down_proj.weight', 'paligemma_with_expert.paligemma.model.language_model.layers.10.input_layernorm.weight', 'paligemma_with_expert.paligemma.model.language_model.layers.10.post_attention_layernorm.weight', 'paligemma_with_expert.paligemma.model.language_model.layers.11.self_attn.q_proj.weight', 'paligemma_with_expert.paligemma.model.language_model.layers.11.self_attn.k_proj.weight', 'paligemma_with_expert.paligemma.model.language_model.layers.11.self_attn.v_proj.weight', 'paligemma_with_expert.paligemma.model.language_model.layers.11.self_attn.o_proj.weight', 'paligemma_with_expert.paligemma.model.language_model.layers.11.mlp.gate_proj.weight', 'paligemma_with_expert.paligemma.model.language_model.layers.11.mlp.up_proj.weight', 'paligemma_with_expert.paligemma.model.language_model.layers.11.mlp.down_proj.weight', 'paligemma_with_expert.paligemma.model.language_model.layers.11.input_layernorm.weight', 'paligemma_with_expert.paligemma.model.language_model.layers.11.post_attention_layernorm.weight', 'paligemma_with_expert.paligemma.model.language_model.layers.12.self_attn.q_proj.weight', 'paligemma_with_expert.paligemma.model.language_model.layers.12.self_attn.k_proj.weight', 'paligemma_with_expert.paligemma.model.language_model.layers.12.self_attn.v_proj.weight', 'paligemma_with_expert.paligemma.model.language_model.layers.12.self_attn.o_proj.weight', 'paligemma_with_expert.paligemma.model.language_model.layers.12.mlp.gate_proj.weight', 'paligemma_with_expert.paligemma.model.language_model.layers.12.mlp.up_proj.weight', 'paligemma_with_expert.paligemma.model.language_model.layers.12.mlp.down_proj.weight', 'paligemma_with_expert.paligemma.model.language_model.layers.12.input_layernorm.weight', 'paligemma_with_expert.paligemma.model.language_model.layers.12.post_attention_layernorm.weight', 'paligemma_with_expert.paligemma.model.language_model.layers.13.self_attn.q_proj.weight', 'paligemma_with_expert.paligemma.model.language_model.layers.13.self_attn.k_proj.weight', 'paligemma_with_expert.paligemma.model.language_model.layers.13.self_attn.v_proj.weight', 'paligemma_with_expert.paligemma.model.language_model.layers.13.self_attn.o_proj.weight', 'paligemma_with_expert.paligemma.model.language_model.layers.13.mlp.gate_proj.weight', 'paligemma_with_expert.paligemma.model.language_model.layers.13.mlp.up_proj.weight', 'paligemma_with_expert.paligemma.model.language_model.layers.13.mlp.down_proj.weight', 'paligemma_with_expert.paligemma.model.language_model.layers.13.input_layernorm.weight', 'paligemma_with_expert.paligemma.model.language_model.layers.13.post_attention_layernorm.weight', 'paligemma_with_expert.paligemma.model.language_model.layers.14.self_attn.q_proj.weight', 'paligemma_with_expert.paligemma.model.language_model.layers.14.self_attn.k_proj.weight', 'paligemma_with_expert.paligemma.model.language_model.layers.14.self_attn.v_proj.weight', 'paligemma_with_expert.paligemma.model.language_model.layers.14.self_attn.o_proj.weight', 'paligemma_with_expert.paligemma.model.language_model.layers.14.mlp.gate_proj.weight', 'paligemma_with_expert.paligemma.model.language_model.layers.14.mlp.up_proj.weight', 'paligemma_with_expert.paligemma.model.language_model.layers.14.mlp.down_proj.weight', 'paligemma_with_expert.paligemma.model.language_model.layers.14.input_layernorm.weight', 'paligemma_with_expert.paligemma.model.language_model.layers.14.post_attention_layernorm.weight', 'paligemma_with_expert.paligemma.model.language_model.layers.15.self_attn.q_proj.weight', 'paligemma_with_expert.paligemma.model.language_model.layers.15.self_attn.k_proj.weight', 'paligemma_with_expert.paligemma.model.language_model.layers.15.self_attn.v_proj.weight', 'paligemma_with_expert.paligemma.model.language_model.layers.15.self_attn.o_proj.weight', 'paligemma_with_expert.paligemma.model.language_model.layers.15.mlp.gate_proj.weight', 'paligemma_with_expert.paligemma.model.language_model.layers.15.mlp.up_proj.weight', 'paligemma_with_expert.paligemma.model.language_model.layers.15.mlp.down_proj.weight', 'paligemma_with_expert.paligemma.model.language_model.layers.15.input_layernorm.weight', 'paligemma_with_expert.paligemma.model.language_model.layers.15.post_attention_layernorm.weight', 'paligemma_with_expert.paligemma.model.language_model.layers.16.self_attn.q_proj.weight', 'paligemma_with_expert.paligemma.model.language_model.layers.16.self_attn.k_proj.weight', 'paligemma_with_expert.paligemma.model.language_model.layers.16.self_attn.v_proj.weight', 'paligemma_with_expert.paligemma.model.language_model.layers.16.self_attn.o_proj.weight', 'paligemma_with_expert.paligemma.model.language_model.layers.16.mlp.gate_proj.weight', 'paligemma_with_expert.paligemma.model.language_model.layers.16.mlp.up_proj.weight', 'paligemma_with_expert.paligemma.model.language_model.layers.16.mlp.down_proj.weight', 'paligemma_with_expert.paligemma.model.language_model.layers.16.input_layernorm.weight', 'paligemma_with_expert.paligemma.model.language_model.layers.16.post_attention_layernorm.weight', 'paligemma_with_expert.paligemma.model.language_model.layers.17.self_attn.q_proj.weight', 'paligemma_with_expert.paligemma.model.language_model.layers.17.self_attn.k_proj.weight', 'paligemma_with_expert.paligemma.model.language_model.layers.17.self_attn.v_proj.weight', 'paligemma_with_expert.paligemma.model.language_model.layers.17.self_attn.o_proj.weight', 'paligemma_with_expert.paligemma.model.language_model.layers.17.mlp.gate_proj.weight', 'paligemma_with_expert.paligemma.model.language_model.layers.17.mlp.up_proj.weight', 'paligemma_with_expert.paligemma.model.language_model.layers.17.mlp.down_proj.weight', 'paligemma_with_expert.paligemma.model.language_model.layers.17.input_layernorm.weight', 'paligemma_with_expert.paligemma.model.language_model.layers.17.post_attention_layernorm.weight', 'paligemma_with_expert.paligemma.model.language_model.norm.weight', 'paligemma_with_expert.paligemma.lm_head.weight', 'paligemma_with_expert.gemma_expert.model.layers.0.self_attn.q_proj.weight', 'paligemma_with_expert.gemma_expert.model.layers.0.self_attn.k_proj.weight', 'paligemma_with_expert.gemma_expert.model.layers.0.self_attn.v_proj.weight', 'paligemma_with_expert.gemma_expert.model.layers.0.self_attn.o_proj.weight', 'paligemma_with_expert.gemma_expert.model.layers.0.mlp.gate_proj.weight', 'paligemma_with_expert.gemma_expert.model.layers.0.mlp.up_proj.weight', 'paligemma_with_expert.gemma_expert.model.layers.0.mlp.down_proj.weight', 'paligemma_with_expert.gemma_expert.model.layers.0.input_layernorm.weight', 'paligemma_with_expert.gemma_expert.model.layers.0.post_attention_layernorm.weight', 'paligemma_with_expert.gemma_expert.model.layers.1.self_attn.q_proj.weight', 'paligemma_with_expert.gemma_expert.model.layers.1.self_attn.k_proj.weight', 'paligemma_with_expert.gemma_expert.model.layers.1.self_attn.v_proj.weight', 'paligemma_with_expert.gemma_expert.model.layers.1.self_attn.o_proj.weight', 'paligemma_with_expert.gemma_expert.model.layers.1.mlp.gate_proj.weight', 'paligemma_with_expert.gemma_expert.model.layers.1.mlp.up_proj.weight', 'paligemma_with_expert.gemma_expert.model.layers.1.mlp.down_proj.weight', 'paligemma_with_expert.gemma_expert.model.layers.1.input_layernorm.weight', 'paligemma_with_expert.gemma_expert.model.layers.1.post_attention_layernorm.weight', 'paligemma_with_expert.gemma_expert.model.layers.2.self_attn.q_proj.weight', 'paligemma_with_expert.gemma_expert.model.layers.2.self_attn.k_proj.weight', 'paligemma_with_expert.gemma_expert.model.layers.2.self_attn.v_proj.weight', 'paligemma_with_expert.gemma_expert.model.layers.2.self_attn.o_proj.weight', 'paligemma_with_expert.gemma_expert.model.layers.2.mlp.gate_proj.weight', 'paligemma_with_expert.gemma_expert.model.layers.2.mlp.up_proj.weight', 'paligemma_with_expert.gemma_expert.model.layers.2.mlp.down_proj.weight', 'paligemma_with_expert.gemma_expert.model.layers.2.input_layernorm.weight', 'paligemma_with_expert.gemma_expert.model.layers.2.post_attention_layernorm.weight', 'paligemma_with_expert.gemma_expert.model.layers.3.self_attn.q_proj.weight', 'paligemma_with_expert.gemma_expert.model.layers.3.self_attn.k_proj.weight', 'paligemma_with_expert.gemma_expert.model.layers.3.self_attn.v_proj.weight', 'paligemma_with_expert.gemma_expert.model.layers.3.self_attn.o_proj.weight', 'paligemma_with_expert.gemma_expert.model.layers.3.mlp.gate_proj.weight', 'paligemma_with_expert.gemma_expert.model.layers.3.mlp.up_proj.weight', 'paligemma_with_expert.gemma_expert.model.layers.3.mlp.down_proj.weight', 'paligemma_with_expert.gemma_expert.model.layers.3.input_layernorm.weight', 'paligemma_with_expert.gemma_expert.model.layers.3.post_attention_layernorm.weight', 'paligemma_with_expert.gemma_expert.model.layers.4.self_attn.q_proj.weight', 'paligemma_with_expert.gemma_expert.model.layers.4.self_attn.k_proj.weight', 'paligemma_with_expert.gemma_expert.model.layers.4.self_attn.v_proj.weight', 'paligemma_with_expert.gemma_expert.model.layers.4.self_attn.o_proj.weight', 'paligemma_with_expert.gemma_expert.model.layers.4.mlp.gate_proj.weight', 'paligemma_with_expert.gemma_expert.model.layers.4.mlp.up_proj.weight', 'paligemma_with_expert.gemma_expert.model.layers.4.mlp.down_proj.weight', 'paligemma_with_expert.gemma_expert.model.layers.4.input_layernorm.weight', 'paligemma_with_expert.gemma_expert.model.layers.4.post_attention_layernorm.weight', 'paligemma_with_expert.gemma_expert.model.layers.5.self_attn.q_proj.weight', 'paligemma_with_expert.gemma_expert.model.layers.5.self_attn.k_proj.weight', 'paligemma_with_expert.gemma_expert.model.layers.5.self_attn.v_proj.weight', 'paligemma_with_expert.gemma_expert.model.layers.5.self_attn.o_proj.weight', 'paligemma_with_expert.gemma_expert.model.layers.5.mlp.gate_proj.weight', 'paligemma_with_expert.gemma_expert.model.layers.5.mlp.up_proj.weight', 'paligemma_with_expert.gemma_expert.model.layers.5.mlp.down_proj.weight', 'paligemma_with_expert.gemma_expert.model.layers.5.input_layernorm.weight', 'paligemma_with_expert.gemma_expert.model.layers.5.post_attention_layernorm.weight', 'paligemma_with_expert.gemma_expert.model.layers.6.self_attn.q_proj.weight', 'paligemma_with_expert.gemma_expert.model.layers.6.self_attn.k_proj.weight', 'paligemma_with_expert.gemma_expert.model.layers.6.self_attn.v_proj.weight', 'paligemma_with_expert.gemma_expert.model.layers.6.self_attn.o_proj.weight', 'paligemma_with_expert.gemma_expert.model.layers.6.mlp.gate_proj.weight', 'paligemma_with_expert.gemma_expert.model.layers.6.mlp.up_proj.weight', 'paligemma_with_expert.gemma_expert.model.layers.6.mlp.down_proj.weight', 'paligemma_with_expert.gemma_expert.model.layers.6.input_layernorm.weight', 'paligemma_with_expert.gemma_expert.model.layers.6.post_attention_layernorm.weight', 'paligemma_with_expert.gemma_expert.model.layers.7.self_attn.q_proj.weight', 'paligemma_with_expert.gemma_expert.model.layers.7.self_attn.k_proj.weight', 'paligemma_with_expert.gemma_expert.model.layers.7.self_attn.v_proj.weight', 'paligemma_with_expert.gemma_expert.model.layers.7.self_attn.o_proj.weight', 'paligemma_with_expert.gemma_expert.model.layers.7.mlp.gate_proj.weight', 'paligemma_with_expert.gemma_expert.model.layers.7.mlp.up_proj.weight', 'paligemma_with_expert.gemma_expert.model.layers.7.mlp.down_proj.weight', 'paligemma_with_expert.gemma_expert.model.layers.7.input_layernorm.weight', 'paligemma_with_expert.gemma_expert.model.layers.7.post_attention_layernorm.weight', 'paligemma_with_expert.gemma_expert.model.layers.8.self_attn.q_proj.weight', 'paligemma_with_expert.gemma_expert.model.layers.8.self_attn.k_proj.weight', 'paligemma_with_expert.gemma_expert.model.layers.8.self_attn.v_proj.weight', 'paligemma_with_expert.gemma_expert.model.layers.8.self_attn.o_proj.weight', 'paligemma_with_expert.gemma_expert.model.layers.8.mlp.gate_proj.weight', 'paligemma_with_expert.gemma_expert.model.layers.8.mlp.up_proj.weight', 'paligemma_with_expert.gemma_expert.model.layers.8.mlp.down_proj.weight', 'paligemma_with_expert.gemma_expert.model.layers.8.input_layernorm.weight', 'paligemma_with_expert.gemma_expert.model.layers.8.post_attention_layernorm.weight', 'paligemma_with_expert.gemma_expert.model.layers.9.self_attn.q_proj.weight', 'paligemma_with_expert.gemma_expert.model.layers.9.self_attn.k_proj.weight', 'paligemma_with_expert.gemma_expert.model.layers.9.self_attn.v_proj.weight', 'paligemma_with_expert.gemma_expert.model.layers.9.self_attn.o_proj.weight', 'paligemma_with_expert.gemma_expert.model.layers.9.mlp.gate_proj.weight', 'paligemma_with_expert.gemma_expert.model.layers.9.mlp.up_proj.weight', 'paligemma_with_expert.gemma_expert.model.layers.9.mlp.down_proj.weight', 'paligemma_with_expert.gemma_expert.model.layers.9.input_layernorm.weight', 'paligemma_with_expert.gemma_expert.model.layers.9.post_attention_layernorm.weight', 'paligemma_with_expert.gemma_expert.model.layers.10.self_attn.q_proj.weight', 'paligemma_with_expert.gemma_expert.model.layers.10.self_attn.k_proj.weight', 'paligemma_with_expert.gemma_expert.model.layers.10.self_attn.v_proj.weight', 'paligemma_with_expert.gemma_expert.model.layers.10.self_attn.o_proj.weight', 'paligemma_with_expert.gemma_expert.model.layers.10.mlp.gate_proj.weight', 'paligemma_with_expert.gemma_expert.model.layers.10.mlp.up_proj.weight', 'paligemma_with_expert.gemma_expert.model.layers.10.mlp.down_proj.weight', 'paligemma_with_expert.gemma_expert.model.layers.10.input_layernorm.weight', 'paligemma_with_expert.gemma_expert.model.layers.10.post_attention_layernorm.weight', 'paligemma_with_expert.gemma_expert.model.layers.11.self_attn.q_proj.weight', 'paligemma_with_expert.gemma_expert.model.layers.11.self_attn.k_proj.weight', 'paligemma_with_expert.gemma_expert.model.layers.11.self_attn.v_proj.weight', 'paligemma_with_expert.gemma_expert.model.layers.11.self_attn.o_proj.weight', 'paligemma_with_expert.gemma_expert.model.layers.11.mlp.gate_proj.weight', 'paligemma_with_expert.gemma_expert.model.layers.11.mlp.up_proj.weight', 'paligemma_with_expert.gemma_expert.model.layers.11.mlp.down_proj.weight', 'paligemma_with_expert.gemma_expert.model.layers.11.input_layernorm.weight', 'paligemma_with_expert.gemma_expert.model.layers.11.post_attention_layernorm.weight', 'paligemma_with_expert.gemma_expert.model.layers.12.self_attn.q_proj.weight', 'paligemma_with_expert.gemma_expert.model.layers.12.self_attn.k_proj.weight', 'paligemma_with_expert.gemma_expert.model.layers.12.self_attn.v_proj.weight', 'paligemma_with_expert.gemma_expert.model.layers.12.self_attn.o_proj.weight', 'paligemma_with_expert.gemma_expert.model.layers.12.mlp.gate_proj.weight', 'paligemma_with_expert.gemma_expert.model.layers.12.mlp.up_proj.weight', 'paligemma_with_expert.gemma_expert.model.layers.12.mlp.down_proj.weight', 'paligemma_with_expert.gemma_expert.model.layers.12.input_layernorm.weight', 'paligemma_with_expert.gemma_expert.model.layers.12.post_attention_layernorm.weight', 'paligemma_with_expert.gemma_expert.model.layers.13.self_attn.q_proj.weight', 'paligemma_with_expert.gemma_expert.model.layers.13.self_attn.k_proj.weight', 'paligemma_with_expert.gemma_expert.model.layers.13.self_attn.v_proj.weight', 'paligemma_with_expert.gemma_expert.model.layers.13.self_attn.o_proj.weight', 'paligemma_with_expert.gemma_expert.model.layers.13.mlp.gate_proj.weight', 'paligemma_with_expert.gemma_expert.model.layers.13.mlp.up_proj.weight', 'paligemma_with_expert.gemma_expert.model.layers.13.mlp.down_proj.weight', 'paligemma_with_expert.gemma_expert.model.layers.13.input_layernorm.weight', 'paligemma_with_expert.gemma_expert.model.layers.13.post_attention_layernorm.weight', 'paligemma_with_expert.gemma_expert.model.layers.14.self_attn.q_proj.weight', 'paligemma_with_expert.gemma_expert.model.layers.14.self_attn.k_proj.weight', 'paligemma_with_expert.gemma_expert.model.layers.14.self_attn.v_proj.weight', 'paligemma_with_expert.gemma_expert.model.layers.14.self_attn.o_proj.weight', 'paligemma_with_expert.gemma_expert.model.layers.14.mlp.gate_proj.weight', 'paligemma_with_expert.gemma_expert.model.layers.14.mlp.up_proj.weight', 'paligemma_with_expert.gemma_expert.model.layers.14.mlp.down_proj.weight', 'paligemma_with_expert.gemma_expert.model.layers.14.input_layernorm.weight', 'paligemma_with_expert.gemma_expert.model.layers.14.post_attention_layernorm.weight', 'paligemma_with_expert.gemma_expert.model.layers.15.self_attn.q_proj.weight', 'paligemma_with_expert.gemma_expert.model.layers.15.self_attn.k_proj.weight', 'paligemma_with_expert.gemma_expert.model.layers.15.self_attn.v_proj.weight', 'paligemma_with_expert.gemma_expert.model.layers.15.self_attn.o_proj.weight', 'paligemma_with_expert.gemma_expert.model.layers.15.mlp.gate_proj.weight', 'paligemma_with_expert.gemma_expert.model.layers.15.mlp.up_proj.weight', 'paligemma_with_expert.gemma_expert.model.layers.15.mlp.down_proj.weight', 'paligemma_with_expert.gemma_expert.model.layers.15.input_layernorm.weight', 'paligemma_with_expert.gemma_expert.model.layers.15.post_attention_layernorm.weight', 'paligemma_with_expert.gemma_expert.model.layers.16.self_attn.q_proj.weight', 'paligemma_with_expert.gemma_expert.model.layers.16.self_attn.k_proj.weight', 'paligemma_with_expert.gemma_expert.model.layers.16.self_attn.v_proj.weight', 'paligemma_with_expert.gemma_expert.model.layers.16.self_attn.o_proj.weight', 'paligemma_with_expert.gemma_expert.model.layers.16.mlp.gate_proj.weight', 'paligemma_with_expert.gemma_expert.model.layers.16.mlp.up_proj.weight', 'paligemma_with_expert.gemma_expert.model.layers.16.mlp.down_proj.weight', 'paligemma_with_expert.gemma_expert.model.layers.16.input_layernorm.weight', 'paligemma_with_expert.gemma_expert.model.layers.16.post_attention_layernorm.weight', 'paligemma_with_expert.gemma_expert.model.layers.17.self_attn.q_proj.weight', 'paligemma_with_expert.gemma_expert.model.layers.17.self_attn.k_proj.weight', 'paligemma_with_expert.gemma_expert.model.layers.17.self_attn.v_proj.weight', 'paligemma_with_expert.gemma_expert.model.layers.17.self_attn.o_proj.weight', 'paligemma_with_expert.gemma_expert.model.layers.17.mlp.gate_proj.weight', 'paligemma_with_expert.gemma_expert.model.layers.17.mlp.up_proj.weight', 'paligemma_with_expert.gemma_expert.model.layers.17.mlp.down_proj.weight', 'paligemma_with_expert.gemma_expert.model.layers.17.input_layernorm.weight', 'paligemma_with_expert.gemma_expert.model.layers.17.post_attention_layernorm.weight', 'paligemma_with_expert.gemma_expert.model.norm.weight', 'paligemma_with_expert.gemma_expert.lm_head.weight', 'action_in_proj.weight', 'action_in_proj.bias', 'action_out_proj.weight', 'action_out_proj.bias', 'state_proj.weight', 'state_proj.bias', 'action_time_mlp_in.weight', 'action_time_mlp_in.bias', 'action_time_mlp_out.weight', 'action_time_mlp_out.bias']). prefix=, module_name=paligemma_with_expert.paligemma.model.vision_tower.vision_model.encoder.layers.0.layer_norm1., param_name=weight rank=0.
Exception occurred while running MultiStepRolloutWorker's function sync_model_from_actor: exception is The actor died unexpectedly before finishing this task.
	class_name: MultiStepRolloutWorker
	actor_id: 003ef13e1ccdd8b86e4ac4a6c7010000
	pid: 396214
	name: RolloutGroup:0
	namespace: RLinf_1
	ip: 172.17.0.1
The actor is dead because it was killed by `ray.kill`.
Exiting main process due to a failure upon worker execution.
