
╭──────────────────────────────────────────────────────────────────────────────────────────────────────────────────────╮
├──────────────────────────────────────────────────── Metric Table ────────────────────────────────────────────────────┤
│ Global Step:    1/1 │ Progress: ████████████████████████████████████████ │ 100.0%                                    │
│ Elapsed: 06:33 │ ETA: 00:00 │ Step Time: 393.959s                                                                    │
├──────────────────────────────────────────────────────── Time ────────────────────────────────────────────────────────┤
│                                                                                                                      │
│actor/actor/compute_adv=3.51e-05       │actor/actor/recv_traj=122.6            │actor/actor/sync_model_to_rollout=1.3…│
│actor/forward_actor=0.180              │actor/forward_critic=0.272             │actor/sample=0.016                    │
│actor/update_one_epoch=0.744           │cal_adv_and_returns=0.0030             │env/compute_bootstrap_rewards=0.0022  │
│env/env/bootstrap_step=32.258          │env/env/send_rollout_trajectories=0.442│env/env_interact_step=82.085          │
│env/interact=122.5                     │env/run_interact_once=121.9            │eval=268.2                            │
│generate_rollouts=122.7                │rollout/generate_one_epoch=121.4       │rollout/rollout/generate=121.4        │
│step=393.9                             │sync_weights=1.674                     │                                      │
│                                                                                                                      │
├──────────────────────────────────────────────────── Environment ─────────────────────────────────────────────────────┤
│                                                                                                                      │
│episode_len=200.0                      │num_trajectories=8                     │return=2.25                           │
│reward=0.01125                         │success_once=0.25                      │                                      │
│                                                                                                                      │
├───────────────────────────────────────────────────── Evaluation ─────────────────────────────────────────────────────┤
│                                                                                                                      │
│episode_len=200.0                      │num_trajectories=20                    │return=0.0                            │
│reward=0.0                             │success_at_end=0.0                     │success_once=0.0                      │
│                                                                                                                      │
├─────────────────────────────────────────────────── Replay Buffer ────────────────────────────────────────────────────┤
│                                                                                                                      │
│cache_size=72.000                      │num_trajectories=72.000                │total_samples=72.000                  │
│                                                                                                                      │
├─────────────────────────────────────────────────── Training/Actor ───────────────────────────────────────────────────┤
│                                                                                                                      │
│actor/action_ref_abs_mean=0.307        │actor/actor_weight_in_warmup=0.500     │actor/actor_weight_ramp_progress=0.125│
│actor/actor_weight_schedule_enabled=1.…│actor/bc_human_loss=0.0000             │actor/bc_loss=0.220                   │
│actor/bc_ref_loss=0.220                │actor/bc_weight=6.438                  │actor/entropy=-670.8                  │
│actor/grad_norm=3.804                  │actor/human_mask_ratio=0.0000          │actor/lr=1.00e-04                     │
│actor/policy_mask_ratio=1.000          │actor/q_pi=-0.069                      │actor/q_value_0=-0.069                │
│actor/q_value_1=-0.067                 │actor/q_weight=0.100                   │actor/reference_dropout_prob=0.500    │
│actor/rlt_dvac/actor_switch_rate=0.0000│actor/rlt_dvac/baseline_count=1440.0   │actor/rlt_dvac/baseline_frozen=1.000  │
│actor/rlt_dvac/baseline_mean=-4.875    │actor/rlt_dvac/baseline_std=0.506      │actor/rlt_dvac/downweighted_fraction=…│
│actor/rlt_dvac/enabled=1.000           │actor/rlt_dvac/log_v_mean=-4.879       │actor/rlt_dvac/log_v_std=0.489        │
│actor/rlt_dvac/max_weight_fraction=0.0…│actor/rlt_dvac/min_weight_fraction=0.0…│actor/rlt_dvac/mode_apply=1.000       │
│actor/rlt_dvac/mode_observe=0.0000     │actor/rlt_dvac/nonpositive_reward_coun…│actor/rlt_dvac/nonpositive_reward_wei…│
│actor/rlt_dvac/positive_reward_count=0…│actor/rlt_dvac/positive_reward_weight_…│actor/rlt_dvac/query_mean_z_std=0.634 │
│actor/rlt_dvac/query_weight_q_gap_corr…│actor/rlt_dvac/reference_route_count=3…│actor/rlt_dvac/reference_route_weight…│
│actor/rlt_dvac/replay_age_mean=3.000   │actor/rlt_dvac/replay_age_p95=3.000    │actor/rlt_dvac/student_route_count=0.…│
│actor/rlt_dvac/student_route_weight_su…│actor/rlt_dvac/teacher_v_mean=0.0087   │actor/rlt_dvac/top20_weight_mass=0.298│
│actor/rlt_dvac/upweighted_fraction=0.4…│actor/rlt_dvac/weight_ess_ratio=0.880  │actor/rlt_dvac/weight_h00=0.870       │
│actor/rlt_dvac/weight_h01=0.923        │actor/rlt_dvac/weight_h02=0.917        │actor/rlt_dvac/weight_h03=0.888       │
│actor/rlt_dvac/weight_h04=0.970        │actor/rlt_dvac/weight_h05=1.003        │actor/rlt_dvac/weight_h06=1.015       │
│actor/rlt_dvac/weight_h07=1.074        │actor/rlt_dvac/weight_h08=1.108        │actor/rlt_dvac/weight_h09=1.141       │
│actor/rlt_dvac/weight_mean=0.991       │actor/rlt_dvac/weight_median=0.959     │actor/rlt_dvac/weight_p05=0.263       │
│actor/rlt_dvac/weight_p95=1.820        │actor/rlt_dvac/weight_student_ref_erro…│actor/rlt_dvac/within_query_z_std=0.6…│
│actor/rlt_dvac/z_mean=-0.018           │actor/rlt_dvac/z_std=0.924             │actor/weighted_bc=1.415               │
│actor/weighted_q=-0.0073               │                                       │                                      │
│                                                                                                                      │
├────────────────────────────────────────────────── Training/Critic ───────────────────────────────────────────────────┤
│                                                                                                                      │
│critic/grad_norm=3.259                 │critic/lr=1.00e-04                     │critic/q_data=-0.063                  │
│                                                                                                                      │
├─────────────────────────────────────────────────── Training/Other ───────────────────────────────────────────────────┤
│                                                                                                                      │
│alpha/grad_norm=0.0000                 │replay/actor_switch_rate=0.0000        │replay/done_rate=0.056                │
│replay/intervention_rate=0.0000        │replay/intervention_requested_rate=0.0…│replay/record_transition_rate=1.000   │
│replay/reward_mean=0.016               │replay/reward_positive_rate=0.016      │replay/transition_count=72.000        │
│rlt/actor_updates_run=4.000            │rlt/critic_updates_run=8.000           │rlt/desired_total_updates=8.000       │
│rlt/global_min_replay_size=64.000      │rlt/global_total_transitions_added=144…│rlt/global_transitions_since_train=14…│
│rlt/max_updates_per_train_step=20.000  │rlt/min_replay_buffer_size=2.000       │rlt/pending_update_budget=0.0000      │
│rlt/ready_for_online=0.0000            │rlt/should_train=1.000                 │rlt/skip_reason=0.0000                │
│rlt/train_every_episodes=0.0000        │rlt/train_every_transitions=1.000      │rlt/update_epoch=5.000                │
│rlt/update_step=0.0000                 │rlt/updates_scheduled=8.000            │rlt/updates_to_run=8.000              │
│rlt/warmup_required_updates=8.000      │rlt_dvac/baseline_count=1440.0         │rlt_dvac/baseline_frozen=1.000        │
│rlt_dvac/baseline_mean=-4.875          │rlt_dvac/baseline_std=0.506            │rlt_dvac/enabled=1.000                │
│sac/actor_loss=1.422                   │sac/alpha=0.0000                       │sac/alpha_loss=0.0000                 │
│sac/critic_loss=0.029                  │                                       │                                      │
│                                                                                                                      │
╰──────────────────────────────────────────────────────────────────────────────────────────────────────────────────────╯

