WARNING: All log messages before absl::InitializeLog() is called are written to STDERR
I0000 00:00:1787223801.633040   21072 port.cc:153] oneDNN custom operations are on. You may see slightly different numerical results due to floating-point round-off errors from different computation orders. To turn them off, set the environment variable `TF_ENABLE_ONEDNN_OPTS=0`.
I0000 00:00:1787223801.684319   21072 cpu_feature_guard.cc:227] This TensorFlow binary is optimized to use available CPU instructions in performance-critical operations.
To enable the following instructions: AVX2 AVX512F AVX512_VNNI FMA, in other operations, rebuild TensorFlow with the appropriate compiler flags.
WARNING: All log messages before absl::InitializeLog() is called are written to STDERR
I0000 00:00:1787223803.106231   21072 port.cc:153] oneDNN custom operations are on. You may see slightly different numerical results due to floating-point round-off errors from different computation orders. To turn them off, set the environment variable `TF_ENABLE_ONEDNN_OPTS=0`.
/root/autodl-tmp/RLinf/.venv/lib/python3.11/site-packages/hydra/_internal/hydra.py:119: UserWarning: Future Hydra versions will no longer change working directory at job runtime by default.
See https://hydra.cc/docs/1.2/upgrades/1.1_to_1.2/changes_to_job_working_dir/ for more information.
  ret = run_job(
2026-08-20 19:03:28,099	WARNING utils.py:461 -- Detecting docker specified CPUs. In previous versions of Ray, CPU detection in containers was incorrect. Please ensure that Ray has enough CPUs allocated. As a temporary workaround to revert to the prior behavior, set `RAY_USE_MULTIPROCESSING_CPU_COUNT=1` as an env var before starting Ray. Set the env var: `RAY_DISABLE_DOCKER_CPU_WARNING=1` to mute this warning.
2026-08-20 19:03:30,402	INFO worker.py:2003 -- Started a local Ray instance. View the dashboard at [1m[32mhttp://127.0.0.1:8265 [39m[22m
[INFO 19:03:32 RLinf] RLinf is running on a cluster with 1 node and 2 accelerators. The nodes' details are: 
node_labels: []
node_rank: 0
ray_id: 24919c7d0913b64d0836d42b9d8d1f333a0847a04923a91753dc2ab2
node_ip: 172.17.0.4
num_cpus: 36
python_interpreter_path: /root/autodl-tmp/RLinf/.venv/bin/python
hardware_resources:
- type: Accelerator
  infos:
  - type: Accelerator
    model: NV_GPU:A800-SXM4-80GB
  - type: Accelerator
    model: NV_GPU:A800-SXM4-80GB
profiler_backends: []

Node groups' details are: 
label: cluster
nodes: '0'
hardware_type: Accelerator
ignore_hardware: false
env_configs: null

label: node
nodes: '0'
hardware_type: null
ignore_hardware: true
env_configs: null

[INFO 19:03:32 FlexiblePlacementStrategy] 
[INFO 19:03:32 FlexiblePlacementStrategy] Using flexible placement with hardware ranks: [[0], [1]], node groups: ['cluster'].
[INFO 19:03:32 FlexiblePlacementStrategy] 
[INFO 19:03:32 FlexiblePlacementStrategy] Using flexible placement with hardware ranks: [[0], [1]], node groups: ['cluster'].
[INFO 19:03:32 FlexiblePlacementStrategy] Generated 2 placements: [Placement(rank=0, cluster_node_rank=0, placement_node_rank=0, local_accelerator_rank=0, accelerator_type='NV_GPU', local_rank=0, local_world_size=2, visible_accelerators=['0'], isolate_accelerator=True, local_hardware_ranks=[0], node_group_label='cluster'), Placement(rank=1, cluster_node_rank=0, placement_node_rank=0, local_accelerator_rank=1, accelerator_type='NV_GPU', local_rank=1, local_world_size=2, visible_accelerators=['1'], isolate_accelerator=True, local_hardware_ranks=[1], node_group_label='cluster')].
[INFO 19:03:32 FlexiblePlacementStrategy] Generated 2 placements: [Placement(rank=0, cluster_node_rank=0, placement_node_rank=0, local_accelerator_rank=0, accelerator_type='NV_GPU', local_rank=0, local_world_size=2, visible_accelerators=['0'], isolate_accelerator=True, local_hardware_ranks=[0], node_group_label='cluster'), Placement(rank=1, cluster_node_rank=0, placement_node_rank=0, local_accelerator_rank=1, accelerator_type='NV_GPU', local_rank=1, local_world_size=2, visible_accelerators=['1'], isolate_accelerator=True, local_hardware_ranks=[1], node_group_label='cluster')].
[INFO 19:03:32 NodePlacementStrategy] 
[INFO 19:03:32 NodePlacementStrategy] Using node placement with node ranks: [0], node groups: ['node'].
[INFO 19:03:32 NodePlacementStrategy] Generated 1 placements: [Placement(rank=0, cluster_node_rank=0, placement_node_rank=0, local_accelerator_rank='0', accelerator_type='NV_GPU', local_rank=0, local_world_size=1, visible_accelerators=['0', '1'], isolate_accelerator=True, local_hardware_ranks=[], node_group_label='cluster')].
[INFO 19:03:32 NodePlacementStrategy] 
[INFO 19:03:32 NodePlacementStrategy] Using node placement with node ranks: [0], node groups: ['node'].
[INFO 19:03:32 NodePlacementStrategy] Generated 1 placements: [Placement(rank=0, cluster_node_rank=0, placement_node_rank=0, local_accelerator_rank='0', accelerator_type='NV_GPU', local_rank=0, local_world_size=1, visible_accelerators=['0', '1'], isolate_accelerator=True, local_hardware_ranks=[], node_group_label='cluster')].
[36m(MultiStepRolloutWorker pid=24658)[0m [INFO 19:03:36 FlexiblePlacementStrategy] 
[36m(MultiStepRolloutWorker pid=24658)[0m [INFO 19:03:36 FlexiblePlacementStrategy] Using flexible placement with hardware ranks: [[0], [1]], node groups: ['cluster'].
[36m(MultiStepRolloutWorker pid=24660)[0m [INFO 19:03:36 FlexiblePlacementStrategy] 
[36m(MultiStepRolloutWorker pid=24660)[0m [INFO 19:03:36 FlexiblePlacementStrategy] Using flexible placement with hardware ranks: [[0], [1]], node groups: ['cluster'].
[36m(pid=24661)[0m WARNING: All log messages before absl::InitializeLog() is called are written to STDERR
[36m(pid=24661)[0m I0000 00:00:1787223816.819306   24661 port.cc:153] oneDNN custom operations are on. You may see slightly different numerical results due to floating-point round-off errors from different computation orders. To turn them off, set the environment variable `TF_ENABLE_ONEDNN_OPTS=0`.
[36m(pid=24672)[0m WARNING: All log messages before absl::InitializeLog() is called are written to STDERR
[36m(pid=24672)[0m I0000 00:00:1787223816.937616   24672 port.cc:153] oneDNN custom operations are on. You may see slightly different numerical results due to floating-point round-off errors from different computation orders. To turn them off, set the environment variable `TF_ENABLE_ONEDNN_OPTS=0`.
[36m(RolloutGroup(rank=0) pid=24658)[0m WARNING: All log messages before absl::InitializeLog() is called are written to STDERR
[36m(RolloutGroup(rank=0) pid=24658)[0m I0000 00:00:1787223818.185928   25513 port.cc:153] oneDNN custom operations are on. You may see slightly different numerical results due to floating-point round-off errors from different computation orders. To turn them off, set the environment variable `TF_ENABLE_ONEDNN_OPTS=0`.
[36m(RolloutGroup(rank=1) pid=24660)[0m WARNING: All log messages before absl::InitializeLog() is called are written to STDERR
[36m(RolloutGroup(rank=1) pid=24660)[0m I0000 00:00:1787223818.185933   25514 port.cc:153] oneDNN custom operations are on. You may see slightly different numerical results due to floating-point round-off errors from different computation orders. To turn them off, set the environment variable `TF_ENABLE_ONEDNN_OPTS=0`.
[36m(pid=24661)[0m WARNING: All log messages before absl::InitializeLog() is called are written to STDERR
[36m(pid=24661)[0m I0000 00:00:1787223818.299964   24661 port.cc:153] oneDNN custom operations are on. You may see slightly different numerical results due to floating-point round-off errors from different computation orders. To turn them off, set the environment variable `TF_ENABLE_ONEDNN_OPTS=0`.
[36m(pid=24672)[0m WARNING: All log messages before absl::InitializeLog() is called are written to STDERR
[36m(pid=24672)[0m I0000 00:00:1787223818.508580   24672 port.cc:153] oneDNN custom operations are on. You may see slightly different numerical results due to floating-point round-off errors from different computation orders. To turn them off, set the environment variable `TF_ENABLE_ONEDNN_OPTS=0`.
[36m(RolloutGroup(rank=0) pid=24658)[0m WARNING: All log messages before absl::InitializeLog() is called are written to STDERR
[36m(RolloutGroup(rank=0) pid=24658)[0m I0000 00:00:1787223819.664911   25513 port.cc:153] oneDNN custom operations are on. You may see slightly different numerical results due to floating-point round-off errors from different computation orders. To turn them off, set the environment variable `TF_ENABLE_ONEDNN_OPTS=0`.
[36m(RolloutGroup(rank=1) pid=24660)[0m WARNING: All log messages before absl::InitializeLog() is called are written to STDERR
[36m(RolloutGroup(rank=1) pid=24660)[0m I0000 00:00:1787223819.628740   25514 port.cc:153] oneDNN custom operations are on. You may see slightly different numerical results due to floating-point round-off errors from different computation orders. To turn them off, set the environment variable `TF_ENABLE_ONEDNN_OPTS=0`.
[36m(EnvWorker pid=24661)[0m [INFO 19:03:39 FlexiblePlacementStrategy] 
[36m(EnvWorker pid=24661)[0m [INFO 19:03:39 FlexiblePlacementStrategy] Using flexible placement with hardware ranks: [[0], [1]], node groups: ['cluster'].
[36m(EnvWorker pid=24672)[0m [INFO 19:03:40 FlexiblePlacementStrategy] 
[36m(EnvWorker pid=24672)[0m [INFO 19:03:40 FlexiblePlacementStrategy] Using flexible placement with hardware ranks: [[0], [1]], node groups: ['cluster'].
[36m(EnvGroup(rank=0) pid=24661)[0m /root/autodl-tmp/RLinf/.venv/lib/python3.11/site-packages/sapien/_vulkan_tricks.py:73: UserWarning: Failed to find Vulkan ICD file. This is probably due to an incorrect or partial installation of the NVIDIA driver. SAPIEN will attempt to provide an ICD file anyway but it may not work.
[36m(EnvGroup(rank=0) pid=24661)[0m   warn(
[36m(RolloutGroup(rank=0) pid=24658)[0m INFO:datasets:PyTorch version 2.6.0 available.
[36m(RolloutGroup(rank=0) pid=24658)[0m INFO:datasets:Polars version 1.41.2 available.
[36m(RolloutGroup(rank=0) pid=24658)[0m INFO:datasets:TensorFlow version 2.21.0 available.
[36m(RolloutGroup(rank=0) pid=24658)[0m INFO:datasets:JAX version 0.5.3 available.
[36m(RolloutGroup(rank=1) pid=24660)[0m INFO:datasets:PyTorch version 2.6.0 available.
[36m(RolloutGroup(rank=1) pid=24660)[0m INFO:datasets:Polars version 1.41.2 available.
[36m(RolloutGroup(rank=1) pid=24660)[0m INFO:datasets:TensorFlow version 2.21.0 available.
[36m(RolloutGroup(rank=1) pid=24660)[0m INFO:datasets:JAX version 0.5.3 available.
[36m(EnvGroup(rank=1) pid=24672)[0m /root/autodl-tmp/RLinf/.venv/lib/python3.11/site-packages/sapien/_vulkan_tricks.py:73: UserWarning: Failed to find Vulkan ICD file. This is probably due to an incorrect or partial installation of the NVIDIA driver. SAPIEN will attempt to provide an ICD file anyway but it may not work.
[36m(EnvGroup(rank=1) pid=24672)[0m   warn(
[36m(EnvGroup(rank=0) pid=24661)[0m Traceback (most recent call last):
[36m(EnvGroup(rank=0) pid=24661)[0m   File "/root/autodl-tmp/RoboTwin_RLinf/envs/robot/planner.py", line 297, in <module>
[36m(EnvGroup(rank=0) pid=24661)[0m     from curobo.types.math import Pose as CuroboPose
[36m(EnvGroup(rank=0) pid=24661)[0m ModuleNotFoundError: No module named 'curobo.types.math'; 'curobo.types' is not a package
[36m(EnvGroup(rank=1) pid=24672)[0m Traceback (most recent call last):
[36m(EnvGroup(rank=1) pid=24672)[0m   File "/root/autodl-tmp/RoboTwin_RLinf/envs/robot/planner.py", line 297, in <module>
[36m(EnvGroup(rank=1) pid=24672)[0m     from curobo.types.math import Pose as CuroboPose
[36m(EnvGroup(rank=1) pid=24672)[0m ModuleNotFoundError: No module named 'curobo.types.math'; 'curobo.types' is not a package
[36m(RolloutGroup(rank=0) pid=24658)[0m INFO:root:Loaded norm stats from /root/autodl-tmp/models/rlinf/RLinf-Pi0-RoboTwin-SFT-adjust_bottle/physical-intelligence/robotwin
[36m(RolloutGroup(rank=0) pid=24658)[0m INFO:root:Loaded norm stats from /root/autodl-tmp/models/rlinf/RLinf-Pi0-RoboTwin-SFT-adjust_bottle/physical-intelligence/robotwin
[36m(RolloutGroup(rank=1) pid=24660)[0m INFO:root:Loaded norm stats from /root/autodl-tmp/models/rlinf/RLinf-Pi0-RoboTwin-SFT-adjust_bottle/physical-intelligence/robotwin
[36m(RolloutGroup(rank=1) pid=24660)[0m INFO:root:Loaded norm stats from /root/autodl-tmp/models/rlinf/RLinf-Pi0-RoboTwin-SFT-adjust_bottle/physical-intelligence/robotwin
[36m(RolloutGroup(rank=0) pid=24658)[0m Evaluating Rollout Epochs:   0%|          | 0/1 [00:00<?, ?it/s]
[36m(RolloutGroup(rank=0) pid=24658)[0m Evaluating Rollout Epochs: 100%|██████████| 1/1 [01:22<00:00, 82.18s/it]Evaluating Rollout Epochs: 100%|██████████| 1/1 [01:22<00:00, 82.18s/it]
[INFO 19:07:04 RLinf] {'eval/success_at_end': array(0.875, dtype=float32), 'eval/reward': array(0.004375, dtype=float32), 'eval/episode_len': array(200., dtype=float32), 'eval/return': array(0.875, dtype=float32), 'eval/success_once': array(0.875, dtype=float32), 'eval/num_trajectories': 16}
{
  "env": {
    "eval": {
      "env_type": "robotwin",
      "total_num_envs": 16,
      "auto_reset": true,
      "ignore_terminations": true,
      "reward_coef": 1.0,
      "use_custom_reward": true,
      "use_rel_reward": true,
      "center_crop": false,
      "seed": 0,
      "group_size": 1,
      "use_fixed_reset_state_ids": true,
      "max_steps_per_rollout_epoch": 200,
      "max_episode_steps": 200,
      "is_eval": true,
      "assets_path": "/root/autodl-tmp/RoboTwin_RLinf",
      "seeds_path": "/root/autodl-tmp/RLinf_idea2_dvac_pi0_robotwin/rlinf/envs/robotwin/seeds/eval_seeds.json",
      "video_cfg": {
        "save_video": true,
        "info_on_video": true,
        "video_base_dir": "/root/autodl-tmp/RLinf_idea2_dvac_pi0_robotwin/outputs/idea2_dvac_sft_smoke_2gpu_16env_v1/video/eval"
      },
      "enable_offload": false,
      "task_config": {
        "task_name": "adjust_bottle",
        "step_lim": 200,
        "planner_backend": "mplib",
        "render_freq": 0,
        "episode_num": 100,
        "use_seed": false,
        "save_freq": 15,
        "embodiment": [
          "aloha-agilex"
        ],
        "language_num": 100,
        "domain_randomization": {
          "random_background": false,
          "cluttered_table": false,
          "clean_background_rate": 1,
          "random_head_camera_dis": 0,
          "random_table_height": 0,
          "random_light": false,
          "crazy_random_light_rate": 0
        },
        "camera": {
          "head_camera_type": "D435",
          "wrist_camera_type": "D435",
          "collect_head_camera": true,
          "collect_wrist_camera": true
        },
        "data_type": {
          "rgb": true,
          "third_view": false,
          "depth": false,
          "pointcloud": false,
          "observer": false,
          "endpose": false,
          "qpos": true,
          "mesh_segmentation": false,
          "actor_segmentation": false
        },
        "pcd_down_sample_num": 1024,
        "pcd_crop": true,
        "save_path": "./data",
        "clear_cache_freq": 1,
        "collect_data": true,
        "eval_video_log": true
      },
      "rollout_epoch": 1
    },
    "group_name": "EnvGroup",
    "enable_offload": true
  },
  "rollout": {
    "model": {
      "model_type": "openpi",
      "model_path": "/root/autodl-tmp/models/rlinf/RLinf-Pi0-RoboTwin-SFT-adjust_bottle",
      "precision": null,
      "num_action_chunks": 50,
      "action_dim": 14,
      "is_lora": false,
      "lora_rank": 32,
      "use_proprio": true,
      "num_steps": 4,
      "add_value_head": true,
      "openpi": {
        "config_name": "pi0_aloha_robotwin",
        "num_images_in_input": 3,
        "noise_level": 0.5,
        "action_chunk": 50,
        "num_steps": 4,
        "train_expert_only": true,
        "action_env_dim": 14,
        "noise_method": "flow_sde",
        "add_value_head": true,
        "detach_critic_input": true,
        "use_dsrl": false,
        "dsrl_state_dim": 8,
        "dsrl_action_noise_dim": 32,
        "dsrl_num_q_heads": 10,
        "dsrl_agg_q": "mean",
        "dsrl_image_latent_dim": 64,
        "dsrl_state_latent_dim": 64,
        "dsrl_hidden_dims": [
          128,
          128,
          128
        ]
      }
    },
    "group_name": "RolloutGroup",
    "backend": "huggingface",
    "recompute_logprobs": false,
    "enable_offload": true,
    "pipeline_stage_num": 1,
    "dvac_telemetry": {
      "enabled": true,
      "output_dir": "/root/autodl-tmp/RLinf_idea2_dvac_pi0_robotwin/outputs/idea2_dvac_sft_smoke_2gpu_16env_v1/dvac_telemetry",
      "save_query_inputs": true,
      "run_id": "idea2_dvac_sft_smoke_2gpu_16env_v1",
      "common_base_commit": "6d0db56bf26f972cd27fa29535f5eb939e80e5bf",
      "source_commit": "61996e15cc7f5a32bd6012b61b20893d94636c82",
      "robotwin_commit": "481380fbd97cbf9ff830aedfb2279851e1e58969",
      "checkpoint_revision": "92684e50c8a3dcf13b76a06713e3152625967be1",
      "norm_stats_sha256": "649ed92b431bd70627febdb00b2385e35fcab5088e72a4e4a4845585f8ce4f6a",
      "seed_file_sha256": "194164f7380fd7cad2a8940ca93def01c2be865da265e4af1c463d73b2aa482f",
      "renderer": "sapien",
      "launch_command": "cd /root/autodl-tmp/RLinf_idea2_dvac_pi0_robotwin && CUDA_VISIBLE_DEVICES=0,1 REPO_PATH=/root/autodl-tmp/RLinf_idea2_dvac_pi0_robotwin EMBODIED_PATH=/root/autodl-tmp/RLinf_idea2_dvac_pi0_robotwin/examples/embodiment PYTHONPATH=/root/autodl-tmp/RLinf_idea2_dvac_pi0_robotwin:/root/autodl-tmp/RoboTwin_RLinf /root/autodl-tmp/RLinf/.venv/bin/python evaluations/eval_embodied_agent.py --config-path /root/autodl-tmp/idea2_dvac_run_configs --config-name idea2_dvac_sft_smoke_2gpu_16env_v1"
    }
  },
  "cluster": {
    "num_nodes": 1,
    "component_placement": {
      "env, rollout": "0-1"
    }
  },
  "runner": {
    "task_type": "embodied_eval",
    "logger": {
      "log_path": "/root/autodl-tmp/RLinf_idea2_dvac_pi0_robotwin/outputs/idea2_dvac_sft_smoke_2gpu_16env_v1",
      "project_name": "rlinf",
      "experiment_name": "idea2_dvac_sft_smoke_2gpu_16env_v1",
      "logger_backends": [
        "tensorboard"
      ]
    },
    "max_epochs": 1000,
    "max_steps": -1,
    "only_eval": true,
    "val_check_interval": -1,
    "save_interval": -1,
    "resume_dir": null,
    "ckpt_path": null,
    "per_worker_log": false,
    "per_worker_log_path": null,
    "weight_sync_interval": 1,
    "overlap_env_bootstrap": false
  }
}
[36m(EnvGroup(rank=0) pid=24661)[0m [planner.py]: Something wrong happened when importing CuroboPlanner! Please check if Curobo is installed correctly. If the problem still exists, you can install Curobo from https://github.com/NVlabs/curobo manually.
[36m(EnvGroup(rank=0) pid=24661)[0m Exception traceback:
[36m(EnvGroup(rank=0) pid=24661)[0m missing pytorch3d
[36m(EnvGroup(rank=1) pid=24672)[0m [planner.py]: Something wrong happened when importing CuroboPlanner! Please check if Curobo is installed correctly. If the problem still exists, you can install Curobo from https://github.com/NVlabs/curobo manually.
[36m(EnvGroup(rank=1) pid=24672)[0m Exception traceback:
[36m(EnvGroup(rank=1) pid=24672)[0m missing pytorch3d
