
╭──────────────────────────────────────────────────────────────────────────────────────────────────────────────────────╮
├──────────────────────────────────────────────────── Metric Table ────────────────────────────────────────────────────┤
│ Global Step:   31/100 │ Progress: ████████████░░░░░░░░░░░░░░░░░░░░░░░░░░░░ │  31.0%                                  │
│ Elapsed: 25:09 │ ETA: 28:56:02 │ Step Time: 1509.600s                                                                │
├──────────────────────────────────────────────────────── Time ────────────────────────────────────────────────────────┤
│                                                                                                                      │
│actor/actor/compute_adv=0.028          │actor/actor/recv_traj=1466.5           │actor/actor/sync_model_to_rollout=17.…│
│actor/run_training=24.380              │actor_training=24.386                  │cal_adv_and_returns=0.036             │
│env/compute_bootstrap_rewards=0.0021   │env/env/bootstrap_step=1087.7          │env/env/send_rollout_trajectories=1.1…│
│env/env_interact_step=357.1            │env/interact=1465.2                    │env/run_interact_once=1465.2          │
│generate_rollouts=1467.1               │rollout/generate_one_epoch=1460.6      │rollout/predict=10.840                │
│rollout/rollout/generate=1467.1        │rollout/sync_model_from_actor=17.519   │step=1509.5                           │
│sync_weights=17.985                    │                                       │                                      │
│                                                                                                                      │
├──────────────────────────────────────────────────── Environment ─────────────────────────────────────────────────────┤
│                                                                                                                      │
│episode_len=200.0                      │num_trajectories=512                   │return=0.9238281                      │
│reward=0.00461914                      │success_once=0.9238281                 │                                      │
│                                                                                                                      │
├────────────────────────────────────────────────────── Rollout ───────────────────────────────────────────────────────┤
│                                                                                                                      │
│advantages_max=0.935                   │advantages_mean=-0.122                 │advantages_min=-2.475                 │
│rewards=0.0043                         │                                       │                                      │
│                                                                                                                      │
├─────────────────────────────────────────────────── Training/Actor ───────────────────────────────────────────────────┤
│                                                                                                                      │
│actor/approx_kl=0.016                  │actor/clip_fraction=0.046              │actor/clipped_ratio=0.729             │
│actor/dual_cliped_ratio=0.0000         │actor/dvac_current_mean=-4.260         │actor/dvac_current_std=0.527          │
│actor/dvac_history_mean=-4.286         │actor/dvac_history_std=0.557           │actor/dvac_warmup=0.0000              │
│actor/dvac_weight_ess_fraction=0.844   │actor/dvac_weight_mean=1.012           │actor/dvac_weight_sq_mean=1.213       │
│actor/dvac_z_high_clip_fraction=0.036  │actor/dvac_z_low_clip_fraction=0.0036  │actor/entropy_loss=0.0000             │
│actor/grad_norm=12.517                 │actor/lr=5.60e-06                      │actor/policy_loss=1.14e-04            │
│actor/policy_loss_abs=0.124            │actor/ratio=0.731                      │actor/ratio_abs=0.054                 │
│actor/total_loss=7.14e-06              │                                       │                                      │
│                                                                                                                      │
╰──────────────────────────────────────────────────────────────────────────────────────────────────────────────────────╯


╭──────────────────────────────────────────────────────────────────────────────────────────────────────────────────────╮
├──────────────────────────────────────────────────── Metric Table ────────────────────────────────────────────────────┤
│ Global Step:   32/100 │ Progress: ████████████░░░░░░░░░░░░░░░░░░░░░░░░░░░░ │  32.0%                                  │
│ Elapsed: 47:51 │ ETA: 27:07:12 │ Step Time: 1435.778s                                                                │
├──────────────────────────────────────────────────────── Time ────────────────────────────────────────────────────────┤
│                                                                                                                      │
│actor/actor/compute_adv=0.019          │actor/actor/recv_traj=1337.4           │actor/actor/sync_model_to_rollout=1.9…│
│actor/run_training=22.056              │actor_training=22.061                  │cal_adv_and_returns=0.025             │
│env/compute_bootstrap_rewards=0.0023   │env/env/bootstrap_step=931.5           │env/env/send_rollout_trajectories=1.2…│
│env/env_interact_step=378.7            │env/interact=1336.7                    │env/run_interact_once=1336.7          │
│generate_rollouts=1337.5               │rollout/generate_one_epoch=1330.3      │rollout/predict=10.048                │
│rollout/rollout/generate=1336.8        │rollout/sync_model_from_actor=2.354    │step=1361.9                           │
│sync_weights=2.358                     │                                       │                                      │
│                                                                                                                      │
├──────────────────────────────────────────────────── Environment ─────────────────────────────────────────────────────┤
│                                                                                                                      │
│episode_len=200.0                      │num_trajectories=512                   │return=0.9472656                      │
│reward=0.004736328                     │success_once=0.9472656                 │                                      │
│                                                                                                                      │
├────────────────────────────────────────────────────── Rollout ───────────────────────────────────────────────────────┤
│                                                                                                                      │
│advantages_max=1.620                   │advantages_mean=-0.124                 │advantages_min=-2.475                 │
│rewards=0.0046                         │                                       │                                      │
│                                                                                                                      │
├─────────────────────────────────────────────────── Training/Actor ───────────────────────────────────────────────────┤
│                                                                                                                      │
│actor/approx_kl=0.012                  │actor/clip_fraction=0.033              │actor/clipped_ratio=0.920             │
│actor/dual_cliped_ratio=0.0000         │actor/dvac_current_mean=-4.223         │actor/dvac_current_std=0.549          │
│actor/dvac_history_mean=-4.272         │actor/dvac_history_std=0.550           │actor/dvac_warmup=0.0000              │
│actor/dvac_weight_ess_fraction=0.843   │actor/dvac_weight_mean=1.026           │actor/dvac_weight_sq_mean=1.250       │
│actor/dvac_z_high_clip_fraction=0.043  │actor/dvac_z_low_clip_fraction=0.0037  │actor/entropy_loss=0.0000             │
│actor/grad_norm=14.549                 │actor/lr=5.60e-06                      │actor/policy_loss=0.0015              │
│actor/policy_loss_abs=0.149            │actor/ratio=0.920                      │actor/ratio_abs=0.056                 │
│actor/total_loss=9.50e-05              │                                       │                                      │
│                                                                                                                      │
╰──────────────────────────────────────────────────────────────────────────────────────────────────────────────────────╯


╭──────────────────────────────────────────────────────────────────────────────────────────────────────────────────────╮
├──────────────────────────────────────────────────── Metric Table ────────────────────────────────────────────────────┤
│ Global Step:   33/100 │ Progress: █████████████░░░░░░░░░░░░░░░░░░░░░░░░░░░ │  33.0%                                  │
│ Elapsed: 01:11:35 │ ETA: 26:38:55 │ Step Time: 1431.873s                                                             │
├──────────────────────────────────────────────────────── Time ────────────────────────────────────────────────────────┤
│                                                                                                                      │
│actor/actor/compute_adv=0.0090         │actor/actor/recv_traj=1401.6           │actor/actor/sync_model_to_rollout=1.9…│
│actor/run_training=19.982              │actor_training=19.986                  │cal_adv_and_returns=0.013             │
│env/compute_bootstrap_rewards=0.0023   │env/env/bootstrap_step=1002.0          │env/env/send_rollout_trajectories=0.7…│
│env/env_interact_step=368.9            │env/interact=1400.9                    │env/run_interact_once=1400.9          │
│generate_rollouts=1401.7               │rollout/generate_one_epoch=1395.9      │rollout/predict=10.166                │
│rollout/rollout/generate=1400.4        │rollout/sync_model_from_actor=2.372    │step=1424.0                           │
│sync_weights=2.376                     │                                       │                                      │
│                                                                                                                      │
├──────────────────────────────────────────────────── Environment ─────────────────────────────────────────────────────┤
│                                                                                                                      │
│episode_len=200.0                      │num_trajectories=512                   │return=0.9296875                      │
│reward=0.004648437                     │success_once=0.9296875                 │                                      │
│                                                                                                                      │
├────────────────────────────────────────────────────── Rollout ───────────────────────────────────────────────────────┤
│                                                                                                                      │
│advantages_max=2.475                   │advantages_mean=-0.111                 │advantages_min=-2.475                 │
│rewards=0.0039                         │                                       │                                      │
│                                                                                                                      │
├─────────────────────────────────────────────────── Training/Actor ───────────────────────────────────────────────────┤
│                                                                                                                      │
│actor/approx_kl=0.0030                 │actor/clip_fraction=0.052              │actor/clipped_ratio=0.935             │
│actor/dual_cliped_ratio=0.0000         │actor/dvac_current_mean=-4.229         │actor/dvac_current_std=0.533          │
│actor/dvac_history_mean=-4.257         │actor/dvac_history_std=0.549           │actor/dvac_warmup=0.0000              │
│actor/dvac_weight_ess_fraction=0.843   │actor/dvac_weight_mean=1.010           │actor/dvac_weight_sq_mean=1.210       │
│actor/dvac_z_high_clip_fraction=0.037  │actor/dvac_z_low_clip_fraction=0.0039  │actor/entropy_loss=0.0000             │
│actor/grad_norm=13.875                 │actor/lr=5.60e-06                      │actor/policy_loss=-1.46e-04           │
│actor/policy_loss_abs=0.150            │actor/ratio=0.943                      │actor/ratio_abs=0.061                 │
│actor/total_loss=-9.15e-06             │                                       │                                      │
│                                                                                                                      │
╰──────────────────────────────────────────────────────────────────────────────────────────────────────────────────────╯


╭──────────────────────────────────────────────────────────────────────────────────────────────────────────────────────╮
├──────────────────────────────────────────────────── Metric Table ────────────────────────────────────────────────────┤
│ Global Step:   34/100 │ Progress: █████████████░░░░░░░░░░░░░░░░░░░░░░░░░░░ │  34.0%                                  │
│ Elapsed: 01:36:21 │ ETA: 26:29:59 │ Step Time: 1445.446s                                                             │
├──────────────────────────────────────────────────────── Time ────────────────────────────────────────────────────────┤
│                                                                                                                      │
│actor/actor/compute_adv=0.0092         │actor/actor/recv_traj=1461.5           │actor/actor/sync_model_to_rollout=1.4…│
│actor/run_training=22.779              │actor_training=22.784                  │cal_adv_and_returns=0.015             │
│env/compute_bootstrap_rewards=0.0025   │env/env/bootstrap_step=1033.2          │env/env/send_rollout_trajectories=1.2…│
│env/env_interact_step=389.7            │env/interact=1460.6                    │env/run_interact_once=1460.6          │
│generate_rollouts=1461.5               │rollout/generate_one_epoch=1453.1      │rollout/predict=10.194                │
│rollout/rollout/generate=1458.8        │rollout/sync_model_from_actor=1.786    │step=1486.1                           │
│sync_weights=1.789                     │                                       │                                      │
│                                                                                                                      │
├──────────────────────────────────────────────────── Environment ─────────────────────────────────────────────────────┤
│                                                                                                                      │
│episode_len=200.0                      │num_trajectories=512                   │return=0.9316406                      │
│reward=0.0046582026                    │success_once=0.9316406                 │                                      │
│                                                                                                                      │
├────────────────────────────────────────────────────── Rollout ───────────────────────────────────────────────────────┤
│                                                                                                                      │
│advantages_max=2.475                   │advantages_mean=-0.111                 │advantages_min=-2.475                 │
│rewards=0.0047                         │                                       │                                      │
│                                                                                                                      │
├─────────────────────────────────────────────────── Training/Actor ───────────────────────────────────────────────────┤
│                                                                                                                      │
│actor/approx_kl=0.016                  │actor/clip_fraction=0.071              │actor/clipped_ratio=0.993             │
│actor/dual_cliped_ratio=0.0000         │actor/dvac_current_mean=-4.242         │actor/dvac_current_std=0.509          │
│actor/dvac_history_mean=-4.247         │actor/dvac_history_std=0.541           │actor/dvac_warmup=0.0000              │
│actor/dvac_weight_ess_fraction=0.840   │actor/dvac_weight_mean=0.993           │actor/dvac_weight_sq_mean=1.174       │
│actor/dvac_z_high_clip_fraction=0.031  │actor/dvac_z_low_clip_fraction=0.0048  │actor/entropy_loss=0.0000             │
│actor/grad_norm=17.561                 │actor/lr=5.60e-06                      │actor/policy_loss=9.96e-04            │
│actor/policy_loss_abs=0.200            │actor/ratio=1.001                      │actor/ratio_abs=0.083                 │
│actor/total_loss=6.23e-05              │                                       │                                      │
│                                                                                                                      │
╰──────────────────────────────────────────────────────────────────────────────────────────────────────────────────────╯


╭──────────────────────────────────────────────────────────────────────────────────────────────────────────────────────╮
├──────────────────────────────────────────────────── Metric Table ────────────────────────────────────────────────────┤
│ Global Step:   35/100 │ Progress: ██████████████░░░░░░░░░░░░░░░░░░░░░░░░░░ │  35.0%                                  │
│ Elapsed: 02:00:16 │ ETA: 26:03:30 │ Step Time: 1443.234s                                                             │
├──────────────────────────────────────────────────────── Time ────────────────────────────────────────────────────────┤
│                                                                                                                      │
│actor/actor/compute_adv=0.010          │actor/actor/recv_traj=1411.5           │actor/actor/sync_model_to_rollout=1.7…│
│actor/run_training=20.457              │actor_training=20.462                  │cal_adv_and_returns=0.017             │
│env/compute_bootstrap_rewards=0.0021   │env/env/bootstrap_step=1019.8          │env/env/send_rollout_trajectories=1.3…│
│env/env_interact_step=355.2            │env/interact=1410.7                    │env/run_interact_once=1410.7          │
│generate_rollouts=1411.5               │rollout/generate_one_epoch=1401.6      │rollout/predict=10.206                │
│rollout/rollout/generate=1407.5        │rollout/sync_model_from_actor=2.334    │step=1434.4                           │
│sync_weights=2.338                     │                                       │                                      │
│                                                                                                                      │
├──────────────────────────────────────────────────── Environment ─────────────────────────────────────────────────────┤
│                                                                                                                      │
│episode_len=200.0                      │num_trajectories=512                   │return=0.9667969                      │
│reward=0.004833984                     │success_once=0.9667969                 │                                      │
│                                                                                                                      │
├────────────────────────────────────────────────────── Rollout ───────────────────────────────────────────────────────┤
│                                                                                                                      │
│advantages_max=0.540                   │advantages_mean=-0.107                 │advantages_min=-2.475                 │
│rewards=0.0053                         │                                       │                                      │
│                                                                                                                      │
├─────────────────────────────────────────────────── Training/Actor ───────────────────────────────────────────────────┤
│                                                                                                                      │
│actor/approx_kl=0.012                  │actor/clip_fraction=0.026              │actor/clipped_ratio=0.730             │
│actor/dual_cliped_ratio=0.0000         │actor/dvac_current_mean=-4.188         │actor/dvac_current_std=0.514          │
│actor/dvac_history_mean=-4.244         │actor/dvac_history_std=0.534           │actor/dvac_warmup=0.0000              │
│actor/dvac_weight_ess_fraction=0.849   │actor/dvac_weight_mean=1.038           │actor/dvac_weight_sq_mean=1.268       │
│actor/dvac_z_high_clip_fraction=0.041  │actor/dvac_z_low_clip_fraction=0.0032  │actor/entropy_loss=0.0000             │
│actor/grad_norm=10.605                 │actor/lr=5.60e-06                      │actor/policy_loss=-4.72e-04           │
│actor/policy_loss_abs=0.072            │actor/ratio=0.728                      │actor/ratio_abs=0.040                 │
│actor/total_loss=-2.95e-05             │                                       │                                      │
│                                                                                                                      │
╰──────────────────────────────────────────────────────────────────────────────────────────────────────────────────────╯


╭──────────────────────────────────────────────────────────────────────────────────────────────────────────────────────╮
├──────────────────────────────────────────────────── Metric Table ────────────────────────────────────────────────────┤
│ Global Step:   36/100 │ Progress: ██████████████░░░░░░░░░░░░░░░░░░░░░░░░░░ │  36.0%                                  │
│ Elapsed: 02:20:48 │ ETA: 25:01:59 │ Step Time: 1408.122s                                                             │
├──────────────────────────────────────────────────────── Time ────────────────────────────────────────────────────────┤
│                                                                                                                      │
│actor/actor/compute_adv=0.0065         │actor/actor/recv_traj=1210.3           │actor/actor/sync_model_to_rollout=1.4…│
│actor/run_training=19.998              │actor_training=20.002                  │cal_adv_and_returns=0.012             │
│env/compute_bootstrap_rewards=0.0019   │env/env/bootstrap_step=856.0           │env/env/send_rollout_trajectories=0.7…│
│env/env_interact_step=338.0            │env/interact=1209.6                    │env/run_interact_once=1209.6          │
│generate_rollouts=1210.4               │rollout/generate_one_epoch=1203.8      │rollout/predict=9.898                 │
│rollout/rollout/generate=1208.1        │rollout/sync_model_from_actor=2.128    │step=1232.5                           │
│sync_weights=2.132                     │                                       │                                      │
│                                                                                                                      │
├──────────────────────────────────────────────────── Environment ─────────────────────────────────────────────────────┤
│                                                                                                                      │
│episode_len=200.0                      │num_trajectories=512                   │return=0.94921875                     │
│reward=0.0047460934                    │success_once=0.94921875                │                                      │
│                                                                                                                      │
├────────────────────────────────────────────────────── Rollout ───────────────────────────────────────────────────────┤
│                                                                                                                      │
│advantages_max=0.935                   │advantages_mean=-0.108                 │advantages_min=-2.475                 │
│rewards=0.0052                         │                                       │                                      │
│                                                                                                                      │
├─────────────────────────────────────────────────── Training/Actor ───────────────────────────────────────────────────┤
│                                                                                                                      │
│actor/approx_kl=0.013                  │actor/clip_fraction=0.042              │actor/clipped_ratio=0.991             │
│actor/dual_cliped_ratio=0.0000         │actor/dvac_current_mean=-4.202         │actor/dvac_current_std=0.514          │
│actor/dvac_history_mean=-4.228         │actor/dvac_history_std=0.527           │actor/dvac_warmup=0.0000              │
│actor/dvac_weight_ess_fraction=0.838   │actor/dvac_weight_mean=1.012           │actor/dvac_weight_sq_mean=1.222       │
│actor/dvac_z_high_clip_fraction=0.038  │actor/dvac_z_low_clip_fraction=0.0046  │actor/entropy_loss=0.0000             │
│actor/grad_norm=15.758                 │actor/lr=5.60e-06                      │actor/policy_loss=1.13e-04            │
│actor/policy_loss_abs=0.192            │actor/ratio=0.998                      │actor/ratio_abs=0.063                 │
│actor/total_loss=7.05e-06              │                                       │                                      │
│                                                                                                                      │
╰──────────────────────────────────────────────────────────────────────────────────────────────────────────────────────╯


╭──────────────────────────────────────────────────────────────────────────────────────────────────────────────────────╮
├──────────────────────────────────────────────────── Metric Table ────────────────────────────────────────────────────┤
│ Global Step:   37/100 │ Progress: ██████████████░░░░░░░░░░░░░░░░░░░░░░░░░░ │  37.0%                                  │
│ Elapsed: 02:42:03 │ ETA: 24:18:35 │ Step Time: 1389.136s                                                             │
├──────────────────────────────────────────────────────── Time ────────────────────────────────────────────────────────┤
│                                                                                                                      │
│actor/actor/compute_adv=0.0069         │actor/actor/recv_traj=1253.4           │actor/actor/sync_model_to_rollout=1.4…│
│actor/run_training=19.841              │actor_training=19.844                  │cal_adv_and_returns=0.011             │
│env/compute_bootstrap_rewards=0.0020   │env/env/bootstrap_step=885.6           │env/env/send_rollout_trajectories=0.7…│
│env/env_interact_step=333.3            │env/interact=1252.7                    │env/run_interact_once=1252.7          │
│generate_rollouts=1253.5               │rollout/generate_one_epoch=1246.7      │rollout/predict=9.803                 │
│rollout/rollout/generate=1250.5        │rollout/sync_model_from_actor=1.820    │step=1275.2                           │
│sync_weights=1.824                     │                                       │                                      │
│                                                                                                                      │
├──────────────────────────────────────────────────── Environment ─────────────────────────────────────────────────────┤
│                                                                                                                      │
│episode_len=200.0                      │num_trajectories=512                   │return=0.921875                       │
│reward=0.0046093743                    │success_once=0.921875                  │                                      │
│                                                                                                                      │
├────────────────────────────────────────────────────── Rollout ───────────────────────────────────────────────────────┤
│                                                                                                                      │
│advantages_max=2.475                   │advantages_mean=-0.108                 │advantages_min=-2.475                 │
│rewards=0.0049                         │                                       │                                      │
│                                                                                                                      │
├─────────────────────────────────────────────────── Training/Actor ───────────────────────────────────────────────────┤
│                                                                                                                      │
│actor/approx_kl=0.015                  │actor/clip_fraction=0.083              │actor/clipped_ratio=0.995             │
│actor/dual_cliped_ratio=0.0000         │actor/dvac_current_mean=-4.178         │actor/dvac_current_std=0.517          │
│actor/dvac_history_mean=-4.217         │actor/dvac_history_std=0.524           │actor/dvac_warmup=0.0000              │
│actor/dvac_weight_ess_fraction=0.842   │actor/dvac_weight_mean=1.021           │actor/dvac_weight_sq_mean=1.237       │
│actor/dvac_z_high_clip_fraction=0.038  │actor/dvac_z_low_clip_fraction=0.0040  │actor/entropy_loss=0.0000             │
│actor/grad_norm=23.203                 │actor/lr=5.60e-06                      │actor/policy_loss=-2.22e-04           │
│actor/policy_loss_abs=0.246            │actor/ratio=1.001                      │actor/ratio_abs=0.087                 │
│actor/total_loss=-1.39e-05             │                                       │                                      │
│                                                                                                                      │
╰──────────────────────────────────────────────────────────────────────────────────────────────────────────────────────╯


╭──────────────────────────────────────────────────────────────────────────────────────────────────────────────────────╮
├──────────────────────────────────────────────────── Metric Table ────────────────────────────────────────────────────┤
│ Global Step:   38/100 │ Progress: ███████████████░░░░░░░░░░░░░░░░░░░░░░░░░ │  38.0%                                  │
│ Elapsed: 03:05:20 │ ETA: 23:56:25 │ Step Time: 1390.092s                                                             │
├──────────────────────────────────────────────────────── Time ────────────────────────────────────────────────────────┤
│                                                                                                                      │
│actor/actor/compute_adv=0.0093         │actor/actor/recv_traj=1371.1           │actor/actor/sync_model_to_rollout=1.6…│
│actor/run_training=23.600              │actor_training=23.606                  │cal_adv_and_returns=0.016             │
│env/compute_bootstrap_rewards=0.0020   │env/env/bootstrap_step=978.1           │env/env/send_rollout_trajectories=1.3…│
│env/env_interact_step=363.9            │env/interact=1370.2                    │env/run_interact_once=1370.2          │
│generate_rollouts=1371.2               │rollout/generate_one_epoch=1363.7      │rollout/predict=10.049                │
│rollout/rollout/generate=1369.7        │rollout/sync_model_from_actor=1.936    │step=1396.8                           │
│sync_weights=1.938                     │                                       │                                      │
│                                                                                                                      │
├──────────────────────────────────────────────────── Environment ─────────────────────────────────────────────────────┤
│                                                                                                                      │
│episode_len=200.0                      │num_trajectories=512                   │return=0.9238281                      │
│reward=0.0046191406                    │success_once=0.9238281                 │                                      │
│                                                                                                                      │
├────────────────────────────────────────────────────── Rollout ───────────────────────────────────────────────────────┤
│                                                                                                                      │
│advantages_max=2.475                   │advantages_mean=-0.110                 │advantages_min=-2.475                 │
│rewards=0.0044                         │                                       │                                      │
│                                                                                                                      │
├─────────────────────────────────────────────────── Training/Actor ───────────────────────────────────────────────────┤
│                                                                                                                      │
│actor/approx_kl=0.016                  │actor/clip_fraction=0.054              │actor/clipped_ratio=0.743             │
│actor/dual_cliped_ratio=0.0000         │actor/dvac_current_mean=-4.153         │actor/dvac_current_std=0.511          │
│actor/dvac_history_mean=-4.208         │actor/dvac_history_std=0.518           │actor/dvac_warmup=0.0000              │
│actor/dvac_weight_ess_fraction=0.842   │actor/dvac_weight_mean=1.037           │actor/dvac_weight_sq_mean=1.278       │
│actor/dvac_z_high_clip_fraction=0.044  │actor/dvac_z_low_clip_fraction=0.0028  │actor/entropy_loss=0.0000             │
│actor/grad_norm=14.373                 │actor/lr=5.60e-06                      │actor/policy_loss=1.78e-04            │
│actor/policy_loss_abs=0.156            │actor/ratio=0.748                      │actor/ratio_abs=0.065                 │
│actor/total_loss=1.12e-05              │                                       │                                      │
│                                                                                                                      │
╰──────────────────────────────────────────────────────────────────────────────────────────────────────────────────────╯


╭──────────────────────────────────────────────────────────────────────────────────────────────────────────────────────╮
├──────────────────────────────────────────────────── Metric Table ────────────────────────────────────────────────────┤
│ Global Step:   39/100 │ Progress: ███████████████░░░░░░░░░░░░░░░░░░░░░░░░░ │  39.0%                                  │
│ Elapsed: 03:30:49 │ ETA: 23:48:54 │ Step Time: 1405.490s                                                             │
├──────────────────────────────────────────────────────── Time ────────────────────────────────────────────────────────┤
│                                                                                                                      │
│actor/actor/compute_adv=0.0078         │actor/actor/recv_traj=1503.4           │actor/actor/sync_model_to_rollout=2.0…│
│actor/run_training=22.743              │actor_training=22.749                  │cal_adv_and_returns=0.014             │
│env/compute_bootstrap_rewards=0.0021   │env/env/bootstrap_step=1070.6          │env/env/send_rollout_trajectories=1.3…│
│env/env_interact_step=390.9            │env/interact=1502.5                    │env/run_interact_once=1502.5          │
│generate_rollouts=1503.5               │rollout/generate_one_epoch=1493.9      │rollout/predict=10.246                │
│rollout/rollout/generate=1500.1        │rollout/sync_model_from_actor=2.352    │step=1528.6                           │
│sync_weights=2.357                     │                                       │                                      │
│                                                                                                                      │
├──────────────────────────────────────────────────── Environment ─────────────────────────────────────────────────────┤
│                                                                                                                      │
│episode_len=200.0                      │num_trajectories=512                   │return=0.91796875                     │
│reward=0.004589843                     │success_once=0.91796875                │                                      │
│                                                                                                                      │
├────────────────────────────────────────────────────── Rollout ───────────────────────────────────────────────────────┤
│                                                                                                                      │
│advantages_max=2.475                   │advantages_mean=-0.107                 │advantages_min=-2.475                 │
│rewards=0.0042                         │                                       │                                      │
│                                                                                                                      │
├─────────────────────────────────────────────────── Training/Actor ───────────────────────────────────────────────────┤
│                                                                                                                      │
│actor/approx_kl=0.013                  │actor/clip_fraction=0.047              │actor/clipped_ratio=0.700             │
│actor/dual_cliped_ratio=0.0000         │actor/dvac_current_mean=-4.161         │actor/dvac_current_std=0.499          │
│actor/dvac_history_mean=-4.193         │actor/dvac_history_std=0.514           │actor/dvac_warmup=0.0000              │
│actor/dvac_weight_ess_fraction=0.845   │actor/dvac_weight_mean=1.015           │actor/dvac_weight_sq_mean=1.220       │
│actor/dvac_z_high_clip_fraction=0.038  │actor/dvac_z_low_clip_fraction=0.0044  │actor/entropy_loss=0.0000             │
│actor/grad_norm=16.875                 │actor/lr=5.60e-06                      │actor/policy_loss=9.60e-04            │
│actor/policy_loss_abs=0.194            │actor/ratio=0.701                      │actor/ratio_abs=0.053                 │
│actor/total_loss=6.00e-05              │                                       │                                      │
│                                                                                                                      │
╰──────────────────────────────────────────────────────────────────────────────────────────────────────────────────────╯


╭──────────────────────────────────────────────────────────────────────────────────────────────────────────────────────╮
├──────────────────────────────────────────────────── Metric Table ────────────────────────────────────────────────────┤
│ Global Step:   40/100 │ Progress: ████████████████░░░░░░░░░░░░░░░░░░░░░░░░ │  40.0%                                  │
│ Elapsed: 04:01:45 │ ETA: 24:10:35 │ Step Time: 1450.593s                                                             │
├──────────────────────────────────────────────────────── Time ────────────────────────────────────────────────────────┤
│                                                                                                                      │
│actor/actor/compute_adv=0.0067         │actor/actor/recv_traj=1470.6           │actor/actor/sync_model_to_rollout=3.9…│
│actor/run_training=23.090              │actor_training=23.095                  │cal_adv_and_returns=0.014             │
│env/compute_bootstrap_rewards=0.0019   │env/env/bootstrap_step=1073.8          │env/env/send_rollout_trajectories=1.1…│
│env/env_interact_step=351.4            │env/evaluate=336.0                     │env/interact=1469.6                   │
│env/run_interact_once=1469.6           │eval=338.4                             │generate_rollouts=1470.7              │
│rollout/evaluate=184.4                 │rollout/generate_one_epoch=1459.4      │rollout/predict=11.571                │
│rollout/rollout/generate=1465.7        │rollout/sync_model_from_actor=4.665    │step=1856.5                           │
│sync_weights=2.301                     │                                       │                                      │
│                                                                                                                      │
├──────────────────────────────────────────────────── Environment ─────────────────────────────────────────────────────┤
│                                                                                                                      │
│episode_len=200.0                      │num_trajectories=512                   │return=0.9902344                      │
│reward=0.0049511716                    │success_once=0.9902344                 │                                      │
│                                                                                                                      │
├────────────────────────────────────────────────────── Rollout ───────────────────────────────────────────────────────┤
│                                                                                                                      │
│advantages_max=0.540                   │advantages_mean=-0.106                 │advantages_min=-2.475                 │
│rewards=0.0053                         │                                       │                                      │
│                                                                                                                      │
├───────────────────────────────────────────────────── Evaluation ─────────────────────────────────────────────────────┤
│                                                                                                                      │
│episode_len=200.0                      │num_trajectories=64                    │return=0.984375                       │
│reward=0.0049218745                    │success_at_end=0.984375                │success_once=0.984375                 │
│                                                                                                                      │
├─────────────────────────────────────────────────── Training/Actor ───────────────────────────────────────────────────┤
│                                                                                                                      │
│actor/approx_kl=0.014                  │actor/clip_fraction=0.034              │actor/clipped_ratio=0.602             │
│actor/dual_cliped_ratio=0.0000         │actor/dvac_current_mean=-4.163         │actor/dvac_current_std=0.464          │
│actor/dvac_history_mean=-4.177         │actor/dvac_history_std=0.511           │actor/dvac_warmup=0.0000              │
│actor/dvac_weight_ess_fraction=0.848   │actor/dvac_weight_mean=1.005           │actor/dvac_weight_sq_mean=1.191       │
│actor/dvac_z_high_clip_fraction=0.030  │actor/dvac_z_low_clip_fraction=0.0030  │actor/entropy_loss=0.0000             │
│actor/grad_norm=6.406                  │actor/lr=5.60e-06                      │actor/policy_loss=-6.36e-04           │
│actor/policy_loss_abs=0.041            │actor/ratio=0.602                      │actor/ratio_abs=0.039                 │
│actor/total_loss=-3.97e-05             │                                       │                                      │
│                                                                                                                      │
╰──────────────────────────────────────────────────────────────────────────────────────────────────────────────────────╯


╭──────────────────────────────────────────────────────────────────────────────────────────────────────────────────────╮
├──────────────────────────────────────────────────── Metric Table ────────────────────────────────────────────────────┤
│ Global Step:   41/100 │ Progress: ████████████████░░░░░░░░░░░░░░░░░░░░░░░░ │  41.0%                                  │
│ Elapsed: 04:28:09 │ ETA: 23:58:18 │ Step Time: 1462.680s                                                             │
├──────────────────────────────────────────────────────── Time ────────────────────────────────────────────────────────┤
│                                                                                                                      │
│actor/actor/compute_adv=0.0081         │actor/actor/recv_traj=1558.0           │actor/actor/sync_model_to_rollout=1.3…│
│actor/run_training=24.076              │actor_training=24.081                  │cal_adv_and_returns=0.015             │
│env/compute_bootstrap_rewards=0.0032   │env/env/bootstrap_step=1144.2          │env/env/send_rollout_trajectories=1.2…│
│env/env_interact_step=368.1            │env/interact=1557.1                    │env/run_interact_once=1557.1          │
│generate_rollouts=1558.1               │rollout/generate_one_epoch=1546.7      │rollout/predict=10.242                │
│rollout/rollout/generate=1553.8        │rollout/sync_model_from_actor=1.322    │step=1583.5                           │
│sync_weights=1.338                     │                                       │                                      │
│                                                                                                                      │
├──────────────────────────────────────────────────── Environment ─────────────────────────────────────────────────────┤
│                                                                                                                      │
│episode_len=200.0                      │num_trajectories=512                   │return=0.94921875                     │
│reward=0.0047460934                    │success_once=0.94921875                │                                      │
│                                                                                                                      │
├────────────────────────────────────────────────────── Rollout ───────────────────────────────────────────────────────┤
│                                                                                                                      │
│advantages_max=0.935                   │advantages_mean=-0.107                 │advantages_min=-2.475                 │
│rewards=0.0051                         │                                       │                                      │
│                                                                                                                      │
├─────────────────────────────────────────────────── Training/Actor ───────────────────────────────────────────────────┤
│                                                                                                                      │
│actor/approx_kl=0.023                  │actor/clip_fraction=0.082              │actor/clipped_ratio=0.992             │
│actor/dual_cliped_ratio=0.0000         │actor/dvac_current_mean=-4.155         │actor/dvac_current_std=0.486          │
│actor/dvac_history_mean=-4.171         │actor/dvac_history_std=0.502           │actor/dvac_warmup=0.0000              │
│actor/dvac_weight_ess_fraction=0.839   │actor/dvac_weight_mean=1.002           │actor/dvac_weight_sq_mean=1.197       │
│actor/dvac_z_high_clip_fraction=0.036  │actor/dvac_z_low_clip_fraction=0.0044  │actor/entropy_loss=0.0000             │
│actor/grad_norm=15.671                 │actor/lr=5.60e-06                      │actor/policy_loss=-2.64e-04           │
│actor/policy_loss_abs=0.189            │actor/ratio=0.997                      │actor/ratio_abs=0.090                 │
│actor/total_loss=-1.65e-05             │                                       │                                      │
│                                                                                                                      │
╰──────────────────────────────────────────────────────────────────────────────────────────────────────────────────────╯

