
╭──────────────────────────────────────────────────────────────────────────────────────────────────────────────────────╮
├──────────────────────────────────────────────────── Metric Table ────────────────────────────────────────────────────┤
│ Global Step:    1/1 │ Progress: ████████████████████████████████████████ │ 100.0%                                    │
│ Elapsed: 10:55 │ ETA: 00:00 │ Step Time: 655.644s                                                                    │
├──────────────────────────────────────────────────────── Time ────────────────────────────────────────────────────────┤
│                                                                                                                      │
│actor/actor/compute_adv=0.038          │actor/actor/recv_traj=501.3            │actor/actor/sync_model_to_rollout=9.3…│
│actor/run_training=14.429              │actor_training=14.434                  │cal_adv_and_returns=0.044             │
│env/compute_bootstrap_rewards=9.51e-04 │env/env/bootstrap_step=247.4           │env/env/send_rollout_trajectories=0.7…│
│env/env_interact_step=241.7            │env/evaluate=92.379                    │env/interact=500.6                    │
│env/run_interact_once=500.6            │eval=99.711                            │generate_rollouts=505.5               │
│rollout/evaluate=61.616                │rollout/generate_one_epoch=498.4       │rollout/predict=9.518                 │
│rollout/rollout/generate=505.5         │rollout/sync_model_from_actor=13.028   │step=655.6                            │
│sync_weights=6.606                     │                                       │                                      │
│                                                                                                                      │
├──────────────────────────────────────────────────── Environment ─────────────────────────────────────────────────────┤
│                                                                                                                      │
│episode_len=400.0                      │num_trajectories=64                    │return=0.15625                        │
│reward=0.00039062498                   │success_once=0.15625                   │                                      │
│                                                                                                                      │
├────────────────────────────────────────────────────── Rollout ───────────────────────────────────────────────────────┤
│                                                                                                                      │
│advantages_max=1.208                   │advantages_mean=-0.343                 │advantages_min=-0.935                 │
│rewards=0.0014                         │                                       │                                      │
│                                                                                                                      │
├───────────────────────────────────────────────────── Evaluation ─────────────────────────────────────────────────────┤
│                                                                                                                      │
│episode_len=400.0                      │num_trajectories=8                     │return=0.0                            │
│reward=0.0                             │success_at_end=0.0                     │success_once=0.0                      │
│                                                                                                                      │
├─────────────────────────────────────────────────── Training/Actor ───────────────────────────────────────────────────┤
│                                                                                                                      │
│actor/approx_kl=0.353                  │actor/clip_fraction=0.250              │actor/clipped_ratio=0.978             │
│actor/dual_cliped_ratio=0.0000         │actor/entropy_loss=0.0000              │actor/grad_norm=22.370                │
│actor/lr=5.00e-06                      │actor/policy_loss=-0.013               │actor/policy_loss_abs=0.351           │
│actor/ratio=0.957                      │actor/ratio_abs=0.227                  │actor/total_loss=-0.0016              │
│                                                                                                                      │
╰──────────────────────────────────────────────────────────────────────────────────────────────────────────────────────╯
