/data/chenyiteng/projects/rlinf-shenzhen/worktrees/fastwam-current-grpo/examples/embodiment/train_embodied_agent.py:35: Hydra14MigrationWarning: 
version_base="1.1" selects Hydra 1.1 compatibility behavior.
Hydra 1.4 will remove this compatibility behavior.
Before upgrading to Hydra 1.4, set version_base="1.3" and test your application.
See https://hydra.cc/docs/upgrades/1.3_to_1.4/prepare_for_1_4/ for preparation instructions.
  @hydra.main(
/home/chenyiteng/venvs/rlinf-7d07-openpi-robotwin/lib/python3.11/site-packages/hydra/_internal/hydra.py:119: UserWarning: Future Hydra versions will no longer change working directory at job runtime by default.
See https://hydra.cc/docs/1.2/upgrades/1.1_to_1.2/changes_to_job_working_dir/ for more information.
  ret = run_job(
[INFO 10:37:13 RLinf] RLinf Ray code sync is enabled (py_modules=('/data/chenyiteng/projects/rlinf-shenzhen/worktrees/fastwam-current-grpo/rlinf',)); workers receive only the rlinf package from the launch node. Disable with RLINF_CODE_WORKING_DIR=0.
2026-08-31 10:37:13,239	INFO worker.py:1683 -- Using address 172.17.0.1:6389 set in the environment variable RAY_ADDRESS
2026-08-31 10:37:13,248	INFO worker.py:1833 -- Connecting to existing Ray cluster at address: 172.17.0.1:6389...
2026-08-31 10:37:13,349	INFO worker.py:2015 -- Connected to Ray cluster. View the dashboard at [1m[32mhttp://127.0.0.1:8266 [39m[22m
2026-08-31 10:37:13,414	INFO packaging.py:734 -- Creating a file package for local module '/data/chenyiteng/projects/rlinf-shenzhen/worktrees/fastwam-current-grpo/rlinf'.
2026-08-31 10:37:13,520	INFO packaging.py:434 -- Pushing file package 'gcs://_ray_pkg_c35ef154d72ec33b.zip' (10.08MiB) to Ray cluster...
2026-08-31 10:37:13,558	INFO packaging.py:447 -- Successfully pushed file package 'gcs://_ray_pkg_c35ef154d72ec33b.zip'.
[INFO 10:37:13 RLinf] Ray namespace conflict detected. Retrying to initialize Cluster with a new namespace (attempt 1).
[INFO 10:37:13 RLinf] RLinf Ray code sync is enabled (py_modules=('/data/chenyiteng/projects/rlinf-shenzhen/worktrees/fastwam-current-grpo/rlinf',)); workers receive only the rlinf package from the launch node. Disable with RLINF_CODE_WORKING_DIR=0.
2026-08-31 10:37:13,882	INFO worker.py:1683 -- Using address 172.17.0.1:6389 set in the environment variable RAY_ADDRESS
2026-08-31 10:37:13,885	INFO worker.py:1833 -- Connecting to existing Ray cluster at address: 172.17.0.1:6389...
2026-08-31 10:37:13,949	INFO worker.py:2015 -- Connected to Ray cluster. View the dashboard at [1m[32mhttp://127.0.0.1:8266 [39m[22m
[INFO 10:37:14 RLinf] Ray namespace conflict detected. Retrying to initialize Cluster with a new namespace (attempt 2).
[INFO 10:37:14 RLinf] RLinf Ray code sync is enabled (py_modules=('/data/chenyiteng/projects/rlinf-shenzhen/worktrees/fastwam-current-grpo/rlinf',)); workers receive only the rlinf package from the launch node. Disable with RLINF_CODE_WORKING_DIR=0.
2026-08-31 10:37:14,288	INFO worker.py:1683 -- Using address 172.17.0.1:6389 set in the environment variable RAY_ADDRESS
2026-08-31 10:37:14,290	INFO worker.py:1833 -- Connecting to existing Ray cluster at address: 172.17.0.1:6389...
2026-08-31 10:37:14,345	INFO worker.py:2015 -- Connected to Ray cluster. View the dashboard at [1m[32mhttp://127.0.0.1:8266 [39m[22m
[INFO 10:37:16 RLinf] RLinf is running on a cluster with 1 node and 8 accelerators. The nodes' details are: 
node_labels: []
node_rank: 0
ray_id: 2730f38e60da6b4c0f68d8779893624a0917240589c544541c894c54
node_ip: 172.17.0.1
num_cpus: 128
python_interpreter_path: /home/chenyiteng/venvs/rlinf-7d07-openpi-robotwin/bin/python
hardware_resources:
- type: Accelerator
  infos:
  - type: Accelerator
    model: NV_GPU:H100 80GB HBM3
  - type: Accelerator
    model: NV_GPU:H100 80GB HBM3
  - type: Accelerator
    model: NV_GPU:H100 80GB HBM3
  - type: Accelerator
    model: NV_GPU:H100 80GB HBM3
  - type: Accelerator
    model: NV_GPU:H100 80GB HBM3
  - type: Accelerator
    model: NV_GPU:H100 80GB HBM3
  - type: Accelerator
    model: NV_GPU:H100 80GB HBM3
  - type: Accelerator
    model: NV_GPU:H100 80GB HBM3
profiler_backends: []

Node groups' details are: 
label: cluster
nodes: '0'
hardware_type: Accelerator
ignore_hardware: false
env_configs: null

label: node
nodes: '0'
hardware_type: null
ignore_hardware: true
env_configs: null

[INFO 10:37:17 FlexiblePlacementStrategy] 
[INFO 10:37:17 FlexiblePlacementStrategy] Using flexible placement with hardware ranks: [[2], [3]], node groups: ['cluster'].
[INFO 10:37:17 FlexiblePlacementStrategy] 
[INFO 10:37:17 FlexiblePlacementStrategy] Using flexible placement with hardware ranks: [[2], [3]], node groups: ['cluster'].
{
  "env": {
    "train": {
      "env_type": "robotwin",
      "total_num_envs": 32,
      "auto_reset": false,
      "ignore_terminations": false,
      "reward_coef": 1.0,
      "use_custom_reward": true,
      "use_rel_reward": true,
      "center_crop": false,
      "seed": 0,
      "group_size": 8,
      "use_fixed_reset_state_ids": false,
      "max_steps_per_rollout_epoch": 192,
      "max_episode_steps": 192,
      "is_eval": false,
      "assets_path": "/data/chenyiteng/projects/rlinf-shenzhen/RoboTwin-RLinf-support",
      "seeds_path": "/data/chenyiteng/projects/rlinf-shenzhen/worktrees/fastwam-current-grpo/rlinf/envs/robotwin/seeds/train_seeds.json",
      "video_cfg": {
        "save_video": false,
        "info_on_video": true,
        "video_base_dir": "/data/chenyiteng/results/rlinf-shenzhen/fastwam-grpo/runs/fastwam-grpo-smoke1-current-2gpu32x1-g8-b256-u1-m10-phys23-localshard-v1/video/train"
      },
      "enable_offload": false,
      "task_config": {
        "task_name": "move_stapler_pad",
        "step_lim": 192,
        "planner_backend": "mplib",
        "render_freq": 0,
        "episode_num": 100,
        "use_seed": false,
        "save_freq": 15,
        "embodiment": [
          "aloha-agilex"
        ],
        "language_num": 100,
        "domain_randomization": {
          "random_background": false,
          "cluttered_table": false,
          "clean_background_rate": 1,
          "random_head_camera_dis": 0,
          "random_table_height": 0,
          "random_light": false,
          "crazy_random_light_rate": 0
        },
        "camera": {
          "head_camera_type": "D435",
          "wrist_camera_type": "D435",
          "collect_head_camera": true,
          "collect_wrist_camera": true
        },
        "data_type": {
          "rgb": true,
          "third_view": false,
          "depth": false,
          "pointcloud": false,
          "observer": false,
          "endpose": false,
          "qpos": true,
          "mesh_segmentation": false,
          "actor_segmentation": false
        },
        "pcd_down_sample_num": 1024,
        "pcd_crop": true,
        "save_path": "/data/chenyiteng/results/rlinf-shenzhen/fastwam-grpo/runs/fastwam-grpo-smoke1-current-2gpu32x1-g8-b256-u1-m10-phys23-localshard-v1/robotwin_data/train",
        "clear_cache_freq": 1,
        "collect_data": true,
        "eval_video_log": true
      },
      "rollout_epoch": 1
    },
    "eval": {
      "env_type": "robotwin",
      "total_num_envs": 32,
      "auto_reset": true,
      "ignore_terminations": true,
      "reward_coef": 1.0,
      "use_custom_reward": true,
      "use_rel_reward": true,
      "center_crop": false,
      "seed": 0,
      "group_size": 1,
      "use_fixed_reset_state_ids": true,
      "max_steps_per_rollout_epoch": 192,
      "max_episode_steps": 192,
      "is_eval": true,
      "assets_path": "/data/chenyiteng/projects/rlinf-shenzhen/RoboTwin-RLinf-support",
      "seeds_path": "/data/chenyiteng/projects/rlinf-shenzhen/worktrees/fastwam-current-grpo/rlinf/envs/robotwin/seeds/eval_seeds.json",
      "video_cfg": {
        "save_video": false,
        "info_on_video": true,
        "video_base_dir": "/data/chenyiteng/results/rlinf-shenzhen/fastwam-grpo/runs/fastwam-grpo-smoke1-current-2gpu32x1-g8-b256-u1-m10-phys23-localshard-v1/video/eval"
      },
      "enable_offload": false,
      "task_config": {
        "task_name": "move_stapler_pad",
        "step_lim": 192,
        "planner_backend": "mplib",
        "render_freq": 0,
        "episode_num": 100,
        "use_seed": false,
        "save_freq": 15,
        "embodiment": [
          "aloha-agilex"
        ],
        "language_num": 100,
        "domain_randomization": {
          "random_background": false,
          "cluttered_table": false,
          "clean_background_rate": 1,
          "random_head_camera_dis": 0,
          "random_table_height": 0,
          "random_light": false,
          "crazy_random_light_rate": 0
        },
        "camera": {
          "head_camera_type": "D435",
          "wrist_camera_type": "D435",
          "collect_head_camera": true,
          "collect_wrist_camera": true
        },
        "data_type": {
          "rgb": true,
          "third_view": false,
          "depth": false,
          "pointcloud": false,
          "observer": false,
          "endpose": false,
          "qpos": true,
          "mesh_segmentation": false,
          "actor_segmentation": false
        },
        "pcd_down_sample_num": 1024,
        "pcd_crop": true,
        "save_path": "/data/chenyiteng/results/rlinf-shenzhen/fastwam-grpo/runs/fastwam-grpo-smoke1-current-2gpu32x1-g8-b256-u1-m10-phys23-localshard-v1/robotwin_data/eval",
        "clear_cache_freq": 1,
        "collect_data": true,
        "eval_video_log": true
      },
      "rollout_epoch": 1
    },
    "group_name": "EnvGroup",
    "enable_offload": true
  },
  "actor": {
    "model": {
      "model_type": "fastwam",
      "model_path": "/data/chenyiteng/models/fastwam/release-8eaceeb/robotwin_uncond_3cam_384.pt",
      "checkpoint_path": "/data/chenyiteng/models/fastwam/release-8eaceeb/robotwin_uncond_3cam_384.pt",
      "dataset_stats_path": "/data/chenyiteng/models/fastwam/release-8eaceeb/robotwin_uncond_3cam_384_dataset_stats.json",
      "precision": "bf16",
      "is_lora": false,
      "action_dim": 14,
      "action_horizon": 32,
      "num_action_chunks": 24,
      "num_inference_steps": 10,
      "sigma_shift": 5.0,
      "text_cfg_scale": 1.0,
      "negative_prompt": "",
      "rand_device": "cpu",
      "tiled": false,
      "model_forward_batch_size": 2,
      "eval_seed": 0,
      "add_value_head": false,
      "rl": {
        "noise_level": 0.3
      },
      "fastwam": {
        "config_name": "sim_robotwin",
        "task": "robotwin_uncond_3cam_384_1e-4"
      }
    },
    "fsdp_config": {
      "strategy": "fsdp2",
      "sharding_strategy": "full_shard",
      "gradient_checkpointing": false,
      "cpu_offload": false,
      "offload_pin_memory": false,
      "reshard_after_forward": true,
      "enable_gradient_accumulation": true,
      "forward_prefetch": false,
      "limit_all_gathers": false,
      "backward_prefetch": null,
      "use_orig_params": false,
      "use_liger_kernel": false,
      "mixed_precision": {
        "param_dtype": "bf16",
        "reduce_dtype": "bf16",
        "buffer_dtype": "bf16"
      },
      "amp_autocast": {
        "enabled": false,
        "precision": "bf16"
      },
      "grad_scaler": {
        "enabled": false,
        "init_scale": null,
        "growth_interval": null
      },
      "wrap_policy": {
        "no_split_names": [
          "__none__"
        ]
      },
      "save_full_model_weights": false,
      "checkpoint_format": "local_shard",
      "cast_forward_inputs": false
    },
    "group_name": "ActorGroup",
    "training_backend": "fsdp",
    "micro_batch_size": 2,
    "global_batch_size": 256,
    "seed": 1234,
    "enable_offload": false,
    "optim": {
      "lr": 5e-06,
      "value_lr": 0.00011,
      "adam_beta1": 0.9,
      "adam_beta2": 0.95,
      "adam_eps": 1e-08,
      "weight_decay": 0.01,
      "clip_grad": 1.0,
      "critic_warmup_steps": 0
    }
  },
  "rollout": {
    "model": {
      "model_type": "fastwam",
      "model_path": "/data/chenyiteng/models/fastwam/release-8eaceeb/robotwin_uncond_3cam_384.pt",
      "checkpoint_path": "/data/chenyiteng/models/fastwam/release-8eaceeb/robotwin_uncond_3cam_384.pt",
      "dataset_stats_path": "/data/chenyiteng/models/fastwam/release-8eaceeb/robotwin_uncond_3cam_384_dataset_stats.json",
      "precision": "bf16",
      "is_lora": false,
      "action_dim": 14,
      "action_horizon": 32,
      "num_action_chunks": 24,
      "num_inference_steps": 10,
      "sigma_shift": 5.0,
      "text_cfg_scale": 1.0,
      "negative_prompt": "",
      "rand_device": "cpu",
      "tiled": false,
      "model_forward_batch_size": 2,
      "eval_seed": 0,
      "add_value_head": false,
      "rl": {
        "noise_level": 0.3
      },
      "fastwam": {
        "config_name": "sim_robotwin",
        "task": "robotwin_uncond_3cam_384_1e-4"
      }
    },
    "group_name": "RolloutGroup",
    "backend": "huggingface",
    "recompute_logprobs": false,
    "collect_prev_infos": true,
    "enable_offload": true,
    "pipeline_stage_num": 1
  },
  "weight_syncer": {
    "type": "bucket",
    "bucket": {
      "bucket_size": 536870912,
      "bucket_dtype": null,
      "is_agent": false,
      "load_instant": true,
      "bucket_device": "cpu"
    }
  },
  "cluster": {
    "num_nodes": 1,
    "component_placement": {
      "actor, env, rollout": "2,3"
    },
    "tracer": {
      "enable": false
    }
  },
  "runner": {
    "task_type": "embodied",
    "logger": {
      "log_path": "/data/chenyiteng/results/rlinf-shenzhen/fastwam-grpo/runs/fastwam-grpo-smoke1-current-2gpu32x1-g8-b256-u1-m10-phys23-localshard-v1",
      "project_name": "rlinf",
      "experiment_name": "fastwam_grpo_smoke1_current",
      "logger_backends": [
        "tensorboard"
      ]
    },
    "max_epochs": 1000,
    "max_steps": 1,
    "only_eval": false,
    "val_check_interval": 1,
    "save_interval": 1,
    "weight_sync_interval": 1,
    "resume_dir": null,
    "ckpt_path": null,
    "per_worker_log": false,
    "per_worker_log_path": null,
    "overlap_env_bootstrap": false
  },
  "algorithm": {
    "normalize_advantages": true,
    "kl_penalty": "kl",
    "group_size": 8,
    "reward_coef": 1.0,
    "reward_type": "chunk_level",
    "logprob_type": "chunk_level",
    "entropy_type": "token_level",
    "update_epoch": 1,
    "adv_type": "grpo",
    "loss_type": "actor",
    "loss_agg_func": "token-mean",
    "kl_beta": 0.0,
    "entropy_bonus": 0,
    "clip_ratio_high": 0.2,
    "clip_ratio_low": 0.2,
    "clip_ratio_c": 3.0,
    "value_clip": 0.2,
    "huber_delta": 10.0,
    "gamma": 0.99,
    "gae_lambda": 0.95,
    "filter_rewards": true,
    "rewards_lower_bound": 0.1,
    "rewards_upper_bound": 0.9
  },
  "reward": {
    "use_reward_model": false
  },
  "critic": {
    "use_critic_model": false
  }
}
[INFO 10:37:17 FlexiblePlacementStrategy] 
[INFO 10:37:17 FlexiblePlacementStrategy] Using flexible placement with hardware ranks: [[2], [3]], node groups: ['cluster'].
[INFO 10:37:17 FlexiblePlacementStrategy] Generated 2 placements: [Placement(rank=0, cluster_node_rank=0, placement_node_rank=0, local_accelerator_rank=2, accelerator_type='NV_GPU', local_rank=0, local_world_size=2, visible_accelerators=['2'], isolate_accelerator=True, local_hardware_ranks=[2], node_group_label='cluster'), Placement(rank=1, cluster_node_rank=0, placement_node_rank=0, local_accelerator_rank=3, accelerator_type='NV_GPU', local_rank=1, local_world_size=2, visible_accelerators=['3'], isolate_accelerator=True, local_hardware_ranks=[3], node_group_label='cluster')].
[36m(_RemoteNodeProbe pid=23008)[0m /data/chenyiteng/projects/rlinf-shenzhen/worktrees/fastwam-current-grpo/rlinf/scheduler/cluster/node.py:532: UserWarning: Python interpreter used to launch Ray on node with IP 172.17.0.1 is different from that on the head node /home/chenyiteng/venvs/rlinf-7d07-openpi-robotwin/bin/python. Keep using the current interpreter /home/chenyiteng/venvs/rlinf-7d07-openpi-robotwin/bin/python3 on this node.
[36m(_RemoteNodeProbe pid=23008)[0m   warnings.warn(
[INFO 10:37:17 FlexiblePlacementStrategy] Generated 2 placements: [Placement(rank=0, cluster_node_rank=0, placement_node_rank=0, local_accelerator_rank=2, accelerator_type='NV_GPU', local_rank=0, local_world_size=2, visible_accelerators=['2'], isolate_accelerator=True, local_hardware_ranks=[2], node_group_label='cluster'), Placement(rank=1, cluster_node_rank=0, placement_node_rank=0, local_accelerator_rank=3, accelerator_type='NV_GPU', local_rank=1, local_world_size=2, visible_accelerators=['3'], isolate_accelerator=True, local_hardware_ranks=[3], node_group_label='cluster')].
[INFO 10:37:17 FlexiblePlacementStrategy] Generated 2 placements: [Placement(rank=0, cluster_node_rank=0, placement_node_rank=0, local_accelerator_rank=2, accelerator_type='NV_GPU', local_rank=0, local_world_size=2, visible_accelerators=['2'], isolate_accelerator=True, local_hardware_ranks=[2], node_group_label='cluster'), Placement(rank=1, cluster_node_rank=0, placement_node_rank=0, local_accelerator_rank=3, accelerator_type='NV_GPU', local_rank=1, local_world_size=2, visible_accelerators=['3'], isolate_accelerator=True, local_hardware_ranks=[3], node_group_label='cluster')].
[INFO 10:37:17 NodePlacementStrategy] 
[INFO 10:37:17 NodePlacementStrategy] Using node placement with node ranks: [0], node groups: ['node'].
[INFO 10:37:17 NodePlacementStrategy] Generated 1 placements: [Placement(rank=0, cluster_node_rank=0, placement_node_rank=0, local_accelerator_rank='0', accelerator_type='NV_GPU', local_rank=0, local_world_size=1, visible_accelerators=['0', '1', '2', '3', '4', '5', '6', '7'], isolate_accelerator=True, local_hardware_ranks=[], node_group_label='cluster')].
[INFO 10:37:17 NodePlacementStrategy] 
[INFO 10:37:17 NodePlacementStrategy] Using node placement with node ranks: [0], node groups: ['node'].
[INFO 10:37:17 NodePlacementStrategy] Generated 1 placements: [Placement(rank=0, cluster_node_rank=0, placement_node_rank=0, local_accelerator_rank='0', accelerator_type='NV_GPU', local_rank=0, local_world_size=1, visible_accelerators=['0', '1', '2', '3', '4', '5', '6', '7'], isolate_accelerator=True, local_hardware_ranks=[], node_group_label='cluster')].
[INFO 10:37:17 NodePlacementStrategy] 
[INFO 10:37:17 NodePlacementStrategy] Using node placement with node ranks: [0], node groups: ['node'].
[INFO 10:37:17 NodePlacementStrategy] Generated 1 placements: [Placement(rank=0, cluster_node_rank=0, placement_node_rank=0, local_accelerator_rank='0', accelerator_type='NV_GPU', local_rank=0, local_world_size=1, visible_accelerators=['0', '1', '2', '3', '4', '5', '6', '7'], isolate_accelerator=True, local_hardware_ranks=[], node_group_label='cluster')].
WARNING: All log messages before absl::InitializeLog() is called are written to STDERR
I0000 00:00:1788172637.898610   22296 port.cc:153] oneDNN custom operations are on. You may see slightly different numerical results due to floating-point round-off errors from different computation orders. To turn them off, set the environment variable `TF_ENABLE_ONEDNN_OPTS=0`.
I0000 00:00:1788172637.951550   22296 cpu_feature_guard.cc:227] This TensorFlow binary is optimized to use available CPU instructions in performance-critical operations.
To enable the following instructions: AVX2 AVX512F AVX512_VNNI AVX512_BF16 AVX512_FP16 AVX_VNNI AMX_TILE AMX_INT8 AMX_BF16 FMA, in other operations, rebuild TensorFlow with the appropriate compiler flags.
WARNING: All log messages before absl::InitializeLog() is called are written to STDERR
I0000 00:00:1788172639.610201   22296 port.cc:153] oneDNN custom operations are on. You may see slightly different numerical results due to floating-point round-off errors from different computation orders. To turn them off, set the environment variable `TF_ENABLE_ONEDNN_OPTS=0`.
[36m(MultiStepRolloutWorker pid=23420)[0m [INFO 10:37:22 FlexiblePlacementStrategy] 
[36m(MultiStepRolloutWorker pid=23420)[0m [INFO 10:37:22 FlexiblePlacementStrategy] Using flexible placement with hardware ranks: [[2], [3]], node groups: ['cluster'].
[36m(EnvWorker pid=23434)[0m [INFO 10:37:23 FlexiblePlacementStrategy] 
[36m(EnvWorker pid=23434)[0m [INFO 10:37:23 FlexiblePlacementStrategy] Using flexible placement with hardware ranks: [[2], [3]], node groups: ['cluster'].
[36m(EnvWorker pid=23451)[0m [INFO 10:37:23 FlexiblePlacementStrategy] 
[36m(EnvWorker pid=23451)[0m [INFO 10:37:23 FlexiblePlacementStrategy] Using flexible placement with hardware ranks: [[2], [3]], node groups: ['cluster'].
[36m(MultiStepRolloutWorker pid=23422)[0m [INFO 10:37:23 FlexiblePlacementStrategy] 
[36m(MultiStepRolloutWorker pid=23422)[0m [INFO 10:37:23 FlexiblePlacementStrategy] Using flexible placement with hardware ranks: [[2], [3]], node groups: ['cluster'].
[36m(EmbodiedFSDPActor pid=23399)[0m [WARNING 10:37:24 ActorGroup-Rank-0][fsdp_model_manager.py:79] Provided there is sufficient GPU memory, set the actor.model.precision parameter to fp32 to allow the optimizer to run in fp32 for better convergence. Meanwhile, setting mixed_precision.param_dtype to 16-bit dtype can help maximize speed, as it will automatically convert fp32 to fp16 during operator execution.
[36m(RolloutGroup(rank=0) pid=23420)[0m INFO:fastwam.models.wan22.helpers.loader:Loading Wan2.2-TI2V-5B components...
[36m(RolloutGroup(rank=0) pid=23420)[0m INFO:fastwam.models.wan22.helpers.loader:Skipping pretrained video DiT load (`skip_dit_load_from_pretrain=True`); initializing video expert randomly and expecting checkpoint override.
[36m(EmbodiedFSDPActor pid=23414)[0m [WARNING 10:37:25 ActorGroup-Rank-1][fsdp_model_manager.py:79] Provided there is sufficient GPU memory, set the actor.model.precision parameter to fp32 to allow the optimizer to run in fp32 for better convergence. Meanwhile, setting mixed_precision.param_dtype to 16-bit dtype can help maximize speed, as it will automatically convert fp32 to fp16 during operator execution.
[36m(EnvGroup(rank=0) pid=23434)[0m [W831 10:37:33.656065361 socket.cpp:207] [c10d] The hostname of the client socket cannot be retrieved. err=-3
[36m(EmbodiedFSDPActor pid=23399)[0m [W831 10:37:34.924164454 socket.cpp:207] [c10d] The hostname of the client socket cannot be retrieved. err=-3
[36m(EmbodiedFSDPActor pid=23414)[0m [INFO 10:37:36 FlexiblePlacementStrategy] 
[36m(EmbodiedFSDPActor pid=23414)[0m [INFO 10:37:36 FlexiblePlacementStrategy] Using flexible placement with hardware ranks: [[2], [3]], node groups: ['cluster'].
[36m(EmbodiedFSDPActor pid=23399)[0m [INFO 10:37:36 ActorGroup-Rank-0][fsdp_model_manager.py:133] [FSDP] AMP is disabled.
[36m(EmbodiedFSDPActor pid=23414)[0m [INFO 10:37:36 ActorGroup-Rank-1][fsdp_model_manager.py:133] [FSDP] AMP is disabled.
[36m(EmbodiedFSDPActor pid=23399)[0m [INFO 10:37:36 FlexiblePlacementStrategy] 
[36m(EmbodiedFSDPActor pid=23399)[0m [INFO 10:37:36 FlexiblePlacementStrategy] Using flexible placement with hardware ranks: [[2], [3]], node groups: ['cluster'].
[36m(RolloutGroup(rank=0) pid=23420)[0m INFO:fastwam.models.wan22.helpers.loader:Finished loading Wan2.2-TI2V-5B components in 74.94 seconds.
[36m(RolloutGroup(rank=0) pid=23420)[0m INFO:fastwam.models.wan22.action_dit:Skipping ActionDiT pretrained load (`skip_dit_load_from_pretrain=True`); initializing action expert randomly and expecting checkpoint override.
[36m(RolloutGroup(rank=0) pid=23420)[0m INFO:fastwam.models.wan22.mot:Initialized MoT with experts: ['video', 'action'], num_layers=30
[36m(RolloutGroup(rank=0) pid=23420)[0m INFO:fastwam.models.wan22.mot:  Expert 'video': num_params=5.00 B
[36m(RolloutGroup(rank=0) pid=23420)[0m INFO:fastwam.models.wan22.mot:  Expert 'action': num_params=1.02 B
[36m(RolloutGroup(rank=1) pid=23422)[0m [INFO 10:38:50 RolloutGroup-Rank-1][builder.py:312] Built Fast-WAM RoboTwin policy | checkpoint=/data/chenyiteng/models/fastwam/release-8eaceeb/robotwin_uncond_3cam_384.pt | stats=/data/chenyiteng/models/fastwam/release-8eaceeb/robotwin_uncond_3cam_384_dataset_stats.json | trainable_parameters=824 | H/N/S=32/24/10
[36m(RolloutGroup(rank=0) pid=23420)[0m [INFO 10:38:51 RolloutGroup-Rank-0][builder.py:312] Built Fast-WAM RoboTwin policy | checkpoint=/data/chenyiteng/models/fastwam/release-8eaceeb/robotwin_uncond_3cam_384.pt | stats=/data/chenyiteng/models/fastwam/release-8eaceeb/robotwin_uncond_3cam_384_dataset_stats.json | trainable_parameters=824 | H/N/S=32/24/10
[36m(ActorGroup(rank=0) pid=23399)[0m INFO:fastwam.models.wan22.helpers.loader:Loading Wan2.2-TI2V-5B components...
[36m(ActorGroup(rank=0) pid=23399)[0m INFO:fastwam.models.wan22.helpers.loader:Skipping pretrained video DiT load (`skip_dit_load_from_pretrain=True`); initializing video expert randomly and expecting checkpoint override.
[36m(ActorGroup(rank=0) pid=23399)[0m INFO:fastwam.models.wan22.helpers.loader:Finished loading Wan2.2-TI2V-5B components in 76.04 seconds.
[36m(ActorGroup(rank=0) pid=23399)[0m INFO:fastwam.models.wan22.action_dit:Skipping ActionDiT pretrained load (`skip_dit_load_from_pretrain=True`); initializing action expert randomly and expecting checkpoint override.
[36m(ActorGroup(rank=0) pid=23399)[0m INFO:fastwam.models.wan22.mot:Initialized MoT with experts: ['video', 'action'], num_layers=30
[36m(ActorGroup(rank=0) pid=23399)[0m INFO:fastwam.models.wan22.mot:  Expert 'video': num_params=5.00 B
[36m(ActorGroup(rank=0) pid=23399)[0m INFO:fastwam.models.wan22.mot:  Expert 'action': num_params=1.02 B
[36m(ActorGroup(rank=1) pid=23414)[0m [INFO 10:40:45 ActorGroup-Rank-1][builder.py:312] Built Fast-WAM RoboTwin policy | checkpoint=/data/chenyiteng/models/fastwam/release-8eaceeb/robotwin_uncond_3cam_384.pt | stats=/data/chenyiteng/models/fastwam/release-8eaceeb/robotwin_uncond_3cam_384_dataset_stats.json | trainable_parameters=824 | H/N/S=32/24/10
[36m(ActorGroup(rank=1) pid=23414)[0m [INFO 10:40:45 ActorGroup-Rank-1][fsdp_model_manager.py:294] [FSDP] Gradient checkpointing is disabled
[36m(ActorGroup(rank=0) pid=23399)[0m [INFO 10:40:49 ActorGroup-Rank-0][builder.py:312] Built Fast-WAM RoboTwin policy | checkpoint=/data/chenyiteng/models/fastwam/release-8eaceeb/robotwin_uncond_3cam_384.pt | stats=/data/chenyiteng/models/fastwam/release-8eaceeb/robotwin_uncond_3cam_384_dataset_stats.json | trainable_parameters=824 | H/N/S=32/24/10
[36m(ActorGroup(rank=0) pid=23399)[0m [INFO 10:40:49 ActorGroup-Rank-0][fsdp_model_manager.py:294] [FSDP] Gradient checkpointing is disabled
[36m(RolloutGroup(rank=0) pid=23420)[0m Generating Rollout Epochs:   0%|          | 0/1 [00:00<?, ?it/s]
[36m(EnvGroup(rank=1) pid=23451)[0m [W831 10:43:22.842476538 socket.cpp:207] [c10d] The hostname of the client socket cannot be retrieved. err=-3
[36m(RolloutGroup(rank=0) pid=23420)[0m Generating Rollout Epochs: 100%|██████████| 1/1 [04:53<00:00, 293.19s/it]Generating Rollout Epochs: 100%|██████████| 1/1 [04:53<00:00, 293.19s/it]
Exception occurred while running EmbodiedFSDPActor's function run_training: exception is [36mray::EmbodiedFSDPActor.run_training()[39m (pid=23414, ip=172.17.0.1, actor_id=0e34f39a207da48b521d828cfb000000, repr=ActorGroup(rank=1))
  File "/home/chenyiteng/.local/share/uv/python/cpython-3.11.14-linux-x86_64-gnu/lib/python3.11/concurrent/futures/_base.py", line 449, in result
    return self.__get_result()
           ^^^^^^^^^^^^^^^^^^^
  File "/home/chenyiteng/.local/share/uv/python/cpython-3.11.14-linux-x86_64-gnu/lib/python3.11/concurrent/futures/_base.py", line 401, in __get_result
    raise self._exception
           ^^^^^^^^^^^^^^^^^^^^^
           ^^^^^^^^^^^^^^^^^^^^^^^^^^^^^^^^^^^^
           ^^^^^^^^^^^^^^^^^^^^^^^^^^^^^^^
  File "/data/chenyiteng/ray/rlt-dsrl-v3/session_2026-08-23_16-27-53_911161_321906/runtime_resources/py_modules_files/_ray_pkg_c35ef154d72ec33b/rlinf/scheduler/worker/worker.py", line 81, in sync_func
    return func(*args, **kwargs)
           ^^^^^^^^^^^^^^^^^^^^^
  File "/data/chenyiteng/ray/rlt-dsrl-v3/session_2026-08-23_16-27-53_911161_321906/runtime_resources/py_modules_files/_ray_pkg_c35ef154d72ec33b/rlinf/scheduler/worker/worker.py", line 1372, in wrapper
    return func(self, *args, **kwargs)
           ^^^^^^^^^^^^^^^^^^^^^^^^^^^
  File "/data/chenyiteng/ray/rlt-dsrl-v3/session_2026-08-23_16-27-53_911161_321906/runtime_resources/py_modules_files/_ray_pkg_c35ef154d72ec33b/rlinf/workers/actor/embodied_fsdp_actor_worker.py", line 553, in run_training
    self.train_micro_batch(
           ^^^^^^^^^^^^^^^^^^^^^^^^^^^^^^^
  File "/data/chenyiteng/ray/rlt-dsrl-v3/session_2026-08-23_16-27-53_911161_321906/runtime_resources/py_modules_files/_ray_pkg_c35ef154d72ec33b/rlinf/scheduler/worker/worker.py", line 81, in sync_func
    return func(*args, **kwargs)
           ^^^^^^^^^^^^^^^^^^^^^
  File "/data/chenyiteng/ray/rlt-dsrl-v3/session_2026-08-23_16-27-53_911161_321906/runtime_resources/py_modules_files/_ray_pkg_c35ef154d72ec33b/rlinf/workers/actor/embodied_fsdp_actor_worker.py", line 625, in train_micro_batch
    output_dict = self.model(
                  ^^^^^^^^^^^
  File "/home/chenyiteng/venvs/rlinf-7d07-openpi-robotwin/lib/python3.11/site-packages/torch/nn/modules/module.py", line 1779, in _wrapped_call_impl
    return self._call_impl(*args, **kwargs)
           ^^^^^^^^^^^^^^^^^^^^^^^^^^^^^^^^
  File "/home/chenyiteng/venvs/rlinf-7d07-openpi-robotwin/lib/python3.11/site-packages/torch/nn/modules/module.py", line 1885, in _call_impl
    return inner()
           ^^^^^^^
  File "/home/chenyiteng/venvs/rlinf-7d07-openpi-robotwin/lib/python3.11/site-packages/torch/nn/modules/module.py", line 1812, in inner
    args_kwargs_result = hook(self, args, kwargs)  # type: ignore[misc]
                         ^^^^^^^^^^^^^^^^^^^^^^^^
  File "/home/chenyiteng/venvs/rlinf-7d07-openpi-robotwin/lib/python3.11/site-packages/torch/distributed/fsdp/_fully_shard/_fsdp_state.py", line 64, in fsdp_hook_wrapper
    return torch._dynamo.disable(
           ^^^^^^^^^^^^^^^^^^^^^^
  File "/home/chenyiteng/venvs/rlinf-7d07-openpi-robotwin/lib/python3.11/site-packages/torch/_dynamo/eval_frame.py", line 1263, in _fn
    return fn(*args, **kwargs)
           ^^^^^^^^^^^^^^^^^^^
  File "/home/chenyiteng/venvs/rlinf-7d07-openpi-robotwin/lib/python3.11/site-packages/torch/distributed/fsdp/_fully_shard/_fsdp_state.py", line 268, in _pre_forward
    args, kwargs = self._fsdp_param_group.pre_forward(module, args, kwargs)
                   ^^^^^^^^^^^^^^^^^^^^^^^^^^^^^^^^^^^^^^^^^^^^^^^^^^^^^^^^
  File "/home/chenyiteng/venvs/rlinf-7d07-openpi-robotwin/lib/python3.11/site-packages/torch/distributed/fsdp/_fully_shard/_fsdp_param_group.py", line 450, in pre_forward
    self.wait_for_unshard()
  File "/home/chenyiteng/venvs/rlinf-7d07-openpi-robotwin/lib/python3.11/site-packages/torch/distributed/fsdp/_fully_shard/_fsdp_param_group.py", line 395, in wait_for_unshard
    foreach_all_gather_copy_out(
  File "/home/chenyiteng/venvs/rlinf-7d07-openpi-robotwin/lib/python3.11/site-packages/torch/utils/_contextlib.py", line 124, in decorate_context
    return func(*args, **kwargs)
           ^^^^^^^^^^^^^^^^^^^^^
  File "/home/chenyiteng/venvs/rlinf-7d07-openpi-robotwin/lib/python3.11/site-packages/torch/distributed/fsdp/_fully_shard/_fsdp_collectives.py", line 383, in foreach_all_gather_copy_out
    fsdp_param.alloc_all_gather_outputs()
  File "/home/chenyiteng/venvs/rlinf-7d07-openpi-robotwin/lib/python3.11/site-packages/torch/distributed/fsdp/_fully_shard/_fsdp_param.py", line 693, in alloc_all_gather_outputs
    alloc_storage(tensor)
  File "/home/chenyiteng/venvs/rlinf-7d07-openpi-robotwin/lib/python3.11/site-packages/torch/distributed/fsdp/_fully_shard/_fsdp_param.py", line 931, in alloc_storage
    storage.resize_(size)
torch.OutOfMemoryError: CUDA out of memory. Tried to allocate 80.00 MiB. GPU 0 has a total capacity of 79.18 GiB of which 60.00 MiB is free. Process 23451 has 18.83 GiB memory in use. Including non-PyTorch memory, this process has 59.48 GiB memory in use. Process 23422 has 790.00 MiB memory in use. Of the allocated memory 57.20 GiB is allocated by PyTorch, and 607.26 MiB is reserved by PyTorch but unallocated. If reserved but unallocated memory is large try setting PYTORCH_CUDA_ALLOC_CONF=expandable_segments:True to avoid fragmentation.  See documentation for Memory Management  (https://docs.pytorch.org/docs/stable/notes/cuda.html#optimizing-memory-usage-with-pytorch-cuda-alloc-conf)
Exiting main process due to a failure upon worker execution.
