
╭──────────────────────────────────────────────────────────────────────────────────────────────────────────────────────╮
├──────────────────────────────────────────────────── Metric Table ────────────────────────────────────────────────────┤
│ Global Step:    1/1 │ Progress: ████████████████████████████████████████ │ 100.0%                                    │
│ Elapsed: 00:30 │ ETA: 00:00 │ Step Time: 30.244s                                                                     │
├──────────────────────────────────────────────────────── Time ────────────────────────────────────────────────────────┤
│                                                                                                                      │
│actor/actor/compute_adv=3.64e-05       │actor/actor/recv_traj=26.782           │actor/actor/sync_model_to_rollout=1.7…│
│actor/forward_actor=0.022              │actor/forward_critic=0.306             │actor/sample=0.0019                   │
│actor/update_one_epoch=0.553           │actor_training=0.562                   │cal_adv_and_returns=0.0044            │
│env/compute_bootstrap_rewards=2.89e-04 │env/env/bootstrap_step=19.356          │env/env/send_rollout_trajectories=0.5…│
│env/env_interact_step=2.453            │env/interact=26.345                    │env/run_interact_once=25.191          │
│generate_rollouts=26.830               │rollout/generate_one_epoch=24.649      │rollout/rollout/generate=24.650       │
│rollout/sync_model_from_actor=2.194    │step=30.182                            │sync_weights=2.199                    │
│                                                                                                                      │
├──────────────────────────────────────────────────── Environment ─────────────────────────────────────────────────────┤
│                                                                                                                      │
│episode_len=20.0                       │num_trajectories=4                     │return=0.0                            │
│reward=0.0                             │success_once=0.0                       │                                      │
│                                                                                                                      │
├─────────────────────────────────────────────────── Replay Buffer ────────────────────────────────────────────────────┤
│                                                                                                                      │
│cache_size=4.000                       │num_trajectories=4.000                 │total_samples=4.000                   │
│                                                                                                                      │
├─────────────────────────────────────────────────── Training/Actor ───────────────────────────────────────────────────┤
│                                                                                                                      │
│actor/action_ref_abs_mean=0.456        │actor/actor_weight_in_warmup=1.000     │actor/actor_weight_ramp_progress=0.00…│
│actor/actor_weight_schedule_enabled=1.…│actor/bc_human_loss=0.0000             │actor/bc_loss=0.398                   │
│actor/bc_ref_loss=0.398                │actor/bc_weight=7.000                  │actor/entropy=-670.4                  │
│actor/grad_norm=5.290                  │actor/human_mask_ratio=0.0000          │actor/lr=1.00e-04                     │
│actor/policy_mask_ratio=1.000          │actor/q_pi=0.154                       │actor/q_value_0=0.154                 │
│actor/q_value_1=-0.265                 │actor/q_weight=0.050                   │actor/reference_dropout_prob=0.500    │
│actor/weighted_bc=2.783                │actor/weighted_q=0.0077                │                                      │
│                                                                                                                      │
├────────────────────────────────────────────────── Training/Critic ───────────────────────────────────────────────────┤
│                                                                                                                      │
│critic/grad_norm=1.283                 │critic/lr=1.00e-04                     │critic/q_data=-0.056                  │
│                                                                                                                      │
├─────────────────────────────────────────────────── Training/Other ───────────────────────────────────────────────────┤
│                                                                                                                      │
│alpha/grad_norm=0.0000                 │replay/actor_switch_rate=0.0000        │replay/done_rate=0.500                │
│replay/intervention_rate=0.0000        │replay/intervention_requested_rate=0.0…│replay/record_transition_rate=1.000   │
│replay/reward_mean=0.0000              │replay/reward_positive_rate=0.0000     │replay/transition_count=4.000         │
│rlt/actor_updates_run=1.000            │rlt/critic_updates_run=1.000           │rlt/desired_total_updates=1.000       │
│rlt/global_min_replay_size=4.000       │rlt/global_total_transitions_added=8.0…│rlt/global_transitions_since_train=8.…│
│rlt/max_updates_per_train_step=1.000   │rlt/min_replay_buffer_size=2.000       │rlt/pending_update_budget=0.0000      │
│rlt/ready_for_online=0.0000            │rlt/should_train=1.000                 │rlt/skip_reason=0.0000                │
│rlt/train_every_episodes=0.0000        │rlt/train_every_transitions=1.000      │rlt/update_epoch=5.000                │
│rlt/update_step=0.0000                 │rlt/updates_scheduled=1.000            │rlt/updates_to_run=1.000              │
│rlt/warmup_required_updates=1.000      │sac/actor_loss=2.776                   │sac/alpha=0.0000                      │
│sac/alpha_loss=0.0000                  │sac/critic_loss=0.0085                 │                                      │
│                                                                                                                      │
╰──────────────────────────────────────────────────────────────────────────────────────────────────────────────────────╯

