/data/chenyiteng/projects/rlinf-current-dsrl/RLinf-7d07-dsrl-robotwin/examples/embodiment/train_embodied_agent.py:35: Hydra14MigrationWarning: 
version_base="1.1" selects Hydra 1.1 compatibility behavior.
Hydra 1.4 will remove this compatibility behavior.
Before upgrading to Hydra 1.4, set version_base="1.3" and test your application.
See https://hydra.cc/docs/upgrades/1.3_to_1.4/prepare_for_1_4/ for preparation instructions.
  @hydra.main(
/home/chenyiteng/venvs/rlinf-7d07-openpi-robotwin/lib/python3.11/site-packages/hydra/_internal/hydra.py:119: UserWarning: Future Hydra versions will no longer change working directory at job runtime by default.
See https://hydra.cc/docs/1.2/upgrades/1.1_to_1.2/changes_to_job_working_dir/ for more information.
  ret = run_job(
2026-08-23 14:05:49,480	INFO worker.py:2015 -- Started a local Ray instance. View the dashboard at [1m[32mhttp://127.0.0.1:8265 [39m[22m
[INFO 14:05:51 RLinf] RLinf is running on a cluster with 1 node and 8 accelerators. The nodes' details are: 
node_labels: []
node_rank: 0
ray_id: 31d6efbd29ccf0090472abc4775c5825d5e14d84e39bcb879dfc1f51
node_ip: 120.241.223.9
num_cpus: 128
python_interpreter_path: /home/chenyiteng/venvs/rlinf-7d07-openpi-robotwin/bin/python
hardware_resources:
- type: Accelerator
  infos:
  - type: Accelerator
    model: NV_GPU:H100 80GB HBM3
  - type: Accelerator
    model: NV_GPU:H100 80GB HBM3
  - type: Accelerator
    model: NV_GPU:H100 80GB HBM3
  - type: Accelerator
    model: NV_GPU:H100 80GB HBM3
  - type: Accelerator
    model: NV_GPU:H100 80GB HBM3
  - type: Accelerator
    model: NV_GPU:H100 80GB HBM3
  - type: Accelerator
    model: NV_GPU:H100 80GB HBM3
  - type: Accelerator
    model: NV_GPU:H100 80GB HBM3
profiler_backends: []

Node groups' details are: 
label: cluster
nodes: '0'
hardware_type: Accelerator
ignore_hardware: false
env_configs: null

label: node
nodes: '0'
hardware_type: null
ignore_hardware: true
env_configs: null

[INFO 14:05:51 FlexiblePlacementStrategy] 
[INFO 14:05:51 FlexiblePlacementStrategy] Using flexible placement with hardware ranks: [[6], [7]], node groups: ['cluster'].
[INFO 14:05:51 FlexiblePlacementStrategy] 
[INFO 14:05:51 FlexiblePlacementStrategy] Using flexible placement with hardware ranks: [[6], [7]], node groups: ['cluster'].
{
  "env": {
    "train": {
      "env_type": "robotwin",
      "total_num_envs": 4,
      "auto_reset": false,
      "ignore_terminations": false,
      "reward_coef": 1.0,
      "use_custom_reward": true,
      "use_rel_reward": false,
      "center_crop": false,
      "seed": 0,
      "group_size": 1,
      "use_fixed_reset_state_ids": false,
      "max_steps_per_rollout_epoch": 200,
      "max_episode_steps": 200,
      "is_eval": false,
      "assets_path": "/data/chenyiteng/projects/rlinf-shenzhen/RoboTwin-RLinf-support",
      "seeds_path": "/data/chenyiteng/projects/rlinf-current-dsrl/RLinf-7d07-dsrl-robotwin/rlinf/envs/robotwin/seeds/train_seeds.json",
      "video_cfg": {
        "save_video": false,
        "info_on_video": true,
        "video_base_dir": "/data/chenyiteng/results/rlinf-current-dsrl/smoke-dsrl-pi0-robotwin-2gpu4env-warm4-20260823/fresh/video/train"
      },
      "enable_offload": true,
      "task_config": {
        "task_name": "adjust_bottle",
        "step_lim": 200,
        "planner_backend": "mplib",
        "render_freq": 0,
        "episode_num": 100,
        "use_seed": false,
        "save_freq": 15,
        "embodiment": [
          "aloha-agilex"
        ],
        "language_num": 100,
        "domain_randomization": {
          "random_background": false,
          "cluttered_table": false,
          "clean_background_rate": 1,
          "random_head_camera_dis": 0,
          "random_table_height": 0,
          "random_light": false,
          "crazy_random_light_rate": 0
        },
        "camera": {
          "head_camera_type": "D435",
          "wrist_camera_type": "D435",
          "collect_head_camera": true,
          "collect_wrist_camera": true
        },
        "data_type": {
          "rgb": true,
          "third_view": false,
          "depth": false,
          "pointcloud": false,
          "observer": false,
          "endpose": false,
          "qpos": true,
          "mesh_segmentation": false,
          "actor_segmentation": false
        },
        "pcd_down_sample_num": 1024,
        "pcd_crop": true,
        "save_path": "./data",
        "clear_cache_freq": 1,
        "collect_data": true,
        "eval_video_log": true
      },
      "rollout_epoch": 1
    },
    "eval": {
      "env_type": "robotwin",
      "total_num_envs": 4,
      "auto_reset": true,
      "ignore_terminations": true,
      "reward_coef": 1.0,
      "use_custom_reward": true,
      "use_rel_reward": false,
      "center_crop": false,
      "seed": 0,
      "group_size": 1,
      "use_fixed_reset_state_ids": false,
      "max_steps_per_rollout_epoch": 200,
      "max_episode_steps": 200,
      "is_eval": true,
      "assets_path": "/data/chenyiteng/projects/rlinf-shenzhen/RoboTwin-RLinf-support",
      "seeds_path": "/data/chenyiteng/projects/rlinf-current-dsrl/RLinf-7d07-dsrl-robotwin/rlinf/envs/robotwin/seeds/eval_seeds.json",
      "video_cfg": {
        "save_video": false,
        "info_on_video": true,
        "video_base_dir": "/data/chenyiteng/results/rlinf-current-dsrl/smoke-dsrl-pi0-robotwin-2gpu4env-warm4-20260823/fresh/video/eval"
      },
      "enable_offload": false,
      "task_config": {
        "task_name": "adjust_bottle",
        "step_lim": 200,
        "planner_backend": "mplib",
        "render_freq": 0,
        "episode_num": 100,
        "use_seed": false,
        "save_freq": 15,
        "embodiment": [
          "aloha-agilex"
        ],
        "language_num": 100,
        "domain_randomization": {
          "random_background": false,
          "cluttered_table": false,
          "clean_background_rate": 1,
          "random_head_camera_dis": 0,
          "random_table_height": 0,
          "random_light": false,
          "crazy_random_light_rate": 0
        },
        "camera": {
          "head_camera_type": "D435",
          "wrist_camera_type": "D435",
          "collect_head_camera": true,
          "collect_wrist_camera": true
        },
        "data_type": {
          "rgb": true,
          "third_view": false,
          "depth": false,
          "pointcloud": false,
          "observer": false,
          "endpose": false,
          "qpos": true,
          "mesh_segmentation": false,
          "actor_segmentation": false
        },
        "pcd_down_sample_num": 1024,
        "pcd_crop": true,
        "save_path": "./data",
        "clear_cache_freq": 1,
        "collect_data": true,
        "eval_video_log": true
      },
      "rollout_epoch": 3
    },
    "group_name": "EnvGroup",
    "enable_offload": true
  },
  "actor": {
    "model": {
      "model_type": "openpi",
      "model_path": "/data/chenyiteng/models/rlinf/RLinf-Pi0-RoboTwin-SFT-adjust_bottle@92684e50",
      "precision": null,
      "num_action_chunks": 20,
      "action_dim": 14,
      "is_lora": false,
      "lora_rank": 32,
      "use_proprio": true,
      "num_steps": 4,
      "add_value_head": false,
      "openpi": {
        "config_name": "pi0_aloha_robotwin",
        "num_images_in_input": 3,
        "noise_level": 0.5,
        "action_chunk": 20,
        "num_steps": 4,
        "train_expert_only": true,
        "action_env_dim": 14,
        "noise_method": "flow_ode",
        "add_value_head": false,
        "detach_critic_input": true,
        "use_dsrl": true,
        "dsrl_state_dim": 14,
        "dsrl_action_noise_dim": 32,
        "dsrl_num_q_heads": 10,
        "dsrl_agg_q": "mean",
        "dsrl_image_latent_dim": 64,
        "dsrl_state_latent_dim": 64,
        "dsrl_hidden_dims": [
          128,
          128,
          128
        ],
        "action_horizon": 50,
        "rtc_enabled": false,
        "dsrl_gaussian_warmup": true,
        "dsrl_eval_deterministic": false
      },
      "add_q_head": true,
      "q_head_type": "default"
    },
    "fsdp_config": {
      "strategy": "fsdp",
      "sharding_strategy": "no_shard",
      "gradient_checkpointing": false,
      "cpu_offload": false,
      "offload_pin_memory": false,
      "reshard_after_forward": true,
      "enable_gradient_accumulation": true,
      "forward_prefetch": false,
      "limit_all_gathers": false,
      "backward_prefetch": null,
      "use_orig_params": true,
      "use_liger_kernel": false,
      "mixed_precision": {
        "param_dtype": null,
        "reduce_dtype": null,
        "buffer_dtype": null
      },
      "amp_autocast": {
        "enabled": false,
        "precision": "bf16"
      },
      "grad_scaler": {
        "enabled": false,
        "init_scale": null,
        "growth_interval": null
      },
      "save_full_model_weights": false
    },
    "group_name": "ActorGroup",
    "training_backend": "fsdp",
    "micro_batch_size": 64,
    "global_batch_size": 256,
    "seed": 1234,
    "enable_offload": false,
    "enable_drq": true,
    "compile_model": false,
    "optim": {
      "lr": 0.0001,
      "adam_beta1": 0.9,
      "adam_beta2": 0.96,
      "adam_eps": 1e-08,
      "clip_grad": 3.5
    },
    "critic_optim": {
      "lr": 0.0003,
      "clip_grad": 10.0,
      "lr_scheduler": "torch_constant"
    }
  },
  "weight_syncer": {
    "type": "patch",
    "patch": {
      "snapshot_device": "cpu",
      "delta_encoding": true,
      "compression": "none",
      "init_sync": {
        "enabled": true,
        "prefixes": null,
        "bucket_size": 134217728
      },
      "transport_device": "cpu"
    }
  },
  "cluster": {
    "num_nodes": 1,
    "component_placement": {
      "actor, env, rollout": "6-7"
    },
    "tracer": {
      "enable": false
    }
  },
  "runner": {
    "task_type": "embodied",
    "logger": {
      "log_path": "/data/chenyiteng/results/rlinf-current-dsrl/smoke-dsrl-pi0-robotwin-2gpu4env-warm4-20260823/fresh",
      "project_name": "rlinf",
      "experiment_name": "dsrl-fresh-step1",
      "logger_backends": [
        "tensorboard"
      ]
    },
    "max_epochs": 1000,
    "max_steps": 1,
    "only_eval": false,
    "val_check_interval": -1,
    "save_interval": 1,
    "resume_dir": null,
    "ckpt_path": null,
    "per_worker_log": false,
    "per_worker_log_path": null,
    "weight_sync_interval": 1,
    "overlap_env_bootstrap": false
  },
  "algorithm": {
    "normalize_advantages": false,
    "kl_penalty": "kl",
    "group_size": 1,
    "reward_coef": 1.0,
    "reward_type": "chunk_level",
    "logprob_type": "chunk_level",
    "entropy_type": "token_level",
    "update_epoch": 1,
    "utd_ratio": 20,
    "adv_type": "embodied_sac",
    "loss_type": "embodied_sac",
    "loss_agg_func": "token-mean",
    "agg_q": "mean",
    "actor_agg_q": "mean",
    "backup_entropy": false,
    "critic_subsample_size": 0,
    "critic_actor_ratio": 1,
    "bootstrap_type": "standard",
    "gamma": 0.999,
    "tau": 0.005,
    "entropy_tuning": {
      "alpha_type": "softplus",
      "initial_alpha": 1.0,
      "target_entropy": -16,
      "optim": {
        "lr": 0.0003,
        "lr_scheduler": "torch_constant",
        "clip_grad": 10.0
      }
    },
    "replay_buffer": {
      "type": "dsrl_transition",
      "schema_version": 1,
      "capacity": 25000,
      "warmup_size": 4,
      "min_buffer_size": 1,
      "enable_preload": false
    },
    "target_update_freq": 1,
    "target_update_type": "all",
    "filter_rewards": false,
    "rewards_lower_bound": 0.1,
    "rewards_upper_bound": 0.9
  },
  "rollout": {
    "group_name": "RolloutGroup",
    "backend": "huggingface",
    "recompute_logprobs": false,
    "enable_offload": false,
    "pipeline_stage_num": 1,
    "collect_transitions": true,
    "collect_prev_infos": false,
    "model": {
      "model_path": "/data/chenyiteng/models/rlinf/RLinf-Pi0-RoboTwin-SFT-adjust_bottle@92684e50",
      "precision": null
    }
  },
  "reward": {
    "use_reward_model": false
  },
  "critic": {
    "use_critic_model": false
  }
}
[INFO 14:05:51 FlexiblePlacementStrategy] 
[INFO 14:05:51 FlexiblePlacementStrategy] Using flexible placement with hardware ranks: [[6], [7]], node groups: ['cluster'].
[INFO 14:05:51 FlexiblePlacementStrategy] Generated 2 placements: [Placement(rank=0, cluster_node_rank=0, placement_node_rank=0, local_accelerator_rank=6, accelerator_type='NV_GPU', local_rank=0, local_world_size=2, visible_accelerators=['6'], isolate_accelerator=True, local_hardware_ranks=[6], node_group_label='cluster'), Placement(rank=1, cluster_node_rank=0, placement_node_rank=0, local_accelerator_rank=7, accelerator_type='NV_GPU', local_rank=1, local_world_size=2, visible_accelerators=['7'], isolate_accelerator=True, local_hardware_ranks=[7], node_group_label='cluster')].
[INFO 14:05:52 FlexiblePlacementStrategy] Generated 2 placements: [Placement(rank=0, cluster_node_rank=0, placement_node_rank=0, local_accelerator_rank=6, accelerator_type='NV_GPU', local_rank=0, local_world_size=2, visible_accelerators=['6'], isolate_accelerator=True, local_hardware_ranks=[6], node_group_label='cluster'), Placement(rank=1, cluster_node_rank=0, placement_node_rank=0, local_accelerator_rank=7, accelerator_type='NV_GPU', local_rank=1, local_world_size=2, visible_accelerators=['7'], isolate_accelerator=True, local_hardware_ranks=[7], node_group_label='cluster')].
[INFO 14:05:52 FlexiblePlacementStrategy] Generated 2 placements: [Placement(rank=0, cluster_node_rank=0, placement_node_rank=0, local_accelerator_rank=6, accelerator_type='NV_GPU', local_rank=0, local_world_size=2, visible_accelerators=['6'], isolate_accelerator=True, local_hardware_ranks=[6], node_group_label='cluster'), Placement(rank=1, cluster_node_rank=0, placement_node_rank=0, local_accelerator_rank=7, accelerator_type='NV_GPU', local_rank=1, local_world_size=2, visible_accelerators=['7'], isolate_accelerator=True, local_hardware_ranks=[7], node_group_label='cluster')].
[INFO 14:05:52 NodePlacementStrategy] 
[INFO 14:05:52 NodePlacementStrategy] Using node placement with node ranks: [0], node groups: ['node'].
[INFO 14:05:52 NodePlacementStrategy] Generated 1 placements: [Placement(rank=0, cluster_node_rank=0, placement_node_rank=0, local_accelerator_rank='0', accelerator_type='NV_GPU', local_rank=0, local_world_size=1, visible_accelerators=['0', '1', '2', '3', '4', '5', '6', '7'], isolate_accelerator=True, local_hardware_ranks=[], node_group_label='cluster')].
[INFO 14:05:52 NodePlacementStrategy] 
[INFO 14:05:52 NodePlacementStrategy] Using node placement with node ranks: [0], node groups: ['node'].
[INFO 14:05:52 NodePlacementStrategy] Generated 1 placements: [Placement(rank=0, cluster_node_rank=0, placement_node_rank=0, local_accelerator_rank='0', accelerator_type='NV_GPU', local_rank=0, local_world_size=1, visible_accelerators=['0', '1', '2', '3', '4', '5', '6', '7'], isolate_accelerator=True, local_hardware_ranks=[], node_group_label='cluster')].
[INFO 14:05:52 NodePlacementStrategy] 
[INFO 14:05:52 NodePlacementStrategy] Using node placement with node ranks: [0], node groups: ['node'].
[INFO 14:05:52 NodePlacementStrategy] Generated 1 placements: [Placement(rank=0, cluster_node_rank=0, placement_node_rank=0, local_accelerator_rank='0', accelerator_type='NV_GPU', local_rank=0, local_world_size=1, visible_accelerators=['0', '1', '2', '3', '4', '5', '6', '7'], isolate_accelerator=True, local_hardware_ranks=[], node_group_label='cluster')].
WARNING: All log messages before absl::InitializeLog() is called are written to STDERR
I0000 00:00:1787493952.594322  220148 port.cc:153] oneDNN custom operations are on. You may see slightly different numerical results due to floating-point round-off errors from different computation orders. To turn them off, set the environment variable `TF_ENABLE_ONEDNN_OPTS=0`.
I0000 00:00:1787493952.641728  220148 cpu_feature_guard.cc:227] This TensorFlow binary is optimized to use available CPU instructions in performance-critical operations.
To enable the following instructions: AVX2 AVX512F AVX512_VNNI AVX512_BF16 AVX512_FP16 AVX_VNNI AMX_TILE AMX_INT8 AMX_BF16 FMA, in other operations, rebuild TensorFlow with the appropriate compiler flags.
WARNING: All log messages before absl::InitializeLog() is called are written to STDERR
I0000 00:00:1787493954.107090  220148 port.cc:153] oneDNN custom operations are on. You may see slightly different numerical results due to floating-point round-off errors from different computation orders. To turn them off, set the environment variable `TF_ENABLE_ONEDNN_OPTS=0`.
[36m(MultiStepRolloutWorker pid=228248)[0m [INFO 14:05:57 FlexiblePlacementStrategy] 
[36m(MultiStepRolloutWorker pid=228248)[0m [INFO 14:05:57 FlexiblePlacementStrategy] Using flexible placement with hardware ranks: [[6], [7]], node groups: ['cluster'].
[36m(MultiStepRolloutWorker pid=228246)[0m [INFO 14:05:57 FlexiblePlacementStrategy] 
[36m(MultiStepRolloutWorker pid=228246)[0m [INFO 14:05:57 FlexiblePlacementStrategy] Using flexible placement with hardware ranks: [[6], [7]], node groups: ['cluster'].
[36m(EnvWorker pid=228250)[0m [INFO 14:05:57 FlexiblePlacementStrategy] 
[36m(EnvWorker pid=228250)[0m [INFO 14:05:57 FlexiblePlacementStrategy] Using flexible placement with hardware ranks: [[6], [7]], node groups: ['cluster'].
[36m(EmbodiedSACFSDPPolicy pid=228243)[0m [WARNING 14:05:57 ActorGroup-Rank-0][fsdp_model_manager.py:79] Provided there is sufficient GPU memory, set the actor.model.precision parameter to fp32 to allow the optimizer to run in fp32 for better convergence. Meanwhile, setting mixed_precision.param_dtype to 16-bit dtype can help maximize speed, as it will automatically convert fp32 to fp16 during operator execution.
[36m(EnvWorker pid=228254)[0m [INFO 14:05:57 FlexiblePlacementStrategy] 
[36m(EnvWorker pid=228254)[0m [INFO 14:05:57 FlexiblePlacementStrategy] Using flexible placement with hardware ranks: [[6], [7]], node groups: ['cluster'].
[36m(EmbodiedSACFSDPPolicy pid=228245)[0m [WARNING 14:05:58 ActorGroup-Rank-1][fsdp_model_manager.py:79] Provided there is sufficient GPU memory, set the actor.model.precision parameter to fp32 to allow the optimizer to run in fp32 for better convergence. Meanwhile, setting mixed_precision.param_dtype to 16-bit dtype can help maximize speed, as it will automatically convert fp32 to fp16 during operator execution.
[36m(RolloutGroup(rank=0) pid=228246)[0m WARNING: All log messages before absl::InitializeLog() is called are written to STDERR
[36m(RolloutGroup(rank=0) pid=228246)[0m I0000 00:00:1787493958.780652  229206 port.cc:153] oneDNN custom operations are on. You may see slightly different numerical results due to floating-point round-off errors from different computation orders. To turn them off, set the environment variable `TF_ENABLE_ONEDNN_OPTS=0`.
[36m(RolloutGroup(rank=1) pid=228248)[0m WARNING: All log messages before absl::InitializeLog() is called are written to STDERR
[36m(RolloutGroup(rank=1) pid=228248)[0m I0000 00:00:1787493959.088657  229205 port.cc:153] oneDNN custom operations are on. You may see slightly different numerical results due to floating-point round-off errors from different computation orders. To turn them off, set the environment variable `TF_ENABLE_ONEDNN_OPTS=0`.
[36m(RolloutGroup(rank=0) pid=228246)[0m WARNING: All log messages before absl::InitializeLog() is called are written to STDERR
[36m(RolloutGroup(rank=0) pid=228246)[0m I0000 00:00:1787493959.799070  229206 port.cc:153] oneDNN custom operations are on. You may see slightly different numerical results due to floating-point round-off errors from different computation orders. To turn them off, set the environment variable `TF_ENABLE_ONEDNN_OPTS=0`.
[36m(RolloutGroup(rank=1) pid=228248)[0m WARNING: All log messages before absl::InitializeLog() is called are written to STDERR
[36m(RolloutGroup(rank=1) pid=228248)[0m I0000 00:00:1787493960.111974  229205 port.cc:153] oneDNN custom operations are on. You may see slightly different numerical results due to floating-point round-off errors from different computation orders. To turn them off, set the environment variable `TF_ENABLE_ONEDNN_OPTS=0`.
[36m(EnvGroup(rank=0) pid=228250)[0m [W823 14:06:07.521395102 socket.cpp:207] [c10d] The hostname of the client socket cannot be retrieved. err=-3
[36m(EnvGroup(rank=1) pid=228254)[0m [W823 14:06:07.561173704 socket.cpp:207] [c10d] The hostname of the client socket cannot be retrieved. err=-3
[36m(EmbodiedSACFSDPPolicy pid=228243)[0m [W823 14:06:07.607191791 socket.cpp:207] [c10d] The hostname of the client socket cannot be retrieved. err=-3
[36m(EmbodiedSACFSDPPolicy pid=228245)[0m [W823 14:06:08.316092739 socket.cpp:207] [c10d] The hostname of the client socket cannot be retrieved. err=-3
[36m(EmbodiedSACFSDPPolicy pid=228245)[0m [INFO 14:06:10 ActorGroup-Rank-1][fsdp_model_manager.py:133] [FSDP] AMP is disabled.
[36m(EmbodiedSACFSDPPolicy pid=228245)[0m [INFO 14:06:10 FlexiblePlacementStrategy] 
[36m(EmbodiedSACFSDPPolicy pid=228245)[0m [INFO 14:06:10 FlexiblePlacementStrategy] Using flexible placement with hardware ranks: [[6], [7]], node groups: ['cluster'].
[36m(EmbodiedSACFSDPPolicy pid=228243)[0m [INFO 14:06:11 FlexiblePlacementStrategy] 
[36m(EmbodiedSACFSDPPolicy pid=228243)[0m [INFO 14:06:11 FlexiblePlacementStrategy] Using flexible placement with hardware ranks: [[6], [7]], node groups: ['cluster'].
[36m(EmbodiedSACFSDPPolicy pid=228243)[0m [INFO 14:06:11 ActorGroup-Rank-0][fsdp_model_manager.py:133] [FSDP] AMP is disabled.
[36m(RolloutGroup(rank=1) pid=228248)[0m [INFO 14:06:38 RolloutGroup-Rank-1][openpi_action_model.py:1475] [FREEZE_VLM] DSRL mode: freezing gemma_expert parameters
[36m(RolloutGroup(rank=1) pid=228248)[0m [INFO 14:06:38 RolloutGroup-Rank-1][openpi_action_model.py:1485] [FREEZE_VLM] DSRL mode: freezing projection layers (used in rollout/eval but not optimized)
[36m(RolloutGroup(rank=1) pid=228248)[0m [INFO 14:06:38 RolloutGroup-Rank-1][openpi_action_model.py:1508]   Froze: action_in_proj.weight
[36m(RolloutGroup(rank=1) pid=228248)[0m [INFO 14:06:38 RolloutGroup-Rank-1][openpi_action_model.py:1508]   Froze: action_in_proj.bias
[36m(RolloutGroup(rank=1) pid=228248)[0m [INFO 14:06:38 RolloutGroup-Rank-1][openpi_action_model.py:1508]   Froze: action_out_proj.weight
[36m(RolloutGroup(rank=1) pid=228248)[0m [INFO 14:06:38 RolloutGroup-Rank-1][openpi_action_model.py:1508]   Froze: action_out_proj.bias
[36m(RolloutGroup(rank=1) pid=228248)[0m [INFO 14:06:38 RolloutGroup-Rank-1][openpi_action_model.py:1508]   Froze: state_proj.weight
[36m(RolloutGroup(rank=1) pid=228248)[0m [INFO 14:06:38 RolloutGroup-Rank-1][openpi_action_model.py:1508]   Froze: state_proj.bias
[36m(RolloutGroup(rank=1) pid=228248)[0m [INFO 14:06:38 RolloutGroup-Rank-1][openpi_action_model.py:1508]   Froze: action_time_mlp_in.weight
[36m(RolloutGroup(rank=1) pid=228248)[0m [INFO 14:06:38 RolloutGroup-Rank-1][openpi_action_model.py:1508]   Froze: action_time_mlp_in.bias
[36m(RolloutGroup(rank=1) pid=228248)[0m [INFO 14:06:38 RolloutGroup-Rank-1][openpi_action_model.py:1508]   Froze: action_time_mlp_out.weight
[36m(RolloutGroup(rank=1) pid=228248)[0m [INFO 14:06:38 RolloutGroup-Rank-1][openpi_action_model.py:1508]   Froze: action_time_mlp_out.bias
[36m(RolloutGroup(rank=1) pid=228248)[0m INFO:root:Loaded norm stats from /data/chenyiteng/models/rlinf/RLinf-Pi0-RoboTwin-SFT-adjust_bottle@92684e50/physical-intelligence/robotwin
[36m(RolloutGroup(rank=1) pid=228248)[0m INFO:root:Loaded norm stats from /data/chenyiteng/models/rlinf/RLinf-Pi0-RoboTwin-SFT-adjust_bottle@92684e50/physical-intelligence/robotwin
[36m(RolloutGroup(rank=0) pid=228246)[0m [INFO 14:06:42 RolloutGroup-Rank-0][openpi_action_model.py:1475] [FREEZE_VLM] DSRL mode: freezing gemma_expert parameters
[36m(RolloutGroup(rank=0) pid=228246)[0m [INFO 14:06:42 RolloutGroup-Rank-0][openpi_action_model.py:1485] [FREEZE_VLM] DSRL mode: freezing projection layers (used in rollout/eval but not optimized)
[36m(RolloutGroup(rank=0) pid=228246)[0m [INFO 14:06:42 RolloutGroup-Rank-0][openpi_action_model.py:1508]   Froze: action_in_proj.weight
[36m(RolloutGroup(rank=0) pid=228246)[0m [INFO 14:06:42 RolloutGroup-Rank-0][openpi_action_model.py:1508]   Froze: action_in_proj.bias
[36m(RolloutGroup(rank=0) pid=228246)[0m [INFO 14:06:42 RolloutGroup-Rank-0][openpi_action_model.py:1508]   Froze: action_out_proj.weight
[36m(RolloutGroup(rank=0) pid=228246)[0m [INFO 14:06:42 RolloutGroup-Rank-0][openpi_action_model.py:1508]   Froze: action_out_proj.bias
[36m(RolloutGroup(rank=0) pid=228246)[0m [INFO 14:06:42 RolloutGroup-Rank-0][openpi_action_model.py:1508]   Froze: state_proj.weight
[36m(RolloutGroup(rank=0) pid=228246)[0m [INFO 14:06:42 RolloutGroup-Rank-0][openpi_action_model.py:1508]   Froze: state_proj.bias
[36m(RolloutGroup(rank=0) pid=228246)[0m [INFO 14:06:42 RolloutGroup-Rank-0][openpi_action_model.py:1508]   Froze: action_time_mlp_in.weight
[36m(RolloutGroup(rank=0) pid=228246)[0m [INFO 14:06:42 RolloutGroup-Rank-0][openpi_action_model.py:1508]   Froze: action_time_mlp_in.bias
[36m(RolloutGroup(rank=0) pid=228246)[0m [INFO 14:06:42 RolloutGroup-Rank-0][openpi_action_model.py:1508]   Froze: action_time_mlp_out.weight
[36m(RolloutGroup(rank=0) pid=228246)[0m [INFO 14:06:42 RolloutGroup-Rank-0][openpi_action_model.py:1508]   Froze: action_time_mlp_out.bias
[36m(RolloutGroup(rank=0) pid=228246)[0m INFO:root:Loaded norm stats from /data/chenyiteng/models/rlinf/RLinf-Pi0-RoboTwin-SFT-adjust_bottle@92684e50/physical-intelligence/robotwin
[36m(RolloutGroup(rank=0) pid=228246)[0m INFO:root:Loaded norm stats from /data/chenyiteng/models/rlinf/RLinf-Pi0-RoboTwin-SFT-adjust_bottle@92684e50/physical-intelligence/robotwin
[36m(ActorGroup(rank=0) pid=228243)[0m WARNING: All log messages before absl::InitializeLog() is called are written to STDERR
[36m(ActorGroup(rank=0) pid=228243)[0m I0000 00:00:1787494007.733445  229214 port.cc:153] oneDNN custom operations are on. You may see slightly different numerical results due to floating-point round-off errors from different computation orders. To turn them off, set the environment variable `TF_ENABLE_ONEDNN_OPTS=0`.
[36m(ActorGroup(rank=1) pid=228245)[0m WARNING: All log messages before absl::InitializeLog() is called are written to STDERR
[36m(ActorGroup(rank=1) pid=228245)[0m I0000 00:00:1787494007.733893  229253 port.cc:153] oneDNN custom operations are on. You may see slightly different numerical results due to floating-point round-off errors from different computation orders. To turn them off, set the environment variable `TF_ENABLE_ONEDNN_OPTS=0`.
[36m(ActorGroup(rank=1) pid=228245)[0m WARNING: All log messages before absl::InitializeLog() is called are written to STDERR
[36m(ActorGroup(rank=1) pid=228245)[0m I0000 00:00:1787494009.489732  229253 port.cc:153] oneDNN custom operations are on. You may see slightly different numerical results due to floating-point round-off errors from different computation orders. To turn them off, set the environment variable `TF_ENABLE_ONEDNN_OPTS=0`.
[36m(ActorGroup(rank=0) pid=228243)[0m WARNING: All log messages before absl::InitializeLog() is called are written to STDERR
[36m(ActorGroup(rank=0) pid=228243)[0m I0000 00:00:1787494009.546502  229214 port.cc:153] oneDNN custom operations are on. You may see slightly different numerical results due to floating-point round-off errors from different computation orders. To turn them off, set the environment variable `TF_ENABLE_ONEDNN_OPTS=0`.
[36m(ActorGroup(rank=1) pid=228245)[0m [INFO 14:07:26 ActorGroup-Rank-1][openpi_action_model.py:1475] [FREEZE_VLM] DSRL mode: freezing gemma_expert parameters
[36m(ActorGroup(rank=1) pid=228245)[0m [INFO 14:07:26 ActorGroup-Rank-1][openpi_action_model.py:1485] [FREEZE_VLM] DSRL mode: freezing projection layers (used in rollout/eval but not optimized)
[36m(ActorGroup(rank=1) pid=228245)[0m [INFO 14:07:26 ActorGroup-Rank-1][openpi_action_model.py:1508]   Froze: action_in_proj.weight
[36m(ActorGroup(rank=1) pid=228245)[0m [INFO 14:07:26 ActorGroup-Rank-1][openpi_action_model.py:1508]   Froze: action_in_proj.bias
[36m(ActorGroup(rank=1) pid=228245)[0m [INFO 14:07:26 ActorGroup-Rank-1][openpi_action_model.py:1508]   Froze: action_out_proj.weight
[36m(ActorGroup(rank=1) pid=228245)[0m [INFO 14:07:26 ActorGroup-Rank-1][openpi_action_model.py:1508]   Froze: action_out_proj.bias
[36m(ActorGroup(rank=1) pid=228245)[0m [INFO 14:07:26 ActorGroup-Rank-1][openpi_action_model.py:1508]   Froze: state_proj.weight
[36m(ActorGroup(rank=1) pid=228245)[0m [INFO 14:07:26 ActorGroup-Rank-1][openpi_action_model.py:1508]   Froze: state_proj.bias
[36m(ActorGroup(rank=1) pid=228245)[0m [INFO 14:07:26 ActorGroup-Rank-1][openpi_action_model.py:1508]   Froze: action_time_mlp_in.weight
[36m(ActorGroup(rank=1) pid=228245)[0m [INFO 14:07:26 ActorGroup-Rank-1][openpi_action_model.py:1508]   Froze: action_time_mlp_in.bias
[36m(ActorGroup(rank=1) pid=228245)[0m [INFO 14:07:26 ActorGroup-Rank-1][openpi_action_model.py:1508]   Froze: action_time_mlp_out.weight
[36m(ActorGroup(rank=1) pid=228245)[0m [INFO 14:07:26 ActorGroup-Rank-1][openpi_action_model.py:1508]   Froze: action_time_mlp_out.bias
[36m(ActorGroup(rank=0) pid=228243)[0m [INFO 14:07:26 ActorGroup-Rank-0][openpi_action_model.py:1475] [FREEZE_VLM] DSRL mode: freezing gemma_expert parameters
[36m(ActorGroup(rank=0) pid=228243)[0m [INFO 14:07:26 ActorGroup-Rank-0][openpi_action_model.py:1485] [FREEZE_VLM] DSRL mode: freezing projection layers (used in rollout/eval but not optimized)
[36m(ActorGroup(rank=0) pid=228243)[0m [INFO 14:07:26 ActorGroup-Rank-0][openpi_action_model.py:1508]   Froze: action_in_proj.weight
[36m(ActorGroup(rank=0) pid=228243)[0m [INFO 14:07:26 ActorGroup-Rank-0][openpi_action_model.py:1508]   Froze: action_in_proj.bias
[36m(ActorGroup(rank=0) pid=228243)[0m [INFO 14:07:26 ActorGroup-Rank-0][openpi_action_model.py:1508]   Froze: action_out_proj.weight
[36m(ActorGroup(rank=0) pid=228243)[0m [INFO 14:07:26 ActorGroup-Rank-0][openpi_action_model.py:1508]   Froze: action_out_proj.bias
[36m(ActorGroup(rank=0) pid=228243)[0m [INFO 14:07:26 ActorGroup-Rank-0][openpi_action_model.py:1508]   Froze: state_proj.weight
[36m(ActorGroup(rank=0) pid=228243)[0m [INFO 14:07:26 ActorGroup-Rank-0][openpi_action_model.py:1508]   Froze: state_proj.bias
[36m(ActorGroup(rank=0) pid=228243)[0m [INFO 14:07:26 ActorGroup-Rank-0][openpi_action_model.py:1508]   Froze: action_time_mlp_in.weight
[36m(ActorGroup(rank=0) pid=228243)[0m [INFO 14:07:26 ActorGroup-Rank-0][openpi_action_model.py:1508]   Froze: action_time_mlp_in.bias
[36m(ActorGroup(rank=0) pid=228243)[0m [INFO 14:07:26 ActorGroup-Rank-0][openpi_action_model.py:1508]   Froze: action_time_mlp_out.weight
[36m(ActorGroup(rank=0) pid=228243)[0m [INFO 14:07:26 ActorGroup-Rank-0][openpi_action_model.py:1508]   Froze: action_time_mlp_out.bias
[36m(ActorGroup(rank=1) pid=228245)[0m INFO:root:Loaded norm stats from /data/chenyiteng/models/rlinf/RLinf-Pi0-RoboTwin-SFT-adjust_bottle@92684e50/physical-intelligence/robotwin
[36m(ActorGroup(rank=1) pid=228245)[0m INFO:root:Loaded norm stats from /data/chenyiteng/models/rlinf/RLinf-Pi0-RoboTwin-SFT-adjust_bottle@92684e50/physical-intelligence/robotwin
[36m(ActorGroup(rank=0) pid=228243)[0m INFO:root:Loaded norm stats from /data/chenyiteng/models/rlinf/RLinf-Pi0-RoboTwin-SFT-adjust_bottle@92684e50/physical-intelligence/robotwin
[36m(ActorGroup(rank=0) pid=228243)[0m INFO:root:Loaded norm stats from /data/chenyiteng/models/rlinf/RLinf-Pi0-RoboTwin-SFT-adjust_bottle@92684e50/physical-intelligence/robotwin
[36m(ActorGroup(rank=1) pid=228245)[0m [INFO 14:08:01 ActorGroup-Rank-1][openpi_action_model.py:1475] [FREEZE_VLM] DSRL mode: freezing gemma_expert parameters
[36m(ActorGroup(rank=1) pid=228245)[0m [INFO 14:08:01 ActorGroup-Rank-1][openpi_action_model.py:1485] [FREEZE_VLM] DSRL mode: freezing projection layers (used in rollout/eval but not optimized)
[36m(ActorGroup(rank=1) pid=228245)[0m [INFO 14:08:01 ActorGroup-Rank-1][openpi_action_model.py:1508]   Froze: action_in_proj.weight
[36m(ActorGroup(rank=1) pid=228245)[0m [INFO 14:08:01 ActorGroup-Rank-1][openpi_action_model.py:1508]   Froze: action_in_proj.bias
[36m(ActorGroup(rank=1) pid=228245)[0m [INFO 14:08:01 ActorGroup-Rank-1][openpi_action_model.py:1508]   Froze: action_out_proj.weight
[36m(ActorGroup(rank=1) pid=228245)[0m [INFO 14:08:01 ActorGroup-Rank-1][openpi_action_model.py:1508]   Froze: action_out_proj.bias
[36m(ActorGroup(rank=1) pid=228245)[0m [INFO 14:08:01 ActorGroup-Rank-1][openpi_action_model.py:1508]   Froze: state_proj.weight
[36m(ActorGroup(rank=1) pid=228245)[0m [INFO 14:08:01 ActorGroup-Rank-1][openpi_action_model.py:1508]   Froze: state_proj.bias
[36m(ActorGroup(rank=1) pid=228245)[0m [INFO 14:08:01 ActorGroup-Rank-1][openpi_action_model.py:1508]   Froze: action_time_mlp_in.weight
[36m(ActorGroup(rank=1) pid=228245)[0m [INFO 14:08:01 ActorGroup-Rank-1][openpi_action_model.py:1508]   Froze: action_time_mlp_in.bias
[36m(ActorGroup(rank=1) pid=228245)[0m [INFO 14:08:01 ActorGroup-Rank-1][openpi_action_model.py:1508]   Froze: action_time_mlp_out.weight
[36m(ActorGroup(rank=1) pid=228245)[0m [INFO 14:08:01 ActorGroup-Rank-1][openpi_action_model.py:1508]   Froze: action_time_mlp_out.bias
[36m(ActorGroup(rank=0) pid=228243)[0m [INFO 14:08:02 ActorGroup-Rank-0][openpi_action_model.py:1475] [FREEZE_VLM] DSRL mode: freezing gemma_expert parameters
[36m(ActorGroup(rank=0) pid=228243)[0m [INFO 14:08:02 ActorGroup-Rank-0][openpi_action_model.py:1485] [FREEZE_VLM] DSRL mode: freezing projection layers (used in rollout/eval but not optimized)
[36m(ActorGroup(rank=0) pid=228243)[0m [INFO 14:08:02 ActorGroup-Rank-0][openpi_action_model.py:1508]   Froze: action_in_proj.weight
[36m(ActorGroup(rank=0) pid=228243)[0m [INFO 14:08:02 ActorGroup-Rank-0][openpi_action_model.py:1508]   Froze: action_in_proj.bias
[36m(ActorGroup(rank=0) pid=228243)[0m [INFO 14:08:02 ActorGroup-Rank-0][openpi_action_model.py:1508]   Froze: action_out_proj.weight
[36m(ActorGroup(rank=0) pid=228243)[0m [INFO 14:08:02 ActorGroup-Rank-0][openpi_action_model.py:1508]   Froze: action_out_proj.bias
[36m(ActorGroup(rank=0) pid=228243)[0m [INFO 14:08:02 ActorGroup-Rank-0][openpi_action_model.py:1508]   Froze: state_proj.weight
[36m(ActorGroup(rank=0) pid=228243)[0m [INFO 14:08:02 ActorGroup-Rank-0][openpi_action_model.py:1508]   Froze: state_proj.bias
[36m(ActorGroup(rank=0) pid=228243)[0m [INFO 14:08:02 ActorGroup-Rank-0][openpi_action_model.py:1508]   Froze: action_time_mlp_in.weight
[36m(ActorGroup(rank=0) pid=228243)[0m [INFO 14:08:02 ActorGroup-Rank-0][openpi_action_model.py:1508]   Froze: action_time_mlp_in.bias
[36m(ActorGroup(rank=0) pid=228243)[0m [INFO 14:08:02 ActorGroup-Rank-0][openpi_action_model.py:1508]   Froze: action_time_mlp_out.weight
[36m(ActorGroup(rank=0) pid=228243)[0m [INFO 14:08:02 ActorGroup-Rank-0][openpi_action_model.py:1508]   Froze: action_time_mlp_out.bias
[36m(ActorGroup(rank=1) pid=228245)[0m INFO:root:Loaded norm stats from /data/chenyiteng/models/rlinf/RLinf-Pi0-RoboTwin-SFT-adjust_bottle@92684e50/physical-intelligence/robotwin
[36m(ActorGroup(rank=1) pid=228245)[0m INFO:root:Loaded norm stats from /data/chenyiteng/models/rlinf/RLinf-Pi0-RoboTwin-SFT-adjust_bottle@92684e50/physical-intelligence/robotwin
[36m(ActorGroup(rank=0) pid=228243)[0m INFO:root:Loaded norm stats from /data/chenyiteng/models/rlinf/RLinf-Pi0-RoboTwin-SFT-adjust_bottle@92684e50/physical-intelligence/robotwin
[36m(ActorGroup(rank=0) pid=228243)[0m INFO:root:Loaded norm stats from /data/chenyiteng/models/rlinf/RLinf-Pi0-RoboTwin-SFT-adjust_bottle@92684e50/physical-intelligence/robotwin
[36m(ActorGroup(rank=1) pid=228245)[0m [INFO 14:08:04 ActorGroup-Rank-1][fsdp_sac_policy_worker.py:96] [FSDP] Gradient checkpointing is disabled
[36m(ActorGroup(rank=1) pid=228245)[0m /home/chenyiteng/venvs/rlinf-7d07-openpi-robotwin/lib/python3.11/site-packages/torch/distributed/fsdp/wrap.py:485: FutureWarning: The `NO_SHARD` sharding strategy is deprecated. If having issues, please use `DistributedDataParallel` instead.
[36m(ActorGroup(rank=1) pid=228245)[0m   return wrapper_cls(module, **kwargs)
[36m(ActorGroup(rank=0) pid=228243)[0m /home/chenyiteng/venvs/rlinf-7d07-openpi-robotwin/lib/python3.11/site-packages/torch/distributed/fsdp/wrap.py:485: FutureWarning: The `NO_SHARD` sharding strategy is deprecated. If having issues, please use `DistributedDataParallel` instead.
[36m(ActorGroup(rank=0) pid=228243)[0m   return wrapper_cls(module, **kwargs)
[36m(ActorGroup(rank=0) pid=228243)[0m [INFO 14:08:04 ActorGroup-Rank-0][fsdp_sac_policy_worker.py:96] [FSDP] Gradient checkpointing is disabled
[36m(ActorGroup(rank=0) pid=228243)[0m /data/chenyiteng/projects/rlinf-current-dsrl/RLinf-7d07-dsrl-robotwin/rlinf/hybrid_engines/fsdp/strategy/fsdp.py:173: FutureWarning: The `NO_SHARD` sharding strategy is deprecated. If having issues, please use `DistributedDataParallel` instead.
[36m(ActorGroup(rank=0) pid=228243)[0m   fsdp_model = FSDP(
[36m(ActorGroup(rank=1) pid=228245)[0m /data/chenyiteng/projects/rlinf-current-dsrl/RLinf-7d07-dsrl-robotwin/rlinf/hybrid_engines/fsdp/strategy/fsdp.py:173: FutureWarning: The `NO_SHARD` sharding strategy is deprecated. If having issues, please use `DistributedDataParallel` instead.
[36m(ActorGroup(rank=1) pid=228245)[0m   fsdp_model = FSDP(
[36m(RolloutGroup(rank=0) pid=228246)[0m [W823 14:08:16.408203191 socket.cpp:207] [c10d] The hostname of the client socket cannot be retrieved. err=-3
[36m(RolloutGroup(rank=1) pid=228248)[0m [W823 14:08:26.511510135 socket.cpp:207] [c10d] The hostname of the client socket cannot be retrieved. err=-3
[36m(RolloutGroup(rank=0) pid=228246)[0m Generating Rollout Epochs:   0%|          | 0/1 [00:00<?, ?it/s]
[36m(RolloutGroup(rank=0) pid=228246)[0m Generating Rollout Epochs: 100%|██████████| 1/1 [00:31<00:00, 31.53s/it]Generating Rollout Epochs: 100%|██████████| 1/1 [00:31<00:00, 31.53s/it]
[INFO 14:14:51 RLinf] Saving checkpoint at step 1.
[36m(ActorGroup(rank=0) pid=228243)[0m /home/chenyiteng/venvs/rlinf-7d07-openpi-robotwin/lib/python3.11/site-packages/torch/distributed/c10d_logger.py:83: UserWarning: barrier(): using the device under current context. You can specify `device_id` in `init_process_group` to mute this warning.
[36m(ActorGroup(rank=0) pid=228243)[0m   return func(*args, **kwargs)

╭──────────────────────────────────────────────────────────────────────────────────────────────────────────────────────╮
├──────────────────────────────────────────────────── Metric Table ────────────────────────────────────────────────────┤
│ Global Step:    1/1 │ Progress: ████████████████████████████████████████ │ 100.0%                                    │
│ Elapsed: 07:09 │ ETA: 00:00 │ Step Time: 429.239s                                                                    │
├──────────────────────────────────────────────────────── Time ────────────────────────────────────────────────────────┤
│                                                                                                                      │
│actor/actor/compute_adv=8.18e-05       │actor/actor/recv_traj=33.172           │actor/actor/sync_model_to_rollout=33.…│
│actor/forward_actor=70.984             │actor/forward_alpha=33.602             │actor/forward_critic=86.263           │
│actor/run_training=338.1               │actor/sample=0.987                     │actor/update_one_epoch=338.0          │
│actor_training=338.1                   │cal_adv_and_returns=0.0061             │env/compute_bootstrap_rewards=7.80e-04│
│env/env/bootstrap_step=16.620          │env/env/send_rollout_trajectories=0.467│env/env_interact_step=12.303          │
│env/interact=32.637                    │env/run_interact_once=32.017           │generate_rollouts=33.223              │
│rollout/generate_one_epoch=31.533      │rollout/predict=1.813                  │rollout/rollout/generate=31.535       │
│rollout/sync_model_from_actor=34.132   │step=429.2                             │sync_weights=34.137                   │
│                                                                                                                      │
├──────────────────────────────────────────────────── Environment ─────────────────────────────────────────────────────┤
│                                                                                                                      │
│episode_len=200.0                      │num_trajectories=4                     │return=0.0                            │
│reward=0.0                             │success_once=0.0                       │                                      │
│                                                                                                                      │
├─────────────────────────────────────────────────── Replay Buffer ────────────────────────────────────────────────────┤
│                                                                                                                      │
│local_capacity=1.25e+04                │resident_transitions=20.000            │total_inserted=20.000                 │
│write_cursor=20.000                    │                                       │                                      │
│                                                                                                                      │
├─────────────────────────────────────────────────── Training/Actor ───────────────────────────────────────────────────┤
│                                                                                                                      │
│actor/entropy=21.831                   │actor/grad_norm=4.342                  │actor/lr=1.00e-04                     │
│actor/q_pi=-2.559                      │actor/q_value_0=-2.570                 │actor/q_value_1=-2.560                │
│                                                                                                                      │
├────────────────────────────────────────────────── Training/Critic ───────────────────────────────────────────────────┤
│                                                                                                                      │
│critic/grad_norm=0.188                 │critic/lr=3.00e-04                     │critic/q_data=-2.545                  │
│                                                                                                                      │
├─────────────────────────────────────────────────── Training/Other ───────────────────────────────────────────────────┤
│                                                                                                                      │
│alpha/grad_norm=22.869                 │sac/actor_loss=-17.667                 │sac/alpha=0.926                       │
│sac/alpha_loss=35.096                  │sac/critic_loss=0.016                  │sac/global_new_transitions=40.000     │
│sac/global_resident_transitions=40.000 │sac/planned_optimizer_updates=800.0    │                                      │
│                                                                                                                      │
╰──────────────────────────────────────────────────────────────────────────────────────────────────────────────────────╯

