/data/chenyiteng/projects/rlinf-shenzhen/worktrees/pi0-dvac-grpo-current/examples/embodiment/train_embodied_agent.py:35: Hydra14MigrationWarning: 
version_base="1.1" selects Hydra 1.1 compatibility behavior.
Hydra 1.4 will remove this compatibility behavior.
Before upgrading to Hydra 1.4, set version_base="1.3" and test your application.
See https://hydra.cc/docs/upgrades/1.3_to_1.4/prepare_for_1_4/ for preparation instructions.
  @hydra.main(
/home/chenyiteng/venvs/rlinf-7d07-openpi-robotwin/lib/python3.11/site-packages/hydra/_internal/defaults_list.py:251: UserWarning: In 'robotwin_adjust_bottle_grpo_openpi': Defaults list is missing `_self_`. See https://hydra.cc/docs/1.2/upgrades/1.0_to_1.1/default_composition_order for more information
  warnings.warn(msg, UserWarning)
/home/chenyiteng/venvs/rlinf-7d07-openpi-robotwin/lib/python3.11/site-packages/hydra/_internal/hydra.py:119: UserWarning: Future Hydra versions will no longer change working directory at job runtime by default.
See https://hydra.cc/docs/1.2/upgrades/1.1_to_1.2/changes_to_job_working_dir/ for more information.
  ret = run_job(
[INFO 12:11:28 RLinf] RLinf Ray code sync is enabled (py_modules=('/data/chenyiteng/projects/rlinf-shenzhen/worktrees/pi0-dvac-grpo-current/rlinf',)); workers receive only the rlinf package from the launch node. Disable with RLINF_CODE_WORKING_DIR=0.
2026-08-24 12:11:28,074	INFO worker.py:1683 -- Using address 172.17.0.1:6389 set in the environment variable RAY_ADDRESS
2026-08-24 12:11:28,081	INFO worker.py:1833 -- Connecting to existing Ray cluster at address: 172.17.0.1:6389...
2026-08-24 12:11:28,158	INFO worker.py:2015 -- Connected to Ray cluster. View the dashboard at [1m[32mhttp://127.0.0.1:8266 [39m[22m
[INFO 12:11:30 RLinf] RLinf is running on a cluster with 1 node and 8 accelerators. The nodes' details are: 
node_labels: []
node_rank: 0
ray_id: 2730f38e60da6b4c0f68d8779893624a0917240589c544541c894c54
node_ip: 172.17.0.1
num_cpus: 128
python_interpreter_path: /home/chenyiteng/venvs/rlinf-7d07-openpi-robotwin/bin/python
hardware_resources:
- type: Accelerator
  infos:
  - type: Accelerator
    model: NV_GPU:H100 80GB HBM3
  - type: Accelerator
    model: NV_GPU:H100 80GB HBM3
  - type: Accelerator
    model: NV_GPU:H100 80GB HBM3
  - type: Accelerator
    model: NV_GPU:H100 80GB HBM3
  - type: Accelerator
    model: NV_GPU:H100 80GB HBM3
  - type: Accelerator
    model: NV_GPU:H100 80GB HBM3
  - type: Accelerator
    model: NV_GPU:H100 80GB HBM3
  - type: Accelerator
    model: NV_GPU:H100 80GB HBM3
profiler_backends: []

Node groups' details are: 
label: cluster
nodes: '0'
hardware_type: Accelerator
ignore_hardware: false
env_configs: null

label: node
nodes: '0'
hardware_type: null
ignore_hardware: true
env_configs: null

[INFO 12:11:30 FlexiblePlacementStrategy] 
[INFO 12:11:30 FlexiblePlacementStrategy] Using flexible placement with hardware ranks: [[4], [5], [6], [7]], node groups: ['cluster'].
[INFO 12:11:30 FlexiblePlacementStrategy] 
[INFO 12:11:30 FlexiblePlacementStrategy] Using flexible placement with hardware ranks: [[4], [5], [6], [7]], node groups: ['cluster'].
{
  "env": {
    "train": {
      "env_type": "robotwin",
      "total_num_envs": 32,
      "auto_reset": false,
      "ignore_terminations": false,
      "reward_coef": 1.0,
      "use_custom_reward": true,
      "use_rel_reward": true,
      "center_crop": false,
      "seed": 0,
      "group_size": 8,
      "use_fixed_reset_state_ids": false,
      "max_steps_per_rollout_epoch": 200,
      "max_episode_steps": 200,
      "is_eval": false,
      "assets_path": "/data/chenyiteng/projects/rlinf-shenzhen/RoboTwin-RLinf-support",
      "seeds_path": "/data/chenyiteng/projects/rlinf-shenzhen/worktrees/pi0-dvac-grpo-current/rlinf/envs/robotwin/seeds/train_seeds.json",
      "video_cfg": {
        "save_video": false,
        "info_on_video": true,
        "video_base_dir": "/data/chenyiteng/results/rlinf-shenzhen/grpo/runs/dvac-global-z-formal100-4gpu32x8-g8-phys4567-v3/video/train"
      },
      "enable_offload": false,
      "task_config": {
        "task_name": "adjust_bottle",
        "step_lim": 200,
        "planner_backend": "mplib",
        "render_freq": 0,
        "episode_num": 100,
        "use_seed": false,
        "save_freq": 15,
        "embodiment": [
          "aloha-agilex"
        ],
        "language_num": 100,
        "domain_randomization": {
          "random_background": false,
          "cluttered_table": false,
          "clean_background_rate": 1,
          "random_head_camera_dis": 0,
          "random_table_height": 0,
          "random_light": false,
          "crazy_random_light_rate": 0
        },
        "camera": {
          "head_camera_type": "D435",
          "wrist_camera_type": "D435",
          "collect_head_camera": true,
          "collect_wrist_camera": true
        },
        "data_type": {
          "rgb": true,
          "third_view": false,
          "depth": false,
          "pointcloud": false,
          "observer": false,
          "endpose": false,
          "qpos": true,
          "mesh_segmentation": false,
          "actor_segmentation": false
        },
        "pcd_down_sample_num": 1024,
        "pcd_crop": true,
        "save_path": "/data/chenyiteng/results/rlinf-shenzhen/grpo/runs/dvac-global-z-formal100-4gpu32x8-g8-phys4567-v3/robotwin_data/train",
        "clear_cache_freq": 1,
        "collect_data": true,
        "eval_video_log": true
      },
      "rollout_epoch": 8
    },
    "eval": {
      "env_type": "robotwin",
      "total_num_envs": 64,
      "auto_reset": true,
      "ignore_terminations": true,
      "reward_coef": 1.0,
      "use_custom_reward": true,
      "use_rel_reward": true,
      "center_crop": false,
      "seed": 0,
      "group_size": 1,
      "use_fixed_reset_state_ids": true,
      "max_steps_per_rollout_epoch": 200,
      "max_episode_steps": 200,
      "is_eval": true,
      "assets_path": "/data/chenyiteng/projects/rlinf-shenzhen/RoboTwin-RLinf-support",
      "seeds_path": "/data/chenyiteng/projects/rlinf-shenzhen/worktrees/pi0-dvac-grpo-current/rlinf/envs/robotwin/seeds/eval_seeds.json",
      "video_cfg": {
        "save_video": false,
        "info_on_video": true,
        "video_base_dir": "/data/chenyiteng/results/rlinf-shenzhen/grpo/runs/dvac-global-z-formal100-4gpu32x8-g8-phys4567-v3/video/eval"
      },
      "enable_offload": false,
      "task_config": {
        "task_name": "adjust_bottle",
        "step_lim": 200,
        "planner_backend": "mplib",
        "render_freq": 0,
        "episode_num": 100,
        "use_seed": false,
        "save_freq": 15,
        "embodiment": [
          "aloha-agilex"
        ],
        "language_num": 100,
        "domain_randomization": {
          "random_background": false,
          "cluttered_table": false,
          "clean_background_rate": 1,
          "random_head_camera_dis": 0,
          "random_table_height": 0,
          "random_light": false,
          "crazy_random_light_rate": 0
        },
        "camera": {
          "head_camera_type": "D435",
          "wrist_camera_type": "D435",
          "collect_head_camera": true,
          "collect_wrist_camera": true
        },
        "data_type": {
          "rgb": true,
          "third_view": false,
          "depth": false,
          "pointcloud": false,
          "observer": false,
          "endpose": false,
          "qpos": true,
          "mesh_segmentation": false,
          "actor_segmentation": false
        },
        "pcd_down_sample_num": 1024,
        "pcd_crop": true,
        "save_path": "/data/chenyiteng/results/rlinf-shenzhen/grpo/runs/dvac-global-z-formal100-4gpu32x8-g8-phys4567-v3/robotwin_data/eval",
        "clear_cache_freq": 1,
        "collect_data": true,
        "eval_video_log": true
      },
      "rollout_epoch": 1
    },
    "group_name": "EnvGroup",
    "enable_offload": true
  },
  "actor": {
    "model": {
      "model_type": "openpi",
      "model_path": "/data/chenyiteng/models/rlinf/RLinf-Pi0-RoboTwin-SFT-adjust_bottle@92684e50",
      "precision": null,
      "num_action_chunks": 50,
      "action_dim": 14,
      "is_lora": false,
      "lora_rank": 32,
      "use_proprio": true,
      "num_steps": 4,
      "add_value_head": false,
      "openpi": {
        "config_name": "pi0_aloha_robotwin",
        "num_images_in_input": 3,
        "noise_level": 0.5,
        "action_chunk": 50,
        "num_steps": 4,
        "train_expert_only": true,
        "action_env_dim": 14,
        "noise_method": "flow_sde",
        "add_value_head": false,
        "detach_critic_input": false,
        "use_dsrl": false,
        "dsrl_state_dim": 8,
        "dsrl_action_noise_dim": 32,
        "dsrl_num_q_heads": 10,
        "dsrl_agg_q": "mean",
        "dsrl_image_latent_dim": 64,
        "dsrl_state_latent_dim": 64,
        "dsrl_hidden_dims": [
          128,
          128,
          128
        ]
      }
    },
    "fsdp_config": {
      "strategy": "fsdp",
      "sharding_strategy": "full_shard",
      "gradient_checkpointing": false,
      "cpu_offload": false,
      "offload_pin_memory": false,
      "reshard_after_forward": true,
      "enable_gradient_accumulation": true,
      "forward_prefetch": false,
      "limit_all_gathers": false,
      "backward_prefetch": null,
      "use_orig_params": false,
      "use_liger_kernel": false,
      "mixed_precision": {
        "param_dtype": null,
        "reduce_dtype": null,
        "buffer_dtype": null
      },
      "amp_autocast": {
        "enabled": false,
        "precision": "bf16"
      },
      "grad_scaler": {
        "enabled": false,
        "init_scale": null,
        "growth_interval": null
      }
    },
    "group_name": "ActorGroup",
    "training_backend": "fsdp",
    "micro_batch_size": 32,
    "global_batch_size": 512,
    "seed": 1234,
    "enable_offload": true,
    "optim": {
      "lr": 5.6e-06,
      "value_lr": 0.00011,
      "adam_beta1": 0.9,
      "adam_beta2": 0.95,
      "adam_eps": 1e-08,
      "weight_decay": 0.01,
      "clip_grad": 1.0,
      "critic_warmup_steps": 0
    }
  },
  "weight_syncer": {
    "type": "patch",
    "patch": {
      "snapshot_device": "cpu",
      "delta_encoding": true,
      "compression": "none",
      "init_sync": {
        "enabled": true,
        "prefixes": null,
        "bucket_size": 134217728
      }
    }
  },
  "cluster": {
    "num_nodes": 1,
    "component_placement": {
      "actor, env, rollout": "4,5,6,7"
    },
    "tracer": {
      "enable": false
    }
  },
  "runner": {
    "task_type": "embodied",
    "logger": {
      "log_path": "/data/chenyiteng/results/rlinf-shenzhen/grpo/runs/dvac-global-z-formal100-4gpu32x8-g8-phys4567-v3",
      "project_name": "rlinf",
      "experiment_name": "robotwin_adjust_bottle_dvac_global_z_formal100",
      "logger_backends": [
        "tensorboard"
      ]
    },
    "max_epochs": 1000,
    "max_steps": 100,
    "only_eval": false,
    "val_check_interval": 10,
    "save_interval": 10,
    "resume_dir": null,
    "ckpt_path": null,
    "per_worker_log": false,
    "per_worker_log_path": null,
    "weight_sync_interval": 1,
    "overlap_env_bootstrap": false
  },
  "algorithm": {
    "normalize_advantages": true,
    "kl_penalty": "kl",
    "group_size": 8,
    "reward_coef": 1.0,
    "reward_type": "chunk_level",
    "logprob_type": "chunk_level",
    "entropy_type": "token_level",
    "update_epoch": 2,
    "adv_type": "grpo",
    "loss_type": "actor",
    "loss_agg_func": "token-mean",
    "kl_beta": 0.0,
    "entropy_bonus": 0,
    "clip_ratio_high": 0.2,
    "clip_ratio_low": 0.2,
    "clip_ratio_c": 3.0,
    "value_clip": 0.2,
    "huber_delta": 10.0,
    "gamma": 0.99,
    "gae_lambda": 0.95,
    "filter_rewards": true,
    "rewards_lower_bound": 0.1,
    "rewards_upper_bound": 0.9,
    "dvac_gradient_weighting": {
      "mode": "apply",
      "selected_l": 3,
      "warmup_steps": 1,
      "window_steps": 5,
      "log_eps": 1e-12,
      "std_floor": 1e-06,
      "z_clip": 2.0,
      "strength": 0.5,
      "save_step_tensors": true,
      "output_dir": "/data/chenyiteng/results/rlinf-shenzhen/grpo/runs/dvac-global-z-formal100-4gpu32x8-g8-phys4567-v3/robotwin_adjust_bottle_dvac_global_z_formal100/dvac_train"
    }
  },
  "rollout": {
    "group_name": "RolloutGroup",
    "backend": "huggingface",
    "recompute_logprobs": false,
    "enable_offload": true,
    "pipeline_stage_num": 1,
    "model": {
      "model_path": "/data/chenyiteng/models/rlinf/RLinf-Pi0-RoboTwin-SFT-adjust_bottle@92684e50",
      "precision": null
    }
  },
  "reward": {
    "use_reward_model": false
  },
  "critic": {
    "use_critic_model": false
  }
}
[INFO 12:11:30 FlexiblePlacementStrategy] 
[INFO 12:11:30 FlexiblePlacementStrategy] Using flexible placement with hardware ranks: [[4], [5], [6], [7]], node groups: ['cluster'].
[INFO 12:11:30 FlexiblePlacementStrategy] Generated 4 placements: [Placement(rank=0, cluster_node_rank=0, placement_node_rank=0, local_accelerator_rank=4, accelerator_type='NV_GPU', local_rank=0, local_world_size=4, visible_accelerators=['4'], isolate_accelerator=True, local_hardware_ranks=[4], node_group_label='cluster'), Placement(rank=1, cluster_node_rank=0, placement_node_rank=0, local_accelerator_rank=5, accelerator_type='NV_GPU', local_rank=1, local_world_size=4, visible_accelerators=['5'], isolate_accelerator=True, local_hardware_ranks=[5], node_group_label='cluster'), Placement(rank=2, cluster_node_rank=0, placement_node_rank=0, local_accelerator_rank=6, accelerator_type='NV_GPU', local_rank=2, local_world_size=4, visible_accelerators=['6'], isolate_accelerator=True, local_hardware_ranks=[6], node_group_label='cluster'), Placement(rank=3, cluster_node_rank=0, placement_node_rank=0, local_accelerator_rank=7, accelerator_type='NV_GPU', local_rank=3, local_world_size=4, visible_accelerators=['7'], isolate_accelerator=True, local_hardware_ranks=[7], node_group_label='cluster')].
[36m(_RemoteNodeProbe pid=2744082)[0m /data/chenyiteng/projects/rlinf-shenzhen/worktrees/pi0-dvac-grpo-current/rlinf/scheduler/cluster/node.py:532: UserWarning: Python interpreter used to launch Ray on node with IP 172.17.0.1 is different from that on the head node /home/chenyiteng/venvs/rlinf-7d07-openpi-robotwin/bin/python. Keep using the current interpreter /home/chenyiteng/venvs/rlinf-7d07-openpi-robotwin/bin/python3 on this node.
[36m(_RemoteNodeProbe pid=2744082)[0m   warnings.warn(
[INFO 12:11:30 FlexiblePlacementStrategy] Generated 4 placements: [Placement(rank=0, cluster_node_rank=0, placement_node_rank=0, local_accelerator_rank=4, accelerator_type='NV_GPU', local_rank=0, local_world_size=4, visible_accelerators=['4'], isolate_accelerator=True, local_hardware_ranks=[4], node_group_label='cluster'), Placement(rank=1, cluster_node_rank=0, placement_node_rank=0, local_accelerator_rank=5, accelerator_type='NV_GPU', local_rank=1, local_world_size=4, visible_accelerators=['5'], isolate_accelerator=True, local_hardware_ranks=[5], node_group_label='cluster'), Placement(rank=2, cluster_node_rank=0, placement_node_rank=0, local_accelerator_rank=6, accelerator_type='NV_GPU', local_rank=2, local_world_size=4, visible_accelerators=['6'], isolate_accelerator=True, local_hardware_ranks=[6], node_group_label='cluster'), Placement(rank=3, cluster_node_rank=0, placement_node_rank=0, local_accelerator_rank=7, accelerator_type='NV_GPU', local_rank=3, local_world_size=4, visible_accelerators=['7'], isolate_accelerator=True, local_hardware_ranks=[7], node_group_label='cluster')].
[INFO 12:11:30 FlexiblePlacementStrategy] Generated 4 placements: [Placement(rank=0, cluster_node_rank=0, placement_node_rank=0, local_accelerator_rank=4, accelerator_type='NV_GPU', local_rank=0, local_world_size=4, visible_accelerators=['4'], isolate_accelerator=True, local_hardware_ranks=[4], node_group_label='cluster'), Placement(rank=1, cluster_node_rank=0, placement_node_rank=0, local_accelerator_rank=5, accelerator_type='NV_GPU', local_rank=1, local_world_size=4, visible_accelerators=['5'], isolate_accelerator=True, local_hardware_ranks=[5], node_group_label='cluster'), Placement(rank=2, cluster_node_rank=0, placement_node_rank=0, local_accelerator_rank=6, accelerator_type='NV_GPU', local_rank=2, local_world_size=4, visible_accelerators=['6'], isolate_accelerator=True, local_hardware_ranks=[6], node_group_label='cluster'), Placement(rank=3, cluster_node_rank=0, placement_node_rank=0, local_accelerator_rank=7, accelerator_type='NV_GPU', local_rank=3, local_world_size=4, visible_accelerators=['7'], isolate_accelerator=True, local_hardware_ranks=[7], node_group_label='cluster')].
[INFO 12:11:31 NodePlacementStrategy] 
[INFO 12:11:31 NodePlacementStrategy] Using node placement with node ranks: [0], node groups: ['node'].
[INFO 12:11:31 NodePlacementStrategy] Generated 1 placements: [Placement(rank=0, cluster_node_rank=0, placement_node_rank=0, local_accelerator_rank='0', accelerator_type='NV_GPU', local_rank=0, local_world_size=1, visible_accelerators=['0', '1', '2', '3', '4', '5', '6', '7'], isolate_accelerator=True, local_hardware_ranks=[], node_group_label='cluster')].
[INFO 12:11:31 NodePlacementStrategy] 
[INFO 12:11:31 NodePlacementStrategy] Using node placement with node ranks: [0], node groups: ['node'].
[INFO 12:11:31 NodePlacementStrategy] Generated 1 placements: [Placement(rank=0, cluster_node_rank=0, placement_node_rank=0, local_accelerator_rank='0', accelerator_type='NV_GPU', local_rank=0, local_world_size=1, visible_accelerators=['0', '1', '2', '3', '4', '5', '6', '7'], isolate_accelerator=True, local_hardware_ranks=[], node_group_label='cluster')].
[INFO 12:11:31 NodePlacementStrategy] 
[INFO 12:11:31 NodePlacementStrategy] Using node placement with node ranks: [0], node groups: ['node'].
[INFO 12:11:31 NodePlacementStrategy] Generated 1 placements: [Placement(rank=0, cluster_node_rank=0, placement_node_rank=0, local_accelerator_rank='0', accelerator_type='NV_GPU', local_rank=0, local_world_size=1, visible_accelerators=['0', '1', '2', '3', '4', '5', '6', '7'], isolate_accelerator=True, local_hardware_ranks=[], node_group_label='cluster')].
WARNING: All log messages before absl::InitializeLog() is called are written to STDERR
I0000 00:00:1787573491.750449 2743599 port.cc:153] oneDNN custom operations are on. You may see slightly different numerical results due to floating-point round-off errors from different computation orders. To turn them off, set the environment variable `TF_ENABLE_ONEDNN_OPTS=0`.
I0000 00:00:1787573491.810294 2743599 cpu_feature_guard.cc:227] This TensorFlow binary is optimized to use available CPU instructions in performance-critical operations.
To enable the following instructions: AVX2 AVX512F AVX512_VNNI AVX512_BF16 AVX512_FP16 AVX_VNNI AMX_TILE AMX_INT8 AMX_BF16 FMA, in other operations, rebuild TensorFlow with the appropriate compiler flags.
WARNING: All log messages before absl::InitializeLog() is called are written to STDERR
I0000 00:00:1787573493.548637 2743599 port.cc:153] oneDNN custom operations are on. You may see slightly different numerical results due to floating-point round-off errors from different computation orders. To turn them off, set the environment variable `TF_ENABLE_ONEDNN_OPTS=0`.
[36m(MultiStepRolloutWorker pid=2744194)[0m [INFO 12:11:37 FlexiblePlacementStrategy] 
[36m(MultiStepRolloutWorker pid=2744194)[0m [INFO 12:11:37 FlexiblePlacementStrategy] Using flexible placement with hardware ranks: [[4], [5], [6], [7]], node groups: ['cluster'].
[36m(MultiStepRolloutWorker pid=2744198)[0m [INFO 12:11:37 FlexiblePlacementStrategy] 
[36m(MultiStepRolloutWorker pid=2744198)[0m [INFO 12:11:37 FlexiblePlacementStrategy] Using flexible placement with hardware ranks: [[4], [5], [6], [7]], node groups: ['cluster'].
[36m(MultiStepRolloutWorker pid=2744196)[0m [INFO 12:11:37 FlexiblePlacementStrategy] 
[36m(MultiStepRolloutWorker pid=2744196)[0m [INFO 12:11:37 FlexiblePlacementStrategy] Using flexible placement with hardware ranks: [[4], [5], [6], [7]], node groups: ['cluster'].
[36m(EmbodiedFSDPActor pid=2744188)[0m [WARNING 12:11:37 ActorGroup-Rank-0][fsdp_model_manager.py:79] Provided there is sufficient GPU memory, set the actor.model.precision parameter to fp32 to allow the optimizer to run in fp32 for better convergence. Meanwhile, setting mixed_precision.param_dtype to 16-bit dtype can help maximize speed, as it will automatically convert fp32 to fp16 during operator execution.
[36m(EmbodiedFSDPActor pid=2744190)[0m [WARNING 12:11:37 ActorGroup-Rank-1][fsdp_model_manager.py:79] Provided there is sufficient GPU memory, set the actor.model.precision parameter to fp32 to allow the optimizer to run in fp32 for better convergence. Meanwhile, setting mixed_precision.param_dtype to 16-bit dtype can help maximize speed, as it will automatically convert fp32 to fp16 during operator execution.
[36m(EnvWorker pid=2744199)[0m [INFO 12:11:37 FlexiblePlacementStrategy] 
[36m(EnvWorker pid=2744199)[0m [INFO 12:11:37 FlexiblePlacementStrategy] Using flexible placement with hardware ranks: [[4], [5], [6], [7]], node groups: ['cluster'].
[36m(EnvWorker pid=2744322)[0m [INFO 12:11:37 FlexiblePlacementStrategy] 
[36m(EnvWorker pid=2744322)[0m [INFO 12:11:37 FlexiblePlacementStrategy] Using flexible placement with hardware ranks: [[4], [5], [6], [7]], node groups: ['cluster'].
[36m(MultiStepRolloutWorker pid=2744195)[0m [INFO 12:11:37 FlexiblePlacementStrategy] 
[36m(MultiStepRolloutWorker pid=2744195)[0m [INFO 12:11:37 FlexiblePlacementStrategy] Using flexible placement with hardware ranks: [[4], [5], [6], [7]], node groups: ['cluster'].
[36m(EnvWorker pid=2744468)[0m [INFO 12:11:38 FlexiblePlacementStrategy] 
[36m(EnvWorker pid=2744468)[0m [INFO 12:11:38 FlexiblePlacementStrategy] Using flexible placement with hardware ranks: [[4], [5], [6], [7]], node groups: ['cluster'].
[36m(EnvWorker pid=2744200)[0m [INFO 12:11:38 FlexiblePlacementStrategy] 
[36m(EnvWorker pid=2744200)[0m [INFO 12:11:38 FlexiblePlacementStrategy] Using flexible placement with hardware ranks: [[4], [5], [6], [7]], node groups: ['cluster'].
[36m(EmbodiedFSDPActor pid=2744190)[0m [INFO 12:11:38 ActorGroup-Rank-1][fsdp_model_manager.py:133] [FSDP] AMP is disabled.
[36m(EmbodiedFSDPActor pid=2744190)[0m [INFO 12:11:38 FlexiblePlacementStrategy] 
[36m(EmbodiedFSDPActor pid=2744190)[0m [INFO 12:11:38 FlexiblePlacementStrategy] Using flexible placement with hardware ranks: [[4], [5], [6], [7]], node groups: ['cluster'].
[36m(EmbodiedFSDPActor pid=2744191)[0m [WARNING 12:11:38 ActorGroup-Rank-2][fsdp_model_manager.py:79] Provided there is sufficient GPU memory, set the actor.model.precision parameter to fp32 to allow the optimizer to run in fp32 for better convergence. Meanwhile, setting mixed_precision.param_dtype to 16-bit dtype can help maximize speed, as it will automatically convert fp32 to fp16 during operator execution.
[36m(EmbodiedFSDPActor pid=2744193)[0m [WARNING 12:11:39 ActorGroup-Rank-3][fsdp_model_manager.py:79] Provided there is sufficient GPU memory, set the actor.model.precision parameter to fp32 to allow the optimizer to run in fp32 for better convergence. Meanwhile, setting mixed_precision.param_dtype to 16-bit dtype can help maximize speed, as it will automatically convert fp32 to fp16 during operator execution.
[36m(RolloutGroup(rank=0) pid=2744194)[0m WARNING: All log messages before absl::InitializeLog() is called are written to STDERR
[36m(RolloutGroup(rank=0) pid=2744194)[0m I0000 00:00:1787573499.248670 2745544 port.cc:153] oneDNN custom operations are on. You may see slightly different numerical results due to floating-point round-off errors from different computation orders. To turn them off, set the environment variable `TF_ENABLE_ONEDNN_OPTS=0`.
[36m(RolloutGroup(rank=3) pid=2744198)[0m WARNING: All log messages before absl::InitializeLog() is called are written to STDERR
[36m(RolloutGroup(rank=3) pid=2744198)[0m I0000 00:00:1787573499.653693 2745591 port.cc:153] oneDNN custom operations are on. You may see slightly different numerical results due to floating-point round-off errors from different computation orders. To turn them off, set the environment variable `TF_ENABLE_ONEDNN_OPTS=0`.
[36m(RolloutGroup(rank=2) pid=2744196)[0m WARNING: All log messages before absl::InitializeLog() is called are written to STDERR
[36m(RolloutGroup(rank=2) pid=2744196)[0m I0000 00:00:1787573499.910257 2745594 port.cc:153] oneDNN custom operations are on. You may see slightly different numerical results due to floating-point round-off errors from different computation orders. To turn them off, set the environment variable `TF_ENABLE_ONEDNN_OPTS=0`.
[36m(RolloutGroup(rank=1) pid=2744195)[0m WARNING: All log messages before absl::InitializeLog() is called are written to STDERR
[36m(RolloutGroup(rank=1) pid=2744195)[0m I0000 00:00:1787573499.977665 2745610 port.cc:153] oneDNN custom operations are on. You may see slightly different numerical results due to floating-point round-off errors from different computation orders. To turn them off, set the environment variable `TF_ENABLE_ONEDNN_OPTS=0`.
[36m(RolloutGroup(rank=0) pid=2744194)[0m WARNING: All log messages before absl::InitializeLog() is called are written to STDERR
[36m(RolloutGroup(rank=0) pid=2744194)[0m I0000 00:00:1787573500.380018 2745544 port.cc:153] oneDNN custom operations are on. You may see slightly different numerical results due to floating-point round-off errors from different computation orders. To turn them off, set the environment variable `TF_ENABLE_ONEDNN_OPTS=0`.
[36m(RolloutGroup(rank=3) pid=2744198)[0m WARNING: All log messages before absl::InitializeLog() is called are written to STDERR
[36m(RolloutGroup(rank=3) pid=2744198)[0m I0000 00:00:1787573500.997967 2745591 port.cc:153] oneDNN custom operations are on. You may see slightly different numerical results due to floating-point round-off errors from different computation orders. To turn them off, set the environment variable `TF_ENABLE_ONEDNN_OPTS=0`.
[36m(RolloutGroup(rank=2) pid=2744196)[0m WARNING: All log messages before absl::InitializeLog() is called are written to STDERR
[36m(RolloutGroup(rank=2) pid=2744196)[0m I0000 00:00:1787573501.257263 2745594 port.cc:153] oneDNN custom operations are on. You may see slightly different numerical results due to floating-point round-off errors from different computation orders. To turn them off, set the environment variable `TF_ENABLE_ONEDNN_OPTS=0`.
[36m(RolloutGroup(rank=1) pid=2744195)[0m WARNING: All log messages before absl::InitializeLog() is called are written to STDERR
[36m(RolloutGroup(rank=1) pid=2744195)[0m I0000 00:00:1787573501.290484 2745610 port.cc:153] oneDNN custom operations are on. You may see slightly different numerical results due to floating-point round-off errors from different computation orders. To turn them off, set the environment variable `TF_ENABLE_ONEDNN_OPTS=0`.
[36m(EmbodiedFSDPActor pid=2744191)[0m [INFO 12:11:42 ActorGroup-Rank-2][fsdp_model_manager.py:133] [FSDP] AMP is disabled.
[36m(EmbodiedFSDPActor pid=2744191)[0m [INFO 12:11:42 FlexiblePlacementStrategy] 
[36m(EmbodiedFSDPActor pid=2744191)[0m [INFO 12:11:42 FlexiblePlacementStrategy] Using flexible placement with hardware ranks: [[4], [5], [6], [7]], node groups: ['cluster'].
[36m(EmbodiedFSDPActor pid=2744188)[0m [INFO 12:11:42 ActorGroup-Rank-0][fsdp_model_manager.py:133] [FSDP] AMP is disabled.
[36m(EmbodiedFSDPActor pid=2744188)[0m [INFO 12:11:42 FlexiblePlacementStrategy] 
[36m(EmbodiedFSDPActor pid=2744188)[0m [INFO 12:11:42 FlexiblePlacementStrategy] Using flexible placement with hardware ranks: [[4], [5], [6], [7]], node groups: ['cluster'].
[36m(EmbodiedFSDPActor pid=2744193)[0m [INFO 12:11:42 ActorGroup-Rank-3][fsdp_model_manager.py:133] [FSDP] AMP is disabled.
[36m(EmbodiedFSDPActor pid=2744193)[0m [INFO 12:11:42 FlexiblePlacementStrategy] 
[36m(EmbodiedFSDPActor pid=2744193)[0m [INFO 12:11:42 FlexiblePlacementStrategy] Using flexible placement with hardware ranks: [[4], [5], [6], [7]], node groups: ['cluster'].
[36m(RolloutGroup(rank=0) pid=2744194)[0m INFO:root:Loaded norm stats from /data/chenyiteng/models/rlinf/RLinf-Pi0-RoboTwin-SFT-adjust_bottle@92684e50/physical-intelligence/robotwin
[36m(RolloutGroup(rank=0) pid=2744194)[0m INFO:root:Loaded norm stats from /data/chenyiteng/models/rlinf/RLinf-Pi0-RoboTwin-SFT-adjust_bottle@92684e50/physical-intelligence/robotwin
[36m(RolloutGroup(rank=3) pid=2744198)[0m INFO:root:Loaded norm stats from /data/chenyiteng/models/rlinf/RLinf-Pi0-RoboTwin-SFT-adjust_bottle@92684e50/physical-intelligence/robotwin
[36m(RolloutGroup(rank=3) pid=2744198)[0m INFO:root:Loaded norm stats from /data/chenyiteng/models/rlinf/RLinf-Pi0-RoboTwin-SFT-adjust_bottle@92684e50/physical-intelligence/robotwin
[36m(RolloutGroup(rank=1) pid=2744195)[0m INFO:root:Loaded norm stats from /data/chenyiteng/models/rlinf/RLinf-Pi0-RoboTwin-SFT-adjust_bottle@92684e50/physical-intelligence/robotwin
[36m(RolloutGroup(rank=1) pid=2744195)[0m INFO:root:Loaded norm stats from /data/chenyiteng/models/rlinf/RLinf-Pi0-RoboTwin-SFT-adjust_bottle@92684e50/physical-intelligence/robotwin
[36m(RolloutGroup(rank=2) pid=2744196)[0m INFO:root:Loaded norm stats from /data/chenyiteng/models/rlinf/RLinf-Pi0-RoboTwin-SFT-adjust_bottle@92684e50/physical-intelligence/robotwin
[36m(RolloutGroup(rank=2) pid=2744196)[0m INFO:root:Loaded norm stats from /data/chenyiteng/models/rlinf/RLinf-Pi0-RoboTwin-SFT-adjust_bottle@92684e50/physical-intelligence/robotwin
[36m(ActorGroup(rank=3) pid=2744193)[0m WARNING: All log messages before absl::InitializeLog() is called are written to STDERR
[36m(ActorGroup(rank=3) pid=2744193)[0m I0000 00:00:1787573551.406152 2745790 port.cc:153] oneDNN custom operations are on. You may see slightly different numerical results due to floating-point round-off errors from different computation orders. To turn them off, set the environment variable `TF_ENABLE_ONEDNN_OPTS=0`.
[36m(ActorGroup(rank=0) pid=2744188)[0m WARNING: All log messages before absl::InitializeLog() is called are written to STDERR
[36m(ActorGroup(rank=0) pid=2744188)[0m I0000 00:00:1787573551.533259 2745600 port.cc:153] oneDNN custom operations are on. You may see slightly different numerical results due to floating-point round-off errors from different computation orders. To turn them off, set the environment variable `TF_ENABLE_ONEDNN_OPTS=0`.
[36m(ActorGroup(rank=1) pid=2744190)[0m WARNING: All log messages before absl::InitializeLog() is called are written to STDERR
[36m(ActorGroup(rank=1) pid=2744190)[0m I0000 00:00:1787573551.540472 2745627 port.cc:153] oneDNN custom operations are on. You may see slightly different numerical results due to floating-point round-off errors from different computation orders. To turn them off, set the environment variable `TF_ENABLE_ONEDNN_OPTS=0`.
[36m(ActorGroup(rank=2) pid=2744191)[0m WARNING: All log messages before absl::InitializeLog() is called are written to STDERR
[36m(ActorGroup(rank=2) pid=2744191)[0m I0000 00:00:1787573551.533259 2745776 port.cc:153] oneDNN custom operations are on. You may see slightly different numerical results due to floating-point round-off errors from different computation orders. To turn them off, set the environment variable `TF_ENABLE_ONEDNN_OPTS=0`.
[36m(ActorGroup(rank=3) pid=2744193)[0m WARNING: All log messages before absl::InitializeLog() is called are written to STDERR
[36m(ActorGroup(rank=3) pid=2744193)[0m I0000 00:00:1787573552.768220 2745790 port.cc:153] oneDNN custom operations are on. You may see slightly different numerical results due to floating-point round-off errors from different computation orders. To turn them off, set the environment variable `TF_ENABLE_ONEDNN_OPTS=0`.
[36m(ActorGroup(rank=0) pid=2744188)[0m WARNING: All log messages before absl::InitializeLog() is called are written to STDERR
[36m(ActorGroup(rank=0) pid=2744188)[0m I0000 00:00:1787573553.109336 2745600 port.cc:153] oneDNN custom operations are on. You may see slightly different numerical results due to floating-point round-off errors from different computation orders. To turn them off, set the environment variable `TF_ENABLE_ONEDNN_OPTS=0`.
[36m(ActorGroup(rank=1) pid=2744190)[0m WARNING: All log messages before absl::InitializeLog() is called are written to STDERR
[36m(ActorGroup(rank=1) pid=2744190)[0m I0000 00:00:1787573553.034133 2745627 port.cc:153] oneDNN custom operations are on. You may see slightly different numerical results due to floating-point round-off errors from different computation orders. To turn them off, set the environment variable `TF_ENABLE_ONEDNN_OPTS=0`.
[36m(ActorGroup(rank=2) pid=2744191)[0m WARNING: All log messages before absl::InitializeLog() is called are written to STDERR
[36m(ActorGroup(rank=2) pid=2744191)[0m I0000 00:00:1787573553.080455 2745776 port.cc:153] oneDNN custom operations are on. You may see slightly different numerical results due to floating-point round-off errors from different computation orders. To turn them off, set the environment variable `TF_ENABLE_ONEDNN_OPTS=0`.
[36m(ActorGroup(rank=1) pid=2744190)[0m INFO:root:Loaded norm stats from /data/chenyiteng/models/rlinf/RLinf-Pi0-RoboTwin-SFT-adjust_bottle@92684e50/physical-intelligence/robotwin
[36m(ActorGroup(rank=1) pid=2744190)[0m INFO:root:Loaded norm stats from /data/chenyiteng/models/rlinf/RLinf-Pi0-RoboTwin-SFT-adjust_bottle@92684e50/physical-intelligence/robotwin
[36m(ActorGroup(rank=3) pid=2744193)[0m INFO:root:Loaded norm stats from /data/chenyiteng/models/rlinf/RLinf-Pi0-RoboTwin-SFT-adjust_bottle@92684e50/physical-intelligence/robotwin
[36m(ActorGroup(rank=3) pid=2744193)[0m INFO:root:Loaded norm stats from /data/chenyiteng/models/rlinf/RLinf-Pi0-RoboTwin-SFT-adjust_bottle@92684e50/physical-intelligence/robotwin
[36m(ActorGroup(rank=0) pid=2744188)[0m INFO:root:Loaded norm stats from /data/chenyiteng/models/rlinf/RLinf-Pi0-RoboTwin-SFT-adjust_bottle@92684e50/physical-intelligence/robotwin
[36m(ActorGroup(rank=0) pid=2744188)[0m INFO:root:Loaded norm stats from /data/chenyiteng/models/rlinf/RLinf-Pi0-RoboTwin-SFT-adjust_bottle@92684e50/physical-intelligence/robotwin
[36m(ActorGroup(rank=1) pid=2744190)[0m [INFO 12:13:14 ActorGroup-Rank-1][fsdp_model_manager.py:294] [FSDP] Gradient checkpointing is disabled
[36m(ActorGroup(rank=2) pid=2744191)[0m INFO:root:Loaded norm stats from /data/chenyiteng/models/rlinf/RLinf-Pi0-RoboTwin-SFT-adjust_bottle@92684e50/physical-intelligence/robotwin
[36m(ActorGroup(rank=2) pid=2744191)[0m INFO:root:Loaded norm stats from /data/chenyiteng/models/rlinf/RLinf-Pi0-RoboTwin-SFT-adjust_bottle@92684e50/physical-intelligence/robotwin
[36m(ActorGroup(rank=0) pid=2744188)[0m [INFO 12:13:14 ActorGroup-Rank-0][fsdp_model_manager.py:294] [FSDP] Gradient checkpointing is disabled
[36m(ActorGroup(rank=3) pid=2744193)[0m [INFO 12:13:14 ActorGroup-Rank-3][fsdp_model_manager.py:294] [FSDP] Gradient checkpointing is disabled
[36m(ActorGroup(rank=2) pid=2744191)[0m [INFO 12:13:15 ActorGroup-Rank-2][fsdp_model_manager.py:294] [FSDP] Gradient checkpointing is disabled
[36m(RolloutGroup(rank=0) pid=2744194)[0m Generating Rollout Epochs:   0%|          | 0/8 [00:00<?, ?it/s]
[36m(RolloutGroup(rank=0) pid=2744194)[0m Generating Rollout Epochs:  12%|█▎        | 1/8 [01:17<09:05, 77.94s/it]
[36m(RolloutGroup(rank=0) pid=2744194)[0m Generating Rollout Epochs:  25%|██▌       | 2/8 [02:31<07:33, 75.60s/it]
[36m(RolloutGroup(rank=0) pid=2744194)[0m Generating Rollout Epochs:  38%|███▊      | 3/8 [03:59<06:45, 81.16s/it]
[36m(RolloutGroup(rank=0) pid=2744194)[0m Generating Rollout Epochs:  50%|█████     | 4/8 [05:26<05:33, 83.25s/it]
[36m(RolloutGroup(rank=0) pid=2744194)[0m Generating Rollout Epochs:  62%|██████▎   | 5/8 [06:54<04:15, 85.19s/it]
[36m(RolloutGroup(rank=0) pid=2744194)[0m Generating Rollout Epochs:  75%|███████▌  | 6/8 [08:27<02:55, 87.71s/it]
[36m(RolloutGroup(rank=0) pid=2744194)[0m Generating Rollout Epochs:  88%|████████▊ | 7/8 [09:55<01:27, 87.72s/it]
[36m(RolloutGroup(rank=0) pid=2744194)[0m Generating Rollout Epochs: 100%|██████████| 8/8 [11:19<00:00, 86.61s/it]Generating Rollout Epochs: 100%|██████████| 8/8 [11:19<00:00, 84.92s/it]

╭──────────────────────────────────────────────────────────────────────────────────────────────────────────────────────╮
├──────────────────────────────────────────────────── Metric Table ────────────────────────────────────────────────────┤
│ Global Step:    1/100 │ Progress: ░░░░░░░░░░░░░░░░░░░░░░░░░░░░░░░░░░░░░░░░ │   1.0%                                  │
│ Elapsed: 13:18 │ ETA: 21:56:44 │ Step Time: 798.027s                                                                 │
├──────────────────────────────────────────────────────── Time ────────────────────────────────────────────────────────┤
│                                                                                                                      │
│actor/actor/compute_adv=0.036          │actor/actor/recv_traj=770.8            │actor/actor/sync_model_to_rollout=8.3…│
│actor/run_training=15.450              │actor_training=15.457                  │cal_adv_and_returns=0.043             │
│env/compute_bootstrap_rewards=0.0039   │env/env/bootstrap_step=551.2           │env/env/send_rollout_trajectories=0.8…│
│env/env_interact_step=204.0            │env/interact=770.0                     │env/run_interact_once=770.0           │
│generate_rollouts=774.1                │rollout/generate_one_epoch=767.7       │rollout/predict=10.491                │
│rollout/rollout/generate=774.1         │rollout/sync_model_from_actor=7.758    │step=798.0                            │
│sync_weights=8.317                     │                                       │                                      │
│                                                                                                                      │
├──────────────────────────────────────────────────── Environment ─────────────────────────────────────────────────────┤
│                                                                                                                      │
│episode_len=200.0                      │num_trajectories=256                   │return=0.7109375                      │
│reward=0.0035546874                    │success_once=0.7109375                 │                                      │
│                                                                                                                      │
├────────────────────────────────────────────────────── Rollout ───────────────────────────────────────────────────────┤
│                                                                                                                      │
│advantages_max=2.475                   │advantages_mean=-0.122                 │advantages_min=-2.475                 │
│rewards=0.0037                         │                                       │                                      │
│                                                                                                                      │
├─────────────────────────────────────────────────── Training/Actor ───────────────────────────────────────────────────┤
│                                                                                                                      │
│actor/approx_kl=0.259                  │actor/clip_fraction=0.196              │actor/clipped_ratio=0.974             │
│actor/dual_cliped_ratio=0.0000         │actor/dvac_current_mean=-4.413         │actor/dvac_current_std=0.684          │
│actor/dvac_history_mean=0.0000         │actor/dvac_history_std=0.0000          │actor/dvac_warmup=1.000               │
│actor/dvac_weight_ess_fraction=1.000   │actor/dvac_weight_mean=1.000           │actor/dvac_weight_sq_mean=1.000       │
│actor/dvac_z_high_clip_fraction=0.0000 │actor/dvac_z_low_clip_fraction=0.0000  │actor/entropy_loss=0.0000             │
│actor/grad_norm=45.992                 │actor/lr=5.60e-06                      │actor/policy_loss=0.015               │
│actor/policy_loss_abs=0.534            │actor/ratio=1.115                      │actor/ratio_abs=0.426                 │
│actor/total_loss=0.0038                │                                       │                                      │
│                                                                                                                      │
╰──────────────────────────────────────────────────────────────────────────────────────────────────────────────────────╯

[36m(RolloutGroup(rank=0) pid=2744194)[0m Generating Rollout Epochs:   0%|          | 0/8 [00:00<?, ?it/s]
[36m(RolloutGroup(rank=0) pid=2744194)[0m Generating Rollout Epochs:  12%|█▎        | 1/8 [01:27<10:15, 87.92s/it]
[36m(RolloutGroup(rank=0) pid=2744194)[0m Generating Rollout Epochs:  25%|██▌       | 2/8 [02:50<08:28, 84.83s/it]
[36m(RolloutGroup(rank=0) pid=2744194)[0m Generating Rollout Epochs:  38%|███▊      | 3/8 [04:05<06:42, 80.41s/it]
[36m(RolloutGroup(rank=0) pid=2744194)[0m Generating Rollout Epochs:  50%|█████     | 4/8 [05:18<05:10, 77.54s/it]
[36m(RolloutGroup(rank=0) pid=2744194)[0m Generating Rollout Epochs:  62%|██████▎   | 5/8 [06:41<03:57, 79.29s/it]
[36m(RolloutGroup(rank=0) pid=2744194)[0m Generating Rollout Epochs:  75%|███████▌  | 6/8 [08:12<02:46, 83.25s/it]
[36m(RolloutGroup(rank=0) pid=2744194)[0m Generating Rollout Epochs:  88%|████████▊ | 7/8 [09:39<01:24, 84.47s/it]
[36m(RolloutGroup(rank=0) pid=2744194)[0m Generating Rollout Epochs: 100%|██████████| 8/8 [11:05<00:00, 84.99s/it]Generating Rollout Epochs: 100%|██████████| 8/8 [11:05<00:00, 83.16s/it]

╭──────────────────────────────────────────────────────────────────────────────────────────────────────────────────────╮
├──────────────────────────────────────────────────── Metric Table ────────────────────────────────────────────────────┤
│ Global Step:    2/100 │ Progress: ░░░░░░░░░░░░░░░░░░░░░░░░░░░░░░░░░░░░░░░░ │   2.0%                                  │
│ Elapsed: 26:06 │ ETA: 21:19:22 │ Step Time: 783.289s                                                                 │
├──────────────────────────────────────────────────────── Time ────────────────────────────────────────────────────────┤
│                                                                                                                      │
│actor/actor/compute_adv=0.010          │actor/actor/recv_traj=747.2            │actor/actor/sync_model_to_rollout=2.1…│
│actor/run_training=14.653              │actor_training=14.658                  │cal_adv_and_returns=0.018             │
│env/compute_bootstrap_rewards=0.0036   │env/env/bootstrap_step=545.8           │env/env/send_rollout_trajectories=0.7…│
│env/env_interact_step=189.2            │env/interact=746.8                     │env/run_interact_once=746.8           │
│generate_rollouts=751.0                │rollout/generate_one_epoch=744.6       │rollout/predict=9.608                 │
│rollout/rollout/generate=751.0         │rollout/sync_model_from_actor=2.790    │step=768.5                            │
│sync_weights=2.794                     │                                       │                                      │
│                                                                                                                      │
├──────────────────────────────────────────────────── Environment ─────────────────────────────────────────────────────┤
│                                                                                                                      │
│episode_len=200.0                      │num_trajectories=256                   │return=0.7734375                      │
│reward=0.0038671873                    │success_once=0.7734375                 │                                      │
│                                                                                                                      │
├────────────────────────────────────────────────────── Rollout ───────────────────────────────────────────────────────┤
│                                                                                                                      │
│advantages_max=1.208                   │advantages_mean=-0.118                 │advantages_min=-2.475                 │
│rewards=0.0043                         │                                       │                                      │
│                                                                                                                      │
├─────────────────────────────────────────────────── Training/Actor ───────────────────────────────────────────────────┤
│                                                                                                                      │
│actor/approx_kl=0.064                  │actor/clip_fraction=0.169              │actor/clipped_ratio=0.987             │
│actor/dual_cliped_ratio=0.0000         │actor/dvac_current_mean=-4.379         │actor/dvac_current_std=0.648          │
│actor/dvac_history_mean=-4.413         │actor/dvac_history_std=0.684           │actor/dvac_warmup=0.0000              │
│actor/dvac_weight_ess_fraction=0.842   │actor/dvac_weight_mean=1.014           │actor/dvac_weight_sq_mean=1.221       │
│actor/dvac_z_high_clip_fraction=0.028  │actor/dvac_z_low_clip_fraction=0.0042  │actor/entropy_loss=0.0000             │
│actor/grad_norm=44.690                 │actor/lr=5.60e-06                      │actor/policy_loss=0.0046              │
│actor/policy_loss_abs=0.501            │actor/ratio=1.028                      │actor/ratio_abs=0.221                 │
│actor/total_loss=0.0011                │                                       │                                      │
│                                                                                                                      │
╰──────────────────────────────────────────────────────────────────────────────────────────────────────────────────────╯

[36m(RolloutGroup(rank=0) pid=2744194)[0m Generating Rollout Epochs:   0%|          | 0/8 [00:00<?, ?it/s]
[36m(RolloutGroup(rank=0) pid=2744194)[0m Generating Rollout Epochs:  12%|█▎        | 1/8 [01:31<10:37, 91.13s/it]
[36m(RolloutGroup(rank=0) pid=2744194)[0m Generating Rollout Epochs:  25%|██▌       | 2/8 [02:50<08:26, 84.37s/it]
[36m(RolloutGroup(rank=0) pid=2744194)[0m Generating Rollout Epochs:  38%|███▊      | 3/8 [04:10<06:50, 82.11s/it]
[36m(RolloutGroup(rank=0) pid=2744194)[0m Generating Rollout Epochs:  50%|█████     | 4/8 [05:25<05:17, 79.26s/it]
[36m(RolloutGroup(rank=0) pid=2744194)[0m Generating Rollout Epochs:  62%|██████▎   | 5/8 [06:51<04:05, 81.87s/it]
[36m(RolloutGroup(rank=0) pid=2744194)[0m Generating Rollout Epochs:  75%|███████▌  | 6/8 [08:11<02:42, 81.24s/it]
[36m(RolloutGroup(rank=0) pid=2744194)[0m Generating Rollout Epochs:  88%|████████▊ | 7/8 [09:30<01:20, 80.62s/it]
[36m(RolloutGroup(rank=0) pid=2744194)[0m Generating Rollout Epochs: 100%|██████████| 8/8 [10:50<00:00, 80.39s/it]Generating Rollout Epochs: 100%|██████████| 8/8 [10:50<00:00, 81.35s/it]

╭──────────────────────────────────────────────────────────────────────────────────────────────────────────────────────╮
├──────────────────────────────────────────────────── Metric Table ────────────────────────────────────────────────────┤
│ Global Step:    3/100 │ Progress: █░░░░░░░░░░░░░░░░░░░░░░░░░░░░░░░░░░░░░░░ │   3.0%                                  │
│ Elapsed: 38:30 │ ETA: 20:45:14 │ Step Time: 770.254s                                                                 │
├──────────────────────────────────────────────────────── Time ────────────────────────────────────────────────────────┤
│                                                                                                                      │
│actor/actor/compute_adv=0.0092         │actor/actor/recv_traj=722.5            │actor/actor/sync_model_to_rollout=2.4…│
│actor/run_training=14.912              │actor_training=14.918                  │cal_adv_and_returns=0.015             │
│env/compute_bootstrap_rewards=0.0036   │env/env/bootstrap_step=524.1           │env/env/send_rollout_trajectories=0.7…│
│env/env_interact_step=185.5            │env/interact=722.0                     │env/run_interact_once=722.0           │
│generate_rollouts=726.2                │rollout/generate_one_epoch=720.1       │rollout/predict=8.972                 │
│rollout/rollout/generate=726.1         │rollout/sync_model_from_actor=2.993    │step=744.1                            │
│sync_weights=2.997                     │                                       │                                      │
│                                                                                                                      │
├──────────────────────────────────────────────────── Environment ─────────────────────────────────────────────────────┤
│                                                                                                                      │
│episode_len=200.0                      │num_trajectories=256                   │return=0.78515625                     │
│reward=0.003925781                     │success_once=0.78515625                │                                      │
│                                                                                                                      │
├────────────────────────────────────────────────────── Rollout ───────────────────────────────────────────────────────┤
│                                                                                                                      │
│advantages_max=1.208                   │advantages_mean=-0.114                 │advantages_min=-2.475                 │
│rewards=0.0045                         │                                       │                                      │
│                                                                                                                      │
├─────────────────────────────────────────────────── Training/Actor ───────────────────────────────────────────────────┤
│                                                                                                                      │
│actor/approx_kl=0.041                  │actor/clip_fraction=0.092              │actor/clipped_ratio=0.991             │
│actor/dual_cliped_ratio=0.0000         │actor/dvac_current_mean=-4.360         │actor/dvac_current_std=0.670          │
│actor/dvac_history_mean=-4.396         │actor/dvac_history_std=0.667           │actor/dvac_warmup=0.0000              │
│actor/dvac_weight_ess_fraction=0.825   │actor/dvac_weight_mean=1.016           │actor/dvac_weight_sq_mean=1.250       │
│actor/dvac_z_high_clip_fraction=0.039  │actor/dvac_z_low_clip_fraction=0.0073  │actor/entropy_loss=0.0000             │
│actor/grad_norm=37.835                 │actor/lr=5.60e-06                      │actor/policy_loss=0.0042              │
│actor/policy_loss_abs=0.411            │actor/ratio=0.994                      │actor/ratio_abs=0.124                 │
│actor/total_loss=0.0010                │                                       │                                      │
│                                                                                                                      │
╰──────────────────────────────────────────────────────────────────────────────────────────────────────────────────────╯

[36m(RolloutGroup(rank=0) pid=2744194)[0m Generating Rollout Epochs:   0%|          | 0/8 [00:00<?, ?it/s]
[36m(RolloutGroup(rank=0) pid=2744194)[0m Generating Rollout Epochs:  12%|█▎        | 1/8 [01:29<10:23, 89.05s/it]
[36m(RolloutGroup(rank=0) pid=2744194)[0m Generating Rollout Epochs:  25%|██▌       | 2/8 [02:56<08:47, 87.86s/it]
[36m(RolloutGroup(rank=0) pid=2744194)[0m Generating Rollout Epochs:  38%|███▊      | 3/8 [04:22<07:15, 87.16s/it]
[36m(RolloutGroup(rank=0) pid=2744194)[0m Generating Rollout Epochs:  50%|█████     | 4/8 [05:54<05:55, 88.95s/it]
[36m(RolloutGroup(rank=0) pid=2744194)[0m Generating Rollout Epochs:  62%|██████▎   | 5/8 [07:16<04:19, 86.50s/it]
[36m(RolloutGroup(rank=0) pid=2744194)[0m Generating Rollout Epochs:  75%|███████▌  | 6/8 [08:41<02:52, 86.07s/it]
[36m(RolloutGroup(rank=0) pid=2744194)[0m Generating Rollout Epochs:  88%|████████▊ | 7/8 [10:09<01:26, 86.64s/it]
[36m(RolloutGroup(rank=0) pid=2744194)[0m Generating Rollout Epochs: 100%|██████████| 8/8 [11:30<00:00, 85.01s/it]Generating Rollout Epochs: 100%|██████████| 8/8 [11:30<00:00, 86.35s/it]

╭──────────────────────────────────────────────────────────────────────────────────────────────────────────────────────╮
├──────────────────────────────────────────────────── Metric Table ────────────────────────────────────────────────────┤
│ Global Step:    4/100 │ Progress: █░░░░░░░░░░░░░░░░░░░░░░░░░░░░░░░░░░░░░░░ │   4.0%                                  │
│ Elapsed: 51:39 │ ETA: 20:39:58 │ Step Time: 774.989s                                                                 │
├──────────────────────────────────────────────────────── Time ────────────────────────────────────────────────────────┤
│                                                                                                                      │
│actor/actor/compute_adv=0.0078         │actor/actor/recv_traj=767.7            │actor/actor/sync_model_to_rollout=2.4…│
│actor/run_training=14.698              │actor_training=14.704                  │cal_adv_and_returns=0.016             │
│env/compute_bootstrap_rewards=0.0039   │env/env/bootstrap_step=563.3           │env/env/send_rollout_trajectories=0.7…│
│env/env_interact_step=191.4            │env/interact=767.1                     │env/run_interact_once=767.1           │
│generate_rollouts=771.5                │rollout/generate_one_epoch=764.9       │rollout/predict=8.926                 │
│rollout/rollout/generate=771.5         │rollout/sync_model_from_actor=2.907    │step=789.2                            │
│sync_weights=2.912                     │                                       │                                      │
│                                                                                                                      │
├──────────────────────────────────────────────────── Environment ─────────────────────────────────────────────────────┤
│                                                                                                                      │
│episode_len=200.0                      │num_trajectories=256                   │return=0.8359375                      │
│reward=0.0041796872                    │success_once=0.8359375                 │                                      │
│                                                                                                                      │
├────────────────────────────────────────────────────── Rollout ───────────────────────────────────────────────────────┤
│                                                                                                                      │
│advantages_max=1.620                   │advantages_mean=-0.113                 │advantages_min=-2.475                 │
│rewards=0.0043                         │                                       │                                      │
│                                                                                                                      │
├─────────────────────────────────────────────────── Training/Actor ───────────────────────────────────────────────────┤
│                                                                                                                      │
│actor/approx_kl=0.039                  │actor/clip_fraction=0.099              │actor/clipped_ratio=0.985             │
│actor/dual_cliped_ratio=0.0000         │actor/dvac_current_mean=-4.351         │actor/dvac_current_std=0.633          │
│actor/dvac_history_mean=-4.384         │actor/dvac_history_std=0.668           │actor/dvac_warmup=0.0000              │
│actor/dvac_weight_ess_fraction=0.839   │actor/dvac_weight_mean=1.015           │actor/dvac_weight_sq_mean=1.227       │
│actor/dvac_z_high_clip_fraction=0.033  │actor/dvac_z_low_clip_fraction=0.0051  │actor/entropy_loss=0.0000             │
│actor/grad_norm=43.827                 │actor/lr=5.60e-06                      │actor/policy_loss=0.0036              │
│actor/policy_loss_abs=0.408            │actor/ratio=1.002                      │actor/ratio_abs=0.138                 │
│actor/total_loss=9.02e-04              │                                       │                                      │
│                                                                                                                      │
╰──────────────────────────────────────────────────────────────────────────────────────────────────────────────────────╯

[36m(RolloutGroup(rank=0) pid=2744194)[0m Generating Rollout Epochs:   0%|          | 0/8 [00:00<?, ?it/s]
[36m(RolloutGroup(rank=0) pid=2744194)[0m Generating Rollout Epochs:  12%|█▎        | 1/8 [01:26<10:03, 86.17s/it]
[36m(RolloutGroup(rank=0) pid=2744194)[0m Generating Rollout Epochs:  25%|██▌       | 2/8 [03:05<09:23, 93.98s/it]
[36m(RolloutGroup(rank=0) pid=2744194)[0m Generating Rollout Epochs:  38%|███▊      | 3/8 [04:25<07:17, 87.43s/it]
[36m(RolloutGroup(rank=0) pid=2744194)[0m Generating Rollout Epochs:  50%|█████     | 4/8 [05:39<05:28, 82.18s/it]
[36m(RolloutGroup(rank=0) pid=2744194)[0m Generating Rollout Epochs:  62%|██████▎   | 5/8 [07:03<04:08, 82.79s/it]
[36m(RolloutGroup(rank=0) pid=2744194)[0m Generating Rollout Epochs:  75%|███████▌  | 6/8 [08:28<02:47, 83.76s/it]
[36m(RolloutGroup(rank=0) pid=2744194)[0m Generating Rollout Epochs:  88%|████████▊ | 7/8 [09:49<01:22, 82.82s/it]
[36m(RolloutGroup(rank=0) pid=2744194)[0m Generating Rollout Epochs: 100%|██████████| 8/8 [11:06<00:00, 80.78s/it]Generating Rollout Epochs: 100%|██████████| 8/8 [11:06<00:00, 83.27s/it]

╭──────────────────────────────────────────────────────────────────────────────────────────────────────────────────────╮
├──────────────────────────────────────────────────── Metric Table ────────────────────────────────────────────────────┤
│ Global Step:    5/100 │ Progress: ██░░░░░░░░░░░░░░░░░░░░░░░░░░░░░░░░░░░░░░ │   5.0%                                  │
│ Elapsed: 01:04:05 │ ETA: 20:17:48 │ Step Time: 769.145s                                                              │
├──────────────────────────────────────────────────────── Time ────────────────────────────────────────────────────────┤
│                                                                                                                      │
│actor/actor/compute_adv=0.0090         │actor/actor/recv_traj=724.8            │actor/actor/sync_model_to_rollout=2.1…│
│actor/run_training=14.448              │actor_training=14.454                  │cal_adv_and_returns=0.017             │
│env/compute_bootstrap_rewards=0.0035   │env/env/bootstrap_step=536.1           │env/env/send_rollout_trajectories=0.7…│
│env/env_interact_step=176.7            │env/interact=724.3                     │env/run_interact_once=724.3           │
│generate_rollouts=728.5                │rollout/generate_one_epoch=722.1       │rollout/predict=8.350                 │
│rollout/rollout/generate=728.5         │rollout/sync_model_from_actor=2.728    │step=745.7                            │
│sync_weights=2.734                     │                                       │                                      │
│                                                                                                                      │
├──────────────────────────────────────────────────── Environment ─────────────────────────────────────────────────────┤
│                                                                                                                      │
│episode_len=200.0                      │num_trajectories=256                   │return=0.796875                       │
│reward=0.003984375                     │success_once=0.796875                  │                                      │
│                                                                                                                      │
├────────────────────────────────────────────────────── Rollout ───────────────────────────────────────────────────────┤
│                                                                                                                      │
│advantages_max=2.475                   │advantages_mean=-0.110                 │advantages_min=-2.475                 │
│rewards=0.0038                         │                                       │                                      │
│                                                                                                                      │
├─────────────────────────────────────────────────── Training/Actor ───────────────────────────────────────────────────┤
│                                                                                                                      │
│actor/approx_kl=0.024                  │actor/clip_fraction=0.069              │actor/clipped_ratio=0.989             │
│actor/dual_cliped_ratio=0.0000         │actor/dvac_current_mean=-4.313         │actor/dvac_current_std=0.686          │
│actor/dvac_history_mean=-4.376         │actor/dvac_history_std=0.660           │actor/dvac_warmup=0.0000              │
│actor/dvac_weight_ess_fraction=0.833   │actor/dvac_weight_mean=1.028           │actor/dvac_weight_sq_mean=1.268       │
│actor/dvac_z_high_clip_fraction=0.044  │actor/dvac_z_low_clip_fraction=0.0047  │actor/entropy_loss=0.0000             │
│actor/grad_norm=37.656                 │actor/lr=5.60e-06                      │actor/policy_loss=0.0026              │
│actor/policy_loss_abs=0.408            │actor/ratio=0.997                      │actor/ratio_abs=0.101                 │
│actor/total_loss=6.46e-04              │                                       │                                      │
│                                                                                                                      │
╰──────────────────────────────────────────────────────────────────────────────────────────────────────────────────────╯

[36m(RolloutGroup(rank=0) pid=2744194)[0m Generating Rollout Epochs:   0%|          | 0/8 [00:00<?, ?it/s]
[36m(RolloutGroup(rank=0) pid=2744194)[0m Generating Rollout Epochs:  12%|█▎        | 1/8 [01:37<11:19, 97.03s/it]
[36m(RolloutGroup(rank=0) pid=2744194)[0m Generating Rollout Epochs:  25%|██▌       | 2/8 [03:11<09:32, 95.34s/it]
[36m(RolloutGroup(rank=0) pid=2744194)[0m Generating Rollout Epochs:  38%|███▊      | 3/8 [04:42<07:47, 93.57s/it]
[36m(RolloutGroup(rank=0) pid=2744194)[0m Generating Rollout Epochs:  50%|█████     | 4/8 [06:14<06:11, 92.77s/it]
[36m(RolloutGroup(rank=0) pid=2744194)[0m Generating Rollout Epochs:  62%|██████▎   | 5/8 [07:54<04:46, 95.39s/it]
[36m(RolloutGroup(rank=0) pid=2744194)[0m Generating Rollout Epochs:  75%|███████▌  | 6/8 [09:25<03:08, 94.05s/it]
[36m(RolloutGroup(rank=0) pid=2744194)[0m Generating Rollout Epochs:  88%|████████▊ | 7/8 [10:45<01:29, 89.37s/it]
[36m(RolloutGroup(rank=0) pid=2744194)[0m Generating Rollout Epochs: 100%|██████████| 8/8 [12:03<00:00, 85.67s/it]Generating Rollout Epochs: 100%|██████████| 8/8 [12:03<00:00, 90.40s/it]

╭──────────────────────────────────────────────────────────────────────────────────────────────────────────────────────╮
├──────────────────────────────────────────────────── Metric Table ────────────────────────────────────────────────────┤
│ Global Step:    6/100 │ Progress: ██░░░░░░░░░░░░░░░░░░░░░░░░░░░░░░░░░░░░░░ │   6.0%                                  │
│ Elapsed: 01:17:30 │ ETA: 20:14:17 │ Step Time: 775.079s                                                              │
├──────────────────────────────────────────────────────── Time ────────────────────────────────────────────────────────┤
│                                                                                                                      │
│actor/actor/compute_adv=0.0076         │actor/actor/recv_traj=787.4            │actor/actor/sync_model_to_rollout=2.0…│
│actor/run_training=12.626              │actor_training=12.630                  │cal_adv_and_returns=0.012             │
│env/compute_bootstrap_rewards=0.0036   │env/env/bootstrap_step=594.6           │env/env/send_rollout_trajectories=0.5…│
│env/env_interact_step=183.6            │env/interact=787.0                     │env/run_interact_once=787.0           │
│generate_rollouts=789.7                │rollout/generate_one_epoch=785.0       │rollout/predict=8.631                 │
│rollout/rollout/generate=789.6         │rollout/sync_model_from_actor=2.422    │step=804.7                            │
│sync_weights=2.425                     │                                       │                                      │
│                                                                                                                      │
├──────────────────────────────────────────────────── Environment ─────────────────────────────────────────────────────┤
│                                                                                                                      │
│episode_len=200.0                      │num_trajectories=256                   │return=0.765625                       │
│reward=0.0038281248                    │success_once=0.765625                  │                                      │
│                                                                                                                      │
├────────────────────────────────────────────────────── Rollout ───────────────────────────────────────────────────────┤
│                                                                                                                      │
│advantages_max=1.620                   │advantages_mean=-0.114                 │advantages_min=-2.475                 │
│rewards=0.0043                         │                                       │                                      │
│                                                                                                                      │
├─────────────────────────────────────────────────── Training/Actor ───────────────────────────────────────────────────┤
│                                                                                                                      │
│actor/approx_kl=0.044                  │actor/clip_fraction=0.135              │actor/clipped_ratio=0.992             │
│actor/dual_cliped_ratio=0.0000         │actor/dvac_current_mean=-4.329         │actor/dvac_current_std=0.654          │
│actor/dvac_history_mean=-4.363         │actor/dvac_history_std=0.665           │actor/dvac_warmup=0.0000              │
│actor/dvac_weight_ess_fraction=0.832   │actor/dvac_weight_mean=1.014           │actor/dvac_weight_sq_mean=1.235       │
│actor/dvac_z_high_clip_fraction=0.036  │actor/dvac_z_low_clip_fraction=0.0062  │actor/entropy_loss=0.0000             │
│actor/grad_norm=49.976                 │actor/lr=5.60e-06                      │actor/policy_loss=-2.21e-04           │
│actor/policy_loss_abs=0.508            │actor/ratio=0.997                      │actor/ratio_abs=0.150                 │
│actor/total_loss=-5.53e-05             │                                       │                                      │
│                                                                                                                      │
╰──────────────────────────────────────────────────────────────────────────────────────────────────────────────────────╯

[36m(RolloutGroup(rank=0) pid=2744194)[0m Generating Rollout Epochs:   0%|          | 0/8 [00:00<?, ?it/s]
[36m(RolloutGroup(rank=0) pid=2744194)[0m Generating Rollout Epochs:  12%|█▎        | 1/8 [01:14<08:40, 74.42s/it]
[36m(RolloutGroup(rank=0) pid=2744194)[0m Generating Rollout Epochs:  25%|██▌       | 2/8 [02:27<07:21, 73.57s/it]
[36m(RolloutGroup(rank=0) pid=2744194)[0m Generating Rollout Epochs:  38%|███▊      | 3/8 [03:55<06:42, 80.41s/it]
[36m(RolloutGroup(rank=0) pid=2744194)[0m Generating Rollout Epochs:  50%|█████     | 4/8 [05:32<05:46, 86.60s/it]
[36m(RolloutGroup(rank=0) pid=2744194)[0m Generating Rollout Epochs:  62%|██████▎   | 5/8 [07:03<04:25, 88.34s/it]
[36m(RolloutGroup(rank=0) pid=2744194)[0m Generating Rollout Epochs:  75%|███████▌  | 6/8 [08:37<03:00, 90.38s/it]
[36m(RolloutGroup(rank=0) pid=2744194)[0m Generating Rollout Epochs:  88%|████████▊ | 7/8 [10:06<01:29, 89.78s/it]
[36m(RolloutGroup(rank=0) pid=2744194)[0m Generating Rollout Epochs: 100%|██████████| 8/8 [11:40<00:00, 91.31s/it]Generating Rollout Epochs: 100%|██████████| 8/8 [11:40<00:00, 87.62s/it]

╭──────────────────────────────────────────────────────────────────────────────────────────────────────────────────────╮
├──────────────────────────────────────────────────── Metric Table ────────────────────────────────────────────────────┤
│ Global Step:    7/100 │ Progress: ██░░░░░░░░░░░░░░░░░░░░░░░░░░░░░░░░░░░░░░ │   7.0%                                  │
│ Elapsed: 01:31:16 │ ETA: 20:12:44 │ Step Time: 782.411s                                                              │
├──────────────────────────────────────────────────────── Time ────────────────────────────────────────────────────────┤
│                                                                                                                      │
│actor/actor/compute_adv=0.0077         │actor/actor/recv_traj=803.8            │actor/actor/sync_model_to_rollout=1.8…│
│actor/run_training=16.160              │actor_training=16.164                  │cal_adv_and_returns=0.014             │
│env/compute_bootstrap_rewards=0.0038   │env/env/bootstrap_step=590.9           │env/env/send_rollout_trajectories=0.9…│
│env/env_interact_step=199.9            │env/interact=803.4                     │env/run_interact_once=803.4           │
│generate_rollouts=807.8                │rollout/generate_one_epoch=800.8       │rollout/predict=8.447                 │
│rollout/rollout/generate=807.7         │rollout/sync_model_from_actor=2.443    │step=826.4                            │
│sync_weights=2.446                     │                                       │                                      │
│                                                                                                                      │
├──────────────────────────────────────────────────── Environment ─────────────────────────────────────────────────────┤
│                                                                                                                      │
│episode_len=200.0                      │num_trajectories=256                   │return=0.7890625                      │
│reward=0.0039453125                    │success_once=0.7890625                 │                                      │
│                                                                                                                      │
├────────────────────────────────────────────────────── Rollout ───────────────────────────────────────────────────────┤
│                                                                                                                      │
│advantages_max=2.475                   │advantages_mean=-0.121                 │advantages_min=-2.475                 │
│rewards=0.0040                         │                                       │                                      │
│                                                                                                                      │
├─────────────────────────────────────────────────── Training/Actor ───────────────────────────────────────────────────┤
│                                                                                                                      │
│actor/approx_kl=0.057                  │actor/clip_fraction=0.130              │actor/clipped_ratio=0.989             │
│actor/dual_cliped_ratio=0.0000         │actor/dvac_current_mean=-4.323         │actor/dvac_current_std=0.640          │
│actor/dvac_history_mean=-4.346         │actor/dvac_history_std=0.659           │actor/dvac_warmup=0.0000              │
│actor/dvac_weight_ess_fraction=0.832   │actor/dvac_weight_mean=1.007           │actor/dvac_weight_sq_mean=1.219       │
│actor/dvac_z_high_clip_fraction=0.034  │actor/dvac_z_low_clip_fraction=0.0059  │actor/entropy_loss=0.0000             │
│actor/grad_norm=52.233                 │actor/lr=5.60e-06                      │actor/policy_loss=0.0068              │
│actor/policy_loss_abs=0.495            │actor/ratio=1.006                      │actor/ratio_abs=0.173                 │
│actor/total_loss=0.0017                │                                       │                                      │
│                                                                                                                      │
╰──────────────────────────────────────────────────────────────────────────────────────────────────────────────────────╯

[36m(RolloutGroup(rank=0) pid=2744194)[0m Generating Rollout Epochs:   0%|          | 0/8 [00:00<?, ?it/s]
[36m(RolloutGroup(rank=0) pid=2744194)[0m Generating Rollout Epochs:  12%|█▎        | 1/8 [01:20<09:20, 80.08s/it]
[36m(RolloutGroup(rank=0) pid=2744194)[0m Generating Rollout Epochs:  25%|██▌       | 2/8 [02:38<07:56, 79.39s/it]
[36m(RolloutGroup(rank=0) pid=2744194)[0m Generating Rollout Epochs:  38%|███▊      | 3/8 [04:04<06:50, 82.05s/it]
[36m(RolloutGroup(rank=0) pid=2744194)[0m Generating Rollout Epochs:  50%|█████     | 4/8 [05:28<05:31, 82.98s/it]
Exception occurred while running EmbodiedFSDPActor's function recv_rollout_trajectories: exception is The actor died unexpectedly before finishing this task.
	class_name: EmbodiedFSDPActor
	actor_id: ee7414b7f9c545637a8d6a501c000000
	pid: 2744188
	name: ActorGroup:0
	namespace: RLinf
	ip: 172.17.0.1
The actor is dead because it was killed by `ray.kill`.
Exception occurred while running EnvWorker's function interact: exception is The actor died unexpectedly before finishing this task.
	class_name: EnvWorker
	actor_id: 6809691452d5d7e600c9f85c1c000000
	pid: 2744199
	name: EnvGroup:0
	namespace: RLinf
	ip: 172.17.0.1
The actor is dead because it was killed by `ray.kill`.
Exception occurred while running MultiStepRolloutWorker's function generate: exception is The actor died unexpectedly before finishing this task.
	class_name: MultiStepRolloutWorker
	actor_id: 46baf9b37c1764fdf6b594ce1c000000
	pid: 2744194
	name: RolloutGroup:0
	namespace: RLinf
	ip: 172.17.0.1
The actor is dead because it was killed by `ray.kill`.
Exiting main process due to a failure upon worker execution.
