
╭──────────────────────────────────────────────────────────────────────────────────────────────────────────────────────╮
├──────────────────────────────────────────────────── Metric Table ────────────────────────────────────────────────────┤
│ Global Step:    1/1 │ Progress: ████████████████████████████████████████ │ 100.0%                                    │
│ Elapsed: 02:53 │ ETA: 00:00 │ Step Time: 173.881s                                                                    │
├──────────────────────────────────────────────────────── Time ────────────────────────────────────────────────────────┤
│                                                                                                                      │
│actor/actor/compute_adv=4.10e-05       │actor/actor/recv_traj=166.9            │actor/actor/sync_model_to_rollout=5.2…│
│actor/forward_actor=0.044              │actor/forward_critic=0.342             │actor/sample=0.024                    │
│actor/update_one_epoch=0.584           │actor_training=0.592                   │cal_adv_and_returns=0.0039            │
│env/compute_bootstrap_rewards=0.0019   │env/env/bootstrap_step=58.977          │env/env/send_rollout_trajectories=0.3…│
│env/env_interact_step=99.534           │env/interact=166.6                     │env/run_interact_once=165.6           │
│generate_rollouts=166.9                │rollout/generate_one_epoch=165.2       │rollout/rollout/generate=165.2        │
│rollout/sync_model_from_actor=5.681    │step=173.8                             │sync_weights=5.685                    │
│                                                                                                                      │
├──────────────────────────────────────────────────── Environment ─────────────────────────────────────────────────────┤
│                                                                                                                      │
│episode_len=200.0                      │num_trajectories=8                     │return=2.5                            │
│reward=0.0125                          │success_once=0.25                      │                                      │
│                                                                                                                      │
├─────────────────────────────────────────────────── Replay Buffer ────────────────────────────────────────────────────┤
│                                                                                                                      │
│cache_size=142.0                       │num_trajectories=142.0                 │total_samples=142.0                   │
│                                                                                                                      │
├─────────────────────────────────────────────────── Training/Actor ───────────────────────────────────────────────────┤
│                                                                                                                      │
│actor/action_ref_abs_mean=0.315        │actor/actor_weight_in_warmup=0.500     │actor/actor_weight_ramp_progress=0.125│
│actor/actor_weight_schedule_enabled=1.…│actor/bc_human_loss=0.0000             │actor/bc_loss=0.229                   │
│actor/bc_ref_loss=0.229                │actor/bc_weight=6.438                  │actor/entropy=-671.6                  │
│actor/grad_norm=3.726                  │actor/human_mask_ratio=0.0000          │actor/lr=1.00e-04                     │
│actor/policy_mask_ratio=1.000          │actor/q_pi=-0.042                      │actor/q_value_0=-0.042                │
│actor/q_value_1=-0.0021                │actor/q_weight=0.100                   │actor/reference_dropout_prob=0.500    │
│actor/rlt_dvac/enabled=0.0000          │actor/rlt_dvac/success_bc_applied=0.00…│actor/rlt_dvac/success_query_ratio=0.…│
│actor/weighted_bc=1.475                │actor/weighted_q=1.59e-04              │                                      │
│                                                                                                                      │
├────────────────────────────────────────────────── Training/Critic ───────────────────────────────────────────────────┤
│                                                                                                                      │
│critic/grad_norm=3.280                 │critic/lr=1.00e-04                     │critic/q_data=-0.014                  │
│                                                                                                                      │
├─────────────────────────────────────────────────── Training/Other ───────────────────────────────────────────────────┤
│                                                                                                                      │
│alpha/grad_norm=0.0000                 │replay/actor_switch_rate=0.0000        │replay/done_rate=0.056                │
│replay/intervention_rate=0.0000        │replay/intervention_requested_rate=0.0…│replay/record_transition_rate=1.000   │
│replay/reward_mean=0.014               │replay/reward_positive_rate=0.014      │replay/transition_count=142.0         │
│rlt/actor_updates_run=4.000            │rlt/critic_updates_run=8.000           │rlt/desired_total_updates=8.000       │
│rlt/global_min_replay_size=142.0       │rlt/global_total_transitions_added=142…│rlt/global_transitions_since_train=14…│
│rlt/max_updates_per_train_step=20.000  │rlt/min_replay_buffer_size=2.000       │rlt/pending_update_budget=0.0000      │
│rlt/ready_for_online=0.0000            │rlt/should_train=1.000                 │rlt/skip_reason=0.0000                │
│rlt/train_every_episodes=0.0000        │rlt/train_every_transitions=1.000      │rlt/update_epoch=5.000                │
│rlt/update_step=0.0000                 │rlt/updates_scheduled=8.000            │rlt/updates_to_run=8.000              │
│rlt/warmup_required_updates=8.000      │rlt_dvac/enabled=0.0000                │sac/actor_loss=1.475                  │
│sac/alpha=0.0000                       │sac/alpha_loss=0.0000                  │sac/critic_loss=0.026                 │
│                                                                                                                      │
╰──────────────────────────────────────────────────────────────────────────────────────────────────────────────────────╯

