
╭──────────────────────────────────────────────────────────────────────────────────────────────────────────────────────╮
├──────────────────────────────────────────────────── Metric Table ────────────────────────────────────────────────────┤
│ Global Step:    1/2 │ Progress: ████████████████████░░░░░░░░░░░░░░░░░░░░ │  50.0%                                    │
│ Elapsed: 24:09 │ ETA: 24:09 │ Step Time: 1449.520s                                                                   │
├──────────────────────────────────────────────────────── Time ────────────────────────────────────────────────────────┤
│                                                                                                                      │
│actor/actor/compute_adv=0.035          │actor/actor/recv_traj=1420.5           │actor/actor/sync_model_to_rollout=6.5…│
│actor/run_training=20.558              │actor_training=20.563                  │cal_adv_and_returns=0.041             │
│env/compute_bootstrap_rewards=0.0013   │env/env/bootstrap_step=1073.3          │env/env/send_rollout_trajectories=0.7…│
│env/env_interact_step=337.3            │env/interact=1419.6                    │env/run_interact_once=1419.6          │
│generate_rollouts=1422.3               │rollout/generate_one_epoch=1417.7      │rollout/predict=10.649                │
│rollout/rollout/generate=1422.3        │rollout/sync_model_from_actor=5.610    │step=1449.5                           │
│sync_weights=6.564                     │                                       │                                      │
│                                                                                                                      │
├──────────────────────────────────────────────────── Environment ─────────────────────────────────────────────────────┤
│                                                                                                                      │
│episode_len=200.0                      │num_trajectories=256                   │return=0.76171875                     │
│reward=0.0038085938                    │success_once=0.76171875                │                                      │
│                                                                                                                      │
├────────────────────────────────────────────────────── Rollout ───────────────────────────────────────────────────────┤
│                                                                                                                      │
│advantages_max=1.149                   │advantages_mean=-6.90e-09              │advantages_min=-2.252                 │
│returns_max=1.000                      │returns_mean=0.690                     │returns_min=0.0000                    │
│rewards=0.0047                         │                                       │                                      │
│                                                                                                                      │
├─────────────────────────────────────────────────── Training/Actor ───────────────────────────────────────────────────┤
│                                                                                                                      │
│actor/approx_kl=0.047                  │actor/clip_fraction=0.0072             │actor/clipped_ratio=1.000             │
│actor/dual_cliped_ratio=0.0000         │actor/dvac_current_mean=-4.401         │actor/dvac_current_std=0.698          │
│actor/dvac_history_mean=0.0000         │actor/dvac_history_std=0.0000          │actor/dvac_warmup=1.000               │
│actor/dvac_weight_ess_fraction=1.000   │actor/dvac_weight_mean=1.000           │actor/dvac_weight_sq_mean=1.000       │
│actor/dvac_z_high_clip_fraction=0.0000 │actor/dvac_z_low_clip_fraction=0.0000  │actor/entropy_loss=0.0000             │
│actor/grad_norm=41.170                 │actor/lr=5.60e-06                      │actor/policy_loss=-5.951              │
│actor/policy_loss_abs=41.261           │actor/ratio=1.000                      │actor/ratio_abs=0.016                 │
│actor/total_loss=-0.364                │                                       │                                      │
│                                                                                                                      │
├────────────────────────────────────────────────── Training/Critic ───────────────────────────────────────────────────┤
│                                                                                                                      │
│critic/explained_variance=-0.234       │critic/lr=1.10e-04                     │critic/value_clip_ratio=0.093         │
│critic/value_loss=0.122                │                                       │                                      │
│                                                                                                                      │
╰──────────────────────────────────────────────────────────────────────────────────────────────────────────────────────╯


╭──────────────────────────────────────────────────────────────────────────────────────────────────────────────────────╮
├──────────────────────────────────────────────────── Metric Table ────────────────────────────────────────────────────┤
│ Global Step:    2/2 │ Progress: ████████████████████████████████████████ │ 100.0%                                    │
│ Elapsed: 48:12 │ ETA: 00:00 │ Step Time: 1446.419s                                                                   │
├──────────────────────────────────────────────────────── Time ────────────────────────────────────────────────────────┤
│                                                                                                                      │
│actor/actor/compute_adv=0.0063         │actor/actor/recv_traj=1393.1           │actor/actor/sync_model_to_rollout=1.9…│
│actor/run_training=19.939              │actor_training=19.942                  │cal_adv_and_returns=0.012             │
│env/compute_bootstrap_rewards=0.0014   │env/env/bootstrap_step=1027.9          │env/env/send_rollout_trajectories=0.7…│
│env/env_interact_step=353.4            │env/interact=1392.4                    │env/run_interact_once=1392.4          │
│generate_rollouts=1395.0               │rollout/generate_one_epoch=1390.6      │rollout/predict=9.813                 │
│rollout/rollout/generate=1395.0        │rollout/sync_model_from_actor=2.415    │step=1443.3                           │
│sync_weights=2.419                     │                                       │                                      │
│                                                                                                                      │
├──────────────────────────────────────────────────── Environment ─────────────────────────────────────────────────────┤
│                                                                                                                      │
│episode_len=200.0                      │num_trajectories=256                   │return=0.796875                       │
│reward=0.0039843745                    │success_once=0.796875                  │                                      │
│                                                                                                                      │
├────────────────────────────────────────────────────── Rollout ───────────────────────────────────────────────────────┤
│                                                                                                                      │
│advantages_max=1.011                   │advantages_mean=-5.82e-09              │advantages_min=-2.464                 │
│returns_max=1.000                      │returns_mean=0.745                     │returns_min=0.0000                    │
│rewards=0.0050                         │                                       │                                      │
│                                                                                                                      │
├─────────────────────────────────────────────────── Training/Actor ───────────────────────────────────────────────────┤
│                                                                                                                      │
│actor/approx_kl=0.032                  │actor/clip_fraction=0.0036             │actor/clipped_ratio=1.000             │
│actor/dual_cliped_ratio=0.0000         │actor/dvac_current_mean=-4.407         │actor/dvac_current_std=0.675          │
│actor/dvac_history_mean=-4.401         │actor/dvac_history_std=0.698           │actor/dvac_warmup=0.0000              │
│actor/dvac_weight_ess_fraction=0.826   │actor/dvac_weight_mean=0.986           │actor/dvac_weight_sq_mean=1.177       │
│actor/dvac_z_high_clip_fraction=0.031  │actor/dvac_z_low_clip_fraction=0.0064  │actor/entropy_loss=0.0000             │
│actor/grad_norm=43.536                 │actor/lr=5.60e-06                      │actor/policy_loss=-2.909              │
│actor/policy_loss_abs=42.924           │actor/ratio=1.000                      │actor/ratio_abs=0.017                 │
│actor/total_loss=-0.177                │                                       │                                      │
│                                                                                                                      │
├────────────────────────────────────────────────── Training/Critic ───────────────────────────────────────────────────┤
│                                                                                                                      │
│critic/explained_variance=-0.071       │critic/lr=1.10e-04                     │critic/value_clip_ratio=0.0000        │
│critic/value_loss=0.075                │                                       │                                      │
│                                                                                                                      │
╰──────────────────────────────────────────────────────────────────────────────────────────────────────────────────────╯

