
╭──────────────────────────────────────────────────────────────────────────────────────────────────────────────────────╮
├──────────────────────────────────────────────────── Metric Table ────────────────────────────────────────────────────┤
│ Global Step:    1/1 │ Progress: ████████████████████████████████████████ │ 100.0%                                    │
│ Elapsed: 47:19 │ ETA: 00:00 │ Step Time: 2839.348s                                                                   │
├──────────────────────────────────────────────────────── Time ────────────────────────────────────────────────────────┤
│                                                                                                                      │
│actor/actor/compute_adv=0.041          │actor/actor/recv_traj=2128.6           │actor/actor/sync_model_to_rollout=17.…│
│actor/run_training=300.6               │actor_training=300.6                   │cal_adv_and_returns=0.047             │
│env/compute_bootstrap_rewards=0.013    │env/env/bootstrap_step=946.6           │env/env/send_rollout_trajectories=3.6…│
│env/env_interact_step=926.8            │env/evaluate=356.2                     │env/interact=2124.9                   │
│env/run_interact_once=2124.9           │eval=362.9                             │generate_rollouts=2132.7              │
│rollout/evaluate=250.7                 │rollout/generate_one_epoch=2118.1      │rollout/predict=284.0                 │
│rollout/rollout/generate=2132.7        │rollout/sync_model_from_actor=8.312    │step=2839.3                           │
│sync_weights=11.284                    │                                       │                                      │
│                                                                                                                      │
├──────────────────────────────────────────────────── Environment ─────────────────────────────────────────────────────┤
│                                                                                                                      │
│episode_len=192.0                      │num_trajectories=256                   │return=0.29296875                     │
│reward=0.001525879                     │success_once=0.29296875                │                                      │
│                                                                                                                      │
├────────────────────────────────────────────────────── Rollout ───────────────────────────────────────────────────────┤
│                                                                                                                      │
│advantages_max=2.475                   │advantages_mean=-0.038                 │advantages_min=-2.475                 │
│rewards=0.0018                         │                                       │                                      │
│                                                                                                                      │
├───────────────────────────────────────────────────── Evaluation ─────────────────────────────────────────────────────┤
│                                                                                                                      │
│episode_len=192.0                      │num_trajectories=32                    │return=0.4375                         │
│reward=0.002278646                     │success_at_end=0.4375                  │success_once=0.4375                   │
│                                                                                                                      │
├─────────────────────────────────────────────────── Training/Actor ───────────────────────────────────────────────────┤
│                                                                                                                      │
│actor/approx_kl=0.0026                 │actor/clip_fraction=0.020              │actor/clipped_ratio=0.940             │
│actor/dual_cliped_ratio=0.0000         │actor/entropy_loss=0.0000              │actor/grad_norm=6.308                 │
│actor/lr=5.00e-06                      │actor/policy_loss=-0.0013              │actor/policy_loss_abs=0.615           │
│actor/ratio=0.941                      │actor/ratio_abs=0.029                  │actor/total_loss=-2.48e-06            │
│                                                                                                                      │
╰──────────────────────────────────────────────────────────────────────────────────────────────────────────────────────╯

