/data/chenyiteng/projects/rlinf-shenzhen/worktrees/pi05-grpo-dvac-st-positive/examples/embodiment/train_embodied_agent.py:35: Hydra14MigrationWarning: 
version_base="1.1" selects Hydra 1.1 compatibility behavior.
Hydra 1.4 will remove this compatibility behavior.
Before upgrading to Hydra 1.4, set version_base="1.3" and test your application.
See https://hydra.cc/docs/upgrades/1.3_to_1.4/prepare_for_1_4/ for preparation instructions.
  @hydra.main(
/home/chenyiteng/venvs/rlinf-7d07-openpi-robotwin/lib/python3.11/site-packages/hydra/_internal/hydra.py:119: UserWarning: Future Hydra versions will no longer change working directory at job runtime by default.
See https://hydra.cc/docs/1.2/upgrades/1.1_to_1.2/changes_to_job_working_dir/ for more information.
  ret = run_job(
[INFO 05:16:33 RLinf] RLinf Ray code sync is enabled (py_modules=('/data/chenyiteng/projects/rlinf-shenzhen/worktrees/pi05-grpo-dvac-st-positive/rlinf',)); workers receive only the rlinf package from the launch node. Disable with RLINF_CODE_WORKING_DIR=0.
2026-09-07 05:16:33,058	INFO worker.py:1683 -- Using address 172.17.0.1:6389 set in the environment variable RAY_ADDRESS
2026-09-07 05:16:33,065	INFO worker.py:1833 -- Connecting to existing Ray cluster at address: 172.17.0.1:6389...
2026-09-07 05:16:33,140	INFO worker.py:2015 -- Connected to Ray cluster. View the dashboard at [1m[32mhttp://127.0.0.1:8266 [39m[22m
2026-09-07 05:16:33,184	INFO packaging.py:734 -- Creating a file package for local module '/data/chenyiteng/projects/rlinf-shenzhen/worktrees/pi05-grpo-dvac-st-positive/rlinf'.
2026-09-07 05:16:33,250	INFO packaging.py:434 -- Pushing file package 'gcs://_ray_pkg_13fa659d62b52bc5.zip' (7.81MiB) to Ray cluster...
2026-09-07 05:16:33,280	INFO packaging.py:447 -- Successfully pushed file package 'gcs://_ray_pkg_13fa659d62b52bc5.zip'.
[INFO 05:16:35 RLinf] RLinf is running on a cluster with 1 node and 8 accelerators. The nodes' details are: 
node_labels: []
node_rank: 0
ray_id: 2730f38e60da6b4c0f68d8779893624a0917240589c544541c894c54
node_ip: 172.17.0.1
num_cpus: 128
python_interpreter_path: /home/chenyiteng/venvs/rlinf-7d07-openpi-robotwin/bin/python
hardware_resources:
- type: Accelerator
  infos:
  - type: Accelerator
    model: NV_GPU:H100 80GB HBM3
  - type: Accelerator
    model: NV_GPU:H100 80GB HBM3
  - type: Accelerator
    model: NV_GPU:H100 80GB HBM3
  - type: Accelerator
    model: NV_GPU:H100 80GB HBM3
  - type: Accelerator
    model: NV_GPU:H100 80GB HBM3
  - type: Accelerator
    model: NV_GPU:H100 80GB HBM3
  - type: Accelerator
    model: NV_GPU:H100 80GB HBM3
  - type: Accelerator
    model: NV_GPU:H100 80GB HBM3
profiler_backends: []

Node groups' details are: 
label: cluster
nodes: '0'
hardware_type: Accelerator
ignore_hardware: false
env_configs: null

label: node
nodes: '0'
hardware_type: null
ignore_hardware: true
env_configs: null

[36m(_RemoteNodeProbe pid=506568)[0m /data/chenyiteng/projects/rlinf-shenzhen/worktrees/pi05-grpo-dvac-st-positive/rlinf/scheduler/cluster/node.py:532: UserWarning: Python interpreter used to launch Ray on node with IP 172.17.0.1 is different from that on the head node /home/chenyiteng/venvs/rlinf-7d07-openpi-robotwin/bin/python. Keep using the current interpreter /home/chenyiteng/venvs/rlinf-7d07-openpi-robotwin/bin/python3 on this node.
[36m(_RemoteNodeProbe pid=506568)[0m   warnings.warn(
[INFO 05:16:35 FlexiblePlacementStrategy] 
[INFO 05:16:35 FlexiblePlacementStrategy] Using flexible placement with hardware ranks: [[4], [5]], node groups: ['cluster'].
[INFO 05:16:35 FlexiblePlacementStrategy] 
[INFO 05:16:35 FlexiblePlacementStrategy] Using flexible placement with hardware ranks: [[4], [5]], node groups: ['cluster'].
{
  "env": {
    "train": {
      "env_type": "robotwin",
      "total_num_envs": 64,
      "auto_reset": false,
      "ignore_terminations": false,
      "reward_coef": 1.0,
      "use_custom_reward": true,
      "use_rel_reward": true,
      "center_crop": false,
      "seed": 0,
      "group_size": 8,
      "use_fixed_reset_state_ids": false,
      "max_steps_per_rollout_epoch": 200,
      "max_episode_steps": 200,
      "is_eval": false,
      "assets_path": "/data/chenyiteng/projects/rlinf-shenzhen/RoboTwin-RLinf-support",
      "seeds_path": "/data/chenyiteng/projects/rlinf-shenzhen/worktrees/pi05-grpo-dvac-st-positive/rlinf/envs/robotwin/seeds/train_seeds.json",
      "video_cfg": {
        "save_video": false,
        "info_on_video": true,
        "video_base_dir": "/home/chenyiteng/results/rlinf-shenzhen/pi05-sidney/runs/move-pillbottle-pad-grpo-dvac-st-positive-w05to15-formal200-2gpu64x4-g8-b1024-u2-m10-noise05-h200-fixed32-phys45-20260907-v1/video/train"
      },
      "enable_offload": false,
      "task_config": {
        "task_name": "move_pillbottle_pad",
        "step_lim": 200,
        "planner_backend": "mplib",
        "render_freq": 0,
        "episode_num": 100,
        "use_seed": false,
        "save_freq": 15,
        "embodiment": [
          "aloha-agilex"
        ],
        "language_num": 100,
        "domain_randomization": {
          "random_background": false,
          "cluttered_table": false,
          "clean_background_rate": 1,
          "random_head_camera_dis": 0,
          "random_table_height": 0,
          "random_light": false,
          "crazy_random_light_rate": 0
        },
        "camera": {
          "head_camera_type": "D435",
          "wrist_camera_type": "D435",
          "collect_head_camera": true,
          "collect_wrist_camera": true
        },
        "data_type": {
          "rgb": true,
          "third_view": false,
          "depth": false,
          "pointcloud": false,
          "observer": false,
          "endpose": false,
          "qpos": true,
          "mesh_segmentation": false,
          "actor_segmentation": false
        },
        "pcd_down_sample_num": 1024,
        "pcd_crop": true,
        "save_path": "/home/chenyiteng/results/rlinf-shenzhen/pi05-sidney/runs/move-pillbottle-pad-grpo-dvac-st-positive-w05to15-formal200-2gpu64x4-g8-b1024-u2-m10-noise05-h200-fixed32-phys45-20260907-v1/robotwin_data/train",
        "clear_cache_freq": 1,
        "collect_data": true,
        "eval_video_log": true
      },
      "rollout_epoch": 4
    },
    "eval": {
      "env_type": "robotwin",
      "total_num_envs": 32,
      "auto_reset": true,
      "ignore_terminations": true,
      "reward_coef": 1.0,
      "use_custom_reward": true,
      "use_rel_reward": true,
      "center_crop": false,
      "seed": 0,
      "group_size": 1,
      "use_fixed_reset_state_ids": true,
      "max_steps_per_rollout_epoch": 200,
      "max_episode_steps": 200,
      "is_eval": true,
      "assets_path": "/data/chenyiteng/projects/rlinf-shenzhen/RoboTwin-RLinf-support",
      "seeds_path": "/data/chenyiteng/projects/rlinf-shenzhen/worktrees/pi05-grpo-dvac-st-positive/rlinf/envs/robotwin/seeds/eval_seeds.json",
      "video_cfg": {
        "save_video": true,
        "info_on_video": true,
        "video_base_dir": "/home/chenyiteng/results/rlinf-shenzhen/pi05-sidney/runs/move-pillbottle-pad-grpo-dvac-st-positive-w05to15-formal200-2gpu64x4-g8-b1024-u2-m10-noise05-h200-fixed32-phys45-20260907-v1/video/eval"
      },
      "enable_offload": false,
      "task_config": {
        "task_name": "move_pillbottle_pad",
        "step_lim": 200,
        "planner_backend": "mplib",
        "render_freq": 0,
        "episode_num": 100,
        "use_seed": false,
        "save_freq": 15,
        "embodiment": [
          "aloha-agilex"
        ],
        "language_num": 100,
        "domain_randomization": {
          "random_background": false,
          "cluttered_table": false,
          "clean_background_rate": 1,
          "random_head_camera_dis": 0,
          "random_table_height": 0,
          "random_light": false,
          "crazy_random_light_rate": 0
        },
        "camera": {
          "head_camera_type": "D435",
          "wrist_camera_type": "D435",
          "collect_head_camera": true,
          "collect_wrist_camera": true
        },
        "data_type": {
          "rgb": true,
          "third_view": false,
          "depth": false,
          "pointcloud": false,
          "observer": false,
          "endpose": false,
          "qpos": true,
          "mesh_segmentation": false,
          "actor_segmentation": false
        },
        "pcd_down_sample_num": 1024,
        "pcd_crop": true,
        "save_path": "/home/chenyiteng/results/rlinf-shenzhen/pi05-sidney/runs/move-pillbottle-pad-grpo-dvac-st-positive-w05to15-formal200-2gpu64x4-g8-b1024-u2-m10-noise05-h200-fixed32-phys45-20260907-v1/robotwin_data/eval",
        "clear_cache_freq": 1,
        "collect_data": true,
        "eval_video_log": true
      },
      "rollout_epoch": 1
    },
    "group_name": "EnvGroup",
    "enable_offload": true
  },
  "actor": {
    "model": {
      "model_type": "openpi",
      "model_path": "/data/chenyiteng/models/rlinf-native/sidney-pi05-robotwin-e49e2ab",
      "precision": null,
      "num_action_chunks": 50,
      "action_dim": 14,
      "is_lora": false,
      "lora_rank": 32,
      "use_proprio": true,
      "num_steps": 10,
      "add_value_head": false,
      "openpi": {
        "config_name": "pi05_sidney_robotwin",
        "num_images_in_input": 3,
        "noise_level": 0.5,
        "action_chunk": 50,
        "num_steps": 10,
        "train_expert_only": true,
        "action_env_dim": 14,
        "noise_method": "flow_sde",
        "add_value_head": false,
        "value_after_vlm": false,
        "value_vlm_mode": "mean_token",
        "detach_critic_input": true,
        "use_dsrl": false,
        "dsrl_state_dim": 8,
        "dsrl_action_noise_dim": 32,
        "dsrl_num_q_heads": 10,
        "dsrl_agg_q": "mean",
        "dsrl_image_latent_dim": 64,
        "dsrl_state_latent_dim": 64,
        "dsrl_hidden_dims": [
          128,
          128,
          128
        ]
      }
    },
    "fsdp_config": {
      "strategy": "fsdp",
      "sharding_strategy": "full_shard",
      "gradient_checkpointing": false,
      "cpu_offload": false,
      "offload_pin_memory": false,
      "reshard_after_forward": true,
      "enable_gradient_accumulation": true,
      "forward_prefetch": false,
      "limit_all_gathers": false,
      "backward_prefetch": null,
      "use_orig_params": false,
      "use_liger_kernel": false,
      "mixed_precision": {
        "param_dtype": null,
        "reduce_dtype": null,
        "buffer_dtype": null
      },
      "amp_autocast": {
        "enabled": false,
        "precision": "bf16"
      },
      "grad_scaler": {
        "enabled": false,
        "init_scale": null,
        "growth_interval": null
      },
      "checkpoint_format": "local_shard"
    },
    "group_name": "ActorGroup",
    "training_backend": "fsdp",
    "global_batch_size": 1024,
    "micro_batch_size": 32,
    "seed": 1234,
    "enable_offload": true,
    "optim": {
      "lr": 5e-06,
      "value_lr": 0.0001,
      "adam_beta1": 0.9,
      "adam_beta2": 0.95,
      "adam_eps": 1e-08,
      "weight_decay": 0.01,
      "clip_grad": 1.0,
      "critic_warmup_steps": 0
    }
  },
  "weight_syncer": {
    "type": "patch",
    "patch": {
      "snapshot_device": "cpu",
      "delta_encoding": true,
      "compression": "none",
      "init_sync": {
        "enabled": true,
        "prefixes": null,
        "bucket_size": 134217728
      }
    }
  },
  "cluster": {
    "num_nodes": 1,
    "component_placement": {
      "actor, env, rollout": "4,5"
    },
    "tracer": {
      "enable": false
    }
  },
  "runner": {
    "task_type": "embodied",
    "logger": {
      "log_path": "/home/chenyiteng/results/rlinf-shenzhen/pi05-sidney/runs/move-pillbottle-pad-grpo-dvac-st-positive-w05to15-formal200-2gpu64x4-g8-b1024-u2-m10-noise05-h200-fixed32-phys45-20260907-v1",
      "project_name": "rlinf",
      "experiment_name": "pi05_sidney_pillbottle_grpo_dvac_st_positive_w05to15_formal200_phys45_20260907",
      "logger_backends": [
        "tensorboard"
      ]
    },
    "max_epochs": 1000,
    "max_steps": 200,
    "only_eval": false,
    "val_check_interval": 5,
    "save_interval": 10,
    "resume_dir": null,
    "ckpt_path": null,
    "per_worker_log": false,
    "per_worker_log_path": null,
    "weight_sync_interval": 1,
    "overlap_env_bootstrap": false
  },
  "algorithm": {
    "normalize_advantages": true,
    "kl_penalty": "kl",
    "group_size": 8,
    "reward_coef": 1.0,
    "reward_type": "chunk_level",
    "logprob_type": "chunk_level",
    "entropy_type": "token_level",
    "update_epoch": 2,
    "adv_type": "grpo",
    "loss_type": "actor",
    "loss_agg_func": "token-mean",
    "kl_beta": 0.0,
    "entropy_bonus": 0,
    "clip_ratio_high": 0.2,
    "clip_ratio_low": 0.2,
    "clip_ratio_c": 3.0,
    "value_clip": 0.2,
    "huber_delta": 10.0,
    "gamma": 0.99,
    "gae_lambda": 0.95,
    "filter_rewards": true,
    "rewards_lower_bound": 0.1,
    "rewards_upper_bound": 0.9,
    "dvac_gradient_weighting": {
      "mode": "apply",
      "application": "logprob_st",
      "selected_l": 3,
      "warmup_steps": 1,
      "window_steps": 5,
      "log_eps": 1e-12,
      "std_floor": 1e-06,
      "z_clip": 2.0,
      "strength": 0.5,
      "weight_min": 0.5,
      "weight_max": 1.5,
      "save_step_tensors": true,
      "output_dir": "/home/chenyiteng/results/rlinf-shenzhen/pi05-sidney/runs/move-pillbottle-pad-grpo-dvac-st-positive-w05to15-formal200-2gpu64x4-g8-b1024-u2-m10-noise05-h200-fixed32-phys45-20260907-v1/pi05_sidney_pillbottle_grpo_dvac_st_positive_w05to15_formal200_phys45_20260907/dvac_train",
      "advantage_scope": "positive"
    }
  },
  "rollout": {
    "group_name": "RolloutGroup",
    "backend": "huggingface",
    "recompute_logprobs": false,
    "enable_offload": true,
    "pipeline_stage_num": 1,
    "model": {
      "model_type": "openpi",
      "model_path": "/data/chenyiteng/models/rlinf-native/sidney-pi05-robotwin-e49e2ab",
      "precision": null,
      "num_action_chunks": 50,
      "action_dim": 14,
      "is_lora": false,
      "lora_rank": 32,
      "use_proprio": true,
      "num_steps": 10,
      "add_value_head": false,
      "openpi": {
        "config_name": "pi05_sidney_robotwin",
        "num_images_in_input": 3,
        "noise_level": 0.5,
        "action_chunk": 50,
        "num_steps": 10,
        "train_expert_only": true,
        "action_env_dim": 14,
        "noise_method": "flow_sde",
        "add_value_head": false,
        "value_after_vlm": false,
        "value_vlm_mode": "mean_token",
        "detach_critic_input": true,
        "use_dsrl": false,
        "dsrl_state_dim": 8,
        "dsrl_action_noise_dim": 32,
        "dsrl_num_q_heads": 10,
        "dsrl_agg_q": "mean",
        "dsrl_image_latent_dim": 64,
        "dsrl_state_latent_dim": 64,
        "dsrl_hidden_dims": [
          128,
          128,
          128
        ]
      }
    }
  },
  "reward": {
    "use_reward_model": false
  },
  "critic": {
    "use_critic_model": false
  }
}
[INFO 05:16:35 FlexiblePlacementStrategy] 
[INFO 05:16:35 FlexiblePlacementStrategy] Using flexible placement with hardware ranks: [[4], [5]], node groups: ['cluster'].
[INFO 05:16:35 FlexiblePlacementStrategy] Generated 2 placements: [Placement(rank=0, cluster_node_rank=0, placement_node_rank=0, local_accelerator_rank=4, accelerator_type='NV_GPU', local_rank=0, local_world_size=2, visible_accelerators=['4'], isolate_accelerator=True, local_hardware_ranks=[4], node_group_label='cluster'), Placement(rank=1, cluster_node_rank=0, placement_node_rank=0, local_accelerator_rank=5, accelerator_type='NV_GPU', local_rank=1, local_world_size=2, visible_accelerators=['5'], isolate_accelerator=True, local_hardware_ranks=[5], node_group_label='cluster')].
[INFO 05:16:35 FlexiblePlacementStrategy] Generated 2 placements: [Placement(rank=0, cluster_node_rank=0, placement_node_rank=0, local_accelerator_rank=4, accelerator_type='NV_GPU', local_rank=0, local_world_size=2, visible_accelerators=['4'], isolate_accelerator=True, local_hardware_ranks=[4], node_group_label='cluster'), Placement(rank=1, cluster_node_rank=0, placement_node_rank=0, local_accelerator_rank=5, accelerator_type='NV_GPU', local_rank=1, local_world_size=2, visible_accelerators=['5'], isolate_accelerator=True, local_hardware_ranks=[5], node_group_label='cluster')].
[INFO 05:16:36 FlexiblePlacementStrategy] Generated 2 placements: [Placement(rank=0, cluster_node_rank=0, placement_node_rank=0, local_accelerator_rank=4, accelerator_type='NV_GPU', local_rank=0, local_world_size=2, visible_accelerators=['4'], isolate_accelerator=True, local_hardware_ranks=[4], node_group_label='cluster'), Placement(rank=1, cluster_node_rank=0, placement_node_rank=0, local_accelerator_rank=5, accelerator_type='NV_GPU', local_rank=1, local_world_size=2, visible_accelerators=['5'], isolate_accelerator=True, local_hardware_ranks=[5], node_group_label='cluster')].
[INFO 05:16:36 NodePlacementStrategy] 
[INFO 05:16:36 NodePlacementStrategy] Using node placement with node ranks: [0], node groups: ['node'].
[INFO 05:16:36 NodePlacementStrategy] Generated 1 placements: [Placement(rank=0, cluster_node_rank=0, placement_node_rank=0, local_accelerator_rank='0', accelerator_type='NV_GPU', local_rank=0, local_world_size=1, visible_accelerators=['0', '1', '2', '3', '4', '5', '6', '7'], isolate_accelerator=True, local_hardware_ranks=[], node_group_label='cluster')].
[INFO 05:16:36 NodePlacementStrategy] 
[INFO 05:16:36 NodePlacementStrategy] Using node placement with node ranks: [0], node groups: ['node'].
[INFO 05:16:36 NodePlacementStrategy] Generated 1 placements: [Placement(rank=0, cluster_node_rank=0, placement_node_rank=0, local_accelerator_rank='0', accelerator_type='NV_GPU', local_rank=0, local_world_size=1, visible_accelerators=['0', '1', '2', '3', '4', '5', '6', '7'], isolate_accelerator=True, local_hardware_ranks=[], node_group_label='cluster')].
[INFO 05:16:36 NodePlacementStrategy] 
[INFO 05:16:36 NodePlacementStrategy] Using node placement with node ranks: [0], node groups: ['node'].
[INFO 05:16:36 NodePlacementStrategy] Generated 1 placements: [Placement(rank=0, cluster_node_rank=0, placement_node_rank=0, local_accelerator_rank='0', accelerator_type='NV_GPU', local_rank=0, local_world_size=1, visible_accelerators=['0', '1', '2', '3', '4', '5', '6', '7'], isolate_accelerator=True, local_hardware_ranks=[], node_group_label='cluster')].
WARNING: All log messages before absl::InitializeLog() is called are written to STDERR
I0000 00:00:1788758196.745655  506059 port.cc:153] oneDNN custom operations are on. You may see slightly different numerical results due to floating-point round-off errors from different computation orders. To turn them off, set the environment variable `TF_ENABLE_ONEDNN_OPTS=0`.
I0000 00:00:1788758196.806190  506059 cpu_feature_guard.cc:227] This TensorFlow binary is optimized to use available CPU instructions in performance-critical operations.
To enable the following instructions: AVX2 AVX512F AVX512_VNNI AVX512_BF16 AVX512_FP16 AVX_VNNI AMX_TILE AMX_INT8 AMX_BF16 FMA, in other operations, rebuild TensorFlow with the appropriate compiler flags.
WARNING: All log messages before absl::InitializeLog() is called are written to STDERR
I0000 00:00:1788758198.424859  506059 port.cc:153] oneDNN custom operations are on. You may see slightly different numerical results due to floating-point round-off errors from different computation orders. To turn them off, set the environment variable `TF_ENABLE_ONEDNN_OPTS=0`.
[36m(EnvWorker pid=506680)[0m [INFO 05:16:41 FlexiblePlacementStrategy] 
[36m(EnvWorker pid=506680)[0m [INFO 05:16:41 FlexiblePlacementStrategy] Using flexible placement with hardware ranks: [[4], [5]], node groups: ['cluster'].
[36m(EnvWorker pid=506656)[0m [INFO 05:16:41 FlexiblePlacementStrategy] 
[36m(EnvWorker pid=506656)[0m [INFO 05:16:41 FlexiblePlacementStrategy] Using flexible placement with hardware ranks: [[4], [5]], node groups: ['cluster'].
[36m(MultiStepRolloutWorker pid=506654)[0m [INFO 05:16:41 FlexiblePlacementStrategy] 
[36m(MultiStepRolloutWorker pid=506654)[0m [INFO 05:16:41 FlexiblePlacementStrategy] Using flexible placement with hardware ranks: [[4], [5]], node groups: ['cluster'].
[36m(MultiStepRolloutWorker pid=506650)[0m [INFO 05:16:41 FlexiblePlacementStrategy] 
[36m(MultiStepRolloutWorker pid=506650)[0m [INFO 05:16:41 FlexiblePlacementStrategy] Using flexible placement with hardware ranks: [[4], [5]], node groups: ['cluster'].
[36m(EnvGroup(rank=1) pid=506680)[0m /home/chenyiteng/venvs/rlinf-7d07-openpi-robotwin/lib/python3.11/site-packages/sapien/_vulkan_tricks.py:73: UserWarning: Failed to find Vulkan ICD file. This is probably due to an incorrect or partial installation of the NVIDIA driver. SAPIEN will attempt to provide an ICD file anyway but it may not work.
[36m(EnvGroup(rank=1) pid=506680)[0m   warn(
[36m(EmbodiedFSDPActor pid=506646)[0m [WARNING 05:16:42 ActorGroup-Rank-0][fsdp_model_manager.py:79] Provided there is sufficient GPU memory, set the actor.model.precision parameter to fp32 to allow the optimizer to run in fp32 for better convergence. Meanwhile, setting mixed_precision.param_dtype to 16-bit dtype can help maximize speed, as it will automatically convert fp32 to fp16 during operator execution.
[36m(EmbodiedFSDPActor pid=506648)[0m [WARNING 05:16:42 ActorGroup-Rank-1][fsdp_model_manager.py:79] Provided there is sufficient GPU memory, set the actor.model.precision parameter to fp32 to allow the optimizer to run in fp32 for better convergence. Meanwhile, setting mixed_precision.param_dtype to 16-bit dtype can help maximize speed, as it will automatically convert fp32 to fp16 during operator execution.
[36m(EnvGroup(rank=0) pid=506656)[0m /home/chenyiteng/venvs/rlinf-7d07-openpi-robotwin/lib/python3.11/site-packages/sapien/_vulkan_tricks.py:73: UserWarning: Failed to find Vulkan ICD file. This is probably due to an incorrect or partial installation of the NVIDIA driver. SAPIEN will attempt to provide an ICD file anyway but it may not work.
[36m(EnvGroup(rank=0) pid=506656)[0m   warn(
[36m(RolloutGroup(rank=1) pid=506654)[0m WARNING: All log messages before absl::InitializeLog() is called are written to STDERR
[36m(RolloutGroup(rank=1) pid=506654)[0m I0000 00:00:1788758203.451757  507719 port.cc:153] oneDNN custom operations are on. You may see slightly different numerical results due to floating-point round-off errors from different computation orders. To turn them off, set the environment variable `TF_ENABLE_ONEDNN_OPTS=0`.
[36m(RolloutGroup(rank=0) pid=506650)[0m WARNING: All log messages before absl::InitializeLog() is called are written to STDERR
[36m(RolloutGroup(rank=0) pid=506650)[0m I0000 00:00:1788758203.521658  507723 port.cc:153] oneDNN custom operations are on. You may see slightly different numerical results due to floating-point round-off errors from different computation orders. To turn them off, set the environment variable `TF_ENABLE_ONEDNN_OPTS=0`.
[36m(RolloutGroup(rank=1) pid=506654)[0m WARNING: All log messages before absl::InitializeLog() is called are written to STDERR
[36m(RolloutGroup(rank=1) pid=506654)[0m I0000 00:00:1788758204.647627  507719 port.cc:153] oneDNN custom operations are on. You may see slightly different numerical results due to floating-point round-off errors from different computation orders. To turn them off, set the environment variable `TF_ENABLE_ONEDNN_OPTS=0`.
[36m(RolloutGroup(rank=0) pid=506650)[0m WARNING: All log messages before absl::InitializeLog() is called are written to STDERR
[36m(RolloutGroup(rank=0) pid=506650)[0m I0000 00:00:1788758204.645485  507723 port.cc:153] oneDNN custom operations are on. You may see slightly different numerical results due to floating-point round-off errors from different computation orders. To turn them off, set the environment variable `TF_ENABLE_ONEDNN_OPTS=0`.
[36m(EmbodiedFSDPActor pid=506646)[0m [INFO 05:16:44 FlexiblePlacementStrategy] 
[36m(EmbodiedFSDPActor pid=506646)[0m [INFO 05:16:44 FlexiblePlacementStrategy] Using flexible placement with hardware ranks: [[4], [5]], node groups: ['cluster'].
[36m(EmbodiedFSDPActor pid=506646)[0m [INFO 05:16:44 ActorGroup-Rank-0][fsdp_model_manager.py:133] [FSDP] AMP is disabled.
[36m(EmbodiedFSDPActor pid=506648)[0m [INFO 05:16:44 ActorGroup-Rank-1][fsdp_model_manager.py:133] [FSDP] AMP is disabled.
[36m(EmbodiedFSDPActor pid=506648)[0m [INFO 05:16:44 FlexiblePlacementStrategy] 
[36m(EmbodiedFSDPActor pid=506648)[0m [INFO 05:16:44 FlexiblePlacementStrategy] Using flexible placement with hardware ranks: [[4], [5]], node groups: ['cluster'].
[36m(RolloutGroup(rank=1) pid=506654)[0m INFO:root:Loaded norm stats from /data/chenyiteng/models/rlinf-native/sidney-pi05-robotwin-e49e2ab/physical-intelligence/robotwin
[36m(RolloutGroup(rank=1) pid=506654)[0m INFO:root:Loaded norm stats from /data/chenyiteng/models/rlinf-native/sidney-pi05-robotwin-e49e2ab/physical-intelligence/robotwin
[36m(RolloutGroup(rank=0) pid=506650)[0m INFO:root:Loaded norm stats from /data/chenyiteng/models/rlinf-native/sidney-pi05-robotwin-e49e2ab/physical-intelligence/robotwin
[36m(RolloutGroup(rank=0) pid=506650)[0m INFO:root:Loaded norm stats from /data/chenyiteng/models/rlinf-native/sidney-pi05-robotwin-e49e2ab/physical-intelligence/robotwin
[36m(ActorGroup(rank=1) pid=506648)[0m WARNING: All log messages before absl::InitializeLog() is called are written to STDERR
[36m(ActorGroup(rank=1) pid=506648)[0m I0000 00:00:1788758328.968347  507794 port.cc:153] oneDNN custom operations are on. You may see slightly different numerical results due to floating-point round-off errors from different computation orders. To turn them off, set the environment variable `TF_ENABLE_ONEDNN_OPTS=0`.
[36m(ActorGroup(rank=0) pid=506646)[0m WARNING: All log messages before absl::InitializeLog() is called are written to STDERR
[36m(ActorGroup(rank=0) pid=506646)[0m I0000 00:00:1788758329.198047  507800 port.cc:153] oneDNN custom operations are on. You may see slightly different numerical results due to floating-point round-off errors from different computation orders. To turn them off, set the environment variable `TF_ENABLE_ONEDNN_OPTS=0`.
[36m(ActorGroup(rank=1) pid=506648)[0m WARNING: All log messages before absl::InitializeLog() is called are written to STDERR
[36m(ActorGroup(rank=1) pid=506648)[0m I0000 00:00:1788758329.976590  507794 port.cc:153] oneDNN custom operations are on. You may see slightly different numerical results due to floating-point round-off errors from different computation orders. To turn them off, set the environment variable `TF_ENABLE_ONEDNN_OPTS=0`.
[36m(ActorGroup(rank=0) pid=506646)[0m WARNING: All log messages before absl::InitializeLog() is called are written to STDERR
[36m(ActorGroup(rank=0) pid=506646)[0m I0000 00:00:1788758330.604872  507800 port.cc:153] oneDNN custom operations are on. You may see slightly different numerical results due to floating-point round-off errors from different computation orders. To turn them off, set the environment variable `TF_ENABLE_ONEDNN_OPTS=0`.
[36m(ActorGroup(rank=0) pid=506646)[0m INFO:root:Loaded norm stats from /data/chenyiteng/models/rlinf-native/sidney-pi05-robotwin-e49e2ab/physical-intelligence/robotwin
[36m(ActorGroup(rank=0) pid=506646)[0m INFO:root:Loaded norm stats from /data/chenyiteng/models/rlinf-native/sidney-pi05-robotwin-e49e2ab/physical-intelligence/robotwin
[36m(ActorGroup(rank=0) pid=506646)[0m [INFO 05:19:37 ActorGroup-Rank-0][fsdp_model_manager.py:294] [FSDP] Gradient checkpointing is disabled
[36m(ActorGroup(rank=1) pid=506648)[0m INFO:root:Loaded norm stats from /data/chenyiteng/models/rlinf-native/sidney-pi05-robotwin-e49e2ab/physical-intelligence/robotwin
[36m(ActorGroup(rank=1) pid=506648)[0m INFO:root:Loaded norm stats from /data/chenyiteng/models/rlinf-native/sidney-pi05-robotwin-e49e2ab/physical-intelligence/robotwin
[36m(ActorGroup(rank=1) pid=506648)[0m [INFO 05:19:39 ActorGroup-Rank-1][fsdp_model_manager.py:294] [FSDP] Gradient checkpointing is disabled
[36m(RolloutGroup(rank=0) pid=506650)[0m Generating Rollout Epochs:   0%|          | 0/4 [00:00<?, ?it/s]
[36m(RolloutGroup(rank=0) pid=506650)[0m Generating Rollout Epochs:  25%|██▌       | 1/4 [06:03<18:11, 363.76s/it]
[36m(RolloutGroup(rank=0) pid=506650)[0m Generating Rollout Epochs:  50%|█████     | 2/4 [11:49<11:46, 353.25s/it]
[36m(RolloutGroup(rank=0) pid=506650)[0m Generating Rollout Epochs:  75%|███████▌  | 3/4 [17:29<05:47, 347.16s/it]
[36m(RolloutGroup(rank=0) pid=506650)[0m Generating Rollout Epochs: 100%|██████████| 4/4 [22:53<00:00, 337.83s/it]Generating Rollout Epochs: 100%|██████████| 4/4 [22:53<00:00, 343.27s/it]

╭──────────────────────────────────────────────────────────────────────────────────────────────────────────────────────╮
├──────────────────────────────────────────────────── Metric Table ────────────────────────────────────────────────────┤
│ Global Step:    1/200 │ Progress: ░░░░░░░░░░░░░░░░░░░░░░░░░░░░░░░░░░░░░░░░ │   0.5%                                  │
│ Elapsed: 23:32 │ ETA: 78:05:47 │ Step Time: 1412.802s                                                                │
├──────────────────────────────────────────────────────── Time ────────────────────────────────────────────────────────┤
│                                                                                                                      │
│actor/actor/compute_adv=0.039          │actor/actor/recv_traj=1377.1           │actor/actor/sync_model_to_rollout=7.2…│
│actor/run_training=24.879              │actor_training=24.885                  │cal_adv_and_returns=0.047             │
│env/compute_bootstrap_rewards=0.0018   │env/env/bootstrap_step=994.7           │env/env/send_rollout_trajectories=0.9…│
│env/env_interact_step=362.5            │env/interact=1375.8                    │env/run_interact_once=1375.8          │
│generate_rollouts=1380.5               │rollout/generate_one_epoch=1373.1      │rollout/predict=15.151                │
│rollout/rollout/generate=1380.5        │rollout/sync_model_from_actor=6.173    │step=1412.7                           │
│sync_weights=7.295                     │                                       │                                      │
│                                                                                                                      │
├──────────────────────────────────────────────────── Environment ─────────────────────────────────────────────────────┤
│                                                                                                                      │
│episode_len=200.0                      │num_trajectories=256                   │return=0.36328125                     │
│reward=0.0018164063                    │success_once=0.36328125                │                                      │
│                                                                                                                      │
├────────────────────────────────────────────────────── Rollout ───────────────────────────────────────────────────────┤
│                                                                                                                      │
│advantages_max=2.475                   │advantages_mean=-0.070                 │advantages_min=-2.475                 │
│rewards=0.0022                         │                                       │                                      │
│                                                                                                                      │
├─────────────────────────────────────────────────── Training/Actor ───────────────────────────────────────────────────┤
│                                                                                                                      │
│actor/approx_kl=0.141                  │actor/clip_fraction=0.117              │actor/clipped_ratio=0.989             │
│actor/dual_cliped_ratio=0.0000         │actor/dvac_current_mean=-7.808         │actor/dvac_current_std=0.724          │
│actor/dvac_history_mean=0.0000         │actor/dvac_history_std=0.0000          │actor/dvac_warmup=1.000               │
│actor/dvac_weight_ess_fraction=1.000   │actor/dvac_weight_mean=1.000           │actor/dvac_weight_sq_mean=1.000       │
│actor/dvac_z_high_clip_fraction=0.0000 │actor/dvac_z_low_clip_fraction=0.0000  │actor/entropy_loss=0.0000             │
│actor/grad_norm=22.086                 │actor/lr=5.00e-06                      │actor/policy_loss=0.0011              │
│actor/policy_loss_abs=0.724            │actor/ratio=1.068                      │actor/ratio_abs=0.224                 │
│actor/total_loss=6.61e-05              │                                       │                                      │
│                                                                                                                      │
╰──────────────────────────────────────────────────────────────────────────────────────────────────────────────────────╯

[36m(RolloutGroup(rank=0) pid=506650)[0m Generating Rollout Epochs:   0%|          | 0/4 [00:00<?, ?it/s]
[36m(RolloutGroup(rank=0) pid=506650)[0m Generating Rollout Epochs:  25%|██▌       | 1/4 [05:43<17:09, 343.03s/it]
[36m(RolloutGroup(rank=0) pid=506650)[0m Generating Rollout Epochs:  50%|█████     | 2/4 [10:47<10:40, 320.38s/it]
[36m(RolloutGroup(rank=0) pid=506650)[0m Generating Rollout Epochs:  75%|███████▌  | 3/4 [15:53<05:13, 313.77s/it]
[36m(RolloutGroup(rank=0) pid=506650)[0m Generating Rollout Epochs: 100%|██████████| 4/4 [21:07<00:00, 313.92s/it]Generating Rollout Epochs: 100%|██████████| 4/4 [21:07<00:00, 316.90s/it]

╭──────────────────────────────────────────────────────────────────────────────────────────────────────────────────────╮
├──────────────────────────────────────────────────── Metric Table ────────────────────────────────────────────────────┤
│ Global Step:    2/200 │ Progress: ░░░░░░░░░░░░░░░░░░░░░░░░░░░░░░░░░░░░░░░░ │   1.0%                                  │
│ Elapsed: 45:16 │ ETA: 74:41:24 │ Step Time: 1358.003s                                                                │
├──────────────────────────────────────────────────────── Time ────────────────────────────────────────────────────────┤
│                                                                                                                      │
│actor/actor/compute_adv=0.0062         │actor/actor/recv_traj=1270.2           │actor/actor/sync_model_to_rollout=2.5…│
│actor/run_training=25.312              │actor_training=25.317                  │cal_adv_and_returns=0.011             │
│env/compute_bootstrap_rewards=0.0016   │env/env/bootstrap_step=886.9           │env/env/send_rollout_trajectories=0.6…│
│env/env_interact_step=363.5            │env/interact=1269.4                    │env/run_interact_once=1269.4          │
│generate_rollouts=1271.9               │rollout/generate_one_epoch=1267.6      │rollout/predict=14.305                │
│rollout/rollout/generate=1271.9        │rollout/sync_model_from_actor=5.910    │step=1303.2                           │
│sync_weights=5.914                     │                                       │                                      │
│                                                                                                                      │
├──────────────────────────────────────────────────── Environment ─────────────────────────────────────────────────────┤
│                                                                                                                      │
│episode_len=200.0                      │num_trajectories=256                   │return=0.34765625                     │
│reward=0.0017382812                    │success_once=0.34765625                │                                      │
│                                                                                                                      │
├────────────────────────────────────────────────────── Rollout ───────────────────────────────────────────────────────┤
│                                                                                                                      │
│advantages_max=2.475                   │advantages_mean=-0.052                 │advantages_min=-2.475                 │
│rewards=0.0023                         │                                       │                                      │
│                                                                                                                      │
├─────────────────────────────────────────────────── Training/Actor ───────────────────────────────────────────────────┤
│                                                                                                                      │
│actor/approx_kl=0.017                  │actor/clip_fraction=0.071              │actor/clipped_ratio=0.995             │
│actor/dual_cliped_ratio=0.0000         │actor/dvac_current_mean=-7.822         │actor/dvac_current_std=0.747          │
│actor/dvac_history_mean=-7.808         │actor/dvac_history_std=0.724           │actor/dvac_warmup=0.0000              │
│actor/dvac_weight_ess_fraction=0.983   │actor/dvac_weight_mean=0.983           │actor/dvac_weight_sq_mean=0.983       │
│actor/dvac_z_high_clip_fraction=0.034  │actor/dvac_z_low_clip_fraction=0.015   │actor/entropy_loss=0.0000             │
│actor/grad_norm=17.153                 │actor/lr=5.00e-06                      │actor/policy_loss=3.24e-05            │
│actor/policy_loss_abs=0.658            │actor/ratio=1.015                      │actor/ratio_abs=0.091                 │
│actor/total_loss=2.03e-06              │                                       │                                      │
│                                                                                                                      │
╰──────────────────────────────────────────────────────────────────────────────────────────────────────────────────────╯

[36m(RolloutGroup(rank=0) pid=506650)[0m Generating Rollout Epochs:   0%|          | 0/4 [00:00<?, ?it/s]
[36m(RolloutGroup(rank=0) pid=506650)[0m Generating Rollout Epochs:  25%|██▌       | 1/4 [05:40<17:01, 340.62s/it]
[36m(RolloutGroup(rank=0) pid=506650)[0m Generating Rollout Epochs:  50%|█████     | 2/4 [10:52<10:47, 323.57s/it]
[36m(RolloutGroup(rank=0) pid=506650)[0m Generating Rollout Epochs:  75%|███████▌  | 3/4 [16:07<05:19, 319.64s/it]
[36m(RolloutGroup(rank=0) pid=506650)[0m Generating Rollout Epochs: 100%|██████████| 4/4 [21:41<00:00, 325.58s/it]Generating Rollout Epochs: 100%|██████████| 4/4 [21:41<00:00, 325.47s/it]

╭──────────────────────────────────────────────────────────────────────────────────────────────────────────────────────╮
├──────────────────────────────────────────────────── Metric Table ────────────────────────────────────────────────────┤
│ Global Step:    3/200 │ Progress: ░░░░░░░░░░░░░░░░░░░░░░░░░░░░░░░░░░░░░░░░ │   1.5%                                  │
│ Elapsed: 01:07:39 │ ETA: 74:02:27 │ Step Time: 1353.031s                                                             │
├──────────────────────────────────────────────────────── Time ────────────────────────────────────────────────────────┤
│                                                                                                                      │
│actor/actor/compute_adv=0.0063         │actor/actor/recv_traj=1306.6           │actor/actor/sync_model_to_rollout=3.0…│
│actor/run_training=25.579              │actor_training=25.584                  │cal_adv_and_returns=0.011             │
│env/compute_bootstrap_rewards=0.0017   │env/env/bootstrap_step=906.2           │env/env/send_rollout_trajectories=1.0…│
│env/env_interact_step=379.0            │env/interact=1305.6                    │env/run_interact_once=1305.6          │
│generate_rollouts=1309.6               │rollout/generate_one_epoch=1301.9      │rollout/predict=14.556                │
│rollout/rollout/generate=1309.6        │rollout/sync_model_from_actor=7.832    │step=1343.1                           │
│sync_weights=7.837                     │                                       │                                      │
│                                                                                                                      │
├──────────────────────────────────────────────────── Environment ─────────────────────────────────────────────────────┤
│                                                                                                                      │
│episode_len=200.0                      │num_trajectories=256                   │return=0.375                          │
│reward=0.001875                        │success_once=0.375                     │                                      │
│                                                                                                                      │
├────────────────────────────────────────────────────── Rollout ───────────────────────────────────────────────────────┤
│                                                                                                                      │
│advantages_max=2.475                   │advantages_mean=-0.065                 │advantages_min=-2.475                 │
│rewards=0.0025                         │                                       │                                      │
│                                                                                                                      │
├─────────────────────────────────────────────────── Training/Actor ───────────────────────────────────────────────────┤
│                                                                                                                      │
│actor/approx_kl=0.034                  │actor/clip_fraction=0.052              │actor/clipped_ratio=0.995             │
│actor/dual_cliped_ratio=0.0000         │actor/dvac_current_mean=-7.817         │actor/dvac_current_std=0.697          │
│actor/dvac_history_mean=-7.815         │actor/dvac_history_std=0.736           │actor/dvac_warmup=0.0000              │
│actor/dvac_weight_ess_fraction=0.986   │actor/dvac_weight_mean=0.992           │actor/dvac_weight_sq_mean=0.997       │
│actor/dvac_z_high_clip_fraction=0.025  │actor/dvac_z_low_clip_fraction=0.0082  │actor/entropy_loss=0.0000             │
│actor/grad_norm=20.290                 │actor/lr=5.00e-06                      │actor/policy_loss=0.0024              │
│actor/policy_loss_abs=0.671            │actor/ratio=1.001                      │actor/ratio_abs=0.077                 │
│actor/total_loss=1.49e-04              │                                       │                                      │
│                                                                                                                      │
╰──────────────────────────────────────────────────────────────────────────────────────────────────────────────────────╯

[36m(RolloutGroup(rank=0) pid=506650)[0m Generating Rollout Epochs:   0%|          | 0/4 [00:00<?, ?it/s]
[36m(RolloutGroup(rank=0) pid=506650)[0m Generating Rollout Epochs:  25%|██▌       | 1/4 [05:07<15:21, 307.01s/it]
[36m(RolloutGroup(rank=0) pid=506650)[0m Generating Rollout Epochs:  50%|█████     | 2/4 [10:02<10:00, 300.11s/it]
[36m(RolloutGroup(rank=0) pid=506650)[0m Generating Rollout Epochs:  75%|███████▌  | 3/4 [15:14<05:05, 305.83s/it]
[36m(RolloutGroup(rank=0) pid=506650)[0m Generating Rollout Epochs: 100%|██████████| 4/4 [20:11<00:00, 302.02s/it]Generating Rollout Epochs: 100%|██████████| 4/4 [20:11<00:00, 302.78s/it]

╭──────────────────────────────────────────────────────────────────────────────────────────────────────────────────────╮
├──────────────────────────────────────────────────── Metric Table ────────────────────────────────────────────────────┤
│ Global Step:    4/200 │ Progress: ░░░░░░░░░░░░░░░░░░░░░░░░░░░░░░░░░░░░░░░░ │   2.0%                                  │
│ Elapsed: 01:28:29 │ ETA: 72:16:17 │ Step Time: 1327.436s                                                             │
├──────────────────────────────────────────────────────── Time ────────────────────────────────────────────────────────┤
│                                                                                                                      │
│actor/actor/compute_adv=0.0066         │actor/actor/recv_traj=1214.5           │actor/actor/sync_model_to_rollout=2.7…│
│actor/run_training=25.552              │actor_training=25.558                  │cal_adv_and_returns=0.014             │
│env/compute_bootstrap_rewards=0.0017   │env/env/bootstrap_step=840.7           │env/env/send_rollout_trajectories=1.0…│
│env/env_interact_step=363.0            │env/interact=1213.5                    │env/run_interact_once=1213.5          │
│generate_rollouts=1217.7               │rollout/generate_one_epoch=1211.1      │rollout/predict=14.376                │
│rollout/rollout/generate=1217.7        │rollout/sync_model_from_actor=7.312    │step=1250.6                           │
│sync_weights=7.317                     │                                       │                                      │
│                                                                                                                      │
├──────────────────────────────────────────────────── Environment ─────────────────────────────────────────────────────┤
│                                                                                                                      │
│episode_len=200.0                      │num_trajectories=256                   │return=0.39453125                     │
│reward=0.001972656                     │success_once=0.39453125                │                                      │
│                                                                                                                      │
├────────────────────────────────────────────────────── Rollout ───────────────────────────────────────────────────────┤
│                                                                                                                      │
│advantages_max=2.475                   │advantages_mean=-0.073                 │advantages_min=-2.475                 │
│rewards=0.0023                         │                                       │                                      │
│                                                                                                                      │
├─────────────────────────────────────────────────── Training/Actor ───────────────────────────────────────────────────┤
│                                                                                                                      │
│actor/approx_kl=0.010                  │actor/clip_fraction=0.035              │actor/clipped_ratio=0.996             │
│actor/dual_cliped_ratio=0.0000         │actor/dvac_current_mean=-7.800         │actor/dvac_current_std=0.694          │
│actor/dvac_history_mean=-7.816         │actor/dvac_history_std=0.723           │actor/dvac_warmup=0.0000              │
│actor/dvac_weight_ess_fraction=0.987   │actor/dvac_weight_mean=0.991           │actor/dvac_weight_sq_mean=0.996       │
│actor/dvac_z_high_clip_fraction=0.029  │actor/dvac_z_low_clip_fraction=0.0093  │actor/entropy_loss=0.0000             │
│actor/grad_norm=12.967                 │actor/lr=5.00e-06                      │actor/policy_loss=-0.0026             │
│actor/policy_loss_abs=0.676            │actor/ratio=0.995                      │actor/ratio_abs=0.039                 │
│actor/total_loss=-1.64e-04             │                                       │                                      │
│                                                                                                                      │
╰──────────────────────────────────────────────────────────────────────────────────────────────────────────────────────╯

[36m(RolloutGroup(rank=0) pid=506650)[0m Generating Rollout Epochs:   0%|          | 0/4 [00:00<?, ?it/s]
[36m(RolloutGroup(rank=0) pid=506650)[0m Generating Rollout Epochs:  25%|██▌       | 1/4 [05:48<17:25, 348.53s/it]
[36m(RolloutGroup(rank=0) pid=506650)[0m Generating Rollout Epochs:  50%|█████     | 2/4 [10:48<10:39, 319.94s/it]
[36m(RolloutGroup(rank=0) pid=506650)[0m Generating Rollout Epochs:  75%|███████▌  | 3/4 [16:11<05:21, 321.29s/it]
[36m(RolloutGroup(rank=0) pid=506650)[0m Generating Rollout Epochs: 100%|██████████| 4/4 [21:27<00:00, 319.39s/it]Generating Rollout Epochs: 100%|██████████| 4/4 [21:27<00:00, 321.96s/it]
[36m(RolloutGroup(rank=0) pid=506650)[0m Evaluating Rollout Epochs:   0%|          | 0/1 [00:00<?, ?it/s]
[36m(RolloutGroup(rank=0) pid=506650)[0m Evaluating Rollout Epochs: 100%|██████████| 1/1 [02:24<00:00, 144.82s/it]Evaluating Rollout Epochs: 100%|██████████| 1/1 [02:24<00:00, 144.82s/it]

╭──────────────────────────────────────────────────────────────────────────────────────────────────────────────────────╮
├──────────────────────────────────────────────────── Metric Table ────────────────────────────────────────────────────┤
│ Global Step:    5/200 │ Progress: █░░░░░░░░░░░░░░░░░░░░░░░░░░░░░░░░░░░░░░░ │   2.5%                                  │
│ Elapsed: 01:55:04 │ ETA: 74:48:01 │ Step Time: 1380.932s                                                             │
├──────────────────────────────────────────────────────── Time ────────────────────────────────────────────────────────┤
│                                                                                                                      │
│actor/actor/compute_adv=0.0069         │actor/actor/recv_traj=1290.6           │actor/actor/sync_model_to_rollout=5.1…│
│actor/run_training=22.411              │actor_training=22.415                  │cal_adv_and_returns=0.012             │
│env/compute_bootstrap_rewards=0.0019   │env/env/bootstrap_step=887.2           │env/env/send_rollout_trajectories=0.9…│
│env/env_interact_step=382.4            │env/evaluate=268.5                     │env/interact=1289.8                   │
│env/run_interact_once=1289.8           │eval=273.7                             │generate_rollouts=1292.4              │
│rollout/evaluate=149.1                 │rollout/generate_one_epoch=1287.8      │rollout/predict=16.289                │
│rollout/rollout/generate=1292.4        │rollout/sync_model_from_actor=11.504   │step=1594.9                           │
│sync_weights=6.294                     │                                       │                                      │
│                                                                                                                      │
├──────────────────────────────────────────────────── Environment ─────────────────────────────────────────────────────┤
│                                                                                                                      │
│episode_len=200.0                      │num_trajectories=256                   │return=0.37890625                     │
│reward=0.0018945313                    │success_once=0.37890625                │                                      │
│                                                                                                                      │
├────────────────────────────────────────────────────── Rollout ───────────────────────────────────────────────────────┤
│                                                                                                                      │
│advantages_max=2.475                   │advantages_mean=-0.064                 │advantages_min=-2.475                 │
│rewards=0.0019                         │                                       │                                      │
│                                                                                                                      │
├───────────────────────────────────────────────────── Evaluation ─────────────────────────────────────────────────────┤
│                                                                                                                      │
│episode_len=200.0                      │num_trajectories=32                    │return=0.375                          │
│reward=0.001875                        │success_at_end=0.375                   │success_once=0.375                    │
│                                                                                                                      │
├─────────────────────────────────────────────────── Training/Actor ───────────────────────────────────────────────────┤
│                                                                                                                      │
│actor/approx_kl=0.0031                 │actor/clip_fraction=0.024              │actor/clipped_ratio=0.999             │
│actor/dual_cliped_ratio=0.0000         │actor/dvac_current_mean=-7.814         │actor/dvac_current_std=0.637          │
│actor/dvac_history_mean=-7.812         │actor/dvac_history_std=0.716           │actor/dvac_warmup=0.0000              │
│actor/dvac_weight_ess_fraction=0.989   │actor/dvac_weight_mean=0.993           │actor/dvac_weight_sq_mean=0.997       │
│actor/dvac_z_high_clip_fraction=0.019  │actor/dvac_z_low_clip_fraction=0.0055  │actor/entropy_loss=0.0000             │
│actor/grad_norm=13.343                 │actor/lr=5.00e-06                      │actor/policy_loss=-0.0014             │
│actor/policy_loss_abs=0.706            │actor/ratio=1.005                      │actor/ratio_abs=0.041                 │
│actor/total_loss=-9.04e-05             │                                       │                                      │
│                                                                                                                      │
╰──────────────────────────────────────────────────────────────────────────────────────────────────────────────────────╯

[36m(RolloutGroup(rank=0) pid=506650)[0m Generating Rollout Epochs:   0%|          | 0/4 [00:00<?, ?it/s]
[36m(RolloutGroup(rank=0) pid=506650)[0m Generating Rollout Epochs:  25%|██▌       | 1/4 [05:05<15:16, 305.56s/it]
[36m(RolloutGroup(rank=0) pid=506650)[0m Generating Rollout Epochs:  50%|█████     | 2/4 [10:29<10:33, 316.57s/it]
[36m(RolloutGroup(rank=0) pid=506650)[0m Generating Rollout Epochs:  75%|███████▌  | 3/4 [16:20<05:32, 332.09s/it]
[36m(RolloutGroup(rank=0) pid=506650)[0m Generating Rollout Epochs: 100%|██████████| 4/4 [21:34<00:00, 324.96s/it]Generating Rollout Epochs: 100%|██████████| 4/4 [21:34<00:00, 323.60s/it]

╭──────────────────────────────────────────────────────────────────────────────────────────────────────────────────────╮
├──────────────────────────────────────────────────── Metric Table ────────────────────────────────────────────────────┤
│ Global Step:    6/200 │ Progress: █░░░░░░░░░░░░░░░░░░░░░░░░░░░░░░░░░░░░░░░ │   3.0%                                  │
│ Elapsed: 02:17:12 │ ETA: 73:56:32 │ Step Time: 1372.127s                                                             │
├──────────────────────────────────────────────────────── Time ────────────────────────────────────────────────────────┤
│                                                                                                                      │
│actor/actor/compute_adv=0.0100         │actor/actor/recv_traj=1298.8           │actor/actor/sync_model_to_rollout=1.9…│
│actor/run_training=24.497              │actor_training=24.502                  │cal_adv_and_returns=0.015             │
│env/compute_bootstrap_rewards=0.0018   │env/env/bootstrap_step=897.1           │env/env/send_rollout_trajectories=1.0…│
│env/env_interact_step=380.2            │env/interact=1297.8                    │env/run_interact_once=1297.8          │
│generate_rollouts=1301.6               │rollout/generate_one_epoch=1294.4      │rollout/predict=14.526                │
│rollout/rollout/generate=1301.6        │rollout/sync_model_from_actor=1.775    │step=1328.1                           │
│sync_weights=1.944                     │                                       │                                      │
│                                                                                                                      │
├──────────────────────────────────────────────────── Environment ─────────────────────────────────────────────────────┤
│                                                                                                                      │
│episode_len=200.0                      │num_trajectories=256                   │return=0.46484375                     │
│reward=0.0023242186                    │success_once=0.46484375                │                                      │
│                                                                                                                      │
├────────────────────────────────────────────────────── Rollout ───────────────────────────────────────────────────────┤
│                                                                                                                      │
│advantages_max=2.475                   │advantages_mean=-0.060                 │advantages_min=-2.475                 │
│rewards=0.0026                         │                                       │                                      │
│                                                                                                                      │
├─────────────────────────────────────────────────── Training/Actor ───────────────────────────────────────────────────┤
│                                                                                                                      │
│actor/approx_kl=0.0061                 │actor/clip_fraction=0.037              │actor/clipped_ratio=0.999             │
│actor/dual_cliped_ratio=0.0000         │actor/dvac_current_mean=-7.760         │actor/dvac_current_std=0.671          │
│actor/dvac_history_mean=-7.812         │actor/dvac_history_std=0.701           │actor/dvac_warmup=0.0000              │
│actor/dvac_weight_ess_fraction=0.984   │actor/dvac_weight_mean=0.997           │actor/dvac_weight_sq_mean=1.011       │
│actor/dvac_z_high_clip_fraction=0.032  │actor/dvac_z_low_clip_fraction=0.0070  │actor/entropy_loss=0.0000             │
│actor/grad_norm=16.793                 │actor/lr=5.00e-06                      │actor/policy_loss=-0.0013             │
│actor/policy_loss_abs=0.745            │actor/ratio=1.006                      │actor/ratio_abs=0.051                 │
│actor/total_loss=-8.26e-05             │                                       │                                      │
│                                                                                                                      │
╰──────────────────────────────────────────────────────────────────────────────────────────────────────────────────────╯

[36m(RolloutGroup(rank=0) pid=506650)[0m Generating Rollout Epochs:   0%|          | 0/4 [00:00<?, ?it/s]
[36m(RolloutGroup(rank=0) pid=506650)[0m Generating Rollout Epochs:  25%|██▌       | 1/4 [05:15<15:47, 315.83s/it]
[36m(RolloutGroup(rank=0) pid=506650)[0m Generating Rollout Epochs:  50%|█████     | 2/4 [10:21<10:19, 309.83s/it]
[36m(RolloutGroup(rank=0) pid=506650)[0m Generating Rollout Epochs:  75%|███████▌  | 3/4 [16:15<05:29, 329.85s/it]
[36m(RolloutGroup(rank=0) pid=506650)[0m Generating Rollout Epochs: 100%|██████████| 4/4 [21:14<00:00, 317.93s/it]Generating Rollout Epochs: 100%|██████████| 4/4 [21:14<00:00, 318.70s/it]

╭──────────────────────────────────────────────────────────────────────────────────────────────────────────────────────╮
├──────────────────────────────────────────────────── Metric Table ────────────────────────────────────────────────────┤
│ Global Step:    7/200 │ Progress: █░░░░░░░░░░░░░░░░░░░░░░░░░░░░░░░░░░░░░░░ │   3.5%                                  │
│ Elapsed: 02:39:01 │ ETA: 73:04:19 │ Step Time: 1363.003s                                                             │
├──────────────────────────────────────────────────────── Time ────────────────────────────────────────────────────────┤
│                                                                                                                      │
│actor/actor/compute_adv=0.0070         │actor/actor/recv_traj=1277.2           │actor/actor/sync_model_to_rollout=2.8…│
│actor/run_training=22.044              │actor_training=22.047                  │cal_adv_and_returns=0.012             │
│env/compute_bootstrap_rewards=0.0016   │env/env/bootstrap_step=894.9           │env/env/send_rollout_trajectories=0.7…│
│env/env_interact_step=378.0            │env/interact=1276.4                    │env/run_interact_once=1276.4          │
│generate_rollouts=1278.8               │rollout/generate_one_epoch=1274.8      │rollout/predict=14.336                │
│rollout/rollout/generate=1278.8        │rollout/sync_model_from_actor=7.322    │step=1308.2                           │
│sync_weights=7.326                     │                                       │                                      │
│                                                                                                                      │
├──────────────────────────────────────────────────── Environment ─────────────────────────────────────────────────────┤
│                                                                                                                      │
│episode_len=200.0                      │num_trajectories=256                   │return=0.40625                        │
│reward=0.00203125                      │success_once=0.40625                   │                                      │
│                                                                                                                      │
├────────────────────────────────────────────────────── Rollout ───────────────────────────────────────────────────────┤
│                                                                                                                      │
│advantages_max=2.475                   │advantages_mean=-0.074                 │advantages_min=-2.475                 │
│rewards=0.0025                         │                                       │                                      │
│                                                                                                                      │
├─────────────────────────────────────────────────── Training/Actor ───────────────────────────────────────────────────┤
│                                                                                                                      │
│actor/approx_kl=0.023                  │actor/clip_fraction=0.071              │actor/clipped_ratio=0.992             │
│actor/dual_cliped_ratio=0.0000         │actor/dvac_current_mean=-7.756         │actor/dvac_current_std=0.620          │
│actor/dvac_history_mean=-7.802         │actor/dvac_history_std=0.691           │actor/dvac_warmup=0.0000              │
│actor/dvac_weight_ess_fraction=0.988   │actor/dvac_weight_mean=0.994           │actor/dvac_weight_sq_mean=0.999       │
│actor/dvac_z_high_clip_fraction=0.026  │actor/dvac_z_low_clip_fraction=0.0035  │actor/entropy_loss=0.0000             │
│actor/grad_norm=26.976                 │actor/lr=5.00e-06                      │actor/policy_loss=0.0091              │
│actor/policy_loss_abs=0.665            │actor/ratio=1.005                      │actor/ratio_abs=0.085                 │
│actor/total_loss=5.67e-04              │                                       │                                      │
│                                                                                                                      │
╰──────────────────────────────────────────────────────────────────────────────────────────────────────────────────────╯

[36m(RolloutGroup(rank=0) pid=506650)[0m Generating Rollout Epochs:   0%|          | 0/4 [00:00<?, ?it/s]
[36m(RolloutGroup(rank=0) pid=506650)[0m Generating Rollout Epochs:  25%|██▌       | 1/4 [05:35<16:47, 335.97s/it]
[36m(RolloutGroup(rank=0) pid=506650)[0m Generating Rollout Epochs:  50%|█████     | 2/4 [11:00<10:58, 329.15s/it]
[36m(RolloutGroup(rank=0) pid=506650)[0m Generating Rollout Epochs:  75%|███████▌  | 3/4 [16:31<05:30, 330.04s/it]
[36m(RolloutGroup(rank=0) pid=506650)[0m Generating Rollout Epochs: 100%|██████████| 4/4 [22:19<00:00, 337.34s/it]Generating Rollout Epochs: 100%|██████████| 4/4 [22:19<00:00, 334.99s/it]

╭──────────────────────────────────────────────────────────────────────────────────────────────────────────────────────╮
├──────────────────────────────────────────────────── Metric Table ────────────────────────────────────────────────────┤
│ Global Step:    8/200 │ Progress: █░░░░░░░░░░░░░░░░░░░░░░░░░░░░░░░░░░░░░░░ │   4.0%                                  │
│ Elapsed: 03:01:56 │ ETA: 72:46:47 │ Step Time: 1364.623s                                                             │
├──────────────────────────────────────────────────────── Time ────────────────────────────────────────────────────────┤
│                                                                                                                      │
│actor/actor/compute_adv=0.0065         │actor/actor/recv_traj=1342.8           │actor/actor/sync_model_to_rollout=2.3…│
│actor/run_training=25.096              │actor_training=25.101                  │cal_adv_and_returns=0.012             │
│env/compute_bootstrap_rewards=0.0016   │env/env/bootstrap_step=937.8           │env/env/send_rollout_trajectories=1.0…│
│env/env_interact_step=386.6            │env/interact=1341.8                    │env/run_interact_once=1341.8          │
│generate_rollouts=1344.7               │rollout/generate_one_epoch=1340.0      │rollout/predict=14.503                │
│rollout/rollout/generate=1344.7        │rollout/sync_model_from_actor=6.070    │step=1375.9                           │
│sync_weights=6.072                     │                                       │                                      │
│                                                                                                                      │
├──────────────────────────────────────────────────── Environment ─────────────────────────────────────────────────────┤
│                                                                                                                      │
│episode_len=200.0                      │num_trajectories=256                   │return=0.3046875                      │
│reward=0.0015234374                    │success_once=0.3046875                 │                                      │
│                                                                                                                      │
├────────────────────────────────────────────────────── Rollout ───────────────────────────────────────────────────────┤
│                                                                                                                      │
│advantages_max=2.475                   │advantages_mean=-0.068                 │advantages_min=-1.620                 │
│rewards=0.0019                         │                                       │                                      │
│                                                                                                                      │
├─────────────────────────────────────────────────── Training/Actor ───────────────────────────────────────────────────┤
│                                                                                                                      │
│actor/approx_kl=0.033                  │actor/clip_fraction=0.078              │actor/clipped_ratio=0.993             │
│actor/dual_cliped_ratio=0.0000         │actor/dvac_current_mean=-7.601         │actor/dvac_current_std=0.628          │
│actor/dvac_history_mean=-7.789         │actor/dvac_history_std=0.665           │actor/dvac_warmup=0.0000              │
│actor/dvac_weight_ess_fraction=0.991   │actor/dvac_weight_mean=1.003           │actor/dvac_weight_sq_mean=1.016       │
│actor/dvac_z_high_clip_fraction=0.046  │actor/dvac_z_low_clip_fraction=0.0021  │actor/entropy_loss=0.0000             │
│actor/grad_norm=23.183                 │actor/lr=5.00e-06                      │actor/policy_loss=0.0050              │
│actor/policy_loss_abs=0.616            │actor/ratio=0.997                      │actor/ratio_abs=0.088                 │
│actor/total_loss=3.11e-04              │                                       │                                      │
│                                                                                                                      │
╰──────────────────────────────────────────────────────────────────────────────────────────────────────────────────────╯

[36m(RolloutGroup(rank=0) pid=506650)[0m Generating Rollout Epochs:   0%|          | 0/4 [00:00<?, ?it/s]
*** SIGTERM received at time=1788769589 on cpu 39 ***
PC: @     0x7f9f9d7da0d7  (unknown)  (unknown)
    @     0x7f9f9d78b520  (unknown)  (unknown)
[2026-09-07 08:26:29,077 E 506059 506059] logging.cc:474: *** SIGTERM received at time=1788769589 on cpu 39 ***
[2026-09-07 08:26:29,077 E 506059 506059] logging.cc:474: PC: @     0x7f9f9d7da0d7  (unknown)  (unknown)
[2026-09-07 08:26:29,077 E 506059 506059] logging.cc:474:     @     0x7f9f9d78b520  (unknown)  (unknown)
