/data/chenyiteng/projects/rlinf-shenzhen/worktrees/ppo-dvac-action-adv-fix/examples/embodiment/train_embodied_agent.py:35: Hydra14MigrationWarning: 
version_base="1.1" selects Hydra 1.1 compatibility behavior.
Hydra 1.4 will remove this compatibility behavior.
Before upgrading to Hydra 1.4, set version_base="1.3" and test your application.
See https://hydra.cc/docs/upgrades/1.3_to_1.4/prepare_for_1_4/ for preparation instructions.
  @hydra.main(
/home/chenyiteng/venvs/rlinf-7d07-openpi-robotwin/lib/python3.11/site-packages/hydra/_internal/defaults_list.py:251: UserWarning: In 'robotwin_adjust_bottle_ppo_openpi_dvac_action_adv': Defaults list is missing `_self_`. See https://hydra.cc/docs/1.2/upgrades/1.0_to_1.1/default_composition_order for more information
  warnings.warn(msg, UserWarning)
/home/chenyiteng/venvs/rlinf-7d07-openpi-robotwin/lib/python3.11/site-packages/hydra/_internal/hydra.py:119: UserWarning: Future Hydra versions will no longer change working directory at job runtime by default.
See https://hydra.cc/docs/1.2/upgrades/1.1_to_1.2/changes_to_job_working_dir/ for more information.
  ret = run_job(
[INFO 14:52:23 RLinf] RLinf Ray code sync is enabled (py_modules=('/data/chenyiteng/projects/rlinf-shenzhen/worktrees/ppo-dvac-action-adv-fix/rlinf',)); workers receive only the rlinf package from the launch node. Disable with RLINF_CODE_WORKING_DIR=0.
2026-08-30 14:52:23,880	INFO worker.py:1683 -- Using address 172.17.0.1:6389 set in the environment variable RAY_ADDRESS
2026-08-30 14:52:23,889	INFO worker.py:1833 -- Connecting to existing Ray cluster at address: 172.17.0.1:6389...
2026-08-30 14:52:23,989	INFO worker.py:2015 -- Connected to Ray cluster. View the dashboard at [1m[32mhttp://127.0.0.1:8266 [39m[22m
2026-08-30 14:52:24,047	INFO packaging.py:734 -- Creating a file package for local module '/data/chenyiteng/projects/rlinf-shenzhen/worktrees/ppo-dvac-action-adv-fix/rlinf'.
2026-08-30 14:52:24,140	INFO packaging.py:434 -- Pushing file package 'gcs://_ray_pkg_9d94a2ac4b3af57f.zip' (8.80MiB) to Ray cluster...
2026-08-30 14:52:24,176	INFO packaging.py:447 -- Successfully pushed file package 'gcs://_ray_pkg_9d94a2ac4b3af57f.zip'.
[INFO 14:52:24 RLinf] Ray namespace conflict detected. Retrying to initialize Cluster with a new namespace (attempt 1).
[INFO 14:52:24 RLinf] RLinf Ray code sync is enabled (py_modules=('/data/chenyiteng/projects/rlinf-shenzhen/worktrees/ppo-dvac-action-adv-fix/rlinf',)); workers receive only the rlinf package from the launch node. Disable with RLINF_CODE_WORKING_DIR=0.
2026-08-30 14:52:24,523	INFO worker.py:1683 -- Using address 172.17.0.1:6389 set in the environment variable RAY_ADDRESS
2026-08-30 14:52:24,526	INFO worker.py:1833 -- Connecting to existing Ray cluster at address: 172.17.0.1:6389...
2026-08-30 14:52:24,589	INFO worker.py:2015 -- Connected to Ray cluster. View the dashboard at [1m[32mhttp://127.0.0.1:8266 [39m[22m
[INFO 14:52:24 RLinf] Ray namespace conflict detected. Retrying to initialize Cluster with a new namespace (attempt 2).
[INFO 14:52:24 RLinf] RLinf Ray code sync is enabled (py_modules=('/data/chenyiteng/projects/rlinf-shenzhen/worktrees/ppo-dvac-action-adv-fix/rlinf',)); workers receive only the rlinf package from the launch node. Disable with RLINF_CODE_WORKING_DIR=0.
2026-08-30 14:52:24,943	INFO worker.py:1683 -- Using address 172.17.0.1:6389 set in the environment variable RAY_ADDRESS
2026-08-30 14:52:24,947	INFO worker.py:1833 -- Connecting to existing Ray cluster at address: 172.17.0.1:6389...
2026-08-30 14:52:25,012	INFO worker.py:2015 -- Connected to Ray cluster. View the dashboard at [1m[32mhttp://127.0.0.1:8266 [39m[22m
[INFO 14:52:27 RLinf] RLinf is running on a cluster with 1 node and 8 accelerators. The nodes' details are: 
node_labels: []
node_rank: 0
ray_id: 2730f38e60da6b4c0f68d8779893624a0917240589c544541c894c54
node_ip: 172.17.0.1
num_cpus: 128
python_interpreter_path: /home/chenyiteng/venvs/rlinf-7d07-openpi-robotwin/bin/python
hardware_resources:
- type: Accelerator
  infos:
  - type: Accelerator
    model: NV_GPU:H100 80GB HBM3
  - type: Accelerator
    model: NV_GPU:H100 80GB HBM3
  - type: Accelerator
    model: NV_GPU:H100 80GB HBM3
  - type: Accelerator
    model: NV_GPU:H100 80GB HBM3
  - type: Accelerator
    model: NV_GPU:H100 80GB HBM3
  - type: Accelerator
    model: NV_GPU:H100 80GB HBM3
  - type: Accelerator
    model: NV_GPU:H100 80GB HBM3
  - type: Accelerator
    model: NV_GPU:H100 80GB HBM3
profiler_backends: []

Node groups' details are: 
label: cluster
nodes: '0'
hardware_type: Accelerator
ignore_hardware: false
env_configs: null

label: node
nodes: '0'
hardware_type: null
ignore_hardware: true
env_configs: null

[INFO 14:52:27 FlexiblePlacementStrategy] 
[INFO 14:52:27 FlexiblePlacementStrategy] Using flexible placement with hardware ranks: [[2], [3]], node groups: ['cluster'].
[INFO 14:52:27 FlexiblePlacementStrategy] 
[INFO 14:52:27 FlexiblePlacementStrategy] Using flexible placement with hardware ranks: [[2], [3]], node groups: ['cluster'].
[36m(_RemoteNodeProbe pid=3855921)[0m /data/chenyiteng/projects/rlinf-shenzhen/worktrees/ppo-dvac-action-adv-fix/rlinf/scheduler/cluster/node.py:532: UserWarning: Python interpreter used to launch Ray on node with IP 172.17.0.1 is different from that on the head node /home/chenyiteng/venvs/rlinf-7d07-openpi-robotwin/bin/python. Keep using the current interpreter /home/chenyiteng/venvs/rlinf-7d07-openpi-robotwin/bin/python3 on this node.{
  "env": {
    "train": {
      "env_type": "robotwin",
      "total_num_envs": 64,
      "auto_reset": false,
      "ignore_terminations": false,
      "reward_coef": 1.0,
      "use_custom_reward": true,
      "use_rel_reward": true,
      "center_crop": false,
      "seed": 0,
      "group_size": 1,
      "use_fixed_reset_state_ids": false,
      "max_steps_per_rollout_epoch": 200,
      "max_episode_steps": 200,
      "is_eval": false,
      "assets_path": "/data/chenyiteng/projects/rlinf-shenzhen/RoboTwin-RLinf-support",
      "seeds_path": "/data/chenyiteng/projects/rlinf-shenzhen/worktrees/ppo-dvac-action-adv-fix/rlinf/envs/robotwin/seeds/train_seeds.json",
      "video_cfg": {
        "save_video": false,
        "info_on_video": true,
        "video_base_dir": "/data/chenyiteng/results/rlinf-shenzhen/ppo/runs/ppo-dvac-action-adv-fix-w0to2-smoke2-2gpu64x4-b1024-noeval-localshard-phys23-v1/video/train"
      },
      "enable_offload": false,
      "task_config": {
        "task_name": "adjust_bottle",
        "step_lim": 200,
        "planner_backend": "mplib",
        "render_freq": 0,
        "episode_num": 100,
        "use_seed": false,
        "save_freq": 15,
        "embodiment": [
          "aloha-agilex"
        ],
        "language_num": 100,
        "domain_randomization": {
          "random_background": false,
          "cluttered_table": false,
          "clean_background_rate": 1,
          "random_head_camera_dis": 0,
          "random_table_height": 0,
          "random_light": false,
          "crazy_random_light_rate": 0
        },
        "camera": {
          "head_camera_type": "D435",
          "wrist_camera_type": "D435",
          "collect_head_camera": true,
          "collect_wrist_camera": true
        },
        "data_type": {
          "rgb": true,
          "third_view": false,
          "depth": false,
          "pointcloud": false,
          "observer": false,
          "endpose": false,
          "qpos": true,
          "mesh_segmentation": false,
          "actor_segmentation": false
        },
        "pcd_down_sample_num": 1024,
        "pcd_crop": true,
        "save_path": "/data/chenyiteng/results/rlinf-shenzhen/ppo/runs/ppo-dvac-action-adv-fix-w0to2-smoke2-2gpu64x4-b1024-noeval-localshard-phys23-v1/robotwin_data/train",
        "clear_cache_freq": 1,
        "collect_data": true,
        "eval_video_log": true
      },
      "rollout_epoch": 4
    },
    "eval": {
      "env_type": "robotwin",
      "total_num_envs": 32,
      "auto_reset": true,
      "ignore_terminations": true,
      "reward_coef": 1.0,
      "use_custom_reward": true,
      "use_rel_reward": true,
      "center_crop": false,
      "seed": 0,
      "group_size": 1,
      "use_fixed_reset_state_ids": true,
      "max_steps_per_rollout_epoch": 200,
      "max_episode_steps": 200,
      "is_eval": true,
      "assets_path": "/data/chenyiteng/projects/rlinf-shenzhen/RoboTwin-RLinf-support",
      "seeds_path": "/data/chenyiteng/projects/rlinf-shenzhen/worktrees/ppo-dvac-action-adv-fix/rlinf/envs/robotwin/seeds/eval_seeds.json",
      "video_cfg": {
        "save_video": false,
        "info_on_video": true,
        "video_base_dir": "/data/chenyiteng/results/rlinf-shenzhen/ppo/runs/ppo-dvac-action-adv-fix-w0to2-smoke2-2gpu64x4-b1024-noeval-localshard-phys23-v1/video/eval"
      },
      "enable_offload": false,
      "task_config": {
        "task_name": "adjust_bottle",
        "step_lim": 200,
        "planner_backend": "mplib",
        "render_freq": 0,
        "episode_num": 100,
        "use_seed": false,
        "save_freq": 15,
        "embodiment": [
          "aloha-agilex"
        ],
        "language_num": 100,
        "domain_randomization": {
          "random_background": false,
          "cluttered_table": false,
          "clean_background_rate": 1,
          "random_head_camera_dis": 0,
          "random_table_height": 0,
          "random_light": false,
          "crazy_random_light_rate": 0
        },
        "camera": {
          "head_camera_type": "D435",
          "wrist_camera_type": "D435",
          "collect_head_camera": true,
          "collect_wrist_camera": true
        },
        "data_type": {
          "rgb": true,
          "third_view": false,
          "depth": false,
          "pointcloud": false,
          "observer": false,
          "endpose": false,
          "qpos": true,
          "mesh_segmentation": false,
          "actor_segmentation": false
        },
        "pcd_down_sample_num": 1024,
        "pcd_crop": true,
        "save_path": "/data/chenyiteng/results/rlinf-shenzhen/ppo/runs/ppo-dvac-action-adv-fix-w0to2-smoke2-2gpu64x4-b1024-noeval-localshard-phys23-v1/robotwin_data/eval",
        "clear_cache_freq": 1,
        "collect_data": true,
        "eval_video_log": true
      },
      "rollout_epoch": 1
    },
    "group_name": "EnvGroup",
    "enable_offload": true
  },
  "actor": {
    "model": {
      "model_type": "openpi",
      "model_path": "/data/chenyiteng/models/rlinf/RLinf-Pi0-RoboTwin-SFT-adjust_bottle@92684e50",
      "precision": null,
      "num_action_chunks": 50,
      "action_dim": 14,
      "is_lora": false,
      "lora_rank": 32,
      "use_proprio": true,
      "num_steps": 4,
      "add_value_head": true,
      "openpi": {
        "config_name": "pi0_aloha_robotwin",
        "num_images_in_input": 3,
        "noise_level": 0.5,
        "action_chunk": 50,
        "num_steps": 4,
        "train_expert_only": true,
        "action_env_dim": 14,
        "noise_method": "flow_sde",
        "add_value_head": true,
        "detach_critic_input": true,
        "use_dsrl": false,
        "dsrl_state_dim": 8,
        "dsrl_action_noise_dim": 32,
        "dsrl_num_q_heads": 10,
        "dsrl_agg_q": "mean",
        "dsrl_image_latent_dim": 64,
        "dsrl_state_latent_dim": 64,
        "dsrl_hidden_dims": [
          128,
          128,
          128
        ]
      }
    },
    "fsdp_config": {
      "strategy": "fsdp",
      "sharding_strategy": "full_shard",
      "gradient_checkpointing": false,
      "cpu_offload": false,
      "offload_pin_memory": false,
      "reshard_after_forward": true,
      "enable_gradient_accumulation": true,
      "forward_prefetch": false,
      "limit_all_gathers": false,
      "backward_prefetch": null,
      "use_orig_params": false,
      "use_liger_kernel": false,
      "mixed_precision": {
        "param_dtype": null,
        "reduce_dtype": null,
        "buffer_dtype": null
      },
      "amp_autocast": {
        "enabled": false,
        "precision": "bf16"
      },
      "grad_scaler": {
        "enabled": false,
        "init_scale": null,
        "growth_interval": null
      },
      "checkpoint_format": "local_shard"
    },
    "group_name": "ActorGroup",
    "training_backend": "fsdp",
    "micro_batch_size": 32,
    "global_batch_size": 1024,
    "seed": 1234,
    "enable_offload": true,
    "optim": {
      "lr": 5.6e-06,
      "value_lr": 0.00011,
      "adam_beta1": 0.9,
      "adam_beta2": 0.95,
      "adam_eps": 1e-08,
      "weight_decay": 0.01,
      "clip_grad": 1.0,
      "critic_warmup_steps": 0
    }
  },
  "weight_syncer": {
    "type": "patch",
    "patch": {
      "snapshot_device": "cpu",
      "delta_encoding": true,
      "compression": "none",
      "init_sync": {
        "enabled": true,
        "prefixes": null,
        "bucket_size": 134217728
      }
    }
  },
  "cluster": {
    "num_nodes": 1,
    "component_placement": {
      "actor, env, rollout": "2,3"
    },
    "tracer": {
      "enable": false
    }
  },
  "runner": {
    "task_type": "embodied",
    "logger": {
      "log_path": "/data/chenyiteng/results/rlinf-shenzhen/ppo/runs/ppo-dvac-action-adv-fix-w0to2-smoke2-2gpu64x4-b1024-noeval-localshard-phys23-v1",
      "project_name": "rlinf",
      "experiment_name": "robotwin_ppo_dvac_action_adv_fix_w0to2_smoke2_2gpu64x4_b1024_noeval_localshard_phys23_v1",
      "logger_backends": [
        "tensorboard"
      ]
    },
    "max_epochs": 1000,
    "max_steps": 2,
    "only_eval": false,
    "val_check_interval": -1,
    "save_interval": 10,
    "resume_dir": null,
    "ckpt_path": null,
    "per_worker_log": false,
    "per_worker_log_path": null,
    "weight_sync_interval": 1,
    "overlap_env_bootstrap": false
  },
  "algorithm": {
    "normalize_advantages": true,
    "kl_penalty": "kl",
    "group_size": 1,
    "reward_coef": 1.0,
    "reward_type": "chunk_level",
    "logprob_type": "action_level",
    "entropy_type": "token_level",
    "update_epoch": 2,
    "adv_type": "gae",
    "loss_type": "actor_critic",
    "loss_agg_func": "token-mean",
    "kl_beta": 0.0,
    "entropy_bonus": 0,
    "clip_ratio_high": 0.2,
    "clip_ratio_low": 0.2,
    "clip_ratio_c": 3.0,
    "value_clip": 0.2,
    "huber_delta": 10.0,
    "gamma": 0.99,
    "gae_lambda": 0.95,
    "filter_rewards": false,
    "rewards_lower_bound": 0.1,
    "rewards_upper_bound": 0.9,
    "dvac_gradient_weighting": {
      "mode": "apply",
      "application": "action_advantage",
      "selected_l": 3,
      "warmup_steps": 1,
      "window_steps": 5,
      "log_eps": 1e-12,
      "std_floor": 1e-06,
      "z_clip": 2.0,
      "strength": 0.5,
      "weight_min": 0.0,
      "weight_max": 2.0,
      "save_step_tensors": true,
      "output_dir": "/data/chenyiteng/results/rlinf-shenzhen/ppo/runs/ppo-dvac-action-adv-fix-w0to2-smoke2-2gpu64x4-b1024-noeval-localshard-phys23-v1/robotwin_ppo_dvac_action_adv_fix_w0to2_smoke2_2gpu64x4_b1024_noeval_localshard_phys23_v1/dvac_train"
    }
  },
  "rollout": {
    "group_name": "RolloutGroup",
    "backend": "huggingface",
    "recompute_logprobs": false,
    "enable_offload": true,
    "pipeline_stage_num": 1,
    "model": {
      "model_path": "/data/chenyiteng/models/rlinf/RLinf-Pi0-RoboTwin-SFT-adjust_bottle@92684e50",
      "precision": null
    }
  },
  "reward": {
    "use_reward_model": false
  },
  "critic": {
    "use_critic_model": false
  }
}
[INFO 14:52:27 FlexiblePlacementStrategy] 
[INFO 14:52:27 FlexiblePlacementStrategy] Using flexible placement with hardware ranks: [[2], [3]], node groups: ['cluster'].

[36m(_RemoteNodeProbe pid=3855921)[0m   warnings.warn([INFO 14:52:27 FlexiblePlacementStrategy] Generated 2 placements: [Placement(rank=0, cluster_node_rank=0, placement_node_rank=0, local_accelerator_rank=2, accelerator_type='NV_GPU', local_rank=0, local_world_size=2, visible_accelerators=['2'], isolate_accelerator=True, local_hardware_ranks=[2], node_group_label='cluster'), Placement(rank=1, cluster_node_rank=0, placement_node_rank=0, local_accelerator_rank=3, accelerator_type='NV_GPU', local_rank=1, local_world_size=2, visible_accelerators=['3'], isolate_accelerator=True, local_hardware_ranks=[3], node_group_label='cluster')].

[INFO 14:52:27 FlexiblePlacementStrategy] Generated 2 placements: [Placement(rank=0, cluster_node_rank=0, placement_node_rank=0, local_accelerator_rank=2, accelerator_type='NV_GPU', local_rank=0, local_world_size=2, visible_accelerators=['2'], isolate_accelerator=True, local_hardware_ranks=[2], node_group_label='cluster'), Placement(rank=1, cluster_node_rank=0, placement_node_rank=0, local_accelerator_rank=3, accelerator_type='NV_GPU', local_rank=1, local_world_size=2, visible_accelerators=['3'], isolate_accelerator=True, local_hardware_ranks=[3], node_group_label='cluster')].
[INFO 14:52:27 FlexiblePlacementStrategy] Generated 2 placements: [Placement(rank=0, cluster_node_rank=0, placement_node_rank=0, local_accelerator_rank=2, accelerator_type='NV_GPU', local_rank=0, local_world_size=2, visible_accelerators=['2'], isolate_accelerator=True, local_hardware_ranks=[2], node_group_label='cluster'), Placement(rank=1, cluster_node_rank=0, placement_node_rank=0, local_accelerator_rank=3, accelerator_type='NV_GPU', local_rank=1, local_world_size=2, visible_accelerators=['3'], isolate_accelerator=True, local_hardware_ranks=[3], node_group_label='cluster')].
[INFO 14:52:28 NodePlacementStrategy] 
[INFO 14:52:28 NodePlacementStrategy] Using node placement with node ranks: [0], node groups: ['node'].
[INFO 14:52:28 NodePlacementStrategy] Generated 1 placements: [Placement(rank=0, cluster_node_rank=0, placement_node_rank=0, local_accelerator_rank='0', accelerator_type='NV_GPU', local_rank=0, local_world_size=1, visible_accelerators=['0', '1', '2', '3', '4', '5', '6', '7'], isolate_accelerator=True, local_hardware_ranks=[], node_group_label='cluster')].
[INFO 14:52:28 NodePlacementStrategy] 
[INFO 14:52:28 NodePlacementStrategy] Using node placement with node ranks: [0], node groups: ['node'].
[INFO 14:52:28 NodePlacementStrategy] Generated 1 placements: [Placement(rank=0, cluster_node_rank=0, placement_node_rank=0, local_accelerator_rank='0', accelerator_type='NV_GPU', local_rank=0, local_world_size=1, visible_accelerators=['0', '1', '2', '3', '4', '5', '6', '7'], isolate_accelerator=True, local_hardware_ranks=[], node_group_label='cluster')].
[INFO 14:52:28 NodePlacementStrategy] 
[INFO 14:52:28 NodePlacementStrategy] Using node placement with node ranks: [0], node groups: ['node'].
[INFO 14:52:28 NodePlacementStrategy] Generated 1 placements: [Placement(rank=0, cluster_node_rank=0, placement_node_rank=0, local_accelerator_rank='0', accelerator_type='NV_GPU', local_rank=0, local_world_size=1, visible_accelerators=['0', '1', '2', '3', '4', '5', '6', '7'], isolate_accelerator=True, local_hardware_ranks=[], node_group_label='cluster')].
WARNING: All log messages before absl::InitializeLog() is called are written to STDERR
I0000 00:00:1788101548.519235 3854980 port.cc:153] oneDNN custom operations are on. You may see slightly different numerical results due to floating-point round-off errors from different computation orders. To turn them off, set the environment variable `TF_ENABLE_ONEDNN_OPTS=0`.
I0000 00:00:1788101548.575727 3854980 cpu_feature_guard.cc:227] This TensorFlow binary is optimized to use available CPU instructions in performance-critical operations.
To enable the following instructions: AVX2 AVX512F AVX512_VNNI AVX512_BF16 AVX512_FP16 AVX_VNNI AMX_TILE AMX_INT8 AMX_BF16 FMA, in other operations, rebuild TensorFlow with the appropriate compiler flags.
WARNING: All log messages before absl::InitializeLog() is called are written to STDERR
I0000 00:00:1788101550.399802 3854980 port.cc:153] oneDNN custom operations are on. You may see slightly different numerical results due to floating-point round-off errors from different computation orders. To turn them off, set the environment variable `TF_ENABLE_ONEDNN_OPTS=0`.
[36m(MultiStepRolloutWorker pid=3856087)[0m [INFO 14:52:33 FlexiblePlacementStrategy] 
[36m(MultiStepRolloutWorker pid=3856087)[0m [INFO 14:52:33 FlexiblePlacementStrategy] Using flexible placement with hardware ranks: [[2], [3]], node groups: ['cluster'].
[36m(MultiStepRolloutWorker pid=3856088)[0m [INFO 14:52:33 FlexiblePlacementStrategy] 
[36m(MultiStepRolloutWorker pid=3856088)[0m [INFO 14:52:33 FlexiblePlacementStrategy] Using flexible placement with hardware ranks: [[2], [3]], node groups: ['cluster'].
[36m(EnvWorker pid=3856202)[0m [INFO 14:52:34 FlexiblePlacementStrategy] 
[36m(EnvWorker pid=3856202)[0m [INFO 14:52:34 FlexiblePlacementStrategy] Using flexible placement with hardware ranks: [[2], [3]], node groups: ['cluster'].
[36m(EnvWorker pid=3856094)[0m [INFO 14:52:34 FlexiblePlacementStrategy] 
[36m(EnvWorker pid=3856094)[0m [INFO 14:52:34 FlexiblePlacementStrategy] Using flexible placement with hardware ranks: [[2], [3]], node groups: ['cluster'].
[36m(EmbodiedFSDPActor pid=3856082)[0m [WARNING 14:52:35 ActorGroup-Rank-0][fsdp_model_manager.py:79] Provided there is sufficient GPU memory, set the actor.model.precision parameter to fp32 to allow the optimizer to run in fp32 for better convergence. Meanwhile, setting mixed_precision.param_dtype to 16-bit dtype can help maximize speed, as it will automatically convert fp32 to fp16 during operator execution.
[36m(EmbodiedFSDPActor pid=3856084)[0m [WARNING 14:52:35 ActorGroup-Rank-1][fsdp_model_manager.py:79] Provided there is sufficient GPU memory, set the actor.model.precision parameter to fp32 to allow the optimizer to run in fp32 for better convergence. Meanwhile, setting mixed_precision.param_dtype to 16-bit dtype can help maximize speed, as it will automatically convert fp32 to fp16 during operator execution.
[36m(RolloutGroup(rank=1) pid=3856088)[0m WARNING: All log messages before absl::InitializeLog() is called are written to STDERR
[36m(RolloutGroup(rank=1) pid=3856088)[0m I0000 00:00:1788101555.741910 3857351 port.cc:153] oneDNN custom operations are on. You may see slightly different numerical results due to floating-point round-off errors from different computation orders. To turn them off, set the environment variable `TF_ENABLE_ONEDNN_OPTS=0`.
[36m(RolloutGroup(rank=0) pid=3856087)[0m WARNING: All log messages before absl::InitializeLog() is called are written to STDERR
[36m(RolloutGroup(rank=0) pid=3856087)[0m I0000 00:00:1788101555.747637 3857330 port.cc:153] oneDNN custom operations are on. You may see slightly different numerical results due to floating-point round-off errors from different computation orders. To turn them off, set the environment variable `TF_ENABLE_ONEDNN_OPTS=0`.
[36m(RolloutGroup(rank=1) pid=3856088)[0m WARNING: All log messages before absl::InitializeLog() is called are written to STDERR
[36m(RolloutGroup(rank=1) pid=3856088)[0m I0000 00:00:1788101557.020792 3857351 port.cc:153] oneDNN custom operations are on. You may see slightly different numerical results due to floating-point round-off errors from different computation orders. To turn them off, set the environment variable `TF_ENABLE_ONEDNN_OPTS=0`.
[36m(RolloutGroup(rank=0) pid=3856087)[0m WARNING: All log messages before absl::InitializeLog() is called are written to STDERR
[36m(RolloutGroup(rank=0) pid=3856087)[0m I0000 00:00:1788101557.047902 3857330 port.cc:153] oneDNN custom operations are on. You may see slightly different numerical results due to floating-point round-off errors from different computation orders. To turn them off, set the environment variable `TF_ENABLE_ONEDNN_OPTS=0`.
[36m(EmbodiedFSDPActor pid=3856084)[0m [INFO 14:52:37 FlexiblePlacementStrategy] 
[36m(EmbodiedFSDPActor pid=3856084)[0m [INFO 14:52:37 FlexiblePlacementStrategy] Using flexible placement with hardware ranks: [[2], [3]], node groups: ['cluster'].
[36m(EmbodiedFSDPActor pid=3856084)[0m [INFO 14:52:37 ActorGroup-Rank-1][fsdp_model_manager.py:133] [FSDP] AMP is disabled.
[36m(EmbodiedFSDPActor pid=3856082)[0m [INFO 14:52:37 ActorGroup-Rank-0][fsdp_model_manager.py:133] [FSDP] AMP is disabled.
[36m(EmbodiedFSDPActor pid=3856082)[0m [INFO 14:52:37 FlexiblePlacementStrategy] 
[36m(EmbodiedFSDPActor pid=3856082)[0m [INFO 14:52:37 FlexiblePlacementStrategy] Using flexible placement with hardware ranks: [[2], [3]], node groups: ['cluster'].
[36m(RolloutGroup(rank=0) pid=3856087)[0m INFO:root:Loaded norm stats from /data/chenyiteng/models/rlinf/RLinf-Pi0-RoboTwin-SFT-adjust_bottle@92684e50/physical-intelligence/robotwin
[36m(RolloutGroup(rank=0) pid=3856087)[0m INFO:root:Loaded norm stats from /data/chenyiteng/models/rlinf/RLinf-Pi0-RoboTwin-SFT-adjust_bottle@92684e50/physical-intelligence/robotwin
[36m(RolloutGroup(rank=1) pid=3856088)[0m INFO:root:Loaded norm stats from /data/chenyiteng/models/rlinf/RLinf-Pi0-RoboTwin-SFT-adjust_bottle@92684e50/physical-intelligence/robotwin
[36m(RolloutGroup(rank=1) pid=3856088)[0m INFO:root:Loaded norm stats from /data/chenyiteng/models/rlinf/RLinf-Pi0-RoboTwin-SFT-adjust_bottle@92684e50/physical-intelligence/robotwin
[36m(ActorGroup(rank=1) pid=3856084)[0m WARNING: All log messages before absl::InitializeLog() is called are written to STDERR
[36m(ActorGroup(rank=1) pid=3856084)[0m I0000 00:00:1788101604.145576 3857460 port.cc:153] oneDNN custom operations are on. You may see slightly different numerical results due to floating-point round-off errors from different computation orders. To turn them off, set the environment variable `TF_ENABLE_ONEDNN_OPTS=0`.
[36m(ActorGroup(rank=0) pid=3856082)[0m WARNING: All log messages before absl::InitializeLog() is called are written to STDERR
[36m(ActorGroup(rank=0) pid=3856082)[0m I0000 00:00:1788101604.129040 3857477 port.cc:153] oneDNN custom operations are on. You may see slightly different numerical results due to floating-point round-off errors from different computation orders. To turn them off, set the environment variable `TF_ENABLE_ONEDNN_OPTS=0`.
[36m(ActorGroup(rank=0) pid=3856082)[0m WARNING: All log messages before absl::InitializeLog() is called are written to STDERR
[36m(ActorGroup(rank=0) pid=3856082)[0m I0000 00:00:1788101605.481075 3857477 port.cc:153] oneDNN custom operations are on. You may see slightly different numerical results due to floating-point round-off errors from different computation orders. To turn them off, set the environment variable `TF_ENABLE_ONEDNN_OPTS=0`.
[36m(ActorGroup(rank=1) pid=3856084)[0m WARNING: All log messages before absl::InitializeLog() is called are written to STDERR
[36m(ActorGroup(rank=1) pid=3856084)[0m I0000 00:00:1788101605.647019 3857460 port.cc:153] oneDNN custom operations are on. You may see slightly different numerical results due to floating-point round-off errors from different computation orders. To turn them off, set the environment variable `TF_ENABLE_ONEDNN_OPTS=0`.
[36m(ActorGroup(rank=0) pid=3856082)[0m INFO:root:Loaded norm stats from /data/chenyiteng/models/rlinf/RLinf-Pi0-RoboTwin-SFT-adjust_bottle@92684e50/physical-intelligence/robotwin
[36m(ActorGroup(rank=0) pid=3856082)[0m INFO:root:Loaded norm stats from /data/chenyiteng/models/rlinf/RLinf-Pi0-RoboTwin-SFT-adjust_bottle@92684e50/physical-intelligence/robotwin
[36m(ActorGroup(rank=1) pid=3856084)[0m INFO:root:Loaded norm stats from /data/chenyiteng/models/rlinf/RLinf-Pi0-RoboTwin-SFT-adjust_bottle@92684e50/physical-intelligence/robotwin
[36m(ActorGroup(rank=1) pid=3856084)[0m INFO:root:Loaded norm stats from /data/chenyiteng/models/rlinf/RLinf-Pi0-RoboTwin-SFT-adjust_bottle@92684e50/physical-intelligence/robotwin
[36m(ActorGroup(rank=0) pid=3856082)[0m [INFO 14:54:05 ActorGroup-Rank-0][fsdp_model_manager.py:294] [FSDP] Gradient checkpointing is disabled
[36m(ActorGroup(rank=1) pid=3856084)[0m [INFO 14:54:05 ActorGroup-Rank-1][fsdp_model_manager.py:294] [FSDP] Gradient checkpointing is disabled
[36m(RolloutGroup(rank=0) pid=3856087)[0m Generating Rollout Epochs:   0%|          | 0/4 [00:00<?, ?it/s]
[36m(RolloutGroup(rank=0) pid=3856087)[0m Generating Rollout Epochs:  25%|██▌       | 1/4 [06:08<18:24, 368.24s/it]
[36m(RolloutGroup(rank=0) pid=3856087)[0m Generating Rollout Epochs:  50%|█████     | 2/4 [11:53<11:49, 354.80s/it]
[36m(RolloutGroup(rank=0) pid=3856087)[0m Generating Rollout Epochs:  75%|███████▌  | 3/4 [17:33<05:47, 347.93s/it]
[36m(RolloutGroup(rank=0) pid=3856087)[0m Generating Rollout Epochs: 100%|██████████| 4/4 [23:37<00:00, 354.39s/it]
[36m(RolloutGroup(rank=0) pid=3856087)[0m Generating Rollout Epochs: 100%|██████████| 4/4 [23:37<00:00, 354.42s/it]

╭──────────────────────────────────────────────────────────────────────────────────────────────────────────────────────╮
├──────────────────────────────────────────────────── Metric Table ────────────────────────────────────────────────────┤
│ Global Step:    1/2 │ Progress: ████████████████████░░░░░░░░░░░░░░░░░░░░ │  50.0%                                    │
│ Elapsed: 24:09 │ ETA: 24:09 │ Step Time: 1449.520s                                                                   │
├──────────────────────────────────────────────────────── Time ────────────────────────────────────────────────────────┤
│                                                                                                                      │
│actor/actor/compute_adv=0.035          │actor/actor/recv_traj=1420.5           │actor/actor/sync_model_to_rollout=6.5…│
│actor/run_training=20.558              │actor_training=20.563                  │cal_adv_and_returns=0.041             │
│env/compute_bootstrap_rewards=0.0013   │env/env/bootstrap_step=1073.3          │env/env/send_rollout_trajectories=0.7…│
│env/env_interact_step=337.3            │env/interact=1419.6                    │env/run_interact_once=1419.6          │
│generate_rollouts=1422.3               │rollout/generate_one_epoch=1417.7      │rollout/predict=10.649                │
│rollout/rollout/generate=1422.3        │rollout/sync_model_from_actor=5.610    │step=1449.5                           │
│sync_weights=6.564                     │                                       │                                      │
│                                                                                                                      │
├──────────────────────────────────────────────────── Environment ─────────────────────────────────────────────────────┤
│                                                                                                                      │
│episode_len=200.0                      │num_trajectories=256                   │return=0.76171875                     │
│reward=0.0038085938                    │success_once=0.76171875                │                                      │
│                                                                                                                      │
├────────────────────────────────────────────────────── Rollout ───────────────────────────────────────────────────────┤
│                                                                                                                      │
│advantages_max=1.149                   │advantages_mean=-6.90e-09              │advantages_min=-2.252                 │
│returns_max=1.000                      │returns_mean=0.690                     │returns_min=0.0000                    │
│rewards=0.0047                         │                                       │                                      │
│                                                                                                                      │
├─────────────────────────────────────────────────── Training/Actor ───────────────────────────────────────────────────┤
│                                                                                                                      │
│actor/approx_kl=0.047                  │actor/clip_fraction=0.0072             │actor/clipped_ratio=1.000             │
│actor/dual_cliped_ratio=0.0000         │actor/dvac_current_mean=-4.401         │actor/dvac_current_std=0.698          │
│actor/dvac_history_mean=0.0000         │actor/dvac_history_std=0.0000          │actor/dvac_warmup=1.000               │
│actor/dvac_weight_ess_fraction=1.000   │actor/dvac_weight_mean=1.000           │actor/dvac_weight_sq_mean=1.000       │
│actor/dvac_z_high_clip_fraction=0.0000 │actor/dvac_z_low_clip_fraction=0.0000  │actor/entropy_loss=0.0000             │
│actor/grad_norm=41.170                 │actor/lr=5.60e-06                      │actor/policy_loss=-5.951              │
│actor/policy_loss_abs=41.261           │actor/ratio=1.000                      │actor/ratio_abs=0.016                 │
│actor/total_loss=-0.364                │                                       │                                      │
│                                                                                                                      │
├────────────────────────────────────────────────── Training/Critic ───────────────────────────────────────────────────┤
│                                                                                                                      │
│critic/explained_variance=-0.234       │critic/lr=1.10e-04                     │critic/value_clip_ratio=0.093         │
│critic/value_loss=0.122                │                                       │                                      │
│                                                                                                                      │
╰──────────────────────────────────────────────────────────────────────────────────────────────────────────────────────╯

[36m(RolloutGroup(rank=0) pid=3856087)[0m Generating Rollout Epochs:   0%|          | 0/4 [00:00<?, ?it/s]
[36m(RolloutGroup(rank=0) pid=3856087)[0m Generating Rollout Epochs:  25%|██▌       | 1/4 [06:00<18:00, 360.10s/it]
[36m(RolloutGroup(rank=0) pid=3856087)[0m Generating Rollout Epochs:  50%|█████     | 2/4 [11:43<11:40, 350.35s/it]
[36m(RolloutGroup(rank=0) pid=3856087)[0m Generating Rollout Epochs:  75%|███████▌  | 3/4 [17:20<05:44, 344.06s/it]
[36m(RolloutGroup(rank=0) pid=3856087)[0m Generating Rollout Epochs: 100%|██████████| 4/4 [23:08<00:00, 345.93s/it]Generating Rollout Epochs: 100%|██████████| 4/4 [23:08<00:00, 347.25s/it]
[INFO 15:41:57 RLinf] Saving checkpoint at step 2.
[36m(ActorGroup(rank=0) pid=3856082)[0m /home/chenyiteng/venvs/rlinf-7d07-openpi-robotwin/lib/python3.11/site-packages/torch/distributed/c10d_logger.py:83: UserWarning: barrier(): using the device under current context. You can specify `device_id` in `init_process_group` to mute this warning.
[36m(ActorGroup(rank=0) pid=3856082)[0m   return func(*args, **kwargs)
[36m(ActorGroup(rank=0) pid=3856082)[0m /home/chenyiteng/venvs/rlinf-7d07-openpi-robotwin/lib/python3.11/site-packages/torch/distributed/c10d_logger.py:83: UserWarning: barrier(): using the device under current context. You can specify `device_id` in `init_process_group` to mute this warning.
[36m(ActorGroup(rank=0) pid=3856082)[0m   return func(*args, **kwargs)

╭──────────────────────────────────────────────────────────────────────────────────────────────────────────────────────╮
├──────────────────────────────────────────────────── Metric Table ────────────────────────────────────────────────────┤
│ Global Step:    2/2 │ Progress: ████████████████████████████████████████ │ 100.0%                                    │
│ Elapsed: 48:12 │ ETA: 00:00 │ Step Time: 1446.419s                                                                   │
├──────────────────────────────────────────────────────── Time ────────────────────────────────────────────────────────┤
│                                                                                                                      │
│actor/actor/compute_adv=0.0063         │actor/actor/recv_traj=1393.1           │actor/actor/sync_model_to_rollout=1.9…│
│actor/run_training=19.939              │actor_training=19.942                  │cal_adv_and_returns=0.012             │
│env/compute_bootstrap_rewards=0.0014   │env/env/bootstrap_step=1027.9          │env/env/send_rollout_trajectories=0.7…│
│env/env_interact_step=353.4            │env/interact=1392.4                    │env/run_interact_once=1392.4          │
│generate_rollouts=1395.0               │rollout/generate_one_epoch=1390.6      │rollout/predict=9.813                 │
│rollout/rollout/generate=1395.0        │rollout/sync_model_from_actor=2.415    │step=1443.3                           │
│sync_weights=2.419                     │                                       │                                      │
│                                                                                                                      │
├──────────────────────────────────────────────────── Environment ─────────────────────────────────────────────────────┤
│                                                                                                                      │
│episode_len=200.0                      │num_trajectories=256                   │return=0.796875                       │
│reward=0.0039843745                    │success_once=0.796875                  │                                      │
│                                                                                                                      │
├────────────────────────────────────────────────────── Rollout ───────────────────────────────────────────────────────┤
│                                                                                                                      │
│advantages_max=1.011                   │advantages_mean=-5.82e-09              │advantages_min=-2.464                 │
│returns_max=1.000                      │returns_mean=0.745                     │returns_min=0.0000                    │
│rewards=0.0050                         │                                       │                                      │
│                                                                                                                      │
├─────────────────────────────────────────────────── Training/Actor ───────────────────────────────────────────────────┤
│                                                                                                                      │
│actor/approx_kl=0.032                  │actor/clip_fraction=0.0036             │actor/clipped_ratio=1.000             │
│actor/dual_cliped_ratio=0.0000         │actor/dvac_current_mean=-4.407         │actor/dvac_current_std=0.675          │
│actor/dvac_history_mean=-4.401         │actor/dvac_history_std=0.698           │actor/dvac_warmup=0.0000              │
│actor/dvac_weight_ess_fraction=0.826   │actor/dvac_weight_mean=0.986           │actor/dvac_weight_sq_mean=1.177       │
│actor/dvac_z_high_clip_fraction=0.031  │actor/dvac_z_low_clip_fraction=0.0064  │actor/entropy_loss=0.0000             │
│actor/grad_norm=43.536                 │actor/lr=5.60e-06                      │actor/policy_loss=-2.909              │
│actor/policy_loss_abs=42.924           │actor/ratio=1.000                      │actor/ratio_abs=0.017                 │
│actor/total_loss=-0.177                │                                       │                                      │
│                                                                                                                      │
├────────────────────────────────────────────────── Training/Critic ───────────────────────────────────────────────────┤
│                                                                                                                      │
│critic/explained_variance=-0.071       │critic/lr=1.10e-04                     │critic/value_clip_ratio=0.0000        │
│critic/value_loss=0.075                │                                       │                                      │
│                                                                                                                      │
╰──────────────────────────────────────────────────────────────────────────────────────────────────────────────────────╯

