2026-08-23 16:27:53,910	INFO usage_lib.py:448 -- Usage stats collection is disabled.
2026-08-23 16:27:53,910	INFO scripts.py:1042 -- [37mLocal node IP[39m: [1m172.17.0.1[22m
2026-08-23 16:27:56,939	SUCC scripts.py:1081 -- [32m--------------------[39m
2026-08-23 16:27:56,939	SUCC scripts.py:1082 -- [32mRay runtime started.[39m
2026-08-23 16:27:56,939	SUCC scripts.py:1083 -- [32m--------------------[39m
2026-08-23 16:27:56,939	INFO scripts.py:1085 -- [36mNext steps[39m
2026-08-23 16:27:56,939	INFO cli_output_helpers.py:16 -- [2mNote: The following commands are intended for use on[22m
2026-08-23 16:27:56,939	INFO cli_output_helpers.py:17 -- [2mthe head node or within the cluster network.[22m
2026-08-23 16:27:56,939	INFO scripts.py:1089 -- To add another node to this Ray cluster, run
2026-08-23 16:27:56,939	INFO scripts.py:1092 -- [1m  ray start --address='172.17.0.1:6389'[22m
2026-08-23 16:27:56,939	INFO scripts.py:1103 -- To connect to this Ray cluster:
2026-08-23 16:27:56,940	INFO scripts.py:1105 -- [35mimport[39m[26m ray
2026-08-23 16:27:56,940	INFO scripts.py:1106 -- ray[35m.[39m[26minit(_node_ip_address[35m=[39m[26m[33m'172.17.0.1'[39m[26m)
2026-08-23 16:27:56,940	INFO scripts.py:1120 -- To submit a Ray job using the Ray Jobs CLI:
2026-08-23 16:27:56,940	INFO scripts.py:1121 -- [1m  RAY_API_SERVER_ADDRESS='http://127.0.0.1:8266' ray job submit --working-dir . -- python my_script.py[22m
2026-08-23 16:27:56,940	INFO scripts.py:1130 -- See https://docs.ray.io/en/latest/cluster/running-applications/job-submission/index.html 
2026-08-23 16:27:56,940	INFO scripts.py:1134 -- for more information on submitting Ray jobs to the Ray cluster.
2026-08-23 16:27:56,940	INFO scripts.py:1139 -- To terminate the Ray runtime, run
2026-08-23 16:27:56,940	INFO scripts.py:1140 -- [1m  ray stop[22m
2026-08-23 16:27:56,940	INFO scripts.py:1143 -- To view the status of the cluster, use
2026-08-23 16:27:56,940	INFO scripts.py:1144 --   [1mray status[22m[26m
2026-08-23 16:27:56,940	INFO scripts.py:1148 -- To monitor and debug Ray, view the dashboard at 
2026-08-23 16:27:56,940	INFO scripts.py:1149 --   [1m127.0.0.1:8266[22m[26m
2026-08-23 16:27:56,940	INFO scripts.py:1156 -- [4mIf connection to the dashboard fails, check your firewall settings and network configuration.[24m
2026-08-23 16:27:56,940	INFO scripts.py:1262 -- [36m[1m--block[22m[39m
2026-08-23 16:27:56,940	INFO scripts.py:1263 -- This command will now block forever until terminated by a signal.
2026-08-23 16:27:56,940	INFO scripts.py:1266 -- Running subprocesses are monitored and a message will be printed if any of them terminate unexpectedly. Subprocesses exit with SIGTERM will be treated as graceful, thus NOT reported.
2026-08-23 16:27:56,940	INFO scripts.py:1271 -- Process exit logs will be saved to: [1m/data/chenyiteng/ray/rlt-dsrl-v3/session_2026-08-23_16-27-53_911161_321906/logs/ray_process_exit.log[22m[26m
