
╭──────────────────────────────────────────────────────────────────────────────────────────────────────────────────────╮
├──────────────────────────────────────────────────── Metric Table ────────────────────────────────────────────────────┤
│ Global Step:    1/1 │ Progress: ████████████████████████████████████████ │ 100.0%                                    │
│ Elapsed: 28:40 │ ETA: 00:00 │ Step Time: 1720.029s                                                                   │
├──────────────────────────────────────────────────────── Time ────────────────────────────────────────────────────────┤
│                                                                                                                      │
│actor/actor/compute_adv=0.039          │actor/actor/recv_traj=1663.9           │actor/actor/sync_model_to_rollout=6.2…│
│actor/run_training=23.966              │actor_training=23.972                  │cal_adv_and_returns=0.046             │
│env/compute_bootstrap_rewards=0.0021   │env/env/bootstrap_step=1256.6          │env/env/send_rollout_trajectories=1.7…│
│env/env_interact_step=372.5            │env/interact=1662.8                    │env/run_interact_once=1662.8          │
│generate_rollouts=1665.4               │rollout/generate_one_epoch=1659.0      │rollout/predict=10.914                │
│rollout/rollout/generate=1665.3        │rollout/sync_model_from_actor=5.357    │step=1720.0                           │
│sync_weights=6.205                     │                                       │                                      │
│                                                                                                                      │
├──────────────────────────────────────────────────── Environment ─────────────────────────────────────────────────────┤
│                                                                                                                      │
│episode_len=200.0                      │num_trajectories=256                   │return=0.82421875                     │
│reward=0.0041210935                    │success_once=0.82421875                │                                      │
│                                                                                                                      │
├────────────────────────────────────────────────────── Rollout ───────────────────────────────────────────────────────┤
│                                                                                                                      │
│advantages_max=0.796                   │advantages_mean=-0.044                 │advantages_min=-1.114                 │
│prism_dvac/all_failure_group_fraction=…│prism_dvac/all_success_group_fraction=…│prism_dvac/mixed_group_fraction=0.688 │
│prism_dvac/rescued_same_outcome_group_…│prism_dvac/same_outcome_group_fraction…│prism_dvac/tied_group_fraction=0.0000 │
│prism_dvac/trajectory_cost_mean=-4.333 │rewards=0.0052                         │                                      │
│                                                                                                                      │
├─────────────────────────────────────────────────── Training/Actor ───────────────────────────────────────────────────┤
│                                                                                                                      │
│actor/approx_kl=0.076                  │actor/clip_fraction=0.168              │actor/clipped_ratio=0.987             │
│actor/dual_cliped_ratio=0.0000         │actor/entropy_loss=0.0000              │actor/grad_norm=21.871                │
│actor/lr=5.60e-06                      │actor/policy_loss=-6.93e-04            │actor/policy_loss_abs=0.294           │
│actor/ratio=1.013                      │actor/ratio_abs=0.196                  │actor/total_loss=-4.33e-05            │
│                                                                                                                      │
╰──────────────────────────────────────────────────────────────────────────────────────────────────────────────────────╯

