/data/chenyiteng/projects/rlinf-shenzhen/worktrees/ppo-dvac-action-adv-fix/examples/embodiment/train_embodied_agent.py:35: Hydra14MigrationWarning: 
version_base="1.1" selects Hydra 1.1 compatibility behavior.
Hydra 1.4 will remove this compatibility behavior.
Before upgrading to Hydra 1.4, set version_base="1.3" and test your application.
See https://hydra.cc/docs/upgrades/1.3_to_1.4/prepare_for_1_4/ for preparation instructions.
  @hydra.main(
/home/chenyiteng/venvs/rlinf-7d07-openpi-robotwin/lib/python3.11/site-packages/hydra/_internal/defaults_list.py:251: UserWarning: In 'robotwin_adjust_bottle_ppo_openpi_dvac_action_adv': Defaults list is missing `_self_`. See https://hydra.cc/docs/1.2/upgrades/1.0_to_1.1/default_composition_order for more information
  warnings.warn(msg, UserWarning)
/home/chenyiteng/venvs/rlinf-7d07-openpi-robotwin/lib/python3.11/site-packages/hydra/_internal/hydra.py:119: UserWarning: Future Hydra versions will no longer change working directory at job runtime by default.
See https://hydra.cc/docs/1.2/upgrades/1.1_to_1.2/changes_to_job_working_dir/ for more information.
  ret = run_job(
[INFO 03:53:57 RLinf] RLinf Ray code sync is enabled (py_modules=('/data/chenyiteng/projects/rlinf-shenzhen/worktrees/ppo-dvac-action-adv-fix/rlinf',)); workers receive only the rlinf package from the launch node. Disable with RLINF_CODE_WORKING_DIR=0.
2026-08-31 03:53:57,639	INFO worker.py:1683 -- Using address 172.17.0.1:6389 set in the environment variable RAY_ADDRESS
2026-08-31 03:53:57,646	INFO worker.py:1833 -- Connecting to existing Ray cluster at address: 172.17.0.1:6389...
2026-08-31 03:53:57,721	INFO worker.py:2015 -- Connected to Ray cluster. View the dashboard at [1m[32mhttp://127.0.0.1:8266 [39m[22m
2026-08-31 03:53:57,803	INFO packaging.py:734 -- Creating a file package for local module '/data/chenyiteng/projects/rlinf-shenzhen/worktrees/ppo-dvac-action-adv-fix/rlinf'.
2026-08-31 03:53:57,878	INFO packaging.py:434 -- Pushing file package 'gcs://_ray_pkg_9d94a2ac4b3af57f.zip' (8.80MiB) to Ray cluster...
2026-08-31 03:53:57,911	INFO packaging.py:447 -- Successfully pushed file package 'gcs://_ray_pkg_9d94a2ac4b3af57f.zip'.
[INFO 03:54:00 RLinf] RLinf is running on a cluster with 1 node and 8 accelerators. The nodes' details are: 
node_labels: []
node_rank: 0
ray_id: 2730f38e60da6b4c0f68d8779893624a0917240589c544541c894c54
node_ip: 172.17.0.1
num_cpus: 128
python_interpreter_path: /home/chenyiteng/venvs/rlinf-7d07-openpi-robotwin/bin/python
hardware_resources:
- type: Accelerator
  infos:
  - type: Accelerator
    model: NV_GPU:H100 80GB HBM3
  - type: Accelerator
    model: NV_GPU:H100 80GB HBM3
  - type: Accelerator
    model: NV_GPU:H100 80GB HBM3
  - type: Accelerator
    model: NV_GPU:H100 80GB HBM3
  - type: Accelerator
    model: NV_GPU:H100 80GB HBM3
  - type: Accelerator
    model: NV_GPU:H100 80GB HBM3
  - type: Accelerator
    model: NV_GPU:H100 80GB HBM3
  - type: Accelerator
    model: NV_GPU:H100 80GB HBM3
profiler_backends: []

Node groups' details are: 
label: cluster
nodes: '0'
hardware_type: Accelerator
ignore_hardware: false
env_configs: null

label: node
nodes: '0'
hardware_type: null
ignore_hardware: true
env_configs: null

[36m(_RemoteNodeProbe pid=2513303)[0m /data/chenyiteng/projects/rlinf-shenzhen/worktrees/ppo-dvac-action-adv-fix/rlinf/scheduler/cluster/node.py:532: UserWarning: Python interpreter used to launch Ray on node with IP 172.17.0.1 is different from that on the head node /home/chenyiteng/venvs/rlinf-7d07-openpi-robotwin/bin/python. Keep using the current interpreter /home/chenyiteng/venvs/rlinf-7d07-openpi-robotwin/bin/python3 on this node.
[36m(_RemoteNodeProbe pid=2513303)[0m   warnings.warn(
[INFO 03:54:00 FlexiblePlacementStrategy] 
[INFO 03:54:00 FlexiblePlacementStrategy] Using flexible placement with hardware ranks: [[4], [5]], node groups: ['cluster'].
[INFO 03:54:00 FlexiblePlacementStrategy] 
[INFO 03:54:00 FlexiblePlacementStrategy] Using flexible placement with hardware ranks: [[4], [5]], node groups: ['cluster'].
{
  "env": {
    "train": {
      "env_type": "robotwin",
      "total_num_envs": 64,
      "auto_reset": false,
      "ignore_terminations": false,
      "reward_coef": 1.0,
      "use_custom_reward": true,
      "use_rel_reward": true,
      "center_crop": false,
      "seed": 0,
      "group_size": 1,
      "use_fixed_reset_state_ids": false,
      "max_steps_per_rollout_epoch": 200,
      "max_episode_steps": 200,
      "is_eval": false,
      "assets_path": "/data/chenyiteng/projects/rlinf-shenzhen/RoboTwin-RLinf-support",
      "seeds_path": "/data/chenyiteng/projects/rlinf-shenzhen/worktrees/ppo-dvac-action-adv-fix/rlinf/envs/robotwin/seeds/train_seeds.json",
      "video_cfg": {
        "save_video": true,
        "info_on_video": true,
        "video_base_dir": "/data/chenyiteng/results/rlinf-shenzhen/ppo/runs/ppo-control-formal100-2gpu64x4-b1024-fixed32-eval5-phys45-localshard-v1/video/train"
      },
      "enable_offload": false,
      "task_config": {
        "task_name": "adjust_bottle",
        "step_lim": 200,
        "planner_backend": "mplib",
        "render_freq": 0,
        "episode_num": 100,
        "use_seed": false,
        "save_freq": 15,
        "embodiment": [
          "aloha-agilex"
        ],
        "language_num": 100,
        "domain_randomization": {
          "random_background": false,
          "cluttered_table": false,
          "clean_background_rate": 1,
          "random_head_camera_dis": 0,
          "random_table_height": 0,
          "random_light": false,
          "crazy_random_light_rate": 0
        },
        "camera": {
          "head_camera_type": "D435",
          "wrist_camera_type": "D435",
          "collect_head_camera": true,
          "collect_wrist_camera": true
        },
        "data_type": {
          "rgb": true,
          "third_view": false,
          "depth": false,
          "pointcloud": false,
          "observer": false,
          "endpose": false,
          "qpos": true,
          "mesh_segmentation": false,
          "actor_segmentation": false
        },
        "pcd_down_sample_num": 1024,
        "pcd_crop": true,
        "save_path": "/data/chenyiteng/results/rlinf-shenzhen/ppo/runs/ppo-control-formal100-2gpu64x4-b1024-fixed32-eval5-phys45-localshard-v1/robotwin_data/train",
        "clear_cache_freq": 1,
        "collect_data": true,
        "eval_video_log": true
      },
      "rollout_epoch": 4
    },
    "eval": {
      "env_type": "robotwin",
      "total_num_envs": 32,
      "auto_reset": true,
      "ignore_terminations": true,
      "reward_coef": 1.0,
      "use_custom_reward": true,
      "use_rel_reward": true,
      "center_crop": false,
      "seed": 0,
      "group_size": 1,
      "use_fixed_reset_state_ids": true,
      "max_steps_per_rollout_epoch": 200,
      "max_episode_steps": 200,
      "is_eval": true,
      "assets_path": "/data/chenyiteng/projects/rlinf-shenzhen/RoboTwin-RLinf-support",
      "seeds_path": "/data/chenyiteng/projects/rlinf-shenzhen/worktrees/ppo-dvac-action-adv-fix/rlinf/envs/robotwin/seeds/eval_seeds.json",
      "video_cfg": {
        "save_video": true,
        "info_on_video": true,
        "video_base_dir": "/data/chenyiteng/results/rlinf-shenzhen/ppo/runs/ppo-control-formal100-2gpu64x4-b1024-fixed32-eval5-phys45-localshard-v1/video/eval"
      },
      "enable_offload": false,
      "task_config": {
        "task_name": "adjust_bottle",
        "step_lim": 200,
        "planner_backend": "mplib",
        "render_freq": 0,
        "episode_num": 100,
        "use_seed": false,
        "save_freq": 15,
        "embodiment": [
          "aloha-agilex"
        ],
        "language_num": 100,
        "domain_randomization": {
          "random_background": false,
          "cluttered_table": false,
          "clean_background_rate": 1,
          "random_head_camera_dis": 0,
          "random_table_height": 0,
          "random_light": false,
          "crazy_random_light_rate": 0
        },
        "camera": {
          "head_camera_type": "D435",
          "wrist_camera_type": "D435",
          "collect_head_camera": true,
          "collect_wrist_camera": true
        },
        "data_type": {
          "rgb": true,
          "third_view": false,
          "depth": false,
          "pointcloud": false,
          "observer": false,
          "endpose": false,
          "qpos": true,
          "mesh_segmentation": false,
          "actor_segmentation": false
        },
        "pcd_down_sample_num": 1024,
        "pcd_crop": true,
        "save_path": "/data/chenyiteng/results/rlinf-shenzhen/ppo/runs/ppo-control-formal100-2gpu64x4-b1024-fixed32-eval5-phys45-localshard-v1/robotwin_data/eval",
        "clear_cache_freq": 1,
        "collect_data": true,
        "eval_video_log": true
      },
      "rollout_epoch": 1
    },
    "group_name": "EnvGroup",
    "enable_offload": true
  },
  "actor": {
    "model": {
      "model_type": "openpi",
      "model_path": "/data/chenyiteng/models/rlinf/RLinf-Pi0-RoboTwin-SFT-adjust_bottle@92684e50",
      "precision": null,
      "num_action_chunks": 50,
      "action_dim": 14,
      "is_lora": false,
      "lora_rank": 32,
      "use_proprio": true,
      "num_steps": 4,
      "add_value_head": true,
      "openpi": {
        "config_name": "pi0_aloha_robotwin",
        "num_images_in_input": 3,
        "noise_level": 0.5,
        "action_chunk": 50,
        "num_steps": 4,
        "train_expert_only": true,
        "action_env_dim": 14,
        "noise_method": "flow_sde",
        "add_value_head": true,
        "detach_critic_input": true,
        "use_dsrl": false,
        "dsrl_state_dim": 8,
        "dsrl_action_noise_dim": 32,
        "dsrl_num_q_heads": 10,
        "dsrl_agg_q": "mean",
        "dsrl_image_latent_dim": 64,
        "dsrl_state_latent_dim": 64,
        "dsrl_hidden_dims": [
          128,
          128,
          128
        ]
      }
    },
    "fsdp_config": {
      "strategy": "fsdp",
      "sharding_strategy": "full_shard",
      "gradient_checkpointing": false,
      "cpu_offload": false,
      "offload_pin_memory": false,
      "reshard_after_forward": true,
      "enable_gradient_accumulation": true,
      "forward_prefetch": false,
      "limit_all_gathers": false,
      "backward_prefetch": null,
      "use_orig_params": false,
      "use_liger_kernel": false,
      "mixed_precision": {
        "param_dtype": null,
        "reduce_dtype": null,
        "buffer_dtype": null
      },
      "amp_autocast": {
        "enabled": false,
        "precision": "bf16"
      },
      "grad_scaler": {
        "enabled": false,
        "init_scale": null,
        "growth_interval": null
      },
      "checkpoint_format": "local_shard"
    },
    "group_name": "ActorGroup",
    "training_backend": "fsdp",
    "micro_batch_size": 32,
    "global_batch_size": 1024,
    "seed": 1234,
    "enable_offload": true,
    "optim": {
      "lr": 5.6e-06,
      "value_lr": 0.00011,
      "adam_beta1": 0.9,
      "adam_beta2": 0.95,
      "adam_eps": 1e-08,
      "weight_decay": 0.01,
      "clip_grad": 1.0,
      "critic_warmup_steps": 0
    }
  },
  "weight_syncer": {
    "type": "patch",
    "patch": {
      "snapshot_device": "cpu",
      "delta_encoding": true,
      "compression": "none",
      "init_sync": {
        "enabled": true,
        "prefixes": null,
        "bucket_size": 134217728
      }
    }
  },
  "cluster": {
    "num_nodes": 1,
    "component_placement": {
      "actor, env, rollout": "4,5"
    },
    "tracer": {
      "enable": false
    }
  },
  "runner": {
    "task_type": "embodied",
    "logger": {
      "log_path": "/data/chenyiteng/results/rlinf-shenzhen/ppo/runs/ppo-control-formal100-2gpu64x4-b1024-fixed32-eval5-phys45-localshard-v1",
      "project_name": "rlinf",
      "experiment_name": "robotwin_ppo_control_formal100_2gpu64x4_b1024_fixed32_eval5_phys45_localshard_v1",
      "logger_backends": [
        "tensorboard"
      ]
    },
    "max_epochs": 1000,
    "max_steps": 100,
    "only_eval": false,
    "val_check_interval": 5,
    "save_interval": 10,
    "resume_dir": null,
    "ckpt_path": null,
    "per_worker_log": false,
    "per_worker_log_path": null,
    "weight_sync_interval": 1,
    "overlap_env_bootstrap": false
  },
  "algorithm": {
    "normalize_advantages": true,
    "kl_penalty": "kl",
    "group_size": 1,
    "reward_coef": 1.0,
    "reward_type": "chunk_level",
    "logprob_type": "chunk_level",
    "entropy_type": "token_level",
    "update_epoch": 2,
    "adv_type": "gae",
    "loss_type": "actor_critic",
    "loss_agg_func": "token-mean",
    "kl_beta": 0.0,
    "entropy_bonus": 0,
    "clip_ratio_high": 0.2,
    "clip_ratio_low": 0.2,
    "clip_ratio_c": 3.0,
    "value_clip": 0.2,
    "huber_delta": 10.0,
    "gamma": 0.99,
    "gae_lambda": 0.95,
    "filter_rewards": false,
    "rewards_lower_bound": 0.1,
    "rewards_upper_bound": 0.9,
    "dvac_gradient_weighting": {
      "mode": "off",
      "application": "logprob_st",
      "selected_l": 3,
      "warmup_steps": 1,
      "window_steps": 5,
      "log_eps": 1e-12,
      "std_floor": 1e-06,
      "z_clip": 2.0,
      "strength": 0.5,
      "weight_min": null,
      "weight_max": null,
      "save_step_tensors": true,
      "output_dir": "/data/chenyiteng/results/rlinf-shenzhen/ppo/runs/ppo-control-formal100-2gpu64x4-b1024-fixed32-eval5-phys45-localshard-v1/robotwin_ppo_control_formal100_2gpu64x4_b1024_fixed32_eval5_phys45_localshard_v1/dvac_train"
    }
  },
  "rollout": {
    "group_name": "RolloutGroup",
    "backend": "huggingface",
    "recompute_logprobs": false,
    "enable_offload": true,
    "pipeline_stage_num": 1,
    "model": {
      "model_path": "/data/chenyiteng/models/rlinf/RLinf-Pi0-RoboTwin-SFT-adjust_bottle@92684e50",
      "precision": null
    }
  },
  "reward": {
    "use_reward_model": false
  },
  "critic": {
    "use_critic_model": false
  }
}
[INFO 03:54:00 FlexiblePlacementStrategy] 
[INFO 03:54:00 FlexiblePlacementStrategy] Using flexible placement with hardware ranks: [[4], [5]], node groups: ['cluster'].
[INFO 03:54:00 FlexiblePlacementStrategy] Generated 2 placements: [Placement(rank=0, cluster_node_rank=0, placement_node_rank=0, local_accelerator_rank=4, accelerator_type='NV_GPU', local_rank=0, local_world_size=2, visible_accelerators=['4'], isolate_accelerator=True, local_hardware_ranks=[4], node_group_label='cluster'), Placement(rank=1, cluster_node_rank=0, placement_node_rank=0, local_accelerator_rank=5, accelerator_type='NV_GPU', local_rank=1, local_world_size=2, visible_accelerators=['5'], isolate_accelerator=True, local_hardware_ranks=[5], node_group_label='cluster')].
[INFO 03:54:00 FlexiblePlacementStrategy] Generated 2 placements: [Placement(rank=0, cluster_node_rank=0, placement_node_rank=0, local_accelerator_rank=4, accelerator_type='NV_GPU', local_rank=0, local_world_size=2, visible_accelerators=['4'], isolate_accelerator=True, local_hardware_ranks=[4], node_group_label='cluster'), Placement(rank=1, cluster_node_rank=0, placement_node_rank=0, local_accelerator_rank=5, accelerator_type='NV_GPU', local_rank=1, local_world_size=2, visible_accelerators=['5'], isolate_accelerator=True, local_hardware_ranks=[5], node_group_label='cluster')].
[INFO 03:54:00 FlexiblePlacementStrategy] Generated 2 placements: [Placement(rank=0, cluster_node_rank=0, placement_node_rank=0, local_accelerator_rank=4, accelerator_type='NV_GPU', local_rank=0, local_world_size=2, visible_accelerators=['4'], isolate_accelerator=True, local_hardware_ranks=[4], node_group_label='cluster'), Placement(rank=1, cluster_node_rank=0, placement_node_rank=0, local_accelerator_rank=5, accelerator_type='NV_GPU', local_rank=1, local_world_size=2, visible_accelerators=['5'], isolate_accelerator=True, local_hardware_ranks=[5], node_group_label='cluster')].
[INFO 03:54:01 NodePlacementStrategy] 
[INFO 03:54:01 NodePlacementStrategy] Using node placement with node ranks: [0], node groups: ['node'].
[INFO 03:54:01 NodePlacementStrategy] Generated 1 placements: [Placement(rank=0, cluster_node_rank=0, placement_node_rank=0, local_accelerator_rank='0', accelerator_type='NV_GPU', local_rank=0, local_world_size=1, visible_accelerators=['0', '1', '2', '3', '4', '5', '6', '7'], isolate_accelerator=True, local_hardware_ranks=[], node_group_label='cluster')].
[INFO 03:54:01 NodePlacementStrategy] 
[INFO 03:54:01 NodePlacementStrategy] Using node placement with node ranks: [0], node groups: ['node'].
[INFO 03:54:01 NodePlacementStrategy] Generated 1 placements: [Placement(rank=0, cluster_node_rank=0, placement_node_rank=0, local_accelerator_rank='0', accelerator_type='NV_GPU', local_rank=0, local_world_size=1, visible_accelerators=['0', '1', '2', '3', '4', '5', '6', '7'], isolate_accelerator=True, local_hardware_ranks=[], node_group_label='cluster')].
[INFO 03:54:01 NodePlacementStrategy] 
[INFO 03:54:01 NodePlacementStrategy] Using node placement with node ranks: [0], node groups: ['node'].
[INFO 03:54:01 NodePlacementStrategy] Generated 1 placements: [Placement(rank=0, cluster_node_rank=0, placement_node_rank=0, local_accelerator_rank='0', accelerator_type='NV_GPU', local_rank=0, local_world_size=1, visible_accelerators=['0', '1', '2', '3', '4', '5', '6', '7'], isolate_accelerator=True, local_hardware_ranks=[], node_group_label='cluster')].
WARNING: All log messages before absl::InitializeLog() is called are written to STDERR
I0000 00:00:1788148441.666824 2512251 port.cc:153] oneDNN custom operations are on. You may see slightly different numerical results due to floating-point round-off errors from different computation orders. To turn them off, set the environment variable `TF_ENABLE_ONEDNN_OPTS=0`.
I0000 00:00:1788148441.783574 2512251 cpu_feature_guard.cc:227] This TensorFlow binary is optimized to use available CPU instructions in performance-critical operations.
To enable the following instructions: AVX2 AVX512F AVX512_VNNI AVX512_BF16 AVX512_FP16 AVX_VNNI AMX_TILE AMX_INT8 AMX_BF16 FMA, in other operations, rebuild TensorFlow with the appropriate compiler flags.
WARNING: All log messages before absl::InitializeLog() is called are written to STDERR
I0000 00:00:1788148443.500418 2512251 port.cc:153] oneDNN custom operations are on. You may see slightly different numerical results due to floating-point round-off errors from different computation orders. To turn them off, set the environment variable `TF_ENABLE_ONEDNN_OPTS=0`.
[36m(MultiStepRolloutWorker pid=2513440)[0m [INFO 03:54:09 FlexiblePlacementStrategy] 
[36m(MultiStepRolloutWorker pid=2513440)[0m [INFO 03:54:09 FlexiblePlacementStrategy] Using flexible placement with hardware ranks: [[4], [5]], node groups: ['cluster'].
[36m(EnvWorker pid=2513444)[0m [INFO 03:54:09 FlexiblePlacementStrategy] 
[36m(EnvWorker pid=2513444)[0m [INFO 03:54:09 FlexiblePlacementStrategy] Using flexible placement with hardware ranks: [[4], [5]], node groups: ['cluster'].
[36m(EnvWorker pid=2513447)[0m [INFO 03:54:09 FlexiblePlacementStrategy] 
[36m(EnvWorker pid=2513447)[0m [INFO 03:54:09 FlexiblePlacementStrategy] Using flexible placement with hardware ranks: [[4], [5]], node groups: ['cluster'].
[36m(MultiStepRolloutWorker pid=2513442)[0m [INFO 03:54:09 FlexiblePlacementStrategy] 
[36m(MultiStepRolloutWorker pid=2513442)[0m [INFO 03:54:09 FlexiblePlacementStrategy] Using flexible placement with hardware ranks: [[4], [5]], node groups: ['cluster'].
[36m(EmbodiedFSDPActor pid=2513437)[0m [WARNING 03:54:10 ActorGroup-Rank-0][fsdp_model_manager.py:79] Provided there is sufficient GPU memory, set the actor.model.precision parameter to fp32 to allow the optimizer to run in fp32 for better convergence. Meanwhile, setting mixed_precision.param_dtype to 16-bit dtype can help maximize speed, as it will automatically convert fp32 to fp16 during operator execution.
[36m(EmbodiedFSDPActor pid=2513439)[0m [WARNING 03:54:10 ActorGroup-Rank-1][fsdp_model_manager.py:79] Provided there is sufficient GPU memory, set the actor.model.precision parameter to fp32 to allow the optimizer to run in fp32 for better convergence. Meanwhile, setting mixed_precision.param_dtype to 16-bit dtype can help maximize speed, as it will automatically convert fp32 to fp16 during operator execution.
[36m(RolloutGroup(rank=0) pid=2513440)[0m WARNING: All log messages before absl::InitializeLog() is called are written to STDERR
[36m(RolloutGroup(rank=0) pid=2513440)[0m I0000 00:00:1788148450.864423 2514880 port.cc:153] oneDNN custom operations are on. You may see slightly different numerical results due to floating-point round-off errors from different computation orders. To turn them off, set the environment variable `TF_ENABLE_ONEDNN_OPTS=0`.
[36m(RolloutGroup(rank=1) pid=2513442)[0m WARNING: All log messages before absl::InitializeLog() is called are written to STDERR
[36m(RolloutGroup(rank=1) pid=2513442)[0m I0000 00:00:1788148450.955321 2514900 port.cc:153] oneDNN custom operations are on. You may see slightly different numerical results due to floating-point round-off errors from different computation orders. To turn them off, set the environment variable `TF_ENABLE_ONEDNN_OPTS=0`.
[36m(RolloutGroup(rank=0) pid=2513440)[0m WARNING: All log messages before absl::InitializeLog() is called are written to STDERR
[36m(RolloutGroup(rank=0) pid=2513440)[0m I0000 00:00:1788148451.942102 2514880 port.cc:153] oneDNN custom operations are on. You may see slightly different numerical results due to floating-point round-off errors from different computation orders. To turn them off, set the environment variable `TF_ENABLE_ONEDNN_OPTS=0`.
[36m(RolloutGroup(rank=1) pid=2513442)[0m WARNING: All log messages before absl::InitializeLog() is called are written to STDERR
[36m(RolloutGroup(rank=1) pid=2513442)[0m I0000 00:00:1788148452.307429 2514900 port.cc:153] oneDNN custom operations are on. You may see slightly different numerical results due to floating-point round-off errors from different computation orders. To turn them off, set the environment variable `TF_ENABLE_ONEDNN_OPTS=0`.
[36m(EnvGroup(rank=0) pid=2513444)[0m [W831 03:54:19.665130476 socket.cpp:207] [c10d] The hostname of the client socket cannot be retrieved. err=-3
[36m(EmbodiedFSDPActor pid=2513437)[0m [W831 03:54:20.198124703 socket.cpp:207] [c10d] The hostname of the client socket cannot be retrieved. err=-3
[36m(EmbodiedFSDPActor pid=2513437)[0m [INFO 03:54:21 ActorGroup-Rank-0][fsdp_model_manager.py:133] [FSDP] AMP is disabled.
[36m(EmbodiedFSDPActor pid=2513437)[0m [INFO 03:54:21 FlexiblePlacementStrategy] 
[36m(EmbodiedFSDPActor pid=2513437)[0m [INFO 03:54:21 FlexiblePlacementStrategy] Using flexible placement with hardware ranks: [[4], [5]], node groups: ['cluster'].
[36m(EmbodiedFSDPActor pid=2513439)[0m [INFO 03:54:21 ActorGroup-Rank-1][fsdp_model_manager.py:133] [FSDP] AMP is disabled.
[36m(EmbodiedFSDPActor pid=2513439)[0m [INFO 03:54:21 FlexiblePlacementStrategy] 
[36m(EmbodiedFSDPActor pid=2513439)[0m [INFO 03:54:21 FlexiblePlacementStrategy] Using flexible placement with hardware ranks: [[4], [5]], node groups: ['cluster'].
[36m(RolloutGroup(rank=0) pid=2513440)[0m INFO:root:Loaded norm stats from /data/chenyiteng/models/rlinf/RLinf-Pi0-RoboTwin-SFT-adjust_bottle@92684e50/physical-intelligence/robotwin
[36m(RolloutGroup(rank=0) pid=2513440)[0m INFO:root:Loaded norm stats from /data/chenyiteng/models/rlinf/RLinf-Pi0-RoboTwin-SFT-adjust_bottle@92684e50/physical-intelligence/robotwin
[36m(RolloutGroup(rank=1) pid=2513442)[0m INFO:root:Loaded norm stats from /data/chenyiteng/models/rlinf/RLinf-Pi0-RoboTwin-SFT-adjust_bottle@92684e50/physical-intelligence/robotwin
[36m(RolloutGroup(rank=1) pid=2513442)[0m INFO:root:Loaded norm stats from /data/chenyiteng/models/rlinf/RLinf-Pi0-RoboTwin-SFT-adjust_bottle@92684e50/physical-intelligence/robotwin
[36m(ActorGroup(rank=1) pid=2513439)[0m WARNING: All log messages before absl::InitializeLog() is called are written to STDERR
[36m(ActorGroup(rank=1) pid=2513439)[0m I0000 00:00:1788148504.050536 2514909 port.cc:153] oneDNN custom operations are on. You may see slightly different numerical results due to floating-point round-off errors from different computation orders. To turn them off, set the environment variable `TF_ENABLE_ONEDNN_OPTS=0`.
[36m(ActorGroup(rank=0) pid=2513437)[0m WARNING: All log messages before absl::InitializeLog() is called are written to STDERR
[36m(ActorGroup(rank=0) pid=2513437)[0m I0000 00:00:1788148504.160002 2514978 port.cc:153] oneDNN custom operations are on. You may see slightly different numerical results due to floating-point round-off errors from different computation orders. To turn them off, set the environment variable `TF_ENABLE_ONEDNN_OPTS=0`.
[36m(ActorGroup(rank=0) pid=2513437)[0m WARNING: All log messages before absl::InitializeLog() is called are written to STDERR
[36m(ActorGroup(rank=0) pid=2513437)[0m I0000 00:00:1788148505.441416 2514978 port.cc:153] oneDNN custom operations are on. You may see slightly different numerical results due to floating-point round-off errors from different computation orders. To turn them off, set the environment variable `TF_ENABLE_ONEDNN_OPTS=0`.
[36m(ActorGroup(rank=1) pid=2513439)[0m WARNING: All log messages before absl::InitializeLog() is called are written to STDERR
[36m(ActorGroup(rank=1) pid=2513439)[0m I0000 00:00:1788148505.973966 2514909 port.cc:153] oneDNN custom operations are on. You may see slightly different numerical results due to floating-point round-off errors from different computation orders. To turn them off, set the environment variable `TF_ENABLE_ONEDNN_OPTS=0`.
[36m(ActorGroup(rank=0) pid=2513437)[0m INFO:root:Loaded norm stats from /data/chenyiteng/models/rlinf/RLinf-Pi0-RoboTwin-SFT-adjust_bottle@92684e50/physical-intelligence/robotwin
[36m(ActorGroup(rank=0) pid=2513437)[0m INFO:root:Loaded norm stats from /data/chenyiteng/models/rlinf/RLinf-Pi0-RoboTwin-SFT-adjust_bottle@92684e50/physical-intelligence/robotwin
[36m(ActorGroup(rank=0) pid=2513437)[0m [INFO 03:55:46 ActorGroup-Rank-0][fsdp_model_manager.py:294] [FSDP] Gradient checkpointing is disabled
[36m(ActorGroup(rank=1) pid=2513439)[0m INFO:root:Loaded norm stats from /data/chenyiteng/models/rlinf/RLinf-Pi0-RoboTwin-SFT-adjust_bottle@92684e50/physical-intelligence/robotwin
[36m(ActorGroup(rank=1) pid=2513439)[0m INFO:root:Loaded norm stats from /data/chenyiteng/models/rlinf/RLinf-Pi0-RoboTwin-SFT-adjust_bottle@92684e50/physical-intelligence/robotwin
[36m(ActorGroup(rank=1) pid=2513439)[0m [INFO 03:55:50 ActorGroup-Rank-1][fsdp_model_manager.py:294] [FSDP] Gradient checkpointing is disabled
[36m(RolloutGroup(rank=0) pid=2513440)[0m Generating Rollout Epochs:   0%|          | 0/4 [00:00<?, ?it/s]
[36m(RolloutGroup(rank=0) pid=2513440)[0m Generating Rollout Epochs:  25%|██▌       | 1/4 [05:54<17:44, 354.89s/it]
[36m(RolloutGroup(rank=0) pid=2513440)[0m Generating Rollout Epochs:  50%|█████     | 2/4 [11:58<12:00, 360.03s/it]
[36m(RolloutGroup(rank=0) pid=2513440)[0m Generating Rollout Epochs:  75%|███████▌  | 3/4 [17:48<05:55, 355.63s/it]
[36m(RolloutGroup(rank=0) pid=2513440)[0m Generating Rollout Epochs: 100%|██████████| 4/4 [23:44<00:00, 355.64s/it]Generating Rollout Epochs: 100%|██████████| 4/4 [23:44<00:00, 356.14s/it]

╭──────────────────────────────────────────────────────────────────────────────────────────────────────────────────────╮
├──────────────────────────────────────────────────── Metric Table ────────────────────────────────────────────────────┤
│ Global Step:    1/100 │ Progress: ░░░░░░░░░░░░░░░░░░░░░░░░░░░░░░░░░░░░░░░░ │   1.0%                                  │
│ Elapsed: 24:34 │ ETA: 40:32:44 │ Step Time: 1474.392s                                                                │
├──────────────────────────────────────────────────────── Time ────────────────────────────────────────────────────────┤
│                                                                                                                      │
│actor/actor/compute_adv=0.040          │actor/actor/recv_traj=1442.5           │actor/actor/sync_model_to_rollout=6.6…│
│actor/run_training=24.174              │actor_training=24.180                  │cal_adv_and_returns=0.047             │
│env/compute_bootstrap_rewards=0.0020   │env/env/bootstrap_step=1051.8          │env/env/send_rollout_trajectories=1.0…│
│env/env_interact_step=367.9            │env/interact=1441.3                    │env/run_interact_once=1441.3          │
│generate_rollouts=1443.5               │rollout/generate_one_epoch=1436.6      │rollout/predict=10.889                │
│rollout/rollout/generate=1443.4        │rollout/sync_model_from_actor=5.909    │step=1474.3                           │
│sync_weights=6.644                     │                                       │                                      │
│                                                                                                                      │
├──────────────────────────────────────────────────── Environment ─────────────────────────────────────────────────────┤
│                                                                                                                      │
│episode_len=200.0                      │num_trajectories=256                   │return=0.76171875                     │
│reward=0.0038085938                    │success_once=0.76171875                │                                      │
│                                                                                                                      │
├────────────────────────────────────────────────────── Rollout ───────────────────────────────────────────────────────┤
│                                                                                                                      │
│advantages_max=1.197                   │advantages_mean=1.38e-08               │advantages_min=-2.339                 │
│returns_max=1.000                      │returns_mean=0.689                     │returns_min=0.0000                    │
│rewards=0.0047                         │                                       │                                      │
│                                                                                                                      │
├─────────────────────────────────────────────────── Training/Actor ───────────────────────────────────────────────────┤
│                                                                                                                      │
│actor/approx_kl=0.054                  │actor/clip_fraction=0.091              │actor/clipped_ratio=0.994             │
│actor/dual_cliped_ratio=0.0000         │actor/entropy_loss=0.0000              │actor/grad_norm=32.161                │
│actor/lr=5.60e-06                      │actor/policy_loss=-0.129               │actor/policy_loss_abs=0.811           │
│actor/ratio=1.005                      │actor/ratio_abs=0.117                  │actor/total_loss=-6.12e-04            │
│                                                                                                                      │
├────────────────────────────────────────────────── Training/Critic ───────────────────────────────────────────────────┤
│                                                                                                                      │
│critic/explained_variance=-0.198       │critic/lr=1.10e-04                     │critic/value_clip_ratio=0.106         │
│critic/value_loss=0.119                │                                       │                                      │
│                                                                                                                      │
╰──────────────────────────────────────────────────────────────────────────────────────────────────────────────────────╯

[36m(RolloutGroup(rank=0) pid=2513440)[0m Generating Rollout Epochs:   0%|          | 0/4 [00:00<?, ?it/s]
[36m(RolloutGroup(rank=0) pid=2513440)[0m Generating Rollout Epochs:  25%|██▌       | 1/4 [05:28<16:26, 328.74s/it]
[36m(RolloutGroup(rank=0) pid=2513440)[0m Generating Rollout Epochs:  50%|█████     | 2/4 [11:05<11:07, 333.65s/it]
[36m(RolloutGroup(rank=0) pid=2513440)[0m Generating Rollout Epochs:  75%|███████▌  | 3/4 [16:25<05:27, 327.37s/it]
[36m(RolloutGroup(rank=0) pid=2513440)[0m Generating Rollout Epochs: 100%|██████████| 4/4 [21:38<00:00, 321.50s/it]Generating Rollout Epochs: 100%|██████████| 4/4 [21:38<00:00, 324.56s/it]

╭──────────────────────────────────────────────────────────────────────────────────────────────────────────────────────╮
├──────────────────────────────────────────────────── Metric Table ────────────────────────────────────────────────────┤
│ Global Step:    2/100 │ Progress: ░░░░░░░░░░░░░░░░░░░░░░░░░░░░░░░░░░░░░░░░ │   2.0%                                  │
│ Elapsed: 46:46 │ ETA: 38:11:52 │ Step Time: 1403.186s                                                                │
├──────────────────────────────────────────────────────── Time ────────────────────────────────────────────────────────┤
│                                                                                                                      │
│actor/actor/compute_adv=0.0079         │actor/actor/recv_traj=1305.8           │actor/actor/sync_model_to_rollout=1.9…│
│actor/run_training=23.339              │actor_training=23.344                  │cal_adv_and_returns=0.013             │
│env/compute_bootstrap_rewards=0.0020   │env/env/bootstrap_step=899.0           │env/env/send_rollout_trajectories=1.2…│
│env/env_interact_step=378.0            │env/interact=1304.9                    │env/run_interact_once=1304.9          │
│generate_rollouts=1305.9               │rollout/generate_one_epoch=1298.2      │rollout/predict=10.134                │
│rollout/rollout/generate=1304.5        │rollout/sync_model_from_actor=2.695    │step=1331.9                           │
│sync_weights=2.699                     │                                       │                                      │
│                                                                                                                      │
├──────────────────────────────────────────────────── Environment ─────────────────────────────────────────────────────┤
│                                                                                                                      │
│episode_len=200.0                      │num_trajectories=256                   │return=0.72265625                     │
│reward=0.0036132813                    │success_once=0.72265625                │                                      │
│                                                                                                                      │
├────────────────────────────────────────────────────── Rollout ───────────────────────────────────────────────────────┤
│                                                                                                                      │
│advantages_max=1.110                   │advantages_mean=4.55e-09               │advantages_min=-2.150                 │
│returns_max=1.000                      │returns_mean=0.666                     │returns_min=0.0000                    │
│rewards=0.0044                         │                                       │                                      │
│                                                                                                                      │
├─────────────────────────────────────────────────── Training/Actor ───────────────────────────────────────────────────┤
│                                                                                                                      │
│actor/approx_kl=0.016                  │actor/clip_fraction=0.069              │actor/clipped_ratio=0.997             │
│actor/dual_cliped_ratio=0.0000         │actor/entropy_loss=0.0000              │actor/grad_norm=28.225                │
│actor/lr=5.60e-06                      │actor/policy_loss=-0.132               │actor/policy_loss_abs=0.871           │
│actor/ratio=1.001                      │actor/ratio_abs=0.076                  │actor/total_loss=-0.0027              │
│                                                                                                                      │
├────────────────────────────────────────────────── Training/Critic ───────────────────────────────────────────────────┤
│                                                                                                                      │
│critic/explained_variance=-0.027       │critic/lr=1.10e-04                     │critic/value_clip_ratio=0.0000        │
│critic/value_loss=0.089                │                                       │                                      │
│                                                                                                                      │
╰──────────────────────────────────────────────────────────────────────────────────────────────────────────────────────╯

[36m(RolloutGroup(rank=0) pid=2513440)[0m Generating Rollout Epochs:   0%|          | 0/4 [00:00<?, ?it/s]
[36m(RolloutGroup(rank=0) pid=2513440)[0m Generating Rollout Epochs:  25%|██▌       | 1/4 [05:14<15:43, 314.57s/it]
[36m(RolloutGroup(rank=0) pid=2513440)[0m Generating Rollout Epochs:  50%|█████     | 2/4 [11:18<11:27, 343.53s/it]
[36m(RolloutGroup(rank=0) pid=2513440)[0m Generating Rollout Epochs:  75%|███████▌  | 3/4 [17:03<05:44, 344.38s/it]
[36m(RolloutGroup(rank=0) pid=2513440)[0m Generating Rollout Epochs: 100%|██████████| 4/4 [22:46<00:00, 343.76s/it]Generating Rollout Epochs: 100%|██████████| 4/4 [22:46<00:00, 341.65s/it]

╭──────────────────────────────────────────────────────────────────────────────────────────────────────────────────────╮
├──────────────────────────────────────────────────── Metric Table ────────────────────────────────────────────────────┤
│ Global Step:    3/100 │ Progress: █░░░░░░░░░░░░░░░░░░░░░░░░░░░░░░░░░░░░░░░ │   3.0%                                  │
│ Elapsed: 01:10:05 │ ETA: 37:46:29 │ Step Time: 1401.951s                                                             │
├──────────────────────────────────────────────────────── Time ────────────────────────────────────────────────────────┤
│                                                                                                                      │
│actor/actor/compute_adv=0.0072         │actor/actor/recv_traj=1373.7           │actor/actor/sync_model_to_rollout=2.1…│
│actor/run_training=22.659              │actor_training=22.664                  │cal_adv_and_returns=0.012             │
│env/compute_bootstrap_rewards=0.0021   │env/env/bootstrap_step=954.9           │env/env/send_rollout_trajectories=1.1…│
│env/env_interact_step=386.5            │env/interact=1373.0                    │env/run_interact_once=1373.0          │
│generate_rollouts=1373.8               │rollout/generate_one_epoch=1366.6      │rollout/predict=10.140                │
│rollout/rollout/generate=1372.2        │rollout/sync_model_from_actor=2.994    │step=1399.4                           │
│sync_weights=2.998                     │                                       │                                      │
│                                                                                                                      │
├──────────────────────────────────────────────────── Environment ─────────────────────────────────────────────────────┤
│                                                                                                                      │
│episode_len=200.0                      │num_trajectories=256                   │return=0.7421875                      │
│reward=0.0037109372                    │success_once=0.7421875                 │                                      │
│                                                                                                                      │
├────────────────────────────────────────────────────── Rollout ───────────────────────────────────────────────────────┤
│                                                                                                                      │
│advantages_max=1.010                   │advantages_mean=-1.83e-08              │advantages_min=-2.166                 │
│returns_max=1.000                      │returns_mean=0.683                     │returns_min=0.0000                    │
│rewards=0.0046                         │                                       │                                      │
│                                                                                                                      │
├─────────────────────────────────────────────────── Training/Actor ───────────────────────────────────────────────────┤
│                                                                                                                      │
│actor/approx_kl=0.016                  │actor/clip_fraction=0.079              │actor/clipped_ratio=0.995             │
│actor/dual_cliped_ratio=0.0000         │actor/entropy_loss=0.0000              │actor/grad_norm=37.569                │
│actor/lr=5.60e-06                      │actor/policy_loss=-0.127               │actor/policy_loss_abs=0.860           │
│actor/ratio=1.006                      │actor/ratio_abs=0.089                  │actor/total_loss=-0.0029              │
│                                                                                                                      │
├────────────────────────────────────────────────── Training/Critic ───────────────────────────────────────────────────┤
│                                                                                                                      │
│critic/explained_variance=0.038        │critic/lr=1.10e-04                     │critic/value_clip_ratio=0.0000        │
│critic/value_loss=0.080                │                                       │                                      │
│                                                                                                                      │
╰──────────────────────────────────────────────────────────────────────────────────────────────────────────────────────╯

[36m(RolloutGroup(rank=0) pid=2513440)[0m Generating Rollout Epochs:   0%|          | 0/4 [00:00<?, ?it/s]
[36m(RolloutGroup(rank=0) pid=2513440)[0m Generating Rollout Epochs:  25%|██▌       | 1/4 [05:39<16:58, 339.57s/it]
[36m(RolloutGroup(rank=0) pid=2513440)[0m Generating Rollout Epochs:  50%|█████     | 2/4 [11:27<11:28, 344.26s/it]
[36m(RolloutGroup(rank=0) pid=2513440)[0m Generating Rollout Epochs:  75%|███████▌  | 3/4 [17:21<05:48, 348.87s/it]
[36m(RolloutGroup(rank=0) pid=2513440)[0m Generating Rollout Epochs: 100%|██████████| 4/4 [23:05<00:00, 347.00s/it]Generating Rollout Epochs: 100%|██████████| 4/4 [23:05<00:00, 346.40s/it]

╭──────────────────────────────────────────────────────────────────────────────────────────────────────────────────────╮
├──────────────────────────────────────────────────── Metric Table ────────────────────────────────────────────────────┤
│ Global Step:    4/100 │ Progress: █░░░░░░░░░░░░░░░░░░░░░░░░░░░░░░░░░░░░░░░ │   4.0%                                  │
│ Elapsed: 01:33:54 │ ETA: 37:33:49 │ Step Time: 1408.636s                                                             │
├──────────────────────────────────────────────────────── Time ────────────────────────────────────────────────────────┤
│                                                                                                                      │
│actor/actor/compute_adv=0.0082         │actor/actor/recv_traj=1403.4           │actor/actor/sync_model_to_rollout=1.8…│
│actor/run_training=22.517              │actor_training=22.522                  │cal_adv_and_returns=0.014             │
│env/compute_bootstrap_rewards=0.0022   │env/env/bootstrap_step=970.5           │env/env/send_rollout_trajectories=1.0…│
│env/env_interact_step=399.7            │env/interact=1402.7                    │env/run_interact_once=1402.7          │
│generate_rollouts=1403.5               │rollout/generate_one_epoch=1395.7      │rollout/predict=10.158                │
│rollout/rollout/generate=1402.3        │rollout/sync_model_from_actor=2.628    │step=1428.7                           │
│sync_weights=2.633                     │                                       │                                      │
│                                                                                                                      │
├──────────────────────────────────────────────────── Environment ─────────────────────────────────────────────────────┤
│                                                                                                                      │
│episode_len=200.0                      │num_trajectories=256                   │return=0.65625                        │
│reward=0.0032812497                    │success_once=0.65625                   │                                      │
│                                                                                                                      │
├────────────────────────────────────────────────────── Rollout ───────────────────────────────────────────────────────┤
│                                                                                                                      │
│advantages_max=1.285                   │advantages_mean=1.11e-08               │advantages_min=-1.702                 │
│returns_max=1.000                      │returns_mean=0.593                     │returns_min=0.0000                    │
│rewards=0.0039                         │                                       │                                      │
│                                                                                                                      │
├─────────────────────────────────────────────────── Training/Actor ───────────────────────────────────────────────────┤
│                                                                                                                      │
│actor/approx_kl=0.019                  │actor/clip_fraction=0.090              │actor/clipped_ratio=0.995             │
│actor/dual_cliped_ratio=0.0000         │actor/entropy_loss=0.0000              │actor/grad_norm=40.735                │
│actor/lr=5.60e-06                      │actor/policy_loss=-0.132               │actor/policy_loss_abs=0.940           │
│actor/ratio=1.003                      │actor/ratio_abs=0.091                  │actor/total_loss=-0.0026              │
│                                                                                                                      │
├────────────────────────────────────────────────── Training/Critic ───────────────────────────────────────────────────┤
│                                                                                                                      │
│critic/explained_variance=0.097        │critic/lr=1.10e-04                     │critic/value_clip_ratio=0.0000        │
│critic/value_loss=0.089                │                                       │                                      │
│                                                                                                                      │
╰──────────────────────────────────────────────────────────────────────────────────────────────────────────────────────╯

[36m(RolloutGroup(rank=0) pid=2513440)[0m Generating Rollout Epochs:   0%|          | 0/4 [00:00<?, ?it/s]
[36m(RolloutGroup(rank=0) pid=2513440)[0m Generating Rollout Epochs:  25%|██▌       | 1/4 [06:07<18:22, 367.48s/it]
[36m(RolloutGroup(rank=0) pid=2513440)[0m Generating Rollout Epochs:  50%|█████     | 2/4 [11:34<11:27, 343.97s/it]
[36m(RolloutGroup(rank=0) pid=2513440)[0m Generating Rollout Epochs:  75%|███████▌  | 3/4 [16:36<05:24, 324.55s/it]
[36m(RolloutGroup(rank=0) pid=2513440)[0m Generating Rollout Epochs: 100%|██████████| 4/4 [22:10<00:00, 328.36s/it]Generating Rollout Epochs: 100%|██████████| 4/4 [22:10<00:00, 332.66s/it]
[36m(RolloutGroup(rank=0) pid=2513440)[0m Evaluating Rollout Epochs:   0%|          | 0/1 [00:00<?, ?it/s]
[36m(RolloutGroup(rank=0) pid=2513440)[0m Evaluating Rollout Epochs: 100%|██████████| 1/1 [02:47<00:00, 167.28s/it]Evaluating Rollout Epochs: 100%|██████████| 1/1 [02:47<00:00, 167.28s/it]

╭──────────────────────────────────────────────────────────────────────────────────────────────────────────────────────╮
├──────────────────────────────────────────────────── Metric Table ────────────────────────────────────────────────────┤
│ Global Step:    5/100 │ Progress: ██░░░░░░░░░░░░░░░░░░░░░░░░░░░░░░░░░░░░░░ │   5.0%                                  │
│ Elapsed: 02:01:35 │ ETA: 38:30:06 │ Step Time: 1459.021s                                                             │
├──────────────────────────────────────────────────────── Time ────────────────────────────────────────────────────────┤
│                                                                                                                      │
│actor/actor/compute_adv=0.0090         │actor/actor/recv_traj=1353.9           │actor/actor/sync_model_to_rollout=4.1…│
│actor/run_training=23.030              │actor_training=23.035                  │cal_adv_and_returns=0.015             │
│env/compute_bootstrap_rewards=0.0021   │env/env/bootstrap_step=931.5           │env/env/send_rollout_trajectories=1.0…│
│env/env_interact_step=390.2            │env/evaluate=278.3                     │env/interact=1352.9                   │
│env/run_interact_once=1352.9           │eval=280.9                             │generate_rollouts=1353.9              │
│rollout/evaluate=173.4                 │rollout/generate_one_epoch=1346.5      │rollout/predict=11.274                │
│rollout/rollout/generate=1353.0        │rollout/sync_model_from_actor=5.179    │step=1660.5                           │
│sync_weights=2.695                     │                                       │                                      │
│                                                                                                                      │
├──────────────────────────────────────────────────── Environment ─────────────────────────────────────────────────────┤
│                                                                                                                      │
│episode_len=200.0                      │num_trajectories=256                   │return=0.76953125                     │
│reward=0.0038476563                    │success_once=0.76953125                │                                      │
│                                                                                                                      │
├────────────────────────────────────────────────────── Rollout ───────────────────────────────────────────────────────┤
│                                                                                                                      │
│advantages_max=1.173                   │advantages_mean=-6.92e-09              │advantages_min=-2.184                 │
│returns_max=1.000                      │returns_mean=0.709                     │returns_min=0.0000                    │
│rewards=0.0048                         │                                       │                                      │
│                                                                                                                      │
├───────────────────────────────────────────────────── Evaluation ─────────────────────────────────────────────────────┤
│                                                                                                                      │
│episode_len=200.0                      │num_trajectories=32                    │return=0.84375                        │
│reward=0.00421875                      │success_at_end=0.84375                 │success_once=0.84375                  │
│                                                                                                                      │
├─────────────────────────────────────────────────── Training/Actor ───────────────────────────────────────────────────┤
│                                                                                                                      │
│actor/approx_kl=0.030                  │actor/clip_fraction=0.077              │actor/clipped_ratio=0.990             │
│actor/dual_cliped_ratio=0.0000         │actor/entropy_loss=0.0000              │actor/grad_norm=46.049                │
│actor/lr=5.60e-06                      │actor/policy_loss=-0.112               │actor/policy_loss_abs=0.818           │
│actor/ratio=0.990                      │actor/ratio_abs=0.090                  │actor/total_loss=-0.0026              │
│                                                                                                                      │
├────────────────────────────────────────────────── Training/Critic ───────────────────────────────────────────────────┤
│                                                                                                                      │
│critic/explained_variance=0.139        │critic/lr=1.10e-04                     │critic/value_clip_ratio=0.0000        │
│critic/value_loss=0.070                │                                       │                                      │
│                                                                                                                      │
╰──────────────────────────────────────────────────────────────────────────────────────────────────────────────────────╯

[36m(RolloutGroup(rank=0) pid=2513440)[0m Generating Rollout Epochs:   0%|          | 0/4 [00:00<?, ?it/s]
[36m(RolloutGroup(rank=0) pid=2513440)[0m Generating Rollout Epochs:  25%|██▌       | 1/4 [05:07<15:21, 307.32s/it]
[36m(RolloutGroup(rank=0) pid=2513440)[0m Generating Rollout Epochs:  50%|█████     | 2/4 [10:44<10:50, 325.00s/it]
[36m(RolloutGroup(rank=0) pid=2513440)[0m Generating Rollout Epochs:  75%|███████▌  | 3/4 [17:05<05:50, 350.61s/it]
[36m(RolloutGroup(rank=0) pid=2513440)[0m Generating Rollout Epochs: 100%|██████████| 4/4 [24:12<00:00, 380.76s/it]Generating Rollout Epochs: 100%|██████████| 4/4 [24:12<00:00, 363.19s/it]

╭──────────────────────────────────────────────────────────────────────────────────────────────────────────────────────╮
├──────────────────────────────────────────────────── Metric Table ────────────────────────────────────────────────────┤
│ Global Step:    6/100 │ Progress: ██░░░░░░░░░░░░░░░░░░░░░░░░░░░░░░░░░░░░░░ │   6.0%                                  │
│ Elapsed: 02:26:24 │ ETA: 38:13:40 │ Step Time: 1464.044s                                                             │
├──────────────────────────────────────────────────────── Time ────────────────────────────────────────────────────────┤
│                                                                                                                      │
│actor/actor/compute_adv=0.012          │actor/actor/recv_traj=1463.3           │actor/actor/sync_model_to_rollout=1.8…│
│actor/run_training=23.975              │actor_training=23.979                  │cal_adv_and_returns=0.017             │
│env/compute_bootstrap_rewards=0.0039   │env/env/bootstrap_step=1048.4          │env/env/send_rollout_trajectories=1.2…│
│env/env_interact_step=375.1            │env/interact=1462.3                    │env/run_interact_once=1462.3          │
│generate_rollouts=1463.3               │rollout/generate_one_epoch=1452.8      │rollout/predict=10.292                │
│rollout/rollout/generate=1460.1        │rollout/sync_model_from_actor=1.657    │step=1489.1                           │
│sync_weights=1.826                     │                                       │                                      │
│                                                                                                                      │
├──────────────────────────────────────────────────── Environment ─────────────────────────────────────────────────────┤
│                                                                                                                      │
│episode_len=200.0                      │num_trajectories=256                   │return=0.80078125                     │
│reward=0.004003906                     │success_once=0.80078125                │                                      │
│                                                                                                                      │
├────────────────────────────────────────────────────── Rollout ───────────────────────────────────────────────────────┤
│                                                                                                                      │
│advantages_max=1.403                   │advantages_mean=1.51e-08               │advantages_min=-2.379                 │
│returns_max=1.000                      │returns_mean=0.745                     │returns_min=0.0000                    │
│rewards=0.0050                         │                                       │                                      │
│                                                                                                                      │
├─────────────────────────────────────────────────── Training/Actor ───────────────────────────────────────────────────┤
│                                                                                                                      │
│actor/approx_kl=0.017                  │actor/clip_fraction=0.046              │actor/clipped_ratio=0.990             │
│actor/dual_cliped_ratio=0.0000         │actor/entropy_loss=0.0000              │actor/grad_norm=46.503                │
│actor/lr=5.60e-06                      │actor/policy_loss=-0.111               │actor/policy_loss_abs=0.765           │
│actor/ratio=0.994                      │actor/ratio_abs=0.063                  │actor/total_loss=-0.0031              │
│                                                                                                                      │
├────────────────────────────────────────────────── Training/Critic ───────────────────────────────────────────────────┤
│                                                                                                                      │
│critic/explained_variance=0.155        │critic/lr=1.10e-04                     │critic/value_clip_ratio=0.0000        │
│critic/value_loss=0.061                │                                       │                                      │
│                                                                                                                      │
╰──────────────────────────────────────────────────────────────────────────────────────────────────────────────────────╯

[36m(RolloutGroup(rank=0) pid=2513440)[0m Generating Rollout Epochs:   0%|          | 0/4 [00:00<?, ?it/s]
[36m(RolloutGroup(rank=0) pid=2513440)[0m Generating Rollout Epochs:  25%|██▌       | 1/4 [06:16<18:49, 376.45s/it]
[36m(RolloutGroup(rank=0) pid=2513440)[0m Generating Rollout Epochs:  50%|█████     | 2/4 [12:52<12:56, 388.03s/it]
[36m(RolloutGroup(rank=0) pid=2513440)[0m Generating Rollout Epochs:  75%|███████▌  | 3/4 [18:42<06:10, 370.70s/it]
[36m(RolloutGroup(rank=0) pid=2513440)[0m Generating Rollout Epochs: 100%|██████████| 4/4 [24:02<00:00, 350.81s/it]Generating Rollout Epochs: 100%|██████████| 4/4 [24:02<00:00, 360.75s/it]

╭──────────────────────────────────────────────────────────────────────────────────────────────────────────────────────╮
├──────────────────────────────────────────────────── Metric Table ────────────────────────────────────────────────────┤
│ Global Step:    7/100 │ Progress: ██░░░░░░░░░░░░░░░░░░░░░░░░░░░░░░░░░░░░░░ │   7.0%                                  │
│ Elapsed: 02:51:06 │ ETA: 37:53:16 │ Step Time: 1466.632s                                                             │
├──────────────────────────────────────────────────────── Time ────────────────────────────────────────────────────────┤
│                                                                                                                      │
│actor/actor/compute_adv=0.0089         │actor/actor/recv_traj=1455.7           │actor/actor/sync_model_to_rollout=2.4…│
│actor/run_training=23.449              │actor_training=23.454                  │cal_adv_and_returns=0.015             │
│env/compute_bootstrap_rewards=0.0017   │env/env/bootstrap_step=1055.6          │env/env/send_rollout_trajectories=1.1…│
│env/env_interact_step=362.1            │env/interact=1454.8                    │env/run_interact_once=1454.8          │
│generate_rollouts=1455.7               │rollout/generate_one_epoch=1443.0      │rollout/predict=10.045                │
│rollout/rollout/generate=1451.3        │rollout/sync_model_from_actor=2.945    │step=1482.1                           │
│sync_weights=2.949                     │                                       │                                      │
│                                                                                                                      │
├──────────────────────────────────────────────────── Environment ─────────────────────────────────────────────────────┤
│                                                                                                                      │
│episode_len=200.0                      │num_trajectories=256                   │return=0.70703125                     │
│reward=0.0035351561                    │success_once=0.70703125                │                                      │
│                                                                                                                      │
├────────────────────────────────────────────────────── Rollout ───────────────────────────────────────────────────────┤
│                                                                                                                      │
│advantages_max=1.253                   │advantages_mean=-5.43e-08              │advantages_min=-2.450                 │
│returns_max=1.000                      │returns_mean=0.650                     │returns_min=0.0000                    │
│rewards=0.0043                         │                                       │                                      │
│                                                                                                                      │
├─────────────────────────────────────────────────── Training/Actor ───────────────────────────────────────────────────┤
│                                                                                                                      │
│actor/approx_kl=0.016                  │actor/clip_fraction=0.074              │actor/clipped_ratio=0.994             │
│actor/dual_cliped_ratio=0.0000         │actor/entropy_loss=0.0000              │actor/grad_norm=48.755                │
│actor/lr=5.60e-06                      │actor/policy_loss=-0.122               │actor/policy_loss_abs=0.878           │
│actor/ratio=1.004                      │actor/ratio_abs=0.087                  │actor/total_loss=-0.0026              │
│                                                                                                                      │
├────────────────────────────────────────────────── Training/Critic ───────────────────────────────────────────────────┤
│                                                                                                                      │
│critic/explained_variance=0.194        │critic/lr=1.10e-04                     │critic/value_clip_ratio=0.0000        │
│critic/value_loss=0.080                │                                       │                                      │
│                                                                                                                      │
╰──────────────────────────────────────────────────────────────────────────────────────────────────────────────────────╯

[36m(RolloutGroup(rank=0) pid=2513440)[0m Generating Rollout Epochs:   0%|          | 0/4 [00:00<?, ?it/s]
[36m(RolloutGroup(rank=0) pid=2513440)[0m Generating Rollout Epochs:  25%|██▌       | 1/4 [06:34<19:44, 394.93s/it]
[36m(RolloutGroup(rank=0) pid=2513440)[0m Generating Rollout Epochs:  50%|█████     | 2/4 [13:44<13:50, 415.11s/it]
[36m(RolloutGroup(rank=0) pid=2513440)[0m Generating Rollout Epochs:  75%|███████▌  | 3/4 [21:09<07:08, 428.98s/it]
[36m(RolloutGroup(rank=0) pid=2513440)[0m Generating Rollout Epochs: 100%|██████████| 4/4 [28:01<00:00, 422.29s/it]Generating Rollout Epochs: 100%|██████████| 4/4 [28:01<00:00, 420.42s/it]

╭──────────────────────────────────────────────────────────────────────────────────────────────────────────────────────╮
├──────────────────────────────────────────────────── Metric Table ────────────────────────────────────────────────────┤
│ Global Step:    8/100 │ Progress: ███░░░░░░░░░░░░░░░░░░░░░░░░░░░░░░░░░░░░░ │   8.0%                                  │
│ Elapsed: 03:19:39 │ ETA: 38:16:08 │ Step Time: 1497.479s                                                             │
├──────────────────────────────────────────────────────── Time ────────────────────────────────────────────────────────┤
│                                                                                                                      │
│actor/actor/compute_adv=0.0076         │actor/actor/recv_traj=1690.7           │actor/actor/sync_model_to_rollout=2.0…│
│actor/run_training=20.014              │actor_training=20.017                  │cal_adv_and_returns=0.011             │
│env/compute_bootstrap_rewards=0.0021   │env/env/bootstrap_step=1284.0          │env/env/send_rollout_trajectories=0.8…│
│env/env_interact_step=362.3            │env/interact=1690.0                    │env/run_interact_once=1690.0          │
│generate_rollouts=1690.7               │rollout/generate_one_epoch=1681.7      │rollout/predict=10.182                │
│rollout/rollout/generate=1687.5        │rollout/sync_model_from_actor=2.608    │step=1713.4                           │
│sync_weights=2.612                     │                                       │                                      │
│                                                                                                                      │
├──────────────────────────────────────────────────── Environment ─────────────────────────────────────────────────────┤
│                                                                                                                      │
│episode_len=200.0                      │num_trajectories=256                   │return=0.84375                        │
│reward=0.0042187497                    │success_once=0.84375                   │                                      │
│                                                                                                                      │
├────────────────────────────────────────────────────── Rollout ───────────────────────────────────────────────────────┤
│                                                                                                                      │
│advantages_max=1.477                   │advantages_mean=-7.08e-09              │advantages_min=-3.010                 │
│returns_max=1.000                      │returns_mean=0.797                     │returns_min=0.0000                    │
│rewards=0.0053                         │                                       │                                      │
│                                                                                                                      │
├─────────────────────────────────────────────────── Training/Actor ───────────────────────────────────────────────────┤
│                                                                                                                      │
│actor/approx_kl=0.0045                 │actor/clip_fraction=0.047              │actor/clipped_ratio=0.999             │
│actor/dual_cliped_ratio=0.0000         │actor/entropy_loss=0.0000              │actor/grad_norm=31.485                │
│actor/lr=5.60e-06                      │actor/policy_loss=-0.101               │actor/policy_loss_abs=0.708           │
│actor/ratio=1.004                      │actor/ratio_abs=0.056                  │actor/total_loss=-0.0035              │
│                                                                                                                      │
├────────────────────────────────────────────────── Training/Critic ───────────────────────────────────────────────────┤
│                                                                                                                      │
│critic/explained_variance=0.239        │critic/lr=1.10e-04                     │critic/value_clip_ratio=0.0000        │
│critic/value_loss=0.046                │                                       │                                      │
│                                                                                                                      │
╰──────────────────────────────────────────────────────────────────────────────────────────────────────────────────────╯

[36m(RolloutGroup(rank=0) pid=2513440)[0m Generating Rollout Epochs:   0%|          | 0/4 [00:00<?, ?it/s]
[36m(RolloutGroup(rank=0) pid=2513440)[0m Generating Rollout Epochs:  25%|██▌       | 1/4 [05:07<15:22, 307.55s/it]
[36m(RolloutGroup(rank=0) pid=2513440)[0m Generating Rollout Epochs:  50%|█████     | 2/4 [10:41<10:45, 322.96s/it]
[36m(RolloutGroup(rank=0) pid=2513440)[0m Generating Rollout Epochs:  75%|███████▌  | 3/4 [17:07<05:51, 351.72s/it]
[36m(RolloutGroup(rank=0) pid=2513440)[0m Generating Rollout Epochs: 100%|██████████| 4/4 [23:28<00:00, 363.43s/it]Generating Rollout Epochs: 100%|██████████| 4/4 [23:28<00:00, 352.16s/it]

╭──────────────────────────────────────────────────────────────────────────────────────────────────────────────────────╮
├──────────────────────────────────────────────────── Metric Table ────────────────────────────────────────────────────┤
│ Global Step:    9/100 │ Progress: ███░░░░░░░░░░░░░░░░░░░░░░░░░░░░░░░░░░░░░ │   9.0%                                  │
│ Elapsed: 03:43:46 │ ETA: 37:42:36 │ Step Time: 1491.834s                                                             │
├──────────────────────────────────────────────────────── Time ────────────────────────────────────────────────────────┤
│                                                                                                                      │
│actor/actor/compute_adv=0.010          │actor/actor/recv_traj=1421.1           │actor/actor/sync_model_to_rollout=1.9…│
│actor/run_training=23.310              │actor_training=23.314                  │cal_adv_and_returns=0.015             │
│env/compute_bootstrap_rewards=0.0018   │env/env/bootstrap_step=1026.3          │env/env/send_rollout_trajectories=1.2…│
│env/env_interact_step=361.1            │env/interact=1420.2                    │env/run_interact_once=1420.2          │
│generate_rollouts=1421.2               │rollout/generate_one_epoch=1408.6      │rollout/predict=10.032                │
│rollout/rollout/generate=1416.6        │rollout/sync_model_from_actor=2.138    │step=1446.6                           │
│sync_weights=2.140                     │                                       │                                      │
│                                                                                                                      │
├──────────────────────────────────────────────────── Environment ─────────────────────────────────────────────────────┤
│                                                                                                                      │
│episode_len=200.0                      │num_trajectories=256                   │return=0.84375                        │
│reward=0.0042187497                    │success_once=0.84375                   │                                      │
│                                                                                                                      │
├────────────────────────────────────────────────────── Rollout ───────────────────────────────────────────────────────┤
│                                                                                                                      │
│advantages_max=1.627                   │advantages_mean=5.90e-09               │advantages_min=-2.707                 │
│returns_max=1.000                      │returns_mean=0.797                     │returns_min=0.0000                    │
│rewards=0.0053                         │                                       │                                      │
│                                                                                                                      │
├─────────────────────────────────────────────────── Training/Actor ───────────────────────────────────────────────────┤
│                                                                                                                      │
│actor/approx_kl=0.014                  │actor/clip_fraction=0.061              │actor/clipped_ratio=0.996             │
│actor/dual_cliped_ratio=0.0000         │actor/entropy_loss=0.0000              │actor/grad_norm=33.130                │
│actor/lr=5.60e-06                      │actor/policy_loss=-0.096               │actor/policy_loss_abs=0.702           │
│actor/ratio=1.002                      │actor/ratio_abs=0.076                  │actor/total_loss=-0.0031              │
│                                                                                                                      │
├────────────────────────────────────────────────── Training/Critic ───────────────────────────────────────────────────┤
│                                                                                                                      │
│critic/explained_variance=0.210        │critic/lr=1.10e-04                     │critic/value_clip_ratio=0.0000        │
│critic/value_loss=0.047                │                                       │                                      │
│                                                                                                                      │
╰──────────────────────────────────────────────────────────────────────────────────────────────────────────────────────╯

[36m(RolloutGroup(rank=0) pid=2513440)[0m Generating Rollout Epochs:   0%|          | 0/4 [00:00<?, ?it/s]
[36m(RolloutGroup(rank=0) pid=2513440)[0m Generating Rollout Epochs:  25%|██▌       | 1/4 [05:08<15:26, 308.94s/it]
[36m(RolloutGroup(rank=0) pid=2513440)[0m Generating Rollout Epochs:  50%|█████     | 2/4 [10:59<11:06, 333.27s/it]
[36m(RolloutGroup(rank=0) pid=2513440)[0m Generating Rollout Epochs:  75%|███████▌  | 3/4 [16:09<05:22, 322.81s/it]
[36m(RolloutGroup(rank=0) pid=2513440)[0m Generating Rollout Epochs: 100%|██████████| 4/4 [22:55<00:00, 355.42s/it]Generating Rollout Epochs: 100%|██████████| 4/4 [22:55<00:00, 343.75s/it]
[36m(RolloutGroup(rank=0) pid=2513440)[0m Evaluating Rollout Epochs:   0%|          | 0/1 [00:00<?, ?it/s]
[36m(RolloutGroup(rank=0) pid=2513440)[0m Evaluating Rollout Epochs: 100%|██████████| 1/1 [03:06<00:00, 186.50s/it]Evaluating Rollout Epochs: 100%|██████████| 1/1 [03:06<00:00, 186.50s/it]
[INFO 08:08:37 RLinf] Saving checkpoint at step 10.
[36m(ActorGroup(rank=0) pid=2513437)[0m /home/chenyiteng/venvs/rlinf-7d07-openpi-robotwin/lib/python3.11/site-packages/torch/distributed/c10d_logger.py:83: UserWarning: barrier(): using the device under current context. You can specify `device_id` in `init_process_group` to mute this warning.
[36m(ActorGroup(rank=0) pid=2513437)[0m   return func(*args, **kwargs)
[36m(ActorGroup(rank=0) pid=2513437)[0m /home/chenyiteng/venvs/rlinf-7d07-openpi-robotwin/lib/python3.11/site-packages/torch/distributed/c10d_logger.py:83: UserWarning: barrier(): using the device under current context. You can specify `device_id` in `init_process_group` to mute this warning.
[36m(ActorGroup(rank=0) pid=2513437)[0m   return func(*args, **kwargs)

╭──────────────────────────────────────────────────────────────────────────────────────────────────────────────────────╮
├──────────────────────────────────────────────────── Metric Table ────────────────────────────────────────────────────┤
│ Global Step:   10/100 │ Progress: ████░░░░░░░░░░░░░░░░░░░░░░░░░░░░░░░░░░░░ │  10.0%                                  │
│ Elapsed: 04:13:10 │ ETA: 37:58:38 │ Step Time: 1519.098s                                                             │
├──────────────────────────────────────────────────────── Time ────────────────────────────────────────────────────────┤
│                                                                                                                      │
│actor/actor/compute_adv=0.0091         │actor/actor/recv_traj=1398.0           │actor/actor/sync_model_to_rollout=4.1…│
│actor/run_training=23.379              │actor_training=23.384                  │cal_adv_and_returns=0.014             │
│env/compute_bootstrap_rewards=0.0017   │env/env/bootstrap_step=1034.4          │env/env/send_rollout_trajectories=1.3…│
│env/env_interact_step=327.9            │env/evaluate=308.9                     │env/interact=1397.0                   │
│env/run_interact_once=1397.0           │eval=311.7                             │generate_rollouts=1398.1              │
│rollout/evaluate=192.5                 │rollout/generate_one_epoch=1387.9      │rollout/predict=10.940                │
│rollout/rollout/generate=1394.9        │rollout/sync_model_from_actor=5.404    │step=1764.4                           │
│sync_weights=2.669                     │                                       │                                      │
│                                                                                                                      │
├──────────────────────────────────────────────────── Environment ─────────────────────────────────────────────────────┤
│                                                                                                                      │
│episode_len=200.0                      │num_trajectories=256                   │return=0.7890625                      │
│reward=0.0039453125                    │success_once=0.7890625                 │                                      │
│                                                                                                                      │
├────────────────────────────────────────────────────── Rollout ───────────────────────────────────────────────────────┤
│                                                                                                                      │
│advantages_max=1.689                   │advantages_mean=1.16e-09               │advantages_min=-2.743                 │
│returns_max=1.000                      │returns_mean=0.737                     │returns_min=0.0000                    │
│rewards=0.0049                         │                                       │                                      │
│                                                                                                                      │
├───────────────────────────────────────────────────── Evaluation ─────────────────────────────────────────────────────┤
│                                                                                                                      │
│episode_len=200.0                      │num_trajectories=32                    │return=0.9375                         │
│reward=0.0046874997                    │success_at_end=0.9375                  │success_once=0.9375                   │
│                                                                                                                      │
├─────────────────────────────────────────────────── Training/Actor ───────────────────────────────────────────────────┤
│                                                                                                                      │
│actor/approx_kl=0.0065                 │actor/clip_fraction=0.053              │actor/clipped_ratio=0.998             │
│actor/dual_cliped_ratio=0.0000         │actor/entropy_loss=0.0000              │actor/grad_norm=35.802                │
│actor/lr=5.60e-06                      │actor/policy_loss=-0.113               │actor/policy_loss_abs=0.773           │
│actor/ratio=1.004                      │actor/ratio_abs=0.062                  │actor/total_loss=-0.0037              │
│                                                                                                                      │
├────────────────────────────────────────────────── Training/Critic ───────────────────────────────────────────────────┤
│                                                                                                                      │
│critic/explained_variance=0.302        │critic/lr=1.10e-04                     │critic/value_clip_ratio=0.0000        │
│critic/value_loss=0.054                │                                       │                                      │
│                                                                                                                      │
╰──────────────────────────────────────────────────────────────────────────────────────────────────────────────────────╯

[36m(RolloutGroup(rank=0) pid=2513440)[0m Generating Rollout Epochs:   0%|          | 0/4 [00:00<?, ?it/s]
[36m(RolloutGroup(rank=0) pid=2513440)[0m Generating Rollout Epochs:  25%|██▌       | 1/4 [05:31<16:35, 331.86s/it]
[36m(RolloutGroup(rank=0) pid=2513440)[0m Generating Rollout Epochs:  50%|█████     | 2/4 [11:01<11:01, 330.58s/it]
[36m(RolloutGroup(rank=0) pid=2513440)[0m Generating Rollout Epochs:  75%|███████▌  | 3/4 [17:01<05:44, 344.15s/it]
[36m(RolloutGroup(rank=0) pid=2513440)[0m Generating Rollout Epochs: 100%|██████████| 4/4 [22:50<00:00, 346.04s/it]Generating Rollout Epochs: 100%|██████████| 4/4 [22:50<00:00, 342.70s/it]

╭──────────────────────────────────────────────────────────────────────────────────────────────────────────────────────╮
├──────────────────────────────────────────────────── Metric Table ────────────────────────────────────────────────────┤
│ Global Step:   11/100 │ Progress: ████░░░░░░░░░░░░░░░░░░░░░░░░░░░░░░░░░░░░ │  11.0%                                  │
│ Elapsed: 04:36:37 │ ETA: 37:18:07 │ Step Time: 1508.851s                                                             │
├──────────────────────────────────────────────────────── Time ────────────────────────────────────────────────────────┤
│                                                                                                                      │
│actor/actor/compute_adv=0.0087         │actor/actor/recv_traj=1382.2           │actor/actor/sync_model_to_rollout=1.5…│
│actor/run_training=22.515              │actor_training=22.519                  │cal_adv_and_returns=0.015             │
│env/compute_bootstrap_rewards=0.0019   │env/env/bootstrap_step=922.0           │env/env/send_rollout_trajectories=1.1…│
│env/env_interact_step=413.4            │env/interact=1381.5                    │env/run_interact_once=1381.5          │
│generate_rollouts=1382.3               │rollout/generate_one_epoch=1370.8      │rollout/predict=10.368                │
│rollout/rollout/generate=1377.4        │rollout/sync_model_from_actor=1.426    │step=1406.4                           │
│sync_weights=1.566                     │                                       │                                      │
│                                                                                                                      │
├──────────────────────────────────────────────────── Environment ─────────────────────────────────────────────────────┤
│                                                                                                                      │
│episode_len=200.0                      │num_trajectories=256                   │return=0.828125                       │
│reward=0.004140625                     │success_once=0.828125                  │                                      │
│                                                                                                                      │
├────────────────────────────────────────────────────── Rollout ───────────────────────────────────────────────────────┤
│                                                                                                                      │
│advantages_max=1.555                   │advantages_mean=-1.88e-08              │advantages_min=-2.928                 │
│returns_max=1.000                      │returns_mean=0.779                     │returns_min=0.0000                    │
│rewards=0.0052                         │                                       │                                      │
│                                                                                                                      │
├─────────────────────────────────────────────────── Training/Actor ───────────────────────────────────────────────────┤
│                                                                                                                      │
│actor/approx_kl=0.0066                 │actor/clip_fraction=0.078              │actor/clipped_ratio=0.998             │
│actor/dual_cliped_ratio=0.0000         │actor/entropy_loss=0.0000              │actor/grad_norm=36.929                │
│actor/lr=5.60e-06                      │actor/policy_loss=-0.099               │actor/policy_loss_abs=0.705           │
│actor/ratio=1.007                      │actor/ratio_abs=0.079                  │actor/total_loss=-0.0034              │
│                                                                                                                      │
├────────────────────────────────────────────────── Training/Critic ───────────────────────────────────────────────────┤
│                                                                                                                      │
│critic/explained_variance=0.323        │critic/lr=1.10e-04                     │critic/value_clip_ratio=0.0000        │
│critic/value_loss=0.044                │                                       │                                      │
│                                                                                                                      │
╰──────────────────────────────────────────────────────────────────────────────────────────────────────────────────────╯

[36m(RolloutGroup(rank=0) pid=2513440)[0m Generating Rollout Epochs:   0%|          | 0/4 [00:00<?, ?it/s]
[36m(RolloutGroup(rank=0) pid=2513440)[0m Generating Rollout Epochs:  25%|██▌       | 1/4 [05:32<16:38, 332.95s/it]
[36m(RolloutGroup(rank=0) pid=2513440)[0m Generating Rollout Epochs:  50%|█████     | 2/4 [10:44<10:41, 320.55s/it]
[36m(RolloutGroup(rank=0) pid=2513440)[0m Generating Rollout Epochs:  75%|███████▌  | 3/4 [15:55<05:16, 316.03s/it]
[36m(RolloutGroup(rank=0) pid=2513440)[0m Generating Rollout Epochs: 100%|██████████| 4/4 [20:54<00:00, 309.16s/it]Generating Rollout Epochs: 100%|██████████| 4/4 [20:54<00:00, 313.53s/it]

╭──────────────────────────────────────────────────────────────────────────────────────────────────────────────────────╮
├──────────────────────────────────────────────────── Metric Table ────────────────────────────────────────────────────┤
│ Global Step:   12/100 │ Progress: ████░░░░░░░░░░░░░░░░░░░░░░░░░░░░░░░░░░░░ │  12.0%                                  │
│ Elapsed: 04:58:10 │ ETA: 36:26:35 │ Step Time: 1490.859s                                                             │
├──────────────────────────────────────────────────────── Time ────────────────────────────────────────────────────────┤
│                                                                                                                      │
│actor/actor/compute_adv=0.0067         │actor/actor/recv_traj=1270.4           │actor/actor/sync_model_to_rollout=1.9…│
│actor/run_training=19.960              │actor_training=19.963                  │cal_adv_and_returns=0.012             │
│env/compute_bootstrap_rewards=0.0016   │env/env/bootstrap_step=900.7           │env/env/send_rollout_trajectories=0.7…│
│env/env_interact_step=333.8            │env/interact=1269.7                    │env/run_interact_once=1269.7          │
│generate_rollouts=1270.5               │rollout/generate_one_epoch=1260.4      │rollout/predict=9.891                 │
│rollout/rollout/generate=1266.6        │rollout/sync_model_from_actor=2.473    │step=1292.9                           │
│sync_weights=2.477                     │                                       │                                      │
│                                                                                                                      │
├──────────────────────────────────────────────────── Environment ─────────────────────────────────────────────────────┤
│                                                                                                                      │
│episode_len=200.0                      │num_trajectories=256                   │return=0.9140625                      │
│reward=0.004570312                     │success_once=0.9140625                 │                                      │
│                                                                                                                      │
├────────────────────────────────────────────────────── Rollout ───────────────────────────────────────────────────────┤
│                                                                                                                      │
│advantages_max=2.264                   │advantages_mean=2.90e-08               │advantages_min=-4.271                 │
│returns_max=1.000                      │returns_mean=0.877                     │returns_min=0.0000                    │
│rewards=0.0059                         │                                       │                                      │
│                                                                                                                      │
├─────────────────────────────────────────────────── Training/Actor ───────────────────────────────────────────────────┤
│                                                                                                                      │
│actor/approx_kl=0.0069                 │actor/clip_fraction=0.037              │actor/clipped_ratio=0.996             │
│actor/dual_cliped_ratio=0.0000         │actor/entropy_loss=0.0000              │actor/grad_norm=27.416                │
│actor/lr=5.60e-06                      │actor/policy_loss=-0.075               │actor/policy_loss_abs=0.543           │
│actor/ratio=1.000                      │actor/ratio_abs=0.050                  │actor/total_loss=-0.0031              │
│                                                                                                                      │
├────────────────────────────────────────────────── Training/Critic ───────────────────────────────────────────────────┤
│                                                                                                                      │
│critic/explained_variance=0.335        │critic/lr=1.10e-04                     │critic/value_clip_ratio=0.0000        │
│critic/value_loss=0.026                │                                       │                                      │
│                                                                                                                      │
╰──────────────────────────────────────────────────────────────────────────────────────────────────────────────────────╯

[36m(RolloutGroup(rank=0) pid=2513440)[0m Generating Rollout Epochs:   0%|          | 0/4 [00:00<?, ?it/s]
