WARNING: All log messages before absl::InitializeLog() is called are written to STDERR
I0000 00:00:1785481058.760755   82368 port.cc:153] oneDNN custom operations are on. You may see slightly different numerical results due to floating-point round-off errors from different computation orders. To turn them off, set the environment variable `TF_ENABLE_ONEDNN_OPTS=0`.
I0000 00:00:1785481058.812089   82368 cpu_feature_guard.cc:227] This TensorFlow binary is optimized to use available CPU instructions in performance-critical operations.
To enable the following instructions: AVX2 AVX512F AVX512_VNNI FMA, in other operations, rebuild TensorFlow with the appropriate compiler flags.
WARNING: All log messages before absl::InitializeLog() is called are written to STDERR
I0000 00:00:1785481060.306581   82368 port.cc:153] oneDNN custom operations are on. You may see slightly different numerical results due to floating-point round-off errors from different computation orders. To turn them off, set the environment variable `TF_ENABLE_ONEDNN_OPTS=0`.
/root/autodl-tmp/RLinf/.venv/lib/python3.11/site-packages/hydra/_internal/hydra.py:119: UserWarning: Future Hydra versions will no longer change working directory at job runtime by default.
See https://hydra.cc/docs/1.2/upgrades/1.1_to_1.2/changes_to_job_working_dir/ for more information.
  ret = run_job(
2026-07-31 14:57:46,679	WARNING utils.py:461 -- Detecting docker specified CPUs. In previous versions of Ray, CPU detection in containers was incorrect. Please ensure that Ray has enough CPUs allocated. As a temporary workaround to revert to the prior behavior, set `RAY_USE_MULTIPROCESSING_CPU_COUNT=1` as an env var before starting Ray. Set the env var: `RAY_DISABLE_DOCKER_CPU_WARNING=1` to mute this warning.
2026-07-31 14:57:49,048	INFO worker.py:2003 -- Started a local Ray instance. View the dashboard at [1m[32mhttp://127.0.0.1:8265 [39m[22m
[INFO 14:57:51 RLinf] RLinf is running on a cluster with 1 node and 2 accelerators. The nodes' details are: 
node_labels: []
node_rank: 0
ray_id: c9427b928b91f649bc23d0a32b4fbf536822400c27c8f50c382667e8
node_ip: 172.17.0.5
num_cpus: 36
python_interpreter_path: /root/autodl-tmp/RLinf/.venv/bin/python
hardware_resources:
- type: Accelerator
  infos:
  - type: Accelerator
    model: NV_GPU:A800-SXM4-80GB
  - type: Accelerator
    model: NV_GPU:A800-SXM4-80GB
profiler_backends: []

Node groups' details are: 
label: cluster
nodes: '0'
hardware_type: Accelerator
ignore_hardware: false
env_configs: null

label: node
nodes: '0'
hardware_type: null
ignore_hardware: true
env_configs: null

[INFO 14:57:51 FlexiblePlacementStrategy] 
[INFO 14:57:51 FlexiblePlacementStrategy] Using flexible placement with hardware ranks: [[0], [1]], node groups: ['cluster'].
[INFO 14:57:51 FlexiblePlacementStrategy] 
[INFO 14:57:51 FlexiblePlacementStrategy] Using flexible placement with hardware ranks: [[0], [1]], node groups: ['cluster'].
{
  "env": {
    "train": {
      "env_type": "robotwin",
      "total_num_envs": 2,
      "auto_reset": false,
      "ignore_terminations": false,
      "reward_coef": 1.0,
      "use_custom_reward": true,
      "use_rel_reward": true,
      "center_crop": false,
      "seed": 0,
      "group_size": 1,
      "use_fixed_reset_state_ids": false,
      "max_steps_per_rollout_epoch": 200,
      "max_episode_steps": 200,
      "is_eval": false,
      "assets_path": "/root/autodl-tmp/RoboTwin_RLinf",
      "seeds_path": "/root/autodl-tmp/RLinf_qam_pi0_robotwin/rlinf/envs/robotwin/seeds/train_seeds.json",
      "video_cfg": {
        "save_video": true,
        "info_on_video": true,
        "video_base_dir": "/root/autodl-tmp/experiments/qam_qonly_smoke_20260731_v1/video/train"
      },
      "enable_offload": false,
      "task_config": {
        "task_name": "adjust_bottle",
        "step_lim": 200,
        "planner_backend": "mplib",
        "render_freq": 0,
        "episode_num": 100,
        "use_seed": false,
        "save_freq": 15,
        "embodiment": [
          "aloha-agilex"
        ],
        "language_num": 100,
        "domain_randomization": {
          "random_background": false,
          "cluttered_table": false,
          "clean_background_rate": 1,
          "random_head_camera_dis": 0,
          "random_table_height": 0,
          "random_light": false,
          "crazy_random_light_rate": 0
        },
        "camera": {
          "head_camera_type": "D435",
          "wrist_camera_type": "D435",
          "collect_head_camera": true,
          "collect_wrist_camera": true
        },
        "data_type": {
          "rgb": true,
          "third_view": false,
          "depth": false,
          "pointcloud": false,
          "observer": false,
          "endpose": false,
          "qpos": true,
          "mesh_segmentation": false,
          "actor_segmentation": false
        },
        "pcd_down_sample_num": 1024,
        "pcd_crop": true,
        "save_path": "./data",
        "clear_cache_freq": 1,
        "collect_data": true,
        "eval_video_log": true
      },
      "rollout_epoch": 1
    },
    "eval": {
      "env_type": "robotwin",
      "total_num_envs": 2,
      "auto_reset": true,
      "ignore_terminations": true,
      "reward_coef": 1.0,
      "use_custom_reward": true,
      "use_rel_reward": true,
      "center_crop": false,
      "seed": 0,
      "group_size": 1,
      "use_fixed_reset_state_ids": true,
      "max_steps_per_rollout_epoch": 200,
      "max_episode_steps": 200,
      "is_eval": true,
      "assets_path": "/root/autodl-tmp/RoboTwin_RLinf",
      "seeds_path": "/root/autodl-tmp/RLinf_qam_pi0_robotwin/rlinf/envs/robotwin/seeds/eval_seeds.json",
      "video_cfg": {
        "save_video": false,
        "info_on_video": true,
        "video_base_dir": "/root/autodl-tmp/experiments/qam_qonly_smoke_20260731_v1/video/eval"
      },
      "enable_offload": false,
      "task_config": {
        "task_name": "adjust_bottle",
        "step_lim": 200,
        "planner_backend": "mplib",
        "render_freq": 0,
        "episode_num": 100,
        "use_seed": false,
        "save_freq": 15,
        "embodiment": [
          "aloha-agilex"
        ],
        "language_num": 100,
        "domain_randomization": {
          "random_background": false,
          "cluttered_table": false,
          "clean_background_rate": 1,
          "random_head_camera_dis": 0,
          "random_table_height": 0,
          "random_light": false,
          "crazy_random_light_rate": 0
        },
        "camera": {
          "head_camera_type": "D435",
          "wrist_camera_type": "D435",
          "collect_head_camera": true,
          "collect_wrist_camera": true
        },
        "data_type": {
          "rgb": true,
          "third_view": false,
          "depth": false,
          "pointcloud": false,
          "observer": false,
          "endpose": false,
          "qpos": true,
          "mesh_segmentation": false,
          "actor_segmentation": false
        },
        "pcd_down_sample_num": 1024,
        "pcd_crop": true,
        "save_path": "./data",
        "clear_cache_freq": 1,
        "collect_data": true,
        "eval_video_log": true
      },
      "rollout_epoch": 1
    },
    "group_name": "EnvGroup",
    "enable_offload": false
  },
  "actor": {
    "model": {
      "model_type": "openpi",
      "model_path": "/root/autodl-tmp/models/rlinf/RLinf-Pi0-RoboTwin-SFT-adjust_bottle",
      "precision": null,
      "num_action_chunks": 20,
      "action_dim": 14,
      "is_lora": false,
      "lora_rank": 32,
      "use_proprio": true,
      "num_steps": 10,
      "add_value_head": false,
      "openpi": {
        "config_name": "pi0_aloha_robotwin",
        "num_images_in_input": 3,
        "noise_level": 0.5,
        "action_chunk": 20,
        "num_steps": 10,
        "train_expert_only": true,
        "action_env_dim": 14,
        "noise_method": "flow_ode",
        "add_value_head": false,
        "detach_critic_input": true,
        "use_dsrl": false,
        "dsrl_state_dim": 8,
        "dsrl_action_noise_dim": 32,
        "dsrl_num_q_heads": 10,
        "dsrl_agg_q": "mean",
        "dsrl_image_latent_dim": 64,
        "dsrl_state_latent_dim": 64,
        "dsrl_hidden_dims": [
          128,
          128,
          128
        ],
        "action_horizon": 50,
        "use_rlt": false,
        "use_qam": true,
        "qam_num_image_blocks": 3,
        "qam_projection_version": "pi0-fixed-prefix-active-v1"
      },
      "openpi_data": {
        "repo_id": "physical-intelligence/robotwin",
        "default_prompt": "adjust the bottle",
        "norm_stats_path": "/root/autodl-tmp/models/rlinf/RLinf-Pi0-RoboTwin-SFT-adjust_bottle/physical-intelligence/robotwin/norm_stats.json"
      }
    },
    "fsdp_config": {
      "strategy": "fsdp",
      "sharding_strategy": "full_shard",
      "gradient_checkpointing": false,
      "cpu_offload": false,
      "offload_pin_memory": false,
      "reshard_after_forward": true,
      "enable_gradient_accumulation": true,
      "forward_prefetch": false,
      "limit_all_gathers": false,
      "backward_prefetch": null,
      "use_orig_params": true,
      "use_liger_kernel": false,
      "mixed_precision": {
        "param_dtype": null,
        "reduce_dtype": null,
        "buffer_dtype": null
      },
      "amp_autocast": {
        "enabled": false,
        "precision": "bf16"
      },
      "grad_scaler": {
        "enabled": false,
        "init_scale": null,
        "growth_interval": null
      },
      "save_full_model_weights": false
    },
    "group_name": "ActorGroup",
    "training_backend": "fsdp",
    "micro_batch_size": 1,
    "global_batch_size": 2,
    "seed": 1234,
    "enable_offload": false,
    "optim": {
      "lr": 2e-05,
      "adam_beta1": 0.9,
      "adam_beta2": 0.999,
      "adam_eps": 1e-08,
      "weight_decay": 0.0,
      "clip_grad": 1.0,
      "total_training_steps": 100000,
      "lr_warmup_steps": 0,
      "lr_scheduler": "constant",
      "num_cycles": 0.5,
      "min_lr": 0.0
    }
  },
  "weight_syncer": {
    "type": "patch",
    "patch": {
      "snapshot_device": "cpu",
      "delta_encoding": true,
      "compression": "none",
      "init_sync": {
        "enabled": true,
        "prefixes": null,
        "bucket_size": 134217728
      }
    }
  },
  "cluster": {
    "num_nodes": 1,
    "component_placement": {
      "actor, env, rollout": "0-1"
    }
  },
  "runner": {
    "task_type": "embodied",
    "use_training_pipeline": false,
    "overlap_env_bootstrap": false,
    "weight_sync_interval": 1,
    "logger": {
      "log_path": "/root/autodl-tmp/experiments/qam_qonly_smoke_20260731_v1",
      "project_name": "rlinf",
      "experiment_name": "robotwin_adjust_bottle_qam_qonly_smoke_20260731_v1",
      "logger_backends": [
        "tensorboard"
      ]
    },
    "max_epochs": 1000,
    "max_steps": 1,
    "only_eval": false,
    "val_check_interval": -1,
    "save_interval": 1,
    "resume_dir": null,
    "ckpt_path": null,
    "per_worker_log": false,
    "per_worker_log_path": null
  },
  "algorithm": {
    "loss_type": "embodied_qam",
    "adv_type": "gae",
    "gamma": 0.99,
    "reward_coef": 1.0,
    "qam": {
      "phase": "q_only",
      "online_only": true,
      "am_evidence_passed": false,
      "task_prompt": "adjust the bottle",
      "flow_steps": 10,
      "gamma_slot": 0.99,
      "rho": 0.5,
      "inv_temp": 0.0,
      "target_tau": 0.005,
      "num_q_heads": 10,
      "critic_hidden_dims": [
        512,
        512,
        512,
        512
      ],
      "critic_lr": 0.0003,
      "critic_adam_beta1": 0.9,
      "critic_adam_beta2": 0.999,
      "critic_adam_eps": 1e-08,
      "critic_grad_clip": 1.0,
      "critic_init_seed": 2726,
      "replay_capacity": 4096,
      "min_replay_per_rank": 1,
      "warmup_global_inserts": 2,
      "utd_ratio": 1.0,
      "max_updates_per_step": 2
    }
  },
  "rollout": {
    "group_name": "RolloutGroup",
    "backend": "huggingface",
    "recompute_logprobs": false,
    "enable_offload": false,
    "pipeline_stage_num": 1,
    "collect_transitions": true,
    "collect_prev_infos": false,
    "model": {
      "model_path": "/root/autodl-tmp/models/rlinf/RLinf-Pi0-RoboTwin-SFT-adjust_bottle",
      "precision": null
    }
  },
  "reward": {
    "use_reward_model": false
  },
  "critic": {
    "use_critic_model": false
  }
}
[INFO 14:57:51 FlexiblePlacementStrategy] 
[INFO 14:57:51 FlexiblePlacementStrategy] Using flexible placement with hardware ranks: [[0], [1]], node groups: ['cluster'].
[INFO 14:57:51 FlexiblePlacementStrategy] Generated 2 placements: [Placement(rank=0, cluster_node_rank=0, placement_node_rank=0, local_accelerator_rank=0, accelerator_type='NV_GPU', local_rank=0, local_world_size=2, visible_accelerators=['0'], isolate_accelerator=True, local_hardware_ranks=[0], node_group_label='cluster'), Placement(rank=1, cluster_node_rank=0, placement_node_rank=0, local_accelerator_rank=1, accelerator_type='NV_GPU', local_rank=1, local_world_size=2, visible_accelerators=['1'], isolate_accelerator=True, local_hardware_ranks=[1], node_group_label='cluster')].
[INFO 14:57:51 FlexiblePlacementStrategy] Generated 2 placements: [Placement(rank=0, cluster_node_rank=0, placement_node_rank=0, local_accelerator_rank=0, accelerator_type='NV_GPU', local_rank=0, local_world_size=2, visible_accelerators=['0'], isolate_accelerator=True, local_hardware_ranks=[0], node_group_label='cluster'), Placement(rank=1, cluster_node_rank=0, placement_node_rank=0, local_accelerator_rank=1, accelerator_type='NV_GPU', local_rank=1, local_world_size=2, visible_accelerators=['1'], isolate_accelerator=True, local_hardware_ranks=[1], node_group_label='cluster')].
[INFO 14:57:51 FlexiblePlacementStrategy] Generated 2 placements: [Placement(rank=0, cluster_node_rank=0, placement_node_rank=0, local_accelerator_rank=0, accelerator_type='NV_GPU', local_rank=0, local_world_size=2, visible_accelerators=['0'], isolate_accelerator=True, local_hardware_ranks=[0], node_group_label='cluster'), Placement(rank=1, cluster_node_rank=0, placement_node_rank=0, local_accelerator_rank=1, accelerator_type='NV_GPU', local_rank=1, local_world_size=2, visible_accelerators=['1'], isolate_accelerator=True, local_hardware_ranks=[1], node_group_label='cluster')].
[INFO 14:57:51 NodePlacementStrategy] 
[INFO 14:57:51 NodePlacementStrategy] Using node placement with node ranks: [0], node groups: ['node'].
[INFO 14:57:51 NodePlacementStrategy] Generated 1 placements: [Placement(rank=0, cluster_node_rank=0, placement_node_rank=0, local_accelerator_rank='0', accelerator_type='NV_GPU', local_rank=0, local_world_size=1, visible_accelerators=['0', '1'], isolate_accelerator=True, local_hardware_ranks=[], node_group_label='cluster')].
[INFO 14:57:51 NodePlacementStrategy] 
[INFO 14:57:51 NodePlacementStrategy] Using node placement with node ranks: [0], node groups: ['node'].
[INFO 14:57:51 NodePlacementStrategy] Generated 1 placements: [Placement(rank=0, cluster_node_rank=0, placement_node_rank=0, local_accelerator_rank='0', accelerator_type='NV_GPU', local_rank=0, local_world_size=1, visible_accelerators=['0', '1'], isolate_accelerator=True, local_hardware_ranks=[], node_group_label='cluster')].
[INFO 14:57:51 NodePlacementStrategy] 
[INFO 14:57:51 NodePlacementStrategy] Using node placement with node ranks: [0], node groups: ['node'].
[INFO 14:57:51 NodePlacementStrategy] Generated 1 placements: [Placement(rank=0, cluster_node_rank=0, placement_node_rank=0, local_accelerator_rank='0', accelerator_type='NV_GPU', local_rank=0, local_world_size=1, visible_accelerators=['0', '1'], isolate_accelerator=True, local_hardware_ranks=[], node_group_label='cluster')].
[36m(MultiStepRolloutWorker pid=85520)[0m [INFO 14:57:55 FlexiblePlacementStrategy] 
[36m(MultiStepRolloutWorker pid=85520)[0m [INFO 14:57:55 FlexiblePlacementStrategy] Using flexible placement with hardware ranks: [[0], [1]], node groups: ['cluster'].
[36m(MultiStepRolloutWorker pid=85532)[0m [INFO 14:57:55 FlexiblePlacementStrategy] 
[36m(MultiStepRolloutWorker pid=85532)[0m [INFO 14:57:55 FlexiblePlacementStrategy] Using flexible placement with hardware ranks: [[0], [1]], node groups: ['cluster'].
[36m(pid=85536)[0m WARNING: All log messages before absl::InitializeLog() is called are written to STDERR
[36m(pid=85536)[0m I0000 00:00:1785481075.715139   85536 port.cc:153] oneDNN custom operations are on. You may see slightly different numerical results due to floating-point round-off errors from different computation orders. To turn them off, set the environment variable `TF_ENABLE_ONEDNN_OPTS=0`.
[36m(pid=85538)[0m WARNING: All log messages before absl::InitializeLog() is called are written to STDERR
[36m(pid=85538)[0m I0000 00:00:1785481075.857392   85538 port.cc:153] oneDNN custom operations are on. You may see slightly different numerical results due to floating-point round-off errors from different computation orders. To turn them off, set the environment variable `TF_ENABLE_ONEDNN_OPTS=0`.
[36m(QAMFSDPPolicy pid=85505)[0m [WARNING 14:57:57 ActorGroup-Rank-0][fsdp_model_manager.py:70] Provided there is sufficient GPU memory, set the actor.model.precision parameter to fp32 to allow the optimizer to run in fp32 for better convergence. Meanwhile, setting mixed_precision.param_dtype to 16-bit dtype can help maximize speed, as it will automatically convert fp32 to fp16 during operator execution.
[36m(QAMFSDPPolicy pid=85510)[0m [WARNING 14:57:57 ActorGroup-Rank-1][fsdp_model_manager.py:70] Provided there is sufficient GPU memory, set the actor.model.precision parameter to fp32 to allow the optimizer to run in fp32 for better convergence. Meanwhile, setting mixed_precision.param_dtype to 16-bit dtype can help maximize speed, as it will automatically convert fp32 to fp16 during operator execution.
[36m(RolloutGroup(rank=0) pid=85520)[0m WARNING: All log messages before absl::InitializeLog() is called are written to STDERR
[36m(RolloutGroup(rank=0) pid=85520)[0m I0000 00:00:1785481077.231586   86489 port.cc:153] oneDNN custom operations are on. You may see slightly different numerical results due to floating-point round-off errors from different computation orders. To turn them off, set the environment variable `TF_ENABLE_ONEDNN_OPTS=0`.
[36m(pid=85536)[0m WARNING: All log messages before absl::InitializeLog() is called are written to STDERR
[36m(pid=85536)[0m I0000 00:00:1785481077.229978   85536 port.cc:153] oneDNN custom operations are on. You may see slightly different numerical results due to floating-point round-off errors from different computation orders. To turn them off, set the environment variable `TF_ENABLE_ONEDNN_OPTS=0`.
[36m(RolloutGroup(rank=1) pid=85532)[0m WARNING: All log messages before absl::InitializeLog() is called are written to STDERR
[36m(RolloutGroup(rank=1) pid=85532)[0m I0000 00:00:1785481077.265066   86491 port.cc:153] oneDNN custom operations are on. You may see slightly different numerical results due to floating-point round-off errors from different computation orders. To turn them off, set the environment variable `TF_ENABLE_ONEDNN_OPTS=0`.
[36m(pid=85538)[0m WARNING: All log messages before absl::InitializeLog() is called are written to STDERR
[36m(pid=85538)[0m I0000 00:00:1785481077.435954   85538 port.cc:153] oneDNN custom operations are on. You may see slightly different numerical results due to floating-point round-off errors from different computation orders. To turn them off, set the environment variable `TF_ENABLE_ONEDNN_OPTS=0`.
[36m(QAMFSDPPolicy pid=85505)[0m [INFO 14:57:57 ActorGroup-Rank-0][fsdp_model_manager.py:124] [FSDP] AMP is disabled.
[36m(QAMFSDPPolicy pid=85505)[0m [INFO 14:57:57 FlexiblePlacementStrategy] 
[36m(QAMFSDPPolicy pid=85505)[0m [INFO 14:57:57 FlexiblePlacementStrategy] Using flexible placement with hardware ranks: [[0], [1]], node groups: ['cluster'].
[36m(QAMFSDPPolicy pid=85510)[0m [INFO 14:57:57 ActorGroup-Rank-1][fsdp_model_manager.py:124] [FSDP] AMP is disabled.
[36m(QAMFSDPPolicy pid=85510)[0m [INFO 14:57:57 FlexiblePlacementStrategy] 
[36m(QAMFSDPPolicy pid=85510)[0m [INFO 14:57:57 FlexiblePlacementStrategy] Using flexible placement with hardware ranks: [[0], [1]], node groups: ['cluster'].
[36m(RolloutGroup(rank=0) pid=85520)[0m WARNING: All log messages before absl::InitializeLog() is called are written to STDERR
[36m(RolloutGroup(rank=0) pid=85520)[0m I0000 00:00:1785481078.650295   86489 port.cc:153] oneDNN custom operations are on. You may see slightly different numerical results due to floating-point round-off errors from different computation orders. To turn them off, set the environment variable `TF_ENABLE_ONEDNN_OPTS=0`.
[36m(RolloutGroup(rank=1) pid=85532)[0m WARNING: All log messages before absl::InitializeLog() is called are written to STDERR
[36m(RolloutGroup(rank=1) pid=85532)[0m I0000 00:00:1785481078.665250   86491 port.cc:153] oneDNN custom operations are on. You may see slightly different numerical results due to floating-point round-off errors from different computation orders. To turn them off, set the environment variable `TF_ENABLE_ONEDNN_OPTS=0`.
[36m(EnvWorker pid=85536)[0m [INFO 14:57:58 FlexiblePlacementStrategy] 
[36m(EnvWorker pid=85536)[0m [INFO 14:57:58 FlexiblePlacementStrategy] Using flexible placement with hardware ranks: [[0], [1]], node groups: ['cluster'].
[36m(EnvWorker pid=85538)[0m [INFO 14:57:58 FlexiblePlacementStrategy] 
[36m(EnvWorker pid=85538)[0m [INFO 14:57:58 FlexiblePlacementStrategy] Using flexible placement with hardware ranks: [[0], [1]], node groups: ['cluster'].
[36m(RolloutGroup(rank=0) pid=85520)[0m INFO:datasets:PyTorch version 2.6.0 available.
[36m(RolloutGroup(rank=0) pid=85520)[0m INFO:datasets:Polars version 1.41.2 available.
[36m(RolloutGroup(rank=0) pid=85520)[0m INFO:datasets:TensorFlow version 2.21.0 available.
[36m(RolloutGroup(rank=0) pid=85520)[0m INFO:datasets:JAX version 0.5.3 available.
[36m(RolloutGroup(rank=1) pid=85532)[0m INFO:datasets:PyTorch version 2.6.0 available.
[36m(RolloutGroup(rank=1) pid=85532)[0m INFO:datasets:Polars version 1.41.2 available.
[36m(RolloutGroup(rank=1) pid=85532)[0m INFO:datasets:TensorFlow version 2.21.0 available.
[36m(RolloutGroup(rank=1) pid=85532)[0m INFO:datasets:JAX version 0.5.3 available.
[36m(EnvGroup(rank=0) pid=85536)[0m /root/autodl-tmp/RLinf/.venv/lib/python3.11/site-packages/sapien/_vulkan_tricks.py:73: UserWarning: Failed to find Vulkan ICD file. This is probably due to an incorrect or partial installation of the NVIDIA driver. SAPIEN will attempt to provide an ICD file anyway but it may not work.
[36m(EnvGroup(rank=0) pid=85536)[0m   warn(
[36m(EnvGroup(rank=1) pid=85538)[0m /root/autodl-tmp/RLinf/.venv/lib/python3.11/site-packages/sapien/_vulkan_tricks.py:73: UserWarning: Failed to find Vulkan ICD file. This is probably due to an incorrect or partial installation of the NVIDIA driver. SAPIEN will attempt to provide an ICD file anyway but it may not work.
[36m(EnvGroup(rank=1) pid=85538)[0m   warn(
[36m(EnvGroup(rank=1) pid=85538)[0m [planner.py]: Something wrong happened when importing CuroboPlanner! Please check if Curobo is installed correctly. If the problem still exists, you can install Curobo from https://github.com/NVlabs/curobo manually.
[36m(EnvGroup(rank=1) pid=85538)[0m Exception traceback:
[36m(EnvGroup(rank=1) pid=85538)[0m missing pytorch3d
[36m(EnvGroup(rank=1) pid=85538)[0m Traceback (most recent call last):
[36m(EnvGroup(rank=1) pid=85538)[0m   File "/root/autodl-tmp/RoboTwin_RLinf/envs/robot/planner.py", line 297, in <module>
[36m(EnvGroup(rank=1) pid=85538)[0m     from curobo.types.math import Pose as CuroboPose
[36m(EnvGroup(rank=1) pid=85538)[0m ModuleNotFoundError: No module named 'curobo.types.math'; 'curobo.types' is not a package
[36m(EnvGroup(rank=0) pid=85536)[0m [planner.py]: Something wrong happened when importing CuroboPlanner! Please check if Curobo is installed correctly. If the problem still exists, you can install Curobo from https://github.com/NVlabs/curobo manually.
[36m(EnvGroup(rank=0) pid=85536)[0m Exception traceback:
[36m(EnvGroup(rank=0) pid=85536)[0m missing pytorch3d
[36m(EnvGroup(rank=0) pid=85536)[0m Traceback (most recent call last):
[36m(EnvGroup(rank=0) pid=85536)[0m   File "/root/autodl-tmp/RoboTwin_RLinf/envs/robot/planner.py", line 297, in <module>
[36m(EnvGroup(rank=0) pid=85536)[0m     from curobo.types.math import Pose as CuroboPose
[36m(EnvGroup(rank=0) pid=85536)[0m ModuleNotFoundError: No module named 'curobo.types.math'; 'curobo.types' is not a package
[36m(RolloutGroup(rank=0) pid=85520)[0m [INFO 14:58:54 RolloutGroup-Rank-0][openpi_action_model.py:1818] [FREEZE_VLM] QAM B1 mode: froze the complete base π0; F1 trainable parameters=314,713,120
[36m(RolloutGroup(rank=0) pid=85520)[0m INFO:root:Loaded norm stats from /root/autodl-tmp/models/rlinf/RLinf-Pi0-RoboTwin-SFT-adjust_bottle/physical-intelligence/robotwin
[36m(RolloutGroup(rank=1) pid=85532)[0m [INFO 14:58:56 RolloutGroup-Rank-1][openpi_action_model.py:1818] [FREEZE_VLM] QAM B1 mode: froze the complete base π0; F1 trainable parameters=314,713,120
[36m(RolloutGroup(rank=1) pid=85532)[0m INFO:root:Loaded norm stats from /root/autodl-tmp/models/rlinf/RLinf-Pi0-RoboTwin-SFT-adjust_bottle/physical-intelligence/robotwin
[36m(ActorGroup(rank=0) pid=85505)[0m WARNING: All log messages before absl::InitializeLog() is called are written to STDERR
[36m(ActorGroup(rank=0) pid=85505)[0m I0000 00:00:1785481140.845445   86520 port.cc:153] oneDNN custom operations are on. You may see slightly different numerical results due to floating-point round-off errors from different computation orders. To turn them off, set the environment variable `TF_ENABLE_ONEDNN_OPTS=0`.
[36m(ActorGroup(rank=1) pid=85510)[0m WARNING: All log messages before absl::InitializeLog() is called are written to STDERR
[36m(ActorGroup(rank=1) pid=85510)[0m I0000 00:00:1785481140.845446   86518 port.cc:153] oneDNN custom operations are on. You may see slightly different numerical results due to floating-point round-off errors from different computation orders. To turn them off, set the environment variable `TF_ENABLE_ONEDNN_OPTS=0`.
[36m(ActorGroup(rank=0) pid=85505)[0m WARNING: All log messages before absl::InitializeLog() is called are written to STDERR
[36m(ActorGroup(rank=0) pid=85505)[0m I0000 00:00:1785481141.999380   86520 port.cc:153] oneDNN custom operations are on. You may see slightly different numerical results due to floating-point round-off errors from different computation orders. To turn them off, set the environment variable `TF_ENABLE_ONEDNN_OPTS=0`.
[36m(ActorGroup(rank=1) pid=85510)[0m WARNING: All log messages before absl::InitializeLog() is called are written to STDERR
[36m(ActorGroup(rank=1) pid=85510)[0m I0000 00:00:1785481141.999381   86518 port.cc:153] oneDNN custom operations are on. You may see slightly different numerical results due to floating-point round-off errors from different computation orders. To turn them off, set the environment variable `TF_ENABLE_ONEDNN_OPTS=0`.
[36m(ActorGroup(rank=0) pid=85505)[0m INFO:datasets:PyTorch version 2.6.0 available.
[36m(ActorGroup(rank=0) pid=85505)[0m INFO:datasets:Polars version 1.41.2 available.
[36m(ActorGroup(rank=0) pid=85505)[0m INFO:datasets:TensorFlow version 2.21.0 available.
[36m(ActorGroup(rank=0) pid=85505)[0m INFO:datasets:JAX version 0.5.3 available.
[36m(ActorGroup(rank=1) pid=85510)[0m INFO:datasets:PyTorch version 2.6.0 available.
[36m(ActorGroup(rank=1) pid=85510)[0m INFO:datasets:Polars version 1.41.2 available.
[36m(ActorGroup(rank=1) pid=85510)[0m INFO:datasets:TensorFlow version 2.21.0 available.
[36m(ActorGroup(rank=1) pid=85510)[0m INFO:datasets:JAX version 0.5.3 available.
[36m(ActorGroup(rank=0) pid=85505)[0m [INFO 14:59:56 ActorGroup-Rank-0][openpi_action_model.py:1818] [FREEZE_VLM] QAM B1 mode: froze the complete base π0; F1 trainable parameters=314,713,120
[36m(ActorGroup(rank=1) pid=85510)[0m [INFO 14:59:56 ActorGroup-Rank-1][openpi_action_model.py:1818] [FREEZE_VLM] QAM B1 mode: froze the complete base π0; F1 trainable parameters=314,713,120
[36m(ActorGroup(rank=0) pid=85505)[0m INFO:root:Loaded norm stats from /root/autodl-tmp/models/rlinf/RLinf-Pi0-RoboTwin-SFT-adjust_bottle/physical-intelligence/robotwin
[36m(ActorGroup(rank=1) pid=85510)[0m INFO:root:Loaded norm stats from /root/autodl-tmp/models/rlinf/RLinf-Pi0-RoboTwin-SFT-adjust_bottle/physical-intelligence/robotwin
[36m(ActorGroup(rank=0) pid=85505)[0m [INFO 14:59:59 ActorGroup-Rank-0][fsdp_model_manager.py:282] [FSDP] Gradient checkpointing is disabled
[36m(ActorGroup(rank=1) pid=85510)[0m [INFO 14:59:59 ActorGroup-Rank-1][fsdp_model_manager.py:282] [FSDP] Gradient checkpointing is disabled
[36m(RolloutGroup(rank=0) pid=85520)[0m Generating Rollout Epochs:   0%|          | 0/1 [00:00<?, ?it/s]
[36m(RolloutGroup(rank=0) pid=85520)[0m Generating Rollout Epochs: 100%|██████████| 1/1 [00:18<00:00, 18.87s/it]Generating Rollout Epochs: 100%|██████████| 1/1 [00:18<00:00, 18.87s/it]
[INFO 15:00:26 RLinf] Saving checkpoint at step 1.

╭──────────────────────────────────────────────────────────────────────────────────────────────────────────────────────╮
├──────────────────────────────────────────────────── Metric Table ────────────────────────────────────────────────────┤
│ Global Step:    1/1 │ Progress: ████████████████████████████████████████ │ 100.0%                                    │
│ Elapsed: 00:42 │ ETA: 00:00 │ Step Time: 42.753s                                                                     │
├──────────────────────────────────────────────────────── Time ────────────────────────────────────────────────────────┤
│                                                                                                                      │
│actor/actor/recv_traj=20.426           │actor/actor/sync_model_to_rollout=2.802│actor/run_training=2.564              │
│cal_adv_and_returns=0.0029             │env/compute_bootstrap_rewards=9.54e-04 │env/env/bootstrap_step=7.008          │
│env/env/send_rollout_trajectories=0.719│env/env_interact_step=7.829            │env/interact=19.572                   │
│env/run_interact_once=19.572           │generate_rollouts=20.526               │rollout/generate_one_epoch=18.872     │
│rollout/predict=3.419                  │rollout/rollout/generate=18.873        │step=42.736                           │
│sync_weights=3.274                     │                                       │                                      │
│                                                                                                                      │
├──────────────────────────────────────────────────── Environment ─────────────────────────────────────────────────────┤
│                                                                                                                      │
│episode_len=200.0                      │num_trajectories=2                     │return=0.0                            │
│reward=0.0                             │success_once=0.0                       │                                      │
│                                                                                                                      │
├────────────────────────────────────────────────────── Rollout ───────────────────────────────────────────────────────┤
│                                                                                                                      │
│qam/global_inserts=20.000              │qam/global_total_inserts=20.000        │qam/local_inserts=10.000              │
│qam/local_replay_size=10.000           │                                       │                                      │
│                                                                                                                      │
├─────────────────────────────────────────────────── Training/Other ───────────────────────────────────────────────────┤
│                                                                                                                      │
│qam/critic_grad_norm=286.3             │qam/critic_loss=23.505                 │qam/critic_updates=2.000              │
│qam/fine_policy_version=0.0000         │qam/fine_updates=0.0000                │qam/global_inserts=20.000             │
│qam/global_total_inserts=20.000        │qam/local_inserts=10.000               │qam/local_replay_size=10.000          │
│qam/pending_update_credit=18.000       │qam/phase=1.000                        │qam/q_mean=-1.992                     │
│qam/q_only_anchor_global_inserts=0.0000│qam/q_std_heads=3.610                  │qam/replay_ready=1.000                │
│qam/td_target_mean=-0.822              │qam/updates_run=2.000                  │                                      │
│                                                                                                                      │
╰──────────────────────────────────────────────────────────────────────────────────────────────────────────────────────╯

