:job_id:01000000
:actor_name:EmbodiedSACFSDPPolicy
[WARNING 18:54:35 ActorGroup-Rank-0][fsdp_model_manager.py:70] Provided there is sufficient GPU memory, set the actor.model.precision parameter to fp32 to allow the optimizer to run in fp32 for better convergence. Meanwhile, setting mixed_precision.param_dtype to 16-bit dtype can help maximize speed, as it will automatically convert fp32 to fp16 during operator execution.
[INFO 18:54:35 ActorGroup-Rank-0][fsdp_model_manager.py:124] [FSDP] AMP is disabled.
:actor_name:ActorGroup(rank=0)
[INFO 18:56:46 ActorGroup-Rank-0][openpi_action_model.py:1473] [FREEZE_VLM] DSRL mode: freezing gemma_expert parameters
[INFO 18:56:46 ActorGroup-Rank-0][openpi_action_model.py:1483] [FREEZE_VLM] DSRL mode: freezing projection layers (used in rollout/eval but not optimized)
[INFO 18:56:46 ActorGroup-Rank-0][openpi_action_model.py:1506]   Froze: action_in_proj.weight
[INFO 18:56:46 ActorGroup-Rank-0][openpi_action_model.py:1506]   Froze: action_in_proj.bias
[INFO 18:56:46 ActorGroup-Rank-0][openpi_action_model.py:1506]   Froze: action_out_proj.weight
[INFO 18:56:46 ActorGroup-Rank-0][openpi_action_model.py:1506]   Froze: action_out_proj.bias
[INFO 18:56:46 ActorGroup-Rank-0][openpi_action_model.py:1506]   Froze: state_proj.weight
[INFO 18:56:46 ActorGroup-Rank-0][openpi_action_model.py:1506]   Froze: state_proj.bias
[INFO 18:56:46 ActorGroup-Rank-0][openpi_action_model.py:1506]   Froze: action_time_mlp_in.weight
[INFO 18:56:46 ActorGroup-Rank-0][openpi_action_model.py:1506]   Froze: action_time_mlp_in.bias
[INFO 18:56:46 ActorGroup-Rank-0][openpi_action_model.py:1506]   Froze: action_time_mlp_out.weight
[INFO 18:56:46 ActorGroup-Rank-0][openpi_action_model.py:1506]   Froze: action_time_mlp_out.bias
[INFO 18:57:42 ActorGroup-Rank-0][openpi_action_model.py:1473] [FREEZE_VLM] DSRL mode: freezing gemma_expert parameters
[INFO 18:57:42 ActorGroup-Rank-0][openpi_action_model.py:1483] [FREEZE_VLM] DSRL mode: freezing projection layers (used in rollout/eval but not optimized)
[INFO 18:57:42 ActorGroup-Rank-0][openpi_action_model.py:1506]   Froze: action_in_proj.weight
[INFO 18:57:42 ActorGroup-Rank-0][openpi_action_model.py:1506]   Froze: action_in_proj.bias
[INFO 18:57:42 ActorGroup-Rank-0][openpi_action_model.py:1506]   Froze: action_out_proj.weight
[INFO 18:57:42 ActorGroup-Rank-0][openpi_action_model.py:1506]   Froze: action_out_proj.bias
[INFO 18:57:42 ActorGroup-Rank-0][openpi_action_model.py:1506]   Froze: state_proj.weight
[INFO 18:57:42 ActorGroup-Rank-0][openpi_action_model.py:1506]   Froze: state_proj.bias
[INFO 18:57:42 ActorGroup-Rank-0][openpi_action_model.py:1506]   Froze: action_time_mlp_in.weight
[INFO 18:57:42 ActorGroup-Rank-0][openpi_action_model.py:1506]   Froze: action_time_mlp_in.bias
[INFO 18:57:42 ActorGroup-Rank-0][openpi_action_model.py:1506]   Froze: action_time_mlp_out.weight
[INFO 18:57:42 ActorGroup-Rank-0][openpi_action_model.py:1506]   Froze: action_time_mlp_out.bias
[INFO 18:57:45 ActorGroup-Rank-0][fsdp_sac_policy_worker.py:103] [FSDP] Gradient checkpointing is disabled
[INFO 18:58:40 ActorGroup-Rank-0][fsdp_sac_policy_worker.py:962] DSRL replay warm-up: 40 < 500 global transitions
[INFO 18:59:18 ActorGroup-Rank-0][fsdp_sac_policy_worker.py:962] DSRL replay warm-up: 80 < 500 global transitions
[INFO 18:59:57 ActorGroup-Rank-0][fsdp_sac_policy_worker.py:962] DSRL replay warm-up: 116 < 500 global transitions
[INFO 19:00:35 ActorGroup-Rank-0][fsdp_sac_policy_worker.py:962] DSRL replay warm-up: 156 < 500 global transitions
[INFO 19:01:15 ActorGroup-Rank-0][fsdp_sac_policy_worker.py:962] DSRL replay warm-up: 196 < 500 global transitions
[INFO 19:01:54 ActorGroup-Rank-0][fsdp_sac_policy_worker.py:962] DSRL replay warm-up: 236 < 500 global transitions
[INFO 19:02:34 ActorGroup-Rank-0][fsdp_sac_policy_worker.py:962] DSRL replay warm-up: 276 < 500 global transitions
[INFO 19:03:12 ActorGroup-Rank-0][fsdp_sac_policy_worker.py:962] DSRL replay warm-up: 316 < 500 global transitions
[INFO 19:03:51 ActorGroup-Rank-0][fsdp_sac_policy_worker.py:962] DSRL replay warm-up: 356 < 500 global transitions
[INFO 19:04:31 ActorGroup-Rank-0][fsdp_sac_policy_worker.py:962] DSRL replay warm-up: 396 < 500 global transitions
[INFO 19:05:11 ActorGroup-Rank-0][fsdp_sac_policy_worker.py:962] DSRL replay warm-up: 432 < 500 global transitions
[INFO 19:05:50 ActorGroup-Rank-0][fsdp_sac_policy_worker.py:962] DSRL replay warm-up: 472 < 500 global transitions
