:job_id:01000000
:actor_name:EmbodiedSACFSDPPolicy
[WARNING 18:54:35 ActorGroup-Rank-1][fsdp_model_manager.py:70] Provided there is sufficient GPU memory, set the actor.model.precision parameter to fp32 to allow the optimizer to run in fp32 for better convergence. Meanwhile, setting mixed_precision.param_dtype to 16-bit dtype can help maximize speed, as it will automatically convert fp32 to fp16 during operator execution.
[INFO 18:54:35 ActorGroup-Rank-1][fsdp_model_manager.py:124] [FSDP] AMP is disabled.
:actor_name:ActorGroup(rank=1)
[INFO 18:56:48 ActorGroup-Rank-1][openpi_action_model.py:1473] [FREEZE_VLM] DSRL mode: freezing gemma_expert parameters
[INFO 18:56:48 ActorGroup-Rank-1][openpi_action_model.py:1483] [FREEZE_VLM] DSRL mode: freezing projection layers (used in rollout/eval but not optimized)
[INFO 18:56:48 ActorGroup-Rank-1][openpi_action_model.py:1506]   Froze: action_in_proj.weight
[INFO 18:56:48 ActorGroup-Rank-1][openpi_action_model.py:1506]   Froze: action_in_proj.bias
[INFO 18:56:48 ActorGroup-Rank-1][openpi_action_model.py:1506]   Froze: action_out_proj.weight
[INFO 18:56:48 ActorGroup-Rank-1][openpi_action_model.py:1506]   Froze: action_out_proj.bias
[INFO 18:56:48 ActorGroup-Rank-1][openpi_action_model.py:1506]   Froze: state_proj.weight
[INFO 18:56:48 ActorGroup-Rank-1][openpi_action_model.py:1506]   Froze: state_proj.bias
[INFO 18:56:48 ActorGroup-Rank-1][openpi_action_model.py:1506]   Froze: action_time_mlp_in.weight
[INFO 18:56:48 ActorGroup-Rank-1][openpi_action_model.py:1506]   Froze: action_time_mlp_in.bias
[INFO 18:56:48 ActorGroup-Rank-1][openpi_action_model.py:1506]   Froze: action_time_mlp_out.weight
[INFO 18:56:48 ActorGroup-Rank-1][openpi_action_model.py:1506]   Froze: action_time_mlp_out.bias
[INFO 18:57:45 ActorGroup-Rank-1][openpi_action_model.py:1473] [FREEZE_VLM] DSRL mode: freezing gemma_expert parameters
[INFO 18:57:45 ActorGroup-Rank-1][openpi_action_model.py:1483] [FREEZE_VLM] DSRL mode: freezing projection layers (used in rollout/eval but not optimized)
[INFO 18:57:45 ActorGroup-Rank-1][openpi_action_model.py:1506]   Froze: action_in_proj.weight
[INFO 18:57:45 ActorGroup-Rank-1][openpi_action_model.py:1506]   Froze: action_in_proj.bias
[INFO 18:57:45 ActorGroup-Rank-1][openpi_action_model.py:1506]   Froze: action_out_proj.weight
[INFO 18:57:45 ActorGroup-Rank-1][openpi_action_model.py:1506]   Froze: action_out_proj.bias
[INFO 18:57:45 ActorGroup-Rank-1][openpi_action_model.py:1506]   Froze: state_proj.weight
[INFO 18:57:45 ActorGroup-Rank-1][openpi_action_model.py:1506]   Froze: state_proj.bias
[INFO 18:57:45 ActorGroup-Rank-1][openpi_action_model.py:1506]   Froze: action_time_mlp_in.weight
[INFO 18:57:45 ActorGroup-Rank-1][openpi_action_model.py:1506]   Froze: action_time_mlp_in.bias
[INFO 18:57:45 ActorGroup-Rank-1][openpi_action_model.py:1506]   Froze: action_time_mlp_out.weight
[INFO 18:57:45 ActorGroup-Rank-1][openpi_action_model.py:1506]   Froze: action_time_mlp_out.bias
[INFO 18:57:48 ActorGroup-Rank-1][fsdp_sac_policy_worker.py:103] [FSDP] Gradient checkpointing is disabled
