
╭──────────────────────────────────────────────────────────────────────────────────────────────────────────────────────╮
├──────────────────────────────────────────────────── Metric Table ────────────────────────────────────────────────────┤
│ Global Step:    1/100 │ Progress: ░░░░░░░░░░░░░░░░░░░░░░░░░░░░░░░░░░░░░░░░ │   1.0%                                  │
│ Elapsed: 13:18 │ ETA: 21:56:44 │ Step Time: 798.027s                                                                 │
├──────────────────────────────────────────────────────── Time ────────────────────────────────────────────────────────┤
│                                                                                                                      │
│actor/actor/compute_adv=0.036          │actor/actor/recv_traj=770.8            │actor/actor/sync_model_to_rollout=8.3…│
│actor/run_training=15.450              │actor_training=15.457                  │cal_adv_and_returns=0.043             │
│env/compute_bootstrap_rewards=0.0039   │env/env/bootstrap_step=551.2           │env/env/send_rollout_trajectories=0.8…│
│env/env_interact_step=204.0            │env/interact=770.0                     │env/run_interact_once=770.0           │
│generate_rollouts=774.1                │rollout/generate_one_epoch=767.7       │rollout/predict=10.491                │
│rollout/rollout/generate=774.1         │rollout/sync_model_from_actor=7.758    │step=798.0                            │
│sync_weights=8.317                     │                                       │                                      │
│                                                                                                                      │
├──────────────────────────────────────────────────── Environment ─────────────────────────────────────────────────────┤
│                                                                                                                      │
│episode_len=200.0                      │num_trajectories=256                   │return=0.7109375                      │
│reward=0.0035546874                    │success_once=0.7109375                 │                                      │
│                                                                                                                      │
├────────────────────────────────────────────────────── Rollout ───────────────────────────────────────────────────────┤
│                                                                                                                      │
│advantages_max=2.475                   │advantages_mean=-0.122                 │advantages_min=-2.475                 │
│rewards=0.0037                         │                                       │                                      │
│                                                                                                                      │
├─────────────────────────────────────────────────── Training/Actor ───────────────────────────────────────────────────┤
│                                                                                                                      │
│actor/approx_kl=0.259                  │actor/clip_fraction=0.196              │actor/clipped_ratio=0.974             │
│actor/dual_cliped_ratio=0.0000         │actor/dvac_current_mean=-4.413         │actor/dvac_current_std=0.684          │
│actor/dvac_history_mean=0.0000         │actor/dvac_history_std=0.0000          │actor/dvac_warmup=1.000               │
│actor/dvac_weight_ess_fraction=1.000   │actor/dvac_weight_mean=1.000           │actor/dvac_weight_sq_mean=1.000       │
│actor/dvac_z_high_clip_fraction=0.0000 │actor/dvac_z_low_clip_fraction=0.0000  │actor/entropy_loss=0.0000             │
│actor/grad_norm=45.992                 │actor/lr=5.60e-06                      │actor/policy_loss=0.015               │
│actor/policy_loss_abs=0.534            │actor/ratio=1.115                      │actor/ratio_abs=0.426                 │
│actor/total_loss=0.0038                │                                       │                                      │
│                                                                                                                      │
╰──────────────────────────────────────────────────────────────────────────────────────────────────────────────────────╯


╭──────────────────────────────────────────────────────────────────────────────────────────────────────────────────────╮
├──────────────────────────────────────────────────── Metric Table ────────────────────────────────────────────────────┤
│ Global Step:    2/100 │ Progress: ░░░░░░░░░░░░░░░░░░░░░░░░░░░░░░░░░░░░░░░░ │   2.0%                                  │
│ Elapsed: 26:06 │ ETA: 21:19:22 │ Step Time: 783.289s                                                                 │
├──────────────────────────────────────────────────────── Time ────────────────────────────────────────────────────────┤
│                                                                                                                      │
│actor/actor/compute_adv=0.010          │actor/actor/recv_traj=747.2            │actor/actor/sync_model_to_rollout=2.1…│
│actor/run_training=14.653              │actor_training=14.658                  │cal_adv_and_returns=0.018             │
│env/compute_bootstrap_rewards=0.0036   │env/env/bootstrap_step=545.8           │env/env/send_rollout_trajectories=0.7…│
│env/env_interact_step=189.2            │env/interact=746.8                     │env/run_interact_once=746.8           │
│generate_rollouts=751.0                │rollout/generate_one_epoch=744.6       │rollout/predict=9.608                 │
│rollout/rollout/generate=751.0         │rollout/sync_model_from_actor=2.790    │step=768.5                            │
│sync_weights=2.794                     │                                       │                                      │
│                                                                                                                      │
├──────────────────────────────────────────────────── Environment ─────────────────────────────────────────────────────┤
│                                                                                                                      │
│episode_len=200.0                      │num_trajectories=256                   │return=0.7734375                      │
│reward=0.0038671873                    │success_once=0.7734375                 │                                      │
│                                                                                                                      │
├────────────────────────────────────────────────────── Rollout ───────────────────────────────────────────────────────┤
│                                                                                                                      │
│advantages_max=1.208                   │advantages_mean=-0.118                 │advantages_min=-2.475                 │
│rewards=0.0043                         │                                       │                                      │
│                                                                                                                      │
├─────────────────────────────────────────────────── Training/Actor ───────────────────────────────────────────────────┤
│                                                                                                                      │
│actor/approx_kl=0.064                  │actor/clip_fraction=0.169              │actor/clipped_ratio=0.987             │
│actor/dual_cliped_ratio=0.0000         │actor/dvac_current_mean=-4.379         │actor/dvac_current_std=0.648          │
│actor/dvac_history_mean=-4.413         │actor/dvac_history_std=0.684           │actor/dvac_warmup=0.0000              │
│actor/dvac_weight_ess_fraction=0.842   │actor/dvac_weight_mean=1.014           │actor/dvac_weight_sq_mean=1.221       │
│actor/dvac_z_high_clip_fraction=0.028  │actor/dvac_z_low_clip_fraction=0.0042  │actor/entropy_loss=0.0000             │
│actor/grad_norm=44.690                 │actor/lr=5.60e-06                      │actor/policy_loss=0.0046              │
│actor/policy_loss_abs=0.501            │actor/ratio=1.028                      │actor/ratio_abs=0.221                 │
│actor/total_loss=0.0011                │                                       │                                      │
│                                                                                                                      │
╰──────────────────────────────────────────────────────────────────────────────────────────────────────────────────────╯


╭──────────────────────────────────────────────────────────────────────────────────────────────────────────────────────╮
├──────────────────────────────────────────────────── Metric Table ────────────────────────────────────────────────────┤
│ Global Step:    3/100 │ Progress: █░░░░░░░░░░░░░░░░░░░░░░░░░░░░░░░░░░░░░░░ │   3.0%                                  │
│ Elapsed: 38:30 │ ETA: 20:45:14 │ Step Time: 770.254s                                                                 │
├──────────────────────────────────────────────────────── Time ────────────────────────────────────────────────────────┤
│                                                                                                                      │
│actor/actor/compute_adv=0.0092         │actor/actor/recv_traj=722.5            │actor/actor/sync_model_to_rollout=2.4…│
│actor/run_training=14.912              │actor_training=14.918                  │cal_adv_and_returns=0.015             │
│env/compute_bootstrap_rewards=0.0036   │env/env/bootstrap_step=524.1           │env/env/send_rollout_trajectories=0.7…│
│env/env_interact_step=185.5            │env/interact=722.0                     │env/run_interact_once=722.0           │
│generate_rollouts=726.2                │rollout/generate_one_epoch=720.1       │rollout/predict=8.972                 │
│rollout/rollout/generate=726.1         │rollout/sync_model_from_actor=2.993    │step=744.1                            │
│sync_weights=2.997                     │                                       │                                      │
│                                                                                                                      │
├──────────────────────────────────────────────────── Environment ─────────────────────────────────────────────────────┤
│                                                                                                                      │
│episode_len=200.0                      │num_trajectories=256                   │return=0.78515625                     │
│reward=0.003925781                     │success_once=0.78515625                │                                      │
│                                                                                                                      │
├────────────────────────────────────────────────────── Rollout ───────────────────────────────────────────────────────┤
│                                                                                                                      │
│advantages_max=1.208                   │advantages_mean=-0.114                 │advantages_min=-2.475                 │
│rewards=0.0045                         │                                       │                                      │
│                                                                                                                      │
├─────────────────────────────────────────────────── Training/Actor ───────────────────────────────────────────────────┤
│                                                                                                                      │
│actor/approx_kl=0.041                  │actor/clip_fraction=0.092              │actor/clipped_ratio=0.991             │
│actor/dual_cliped_ratio=0.0000         │actor/dvac_current_mean=-4.360         │actor/dvac_current_std=0.670          │
│actor/dvac_history_mean=-4.396         │actor/dvac_history_std=0.667           │actor/dvac_warmup=0.0000              │
│actor/dvac_weight_ess_fraction=0.825   │actor/dvac_weight_mean=1.016           │actor/dvac_weight_sq_mean=1.250       │
│actor/dvac_z_high_clip_fraction=0.039  │actor/dvac_z_low_clip_fraction=0.0073  │actor/entropy_loss=0.0000             │
│actor/grad_norm=37.835                 │actor/lr=5.60e-06                      │actor/policy_loss=0.0042              │
│actor/policy_loss_abs=0.411            │actor/ratio=0.994                      │actor/ratio_abs=0.124                 │
│actor/total_loss=0.0010                │                                       │                                      │
│                                                                                                                      │
╰──────────────────────────────────────────────────────────────────────────────────────────────────────────────────────╯


╭──────────────────────────────────────────────────────────────────────────────────────────────────────────────────────╮
├──────────────────────────────────────────────────── Metric Table ────────────────────────────────────────────────────┤
│ Global Step:    4/100 │ Progress: █░░░░░░░░░░░░░░░░░░░░░░░░░░░░░░░░░░░░░░░ │   4.0%                                  │
│ Elapsed: 51:39 │ ETA: 20:39:58 │ Step Time: 774.989s                                                                 │
├──────────────────────────────────────────────────────── Time ────────────────────────────────────────────────────────┤
│                                                                                                                      │
│actor/actor/compute_adv=0.0078         │actor/actor/recv_traj=767.7            │actor/actor/sync_model_to_rollout=2.4…│
│actor/run_training=14.698              │actor_training=14.704                  │cal_adv_and_returns=0.016             │
│env/compute_bootstrap_rewards=0.0039   │env/env/bootstrap_step=563.3           │env/env/send_rollout_trajectories=0.7…│
│env/env_interact_step=191.4            │env/interact=767.1                     │env/run_interact_once=767.1           │
│generate_rollouts=771.5                │rollout/generate_one_epoch=764.9       │rollout/predict=8.926                 │
│rollout/rollout/generate=771.5         │rollout/sync_model_from_actor=2.907    │step=789.2                            │
│sync_weights=2.912                     │                                       │                                      │
│                                                                                                                      │
├──────────────────────────────────────────────────── Environment ─────────────────────────────────────────────────────┤
│                                                                                                                      │
│episode_len=200.0                      │num_trajectories=256                   │return=0.8359375                      │
│reward=0.0041796872                    │success_once=0.8359375                 │                                      │
│                                                                                                                      │
├────────────────────────────────────────────────────── Rollout ───────────────────────────────────────────────────────┤
│                                                                                                                      │
│advantages_max=1.620                   │advantages_mean=-0.113                 │advantages_min=-2.475                 │
│rewards=0.0043                         │                                       │                                      │
│                                                                                                                      │
├─────────────────────────────────────────────────── Training/Actor ───────────────────────────────────────────────────┤
│                                                                                                                      │
│actor/approx_kl=0.039                  │actor/clip_fraction=0.099              │actor/clipped_ratio=0.985             │
│actor/dual_cliped_ratio=0.0000         │actor/dvac_current_mean=-4.351         │actor/dvac_current_std=0.633          │
│actor/dvac_history_mean=-4.384         │actor/dvac_history_std=0.668           │actor/dvac_warmup=0.0000              │
│actor/dvac_weight_ess_fraction=0.839   │actor/dvac_weight_mean=1.015           │actor/dvac_weight_sq_mean=1.227       │
│actor/dvac_z_high_clip_fraction=0.033  │actor/dvac_z_low_clip_fraction=0.0051  │actor/entropy_loss=0.0000             │
│actor/grad_norm=43.827                 │actor/lr=5.60e-06                      │actor/policy_loss=0.0036              │
│actor/policy_loss_abs=0.408            │actor/ratio=1.002                      │actor/ratio_abs=0.138                 │
│actor/total_loss=9.02e-04              │                                       │                                      │
│                                                                                                                      │
╰──────────────────────────────────────────────────────────────────────────────────────────────────────────────────────╯


╭──────────────────────────────────────────────────────────────────────────────────────────────────────────────────────╮
├──────────────────────────────────────────────────── Metric Table ────────────────────────────────────────────────────┤
│ Global Step:    5/100 │ Progress: ██░░░░░░░░░░░░░░░░░░░░░░░░░░░░░░░░░░░░░░ │   5.0%                                  │
│ Elapsed: 01:04:05 │ ETA: 20:17:48 │ Step Time: 769.145s                                                              │
├──────────────────────────────────────────────────────── Time ────────────────────────────────────────────────────────┤
│                                                                                                                      │
│actor/actor/compute_adv=0.0090         │actor/actor/recv_traj=724.8            │actor/actor/sync_model_to_rollout=2.1…│
│actor/run_training=14.448              │actor_training=14.454                  │cal_adv_and_returns=0.017             │
│env/compute_bootstrap_rewards=0.0035   │env/env/bootstrap_step=536.1           │env/env/send_rollout_trajectories=0.7…│
│env/env_interact_step=176.7            │env/interact=724.3                     │env/run_interact_once=724.3           │
│generate_rollouts=728.5                │rollout/generate_one_epoch=722.1       │rollout/predict=8.350                 │
│rollout/rollout/generate=728.5         │rollout/sync_model_from_actor=2.728    │step=745.7                            │
│sync_weights=2.734                     │                                       │                                      │
│                                                                                                                      │
├──────────────────────────────────────────────────── Environment ─────────────────────────────────────────────────────┤
│                                                                                                                      │
│episode_len=200.0                      │num_trajectories=256                   │return=0.796875                       │
│reward=0.003984375                     │success_once=0.796875                  │                                      │
│                                                                                                                      │
├────────────────────────────────────────────────────── Rollout ───────────────────────────────────────────────────────┤
│                                                                                                                      │
│advantages_max=2.475                   │advantages_mean=-0.110                 │advantages_min=-2.475                 │
│rewards=0.0038                         │                                       │                                      │
│                                                                                                                      │
├─────────────────────────────────────────────────── Training/Actor ───────────────────────────────────────────────────┤
│                                                                                                                      │
│actor/approx_kl=0.024                  │actor/clip_fraction=0.069              │actor/clipped_ratio=0.989             │
│actor/dual_cliped_ratio=0.0000         │actor/dvac_current_mean=-4.313         │actor/dvac_current_std=0.686          │
│actor/dvac_history_mean=-4.376         │actor/dvac_history_std=0.660           │actor/dvac_warmup=0.0000              │
│actor/dvac_weight_ess_fraction=0.833   │actor/dvac_weight_mean=1.028           │actor/dvac_weight_sq_mean=1.268       │
│actor/dvac_z_high_clip_fraction=0.044  │actor/dvac_z_low_clip_fraction=0.0047  │actor/entropy_loss=0.0000             │
│actor/grad_norm=37.656                 │actor/lr=5.60e-06                      │actor/policy_loss=0.0026              │
│actor/policy_loss_abs=0.408            │actor/ratio=0.997                      │actor/ratio_abs=0.101                 │
│actor/total_loss=6.46e-04              │                                       │                                      │
│                                                                                                                      │
╰──────────────────────────────────────────────────────────────────────────────────────────────────────────────────────╯


╭──────────────────────────────────────────────────────────────────────────────────────────────────────────────────────╮
├──────────────────────────────────────────────────── Metric Table ────────────────────────────────────────────────────┤
│ Global Step:    6/100 │ Progress: ██░░░░░░░░░░░░░░░░░░░░░░░░░░░░░░░░░░░░░░ │   6.0%                                  │
│ Elapsed: 01:17:30 │ ETA: 20:14:17 │ Step Time: 775.079s                                                              │
├──────────────────────────────────────────────────────── Time ────────────────────────────────────────────────────────┤
│                                                                                                                      │
│actor/actor/compute_adv=0.0076         │actor/actor/recv_traj=787.4            │actor/actor/sync_model_to_rollout=2.0…│
│actor/run_training=12.626              │actor_training=12.630                  │cal_adv_and_returns=0.012             │
│env/compute_bootstrap_rewards=0.0036   │env/env/bootstrap_step=594.6           │env/env/send_rollout_trajectories=0.5…│
│env/env_interact_step=183.6            │env/interact=787.0                     │env/run_interact_once=787.0           │
│generate_rollouts=789.7                │rollout/generate_one_epoch=785.0       │rollout/predict=8.631                 │
│rollout/rollout/generate=789.6         │rollout/sync_model_from_actor=2.422    │step=804.7                            │
│sync_weights=2.425                     │                                       │                                      │
│                                                                                                                      │
├──────────────────────────────────────────────────── Environment ─────────────────────────────────────────────────────┤
│                                                                                                                      │
│episode_len=200.0                      │num_trajectories=256                   │return=0.765625                       │
│reward=0.0038281248                    │success_once=0.765625                  │                                      │
│                                                                                                                      │
├────────────────────────────────────────────────────── Rollout ───────────────────────────────────────────────────────┤
│                                                                                                                      │
│advantages_max=1.620                   │advantages_mean=-0.114                 │advantages_min=-2.475                 │
│rewards=0.0043                         │                                       │                                      │
│                                                                                                                      │
├─────────────────────────────────────────────────── Training/Actor ───────────────────────────────────────────────────┤
│                                                                                                                      │
│actor/approx_kl=0.044                  │actor/clip_fraction=0.135              │actor/clipped_ratio=0.992             │
│actor/dual_cliped_ratio=0.0000         │actor/dvac_current_mean=-4.329         │actor/dvac_current_std=0.654          │
│actor/dvac_history_mean=-4.363         │actor/dvac_history_std=0.665           │actor/dvac_warmup=0.0000              │
│actor/dvac_weight_ess_fraction=0.832   │actor/dvac_weight_mean=1.014           │actor/dvac_weight_sq_mean=1.235       │
│actor/dvac_z_high_clip_fraction=0.036  │actor/dvac_z_low_clip_fraction=0.0062  │actor/entropy_loss=0.0000             │
│actor/grad_norm=49.976                 │actor/lr=5.60e-06                      │actor/policy_loss=-2.21e-04           │
│actor/policy_loss_abs=0.508            │actor/ratio=0.997                      │actor/ratio_abs=0.150                 │
│actor/total_loss=-5.53e-05             │                                       │                                      │
│                                                                                                                      │
╰──────────────────────────────────────────────────────────────────────────────────────────────────────────────────────╯


╭──────────────────────────────────────────────────────────────────────────────────────────────────────────────────────╮
├──────────────────────────────────────────────────── Metric Table ────────────────────────────────────────────────────┤
│ Global Step:    7/100 │ Progress: ██░░░░░░░░░░░░░░░░░░░░░░░░░░░░░░░░░░░░░░ │   7.0%                                  │
│ Elapsed: 01:31:16 │ ETA: 20:12:44 │ Step Time: 782.411s                                                              │
├──────────────────────────────────────────────────────── Time ────────────────────────────────────────────────────────┤
│                                                                                                                      │
│actor/actor/compute_adv=0.0077         │actor/actor/recv_traj=803.8            │actor/actor/sync_model_to_rollout=1.8…│
│actor/run_training=16.160              │actor_training=16.164                  │cal_adv_and_returns=0.014             │
│env/compute_bootstrap_rewards=0.0038   │env/env/bootstrap_step=590.9           │env/env/send_rollout_trajectories=0.9…│
│env/env_interact_step=199.9            │env/interact=803.4                     │env/run_interact_once=803.4           │
│generate_rollouts=807.8                │rollout/generate_one_epoch=800.8       │rollout/predict=8.447                 │
│rollout/rollout/generate=807.7         │rollout/sync_model_from_actor=2.443    │step=826.4                            │
│sync_weights=2.446                     │                                       │                                      │
│                                                                                                                      │
├──────────────────────────────────────────────────── Environment ─────────────────────────────────────────────────────┤
│                                                                                                                      │
│episode_len=200.0                      │num_trajectories=256                   │return=0.7890625                      │
│reward=0.0039453125                    │success_once=0.7890625                 │                                      │
│                                                                                                                      │
├────────────────────────────────────────────────────── Rollout ───────────────────────────────────────────────────────┤
│                                                                                                                      │
│advantages_max=2.475                   │advantages_mean=-0.121                 │advantages_min=-2.475                 │
│rewards=0.0040                         │                                       │                                      │
│                                                                                                                      │
├─────────────────────────────────────────────────── Training/Actor ───────────────────────────────────────────────────┤
│                                                                                                                      │
│actor/approx_kl=0.057                  │actor/clip_fraction=0.130              │actor/clipped_ratio=0.989             │
│actor/dual_cliped_ratio=0.0000         │actor/dvac_current_mean=-4.323         │actor/dvac_current_std=0.640          │
│actor/dvac_history_mean=-4.346         │actor/dvac_history_std=0.659           │actor/dvac_warmup=0.0000              │
│actor/dvac_weight_ess_fraction=0.832   │actor/dvac_weight_mean=1.007           │actor/dvac_weight_sq_mean=1.219       │
│actor/dvac_z_high_clip_fraction=0.034  │actor/dvac_z_low_clip_fraction=0.0059  │actor/entropy_loss=0.0000             │
│actor/grad_norm=52.233                 │actor/lr=5.60e-06                      │actor/policy_loss=0.0068              │
│actor/policy_loss_abs=0.495            │actor/ratio=1.006                      │actor/ratio_abs=0.173                 │
│actor/total_loss=0.0017                │                                       │                                      │
│                                                                                                                      │
╰──────────────────────────────────────────────────────────────────────────────────────────────────────────────────────╯

