
╭──────────────────────────────────────────────────────────────────────────────────────────────────────────────────────╮
├──────────────────────────────────────────────────── Metric Table ────────────────────────────────────────────────────┤
│ Global Step:    2/2 │ Progress: ████████████████████████████████████████ │ 100.0%                                    │
│ Elapsed: 14:04 │ ETA: 00:00 │ Step Time: 844.170s                                                                    │
├──────────────────────────────────────────────────────── Time ────────────────────────────────────────────────────────┤
│                                                                                                                      │
│actor/actor/compute_adv=0.036          │actor/actor/recv_traj=338.0            │actor/actor/sync_model_to_rollout=3.7…│
│actor/run_training=20.490              │actor_training=20.495                  │cal_adv_and_returns=0.042             │
│env/compute_bootstrap_rewards=8.97e-04 │env/env/bootstrap_step=190.3           │env/env/send_rollout_trajectories=0.8…│
│env/env_interact_step=108.5            │env/evaluate=442.4                     │env/interact=337.5                    │
│env/run_interact_once=336.3            │eval=444.5                             │generate_rollouts=348.8               │
│rollout/evaluate=314.2                 │rollout/generate_one_epoch=327.4       │rollout/predict=59.470                │
│rollout/rollout/generate=348.8         │rollout/sync_model_from_actor=4.521    │step=844.1                            │
│sync_weights=2.396                     │                                       │                                      │
│                                                                                                                      │
├──────────────────────────────────────────────────── Environment ─────────────────────────────────────────────────────┤
│                                                                                                                      │
│episode_len=192.0                      │num_trajectories=32                    │return=0.25                           │
│reward=0.0013020833                    │success_once=0.25                      │                                      │
│                                                                                                                      │
├────────────────────────────────────────────────────── Rollout ───────────────────────────────────────────────────────┤
│                                                                                                                      │
│advantages_max=2.475                   │advantages_mean=-0.054                 │advantages_min=-1.208                 │
│rewards=0.0018                         │                                       │                                      │
│                                                                                                                      │
├───────────────────────────────────────────────────── Evaluation ─────────────────────────────────────────────────────┤
│                                                                                                                      │
│episode_len=192.0                      │num_trajectories=32                    │return=0.375                          │
│reward=0.001953125                     │success_at_end=0.375                   │success_once=0.375                    │
│                                                                                                                      │
├─────────────────────────────────────────────────── Training/Actor ───────────────────────────────────────────────────┤
│                                                                                                                      │
│actor/approx_kl=0.0030                 │actor/clip_fraction=0.0000             │actor/clipped_ratio=0.836             │
│actor/dual_cliped_ratio=0.0000         │actor/dvac_current_mean=-7.467         │actor/dvac_current_std=1.265          │
│actor/dvac_history_mean=-7.448         │actor/dvac_history_std=1.284           │actor/dvac_warmup=0.0000              │
│actor/dvac_weight_ess_fraction=0.954   │actor/dvac_weight_mean=0.986           │actor/dvac_weight_sq_mean=1.020       │
│actor/dvac_z_high_clip_fraction=0.055  │actor/dvac_z_low_clip_fraction=0.0000  │actor/entropy_loss=0.0000             │
│actor/grad_norm=19.578                 │actor/lr=5.00e-06                      │actor/policy_loss=0.606               │
│actor/policy_loss_abs=13.374           │actor/ratio=0.836                      │actor/ratio_abs=0.0039                │
│actor/total_loss=0.0095                │                                       │                                      │
│                                                                                                                      │
╰──────────────────────────────────────────────────────────────────────────────────────────────────────────────────────╯

