
╭──────────────────────────────────────────────────────────────────────────────────────────────────────────────────────╮
├──────────────────────────────────────────────────── Metric Table ────────────────────────────────────────────────────┤
│ Global Step:    1/1 │ Progress: ████████████████████████████████████████ │ 100.0%                                    │
│ Elapsed: 07:09 │ ETA: 00:00 │ Step Time: 429.239s                                                                    │
├──────────────────────────────────────────────────────── Time ────────────────────────────────────────────────────────┤
│                                                                                                                      │
│actor/actor/compute_adv=8.18e-05       │actor/actor/recv_traj=33.172           │actor/actor/sync_model_to_rollout=33.…│
│actor/forward_actor=70.984             │actor/forward_alpha=33.602             │actor/forward_critic=86.263           │
│actor/run_training=338.1               │actor/sample=0.987                     │actor/update_one_epoch=338.0          │
│actor_training=338.1                   │cal_adv_and_returns=0.0061             │env/compute_bootstrap_rewards=7.80e-04│
│env/env/bootstrap_step=16.620          │env/env/send_rollout_trajectories=0.467│env/env_interact_step=12.303          │
│env/interact=32.637                    │env/run_interact_once=32.017           │generate_rollouts=33.223              │
│rollout/generate_one_epoch=31.533      │rollout/predict=1.813                  │rollout/rollout/generate=31.535       │
│rollout/sync_model_from_actor=34.132   │step=429.2                             │sync_weights=34.137                   │
│                                                                                                                      │
├──────────────────────────────────────────────────── Environment ─────────────────────────────────────────────────────┤
│                                                                                                                      │
│episode_len=200.0                      │num_trajectories=4                     │return=0.0                            │
│reward=0.0                             │success_once=0.0                       │                                      │
│                                                                                                                      │
├─────────────────────────────────────────────────── Replay Buffer ────────────────────────────────────────────────────┤
│                                                                                                                      │
│local_capacity=1.25e+04                │resident_transitions=20.000            │total_inserted=20.000                 │
│write_cursor=20.000                    │                                       │                                      │
│                                                                                                                      │
├─────────────────────────────────────────────────── Training/Actor ───────────────────────────────────────────────────┤
│                                                                                                                      │
│actor/entropy=21.831                   │actor/grad_norm=4.342                  │actor/lr=1.00e-04                     │
│actor/q_pi=-2.559                      │actor/q_value_0=-2.570                 │actor/q_value_1=-2.560                │
│                                                                                                                      │
├────────────────────────────────────────────────── Training/Critic ───────────────────────────────────────────────────┤
│                                                                                                                      │
│critic/grad_norm=0.188                 │critic/lr=3.00e-04                     │critic/q_data=-2.545                  │
│                                                                                                                      │
├─────────────────────────────────────────────────── Training/Other ───────────────────────────────────────────────────┤
│                                                                                                                      │
│alpha/grad_norm=22.869                 │sac/actor_loss=-17.667                 │sac/alpha=0.926                       │
│sac/alpha_loss=35.096                  │sac/critic_loss=0.016                  │sac/global_new_transitions=40.000     │
│sac/global_resident_transitions=40.000 │sac/planned_optimizer_updates=800.0    │                                      │
│                                                                                                                      │
╰──────────────────────────────────────────────────────────────────────────────────────────────────────────────────────╯

