Traceback (most recent call last):
  File "/data/chenyiteng/projects/rlinf-shenzhen/worktrees/sidney-pi05-current-rlinf/toolkits/lerobot/sidney_pi05_parity.py", line 383, in <module>
    main()
  File "/data/chenyiteng/projects/rlinf-shenzhen/worktrees/sidney-pi05-current-rlinf/toolkits/lerobot/sidney_pi05_parity.py", line 379, in main
    args.func(args)
  File "/data/chenyiteng/projects/rlinf-shenzhen/worktrees/sidney-pi05-current-rlinf/toolkits/lerobot/sidney_pi05_parity.py", line 92, in export_native
    config = PI05Config.from_pretrained(args.model, local_files_only=True)
  File "/data/chenyiteng/projects/lerobot-sidney/lerobot-v060-py310-compat/src/lerobot/configs/policies.py", line 213, in from_pretrained
    orig_config = draccus.parse(cls, config_file, args=[])
  File "/home/chenyiteng/venvs/lerobot-v060-sidney-py310/lib/python3.10/site-packages/draccus/argparsing.py", line 211, in parse
    return parser.parse_args(args)
  File "/home/chenyiteng/venvs/lerobot-v060-sidney-py310/lib/python3.10/site-packages/draccus/argparsing.py", line 102, in parse_args
    args, _ = self.parse_known_args(args, namespace, is_parse_args=True)
  File "/home/chenyiteng/venvs/lerobot-v060-sidney-py310/lib/python3.10/site-packages/draccus/argparsing.py", line 136, in parse_known_args
    parsed_t = self._postprocessing(parsed_args)
  File "/home/chenyiteng/venvs/lerobot-v060-sidney-py310/lib/python3.10/site-packages/draccus/argparsing.py", line 180, in _postprocessing
    cfg = decoding.decode(self.config_class, deflat_d)
  File "/home/chenyiteng/venvs/lerobot-v060-sidney-py310/lib/python3.10/site-packages/draccus/parsers/registry_utils.py", line 78, in wrapper
    return base_func(*args, **kw)
  File "/home/chenyiteng/venvs/lerobot-v060-sidney-py310/lib/python3.10/site-packages/draccus/parsers/decoding.py", line 48, in decode
    return get_decoding_fn(cls)(raw_value, ())  # type: ignore
  File "/home/chenyiteng/venvs/lerobot-v060-sidney-py310/lib/python3.10/site-packages/draccus/parsers/decoding.py", line 175, in decode_choice_class
    return decode_dataclass(cls, raw_value)  # type: ignore
  File "/home/chenyiteng/venvs/lerobot-v060-sidney-py310/lib/python3.10/site-packages/draccus/parsers/decoding.py", line 149, in decode_dataclass
    raise DecodingError(path, f"The fields {formatted_keys} are not valid for {stringify_type(cls)}")
draccus.utils.DecodingError: The fields `type` are not valid for PI05Config
