
╭──────────────────────────────────────────────────────────────────────────────────────────────────────────────────────╮
├──────────────────────────────────────────────────── Metric Table ────────────────────────────────────────────────────┤
│ Global Step:    1/200 │ Progress: ░░░░░░░░░░░░░░░░░░░░░░░░░░░░░░░░░░░░░░░░ │   0.5%                                  │
│ Elapsed: 00:41 │ ETA: 02:17:23 │ Step Time: 41.423s                                                                  │
├──────────────────────────────────────────────────────── Time ────────────────────────────────────────────────────────┤
│                                                                                                                      │
│actor/actor/compute_adv=4.83e-05       │actor/actor/recv_traj=32.241           │actor/actor/sync_model_to_rollout=8.5…│
│actor/run_training=0.0027              │actor_training=0.0056                  │cal_adv_and_returns=0.0059            │
│env/compute_bootstrap_rewards=8.03e-04 │env/env/bootstrap_step=16.305          │env/env/send_rollout_trajectories=0.3…│
│env/env_interact_step=11.747           │env/interact=31.734                    │env/run_interact_once=31.201          │
│generate_rollouts=32.287               │rollout/generate_one_epoch=30.851      │rollout/predict=1.908                 │
│rollout/rollout/generate=30.852        │rollout/sync_model_from_actor=9.063    │step=41.367                           │
│sync_weights=9.068                     │                                       │                                      │
│                                                                                                                      │
├──────────────────────────────────────────────────── Environment ─────────────────────────────────────────────────────┤
│                                                                                                                      │
│episode_len=200.0                      │num_trajectories=4                     │return=0.0                            │
│reward=0.0                             │success_once=0.0                       │                                      │
│                                                                                                                      │
├─────────────────────────────────────────────────── Replay Buffer ────────────────────────────────────────────────────┤
│                                                                                                                      │
│local_capacity=1.25e+04                │resident_transitions=20.000            │total_inserted=20.000                 │
│write_cursor=20.000                    │                                       │                                      │
│                                                                                                                      │
├─────────────────────────────────────────────────── Training/Other ───────────────────────────────────────────────────┤
│                                                                                                                      │
│sac/global_new_transitions=40.000      │sac/global_resident_transitions=40.000 │                                      │
│                                                                                                                      │
╰──────────────────────────────────────────────────────────────────────────────────────────────────────────────────────╯


╭──────────────────────────────────────────────────────────────────────────────────────────────────────────────────────╮
├──────────────────────────────────────────────────── Metric Table ────────────────────────────────────────────────────┤
│ Global Step:    2/200 │ Progress: ░░░░░░░░░░░░░░░░░░░░░░░░░░░░░░░░░░░░░░░░ │   1.0%                                  │
│ Elapsed: 01:12 │ ETA: 02:00:23 │ Step Time: 36.484s                                                                  │
├──────────────────────────────────────────────────────── Time ────────────────────────────────────────────────────────┤
│                                                                                                                      │
│actor/actor/compute_adv=2.96e-05       │actor/actor/recv_traj=30.856           │actor/actor/sync_model_to_rollout=0.1…│
│actor/run_training=0.0023              │actor_training=0.0059                  │cal_adv_and_returns=0.0047            │
│env/compute_bootstrap_rewards=9.17e-04 │env/env/bootstrap_step=16.856          │env/env/send_rollout_trajectories=0.3…│
│env/env_interact_step=11.478           │env/interact=30.725                    │env/run_interact_once=30.074          │
│generate_rollouts=30.894               │rollout/generate_one_epoch=29.715      │rollout/predict=1.246                 │
│rollout/rollout/generate=29.715        │rollout/sync_model_from_actor=0.614    │step=31.522                           │
│sync_weights=0.617                     │                                       │                                      │
│                                                                                                                      │
├──────────────────────────────────────────────────── Environment ─────────────────────────────────────────────────────┤
│                                                                                                                      │
│episode_len=200.0                      │num_trajectories=4                     │return=0.0                            │
│reward=0.0                             │success_once=0.0                       │                                      │
│                                                                                                                      │
├─────────────────────────────────────────────────── Replay Buffer ────────────────────────────────────────────────────┤
│                                                                                                                      │
│local_capacity=1.25e+04                │resident_transitions=40.000            │total_inserted=40.000                 │
│write_cursor=40.000                    │                                       │                                      │
│                                                                                                                      │
├─────────────────────────────────────────────────── Training/Other ───────────────────────────────────────────────────┤
│                                                                                                                      │
│sac/global_new_transitions=40.000      │sac/global_resident_transitions=80.000 │                                      │
│                                                                                                                      │
╰──────────────────────────────────────────────────────────────────────────────────────────────────────────────────────╯


╭──────────────────────────────────────────────────────────────────────────────────────────────────────────────────────╮
├──────────────────────────────────────────────────── Metric Table ────────────────────────────────────────────────────┤
│ Global Step:    3/200 │ Progress: ░░░░░░░░░░░░░░░░░░░░░░░░░░░░░░░░░░░░░░░░ │   1.5%                                  │
│ Elapsed: 01:45 │ ETA: 01:55:34 │ Step Time: 35.201s                                                                  │
├──────────────────────────────────────────────────────── Time ────────────────────────────────────────────────────────┤
│                                                                                                                      │
│actor/actor/compute_adv=2.81e-05       │actor/actor/recv_traj=32.066           │actor/actor/sync_model_to_rollout=0.1…│
│actor/run_training=0.0021              │actor_training=0.0051                  │cal_adv_and_returns=0.0046            │
│env/compute_bootstrap_rewards=7.60e-04 │env/env/bootstrap_step=17.462          │env/env/send_rollout_trajectories=0.3…│
│env/env_interact_step=11.962           │env/interact=32.005                    │env/run_interact_once=31.431          │
│generate_rollouts=32.105               │rollout/generate_one_epoch=31.045      │rollout/predict=1.240                 │
│rollout/rollout/generate=31.046        │rollout/sync_model_from_actor=0.498    │step=32.615                           │
│sync_weights=0.500                     │                                       │                                      │
│                                                                                                                      │
├──────────────────────────────────────────────────── Environment ─────────────────────────────────────────────────────┤
│                                                                                                                      │
│episode_len=200.0                      │num_trajectories=4                     │return=0.0                            │
│reward=0.0                             │success_once=0.0                       │                                      │
│                                                                                                                      │
├─────────────────────────────────────────────────── Replay Buffer ────────────────────────────────────────────────────┤
│                                                                                                                      │
│local_capacity=1.25e+04                │resident_transitions=60.000            │total_inserted=60.000                 │
│write_cursor=60.000                    │                                       │                                      │
│                                                                                                                      │
├─────────────────────────────────────────────────── Training/Other ───────────────────────────────────────────────────┤
│                                                                                                                      │
│sac/global_new_transitions=40.000      │sac/global_resident_transitions=120.0  │                                      │
│                                                                                                                      │
╰──────────────────────────────────────────────────────────────────────────────────────────────────────────────────────╯


╭──────────────────────────────────────────────────────────────────────────────────────────────────────────────────────╮
├──────────────────────────────────────────────────── Metric Table ────────────────────────────────────────────────────┤
│ Global Step:    4/200 │ Progress: ░░░░░░░░░░░░░░░░░░░░░░░░░░░░░░░░░░░░░░░░ │   2.0%                                  │
│ Elapsed: 02:17 │ ETA: 01:52:31 │ Step Time: 34.448s                                                                  │
├──────────────────────────────────────────────────────── Time ────────────────────────────────────────────────────────┤
│                                                                                                                      │
│actor/actor/compute_adv=3.20e-05       │actor/actor/recv_traj=31.550           │actor/actor/sync_model_to_rollout=0.1…│
│actor/run_training=0.0019              │actor_training=0.0046                  │cal_adv_and_returns=0.0046            │
│env/compute_bootstrap_rewards=8.65e-04 │env/env/bootstrap_step=17.350          │env/env/send_rollout_trajectories=0.3…│
│env/env_interact_step=11.530           │env/interact=31.485                    │env/run_interact_once=30.883          │
│generate_rollouts=31.589               │rollout/generate_one_epoch=30.532      │rollout/predict=1.257                 │
│rollout/rollout/generate=30.533        │rollout/sync_model_from_actor=0.565    │step=32.168                           │
│sync_weights=0.569                     │                                       │                                      │
│                                                                                                                      │
├──────────────────────────────────────────────────── Environment ─────────────────────────────────────────────────────┤
│                                                                                                                      │
│episode_len=200.0                      │num_trajectories=4                     │return=0.25                           │
│reward=0.00125                         │success_once=0.25                      │                                      │
│                                                                                                                      │
├─────────────────────────────────────────────────── Replay Buffer ────────────────────────────────────────────────────┤
│                                                                                                                      │
│local_capacity=1.25e+04                │resident_transitions=80.000            │total_inserted=80.000                 │
│write_cursor=80.000                    │                                       │                                      │
│                                                                                                                      │
├─────────────────────────────────────────────────── Training/Other ───────────────────────────────────────────────────┤
│                                                                                                                      │
│sac/global_new_transitions=40.000      │sac/global_resident_transitions=160.0  │                                      │
│                                                                                                                      │
╰──────────────────────────────────────────────────────────────────────────────────────────────────────────────────────╯


╭──────────────────────────────────────────────────────────────────────────────────────────────────────────────────────╮
├──────────────────────────────────────────────────── Metric Table ────────────────────────────────────────────────────┤
│ Global Step:    5/200 │ Progress: █░░░░░░░░░░░░░░░░░░░░░░░░░░░░░░░░░░░░░░░ │   2.5%                                  │
│ Elapsed: 02:50 │ ETA: 01:50:46 │ Step Time: 34.082s                                                                  │
├──────────────────────────────────────────────────────── Time ────────────────────────────────────────────────────────┤
│                                                                                                                      │
│actor/actor/compute_adv=3.71e-05       │actor/actor/recv_traj=31.962           │actor/actor/sync_model_to_rollout=0.1…│
│actor/run_training=0.0021              │actor_training=0.0054                  │cal_adv_and_returns=0.0056            │
│env/compute_bootstrap_rewards=8.73e-04 │env/env/bootstrap_step=17.590          │env/env/send_rollout_trajectories=0.3…│
│env/env_interact_step=11.695           │env/interact=31.898                    │env/run_interact_once=31.294          │
│generate_rollouts=31.999               │rollout/generate_one_epoch=30.956      │rollout/predict=1.229                 │
│rollout/rollout/generate=30.956        │rollout/sync_model_from_actor=0.584    │step=32.598                           │
│sync_weights=0.587                     │                                       │                                      │
│                                                                                                                      │
├──────────────────────────────────────────────────── Environment ─────────────────────────────────────────────────────┤
│                                                                                                                      │
│episode_len=200.0                      │num_trajectories=4                     │return=1.25                           │
│reward=0.00625                         │success_once=0.25                      │                                      │
│                                                                                                                      │
├─────────────────────────────────────────────────── Replay Buffer ────────────────────────────────────────────────────┤
│                                                                                                                      │
│local_capacity=1.25e+04                │resident_transitions=98.000            │total_inserted=98.000                 │
│write_cursor=98.000                    │                                       │                                      │
│                                                                                                                      │
├─────────────────────────────────────────────────── Training/Other ───────────────────────────────────────────────────┤
│                                                                                                                      │
│sac/global_new_transitions=36.000      │sac/global_resident_transitions=196.0  │                                      │
│                                                                                                                      │
╰──────────────────────────────────────────────────────────────────────────────────────────────────────────────────────╯


╭──────────────────────────────────────────────────────────────────────────────────────────────────────────────────────╮
├──────────────────────────────────────────────────── Metric Table ────────────────────────────────────────────────────┤
│ Global Step:    6/200 │ Progress: █░░░░░░░░░░░░░░░░░░░░░░░░░░░░░░░░░░░░░░░ │   3.0%                                  │
│ Elapsed: 03:22 │ ETA: 01:49:09 │ Step Time: 33.760s                                                                  │
├──────────────────────────────────────────────────────── Time ────────────────────────────────────────────────────────┤
│                                                                                                                      │
│actor/actor/compute_adv=2.52e-05       │actor/actor/recv_traj=31.556           │actor/actor/sync_model_to_rollout=0.1…│
│actor/run_training=0.0017              │actor_training=0.0045                  │cal_adv_and_returns=0.0055            │
│env/compute_bootstrap_rewards=8.75e-04 │env/env/bootstrap_step=17.029          │env/env/send_rollout_trajectories=0.3…│
│env/env_interact_step=11.789           │env/interact=31.489                    │env/run_interact_once=31.002          │
│generate_rollouts=31.592               │rollout/generate_one_epoch=30.650      │rollout/predict=1.389                 │
│rollout/rollout/generate=30.651        │rollout/sync_model_from_actor=0.519    │step=32.125                           │
│sync_weights=0.522                     │                                       │                                      │
│                                                                                                                      │
├──────────────────────────────────────────────────── Environment ─────────────────────────────────────────────────────┤
│                                                                                                                      │
│episode_len=200.0                      │num_trajectories=4                     │return=0.0                            │
│reward=0.0                             │success_once=0.0                       │                                      │
│                                                                                                                      │
├─────────────────────────────────────────────────── Replay Buffer ────────────────────────────────────────────────────┤
│                                                                                                                      │
│local_capacity=1.25e+04                │resident_transitions=118.0             │total_inserted=118.0                  │
│write_cursor=118.0                     │                                       │                                      │
│                                                                                                                      │
├─────────────────────────────────────────────────── Training/Other ───────────────────────────────────────────────────┤
│                                                                                                                      │
│sac/global_new_transitions=40.000      │sac/global_resident_transitions=236.0  │                                      │
│                                                                                                                      │
╰──────────────────────────────────────────────────────────────────────────────────────────────────────────────────────╯


╭──────────────────────────────────────────────────────────────────────────────────────────────────────────────────────╮
├──────────────────────────────────────────────────── Metric Table ────────────────────────────────────────────────────┤
│ Global Step:    7/200 │ Progress: █░░░░░░░░░░░░░░░░░░░░░░░░░░░░░░░░░░░░░░░ │   3.5%                                  │
│ Elapsed: 03:54 │ ETA: 01:47:43 │ Step Time: 33.487s                                                                  │
├──────────────────────────────────────────────────────── Time ────────────────────────────────────────────────────────┤
│                                                                                                                      │
│actor/actor/compute_adv=3.21e-05       │actor/actor/recv_traj=31.208           │actor/actor/sync_model_to_rollout=0.1…│
│actor/run_training=0.0025              │actor_training=0.0051                  │cal_adv_and_returns=0.0046            │
│env/compute_bootstrap_rewards=8.46e-04 │env/env/bootstrap_step=16.874          │env/env/send_rollout_trajectories=0.3…│
│env/env_interact_step=11.952           │env/interact=31.145                    │env/run_interact_once=30.579          │
│generate_rollouts=31.246               │rollout/generate_one_epoch=30.236      │rollout/predict=1.243                 │
│rollout/rollout/generate=30.237        │rollout/sync_model_from_actor=0.571    │step=31.831                           │
│sync_weights=0.575                     │                                       │                                      │
│                                                                                                                      │
├──────────────────────────────────────────────────── Environment ─────────────────────────────────────────────────────┤
│                                                                                                                      │
│episode_len=200.0                      │num_trajectories=4                     │return=0.0                            │
│reward=0.0                             │success_once=0.0                       │                                      │
│                                                                                                                      │
├─────────────────────────────────────────────────── Replay Buffer ────────────────────────────────────────────────────┤
│                                                                                                                      │
│local_capacity=1.25e+04                │resident_transitions=138.0             │total_inserted=138.0                  │
│write_cursor=138.0                     │                                       │                                      │
│                                                                                                                      │
├─────────────────────────────────────────────────── Training/Other ───────────────────────────────────────────────────┤
│                                                                                                                      │
│sac/global_new_transitions=40.000      │sac/global_resident_transitions=276.0  │                                      │
│                                                                                                                      │
╰──────────────────────────────────────────────────────────────────────────────────────────────────────────────────────╯


╭──────────────────────────────────────────────────────────────────────────────────────────────────────────────────────╮
├──────────────────────────────────────────────────── Metric Table ────────────────────────────────────────────────────┤
│ Global Step:    8/200 │ Progress: █░░░░░░░░░░░░░░░░░░░░░░░░░░░░░░░░░░░░░░░ │   4.0%                                  │
│ Elapsed: 04:26 │ ETA: 01:46:42 │ Step Time: 33.345s                                                                  │
├──────────────────────────────────────────────────────── Time ────────────────────────────────────────────────────────┤
│                                                                                                                      │
│actor/actor/compute_adv=2.73e-05       │actor/actor/recv_traj=31.608           │actor/actor/sync_model_to_rollout=0.2…│
│actor/run_training=0.0017              │actor_training=0.0048                  │cal_adv_and_returns=0.0050            │
│env/compute_bootstrap_rewards=7.98e-04 │env/env/bootstrap_step=16.699          │env/env/send_rollout_trajectories=0.3…│
│env/env_interact_step=12.417           │env/interact=31.537                    │env/run_interact_once=30.936          │
│generate_rollouts=31.648               │rollout/generate_one_epoch=30.582      │rollout/predict=1.241                 │
│rollout/rollout/generate=30.583        │rollout/sync_model_from_actor=0.668    │step=32.330                           │
│sync_weights=0.671                     │                                       │                                      │
│                                                                                                                      │
├──────────────────────────────────────────────────── Environment ─────────────────────────────────────────────────────┤
│                                                                                                                      │
│episode_len=200.0                      │num_trajectories=4                     │return=0.0                            │
│reward=0.0                             │success_once=0.0                       │                                      │
│                                                                                                                      │
├─────────────────────────────────────────────────── Replay Buffer ────────────────────────────────────────────────────┤
│                                                                                                                      │
│local_capacity=1.25e+04                │resident_transitions=158.0             │total_inserted=158.0                  │
│write_cursor=158.0                     │                                       │                                      │
│                                                                                                                      │
├─────────────────────────────────────────────────── Training/Other ───────────────────────────────────────────────────┤
│                                                                                                                      │
│sac/global_new_transitions=40.000      │sac/global_resident_transitions=316.0  │                                      │
│                                                                                                                      │
╰──────────────────────────────────────────────────────────────────────────────────────────────────────────────────────╯


╭──────────────────────────────────────────────────────────────────────────────────────────────────────────────────────╮
├──────────────────────────────────────────────────── Metric Table ────────────────────────────────────────────────────┤
│ Global Step:    9/200 │ Progress: █░░░░░░░░░░░░░░░░░░░░░░░░░░░░░░░░░░░░░░░ │   4.5%                                  │
│ Elapsed: 04:58 │ ETA: 01:45:30 │ Step Time: 33.145s                                                                  │
├──────────────────────────────────────────────────────── Time ────────────────────────────────────────────────────────┤
│                                                                                                                      │
│actor/actor/compute_adv=4.89e-05       │actor/actor/recv_traj=30.891           │actor/actor/sync_model_to_rollout=0.1…│
│actor/run_training=0.0016              │actor_training=0.0051                  │cal_adv_and_returns=0.0048            │
│env/compute_bootstrap_rewards=8.43e-04 │env/env/bootstrap_step=17.484          │env/env/send_rollout_trajectories=0.3…│
│env/env_interact_step=11.200           │env/interact=30.826                    │env/run_interact_once=30.338          │
│generate_rollouts=30.929               │rollout/generate_one_epoch=30.033      │rollout/predict=1.238                 │
│rollout/rollout/generate=30.034        │rollout/sync_model_from_actor=0.575    │step=31.517                           │
│sync_weights=0.577                     │                                       │                                      │
│                                                                                                                      │
├──────────────────────────────────────────────────── Environment ─────────────────────────────────────────────────────┤
│                                                                                                                      │
│episode_len=200.0                      │num_trajectories=4                     │return=1.75                           │
│reward=0.00875                         │success_once=0.25                      │                                      │
│                                                                                                                      │
├─────────────────────────────────────────────────── Replay Buffer ────────────────────────────────────────────────────┤
│                                                                                                                      │
│local_capacity=1.25e+04                │resident_transitions=175.0             │total_inserted=175.0                  │
│write_cursor=175.0                     │                                       │                                      │
│                                                                                                                      │
├─────────────────────────────────────────────────── Training/Other ───────────────────────────────────────────────────┤
│                                                                                                                      │
│sac/global_new_transitions=34.000      │sac/global_resident_transitions=350.0  │                                      │
│                                                                                                                      │
╰──────────────────────────────────────────────────────────────────────────────────────────────────────────────────────╯


╭──────────────────────────────────────────────────────────────────────────────────────────────────────────────────────╮
├──────────────────────────────────────────────────── Metric Table ────────────────────────────────────────────────────┤
│ Global Step:   10/200 │ Progress: ██░░░░░░░░░░░░░░░░░░░░░░░░░░░░░░░░░░░░░░ │   5.0%                                  │
│ Elapsed: 05:32 │ ETA: 01:45:10 │ Step Time: 33.213s                                                                  │
├──────────────────────────────────────────────────────── Time ────────────────────────────────────────────────────────┤
│                                                                                                                      │
│actor/actor/compute_adv=2.84e-05       │actor/actor/recv_traj=33.174           │actor/actor/sync_model_to_rollout=0.1…│
│actor/run_training=0.0022              │actor_training=0.0057                  │cal_adv_and_returns=0.0048            │
│env/compute_bootstrap_rewards=6.21e-04 │env/env/bootstrap_step=17.654          │env/env/send_rollout_trajectories=0.3…│
│env/env_interact_step=12.275           │env/interact=33.111                    │env/run_interact_once=31.968          │
│generate_rollouts=33.214               │rollout/generate_one_epoch=31.623      │rollout/predict=1.277                 │
│rollout/rollout/generate=31.624        │rollout/sync_model_from_actor=0.574    │step=33.803                           │
│sync_weights=0.577                     │                                       │                                      │
│                                                                                                                      │
├──────────────────────────────────────────────────── Environment ─────────────────────────────────────────────────────┤
│                                                                                                                      │
│episode_len=200.0                      │num_trajectories=4                     │return=0.0                            │
│reward=0.0                             │success_once=0.0                       │                                      │
│                                                                                                                      │
├─────────────────────────────────────────────────── Replay Buffer ────────────────────────────────────────────────────┤
│                                                                                                                      │
│local_capacity=1.25e+04                │resident_transitions=195.0             │total_inserted=195.0                  │
│write_cursor=195.0                     │                                       │                                      │
│                                                                                                                      │
├─────────────────────────────────────────────────── Training/Other ───────────────────────────────────────────────────┤
│                                                                                                                      │
│sac/global_new_transitions=40.000      │sac/global_resident_transitions=390.0  │                                      │
│                                                                                                                      │
╰──────────────────────────────────────────────────────────────────────────────────────────────────────────────────────╯


╭──────────────────────────────────────────────────────────────────────────────────────────────────────────────────────╮
├──────────────────────────────────────────────────── Metric Table ────────────────────────────────────────────────────┤
│ Global Step:   11/200 │ Progress: ██░░░░░░░░░░░░░░░░░░░░░░░░░░░░░░░░░░░░░░ │   5.5%                                  │
│ Elapsed: 06:07 │ ETA: 01:45:17 │ Step Time: 33.426s                                                                  │
├──────────────────────────────────────────────────────── Time ────────────────────────────────────────────────────────┤
│                                                                                                                      │
│actor/actor/compute_adv=4.08e-05       │actor/actor/recv_traj=34.309           │actor/actor/sync_model_to_rollout=0.2…│
│actor/run_training=0.0033              │actor_training=0.0047                  │cal_adv_and_returns=0.0037            │
│env/compute_bootstrap_rewards=7.38e-04 │env/env/bootstrap_step=20.404          │env/env/send_rollout_trajectories=0.3…│
│env/env_interact_step=11.622           │env/interact=34.262                    │env/run_interact_once=33.709          │
│generate_rollouts=34.349               │rollout/generate_one_epoch=33.342      │rollout/predict=1.235                 │
│rollout/rollout/generate=33.342        │rollout/sync_model_from_actor=1.174    │step=35.536                           │
│sync_weights=1.178                     │                                       │                                      │
│                                                                                                                      │
├──────────────────────────────────────────────────── Environment ─────────────────────────────────────────────────────┤
│                                                                                                                      │
│episode_len=200.0                      │num_trajectories=4                     │return=0.0                            │
│reward=0.0                             │success_once=0.0                       │                                      │
│                                                                                                                      │
├─────────────────────────────────────────────────── Replay Buffer ────────────────────────────────────────────────────┤
│                                                                                                                      │
│local_capacity=1.25e+04                │resident_transitions=215.0             │total_inserted=215.0                  │
│write_cursor=215.0                     │                                       │                                      │
│                                                                                                                      │
├─────────────────────────────────────────────────── Training/Other ───────────────────────────────────────────────────┤
│                                                                                                                      │
│sac/global_new_transitions=40.000      │sac/global_resident_transitions=430.0  │                                      │
│                                                                                                                      │
╰──────────────────────────────────────────────────────────────────────────────────────────────────────────────────────╯


╭──────────────────────────────────────────────────────────────────────────────────────────────────────────────────────╮
├──────────────────────────────────────────────────── Metric Table ────────────────────────────────────────────────────┤
│ Global Step:   12/200 │ Progress: ██░░░░░░░░░░░░░░░░░░░░░░░░░░░░░░░░░░░░░░ │   6.0%                                  │
│ Elapsed: 06:37 │ ETA: 01:43:47 │ Step Time: 33.126s                                                                  │
├──────────────────────────────────────────────────────── Time ────────────────────────────────────────────────────────┤
│                                                                                                                      │
│actor/actor/compute_adv=2.57e-05       │actor/actor/recv_traj=29.158           │actor/actor/sync_model_to_rollout=0.1…│
│actor/run_training=0.0015              │actor_training=0.0027                  │cal_adv_and_returns=0.0034            │
│env/compute_bootstrap_rewards=6.69e-04 │env/env/bootstrap_step=15.701          │env/env/send_rollout_trajectories=0.3…│
│env/env_interact_step=11.138           │env/interact=29.112                    │env/run_interact_once=28.537          │
│generate_rollouts=29.193               │rollout/generate_one_epoch=28.231      │rollout/predict=1.230                 │
│rollout/rollout/generate=28.232        │rollout/sync_model_from_actor=0.611    │step=29.813                           │
│sync_weights=0.613                     │                                       │                                      │
│                                                                                                                      │
├──────────────────────────────────────────────────── Environment ─────────────────────────────────────────────────────┤
│                                                                                                                      │
│episode_len=200.0                      │num_trajectories=4                     │return=0.0                            │
│reward=0.0                             │success_once=0.0                       │                                      │
│                                                                                                                      │
├─────────────────────────────────────────────────── Replay Buffer ────────────────────────────────────────────────────┤
│                                                                                                                      │
│local_capacity=1.25e+04                │resident_transitions=235.0             │total_inserted=235.0                  │
│write_cursor=235.0                     │                                       │                                      │
│                                                                                                                      │
├─────────────────────────────────────────────────── Training/Other ───────────────────────────────────────────────────┤
│                                                                                                                      │
│sac/global_new_transitions=40.000      │sac/global_resident_transitions=470.0  │                                      │
│                                                                                                                      │
╰──────────────────────────────────────────────────────────────────────────────────────────────────────────────────────╯

