
╭──────────────────────────────────────────────────────────────────────────────────────────────────────────────────────╮
├──────────────────────────────────────────────────── Metric Table ────────────────────────────────────────────────────┤
│ Global Step:    1/1 │ Progress: ████████████████████████████████████████ │ 100.0%                                    │
│ Elapsed: 02:40 │ ETA: 00:00 │ Step Time: 160.782s                                                                    │
├──────────────────────────────────────────────────────── Time ────────────────────────────────────────────────────────┤
│                                                                                                                      │
│actor/actor/compute_adv=2.67e-05       │actor/actor/recv_traj=158.8            │actor/actor/sync_model_to_rollout=0.2…│
│actor/forward_actor=0.128              │actor/forward_critic=0.344             │actor/sample=0.021                    │
│actor/update_one_epoch=0.685           │actor_training=0.697                   │cal_adv_and_returns=0.0036            │
│env/compute_bootstrap_rewards=0.0022   │env/env/bootstrap_step=57.620          │env/env/send_rollout_trajectories=0.3…│
│env/env_interact_step=93.289           │env/interact=158.5                     │env/run_interact_once=157.7           │
│generate_rollouts=158.8                │rollout/generate_one_epoch=157.3       │rollout/rollout/generate=157.3        │
│rollout/sync_model_from_actor=0.607    │step=160.7                             │sync_weights=0.610                    │
│                                                                                                                      │
├──────────────────────────────────────────────────── Environment ─────────────────────────────────────────────────────┤
│                                                                                                                      │
│episode_len=200.0                      │num_trajectories=8                     │return=2.625                          │
│reward=0.0131250005                    │success_once=0.25                      │                                      │
│                                                                                                                      │
├─────────────────────────────────────────────────── Replay Buffer ────────────────────────────────────────────────────┤
│                                                                                                                      │
│cache_size=141.0                       │num_trajectories=141.0                 │total_samples=141.0                   │
│                                                                                                                      │
├─────────────────────────────────────────────────── Training/Actor ───────────────────────────────────────────────────┤
│                                                                                                                      │
│actor/action_ref_abs_mean=0.312        │actor/actor_weight_in_warmup=0.500     │actor/actor_weight_ramp_progress=0.125│
│actor/actor_weight_schedule_enabled=1.…│actor/bc_human_loss=0.0000             │actor/bc_loss=0.224                   │
│actor/bc_ref_loss=0.222                │actor/bc_weight=6.438                  │actor/entropy=-672.0                  │
│actor/grad_norm=3.377                  │actor/human_mask_ratio=0.0000          │actor/lr=1.00e-04                     │
│actor/policy_mask_ratio=1.000          │actor/q_pi=-0.235                      │actor/q_value_0=-0.235                │
│actor/q_value_1=-0.235                 │actor/q_weight=0.100                   │actor/reference_dropout_prob=0.500    │
│actor/rlt_dvac/baseline_count=1410.0   │actor/rlt_dvac/baseline_frozen=1.000   │actor/rlt_dvac/baseline_mean=-4.875   │
│actor/rlt_dvac/baseline_std=0.543      │actor/rlt_dvac/enabled=1.000           │actor/rlt_dvac/log_v_mean=-4.877      │
│actor/rlt_dvac/mode_apply=1.000        │actor/rlt_dvac/success_bc_applied=1.000│actor/rlt_dvac/success_query_ratio=0.…│
│actor/rlt_dvac/weight_ess_ratio=0.647  │actor/rlt_dvac/weight_mean=1.000       │actor/rlt_dvac/weight_median=0.959    │
│actor/rlt_dvac/weight_p05=0.0000       │actor/rlt_dvac/weight_p95=2.329        │actor/rlt_dvac/z_std=0.912            │
│actor/weighted_bc=1.445                │actor/weighted_q=-0.021                │                                      │
│                                                                                                                      │
├────────────────────────────────────────────────── Training/Critic ───────────────────────────────────────────────────┤
│                                                                                                                      │
│critic/grad_norm=3.187                 │critic/lr=1.00e-04                     │critic/q_data=-0.203                  │
│                                                                                                                      │
├─────────────────────────────────────────────────── Training/Other ───────────────────────────────────────────────────┤
│                                                                                                                      │
│alpha/grad_norm=0.0000                 │replay/actor_switch_rate=0.0000        │replay/done_rate=0.057                │
│replay/intervention_rate=0.0000        │replay/intervention_requested_rate=0.0…│replay/record_transition_rate=1.000   │
│replay/reward_mean=0.014               │replay/reward_positive_rate=0.014      │replay/transition_count=141.0         │
│rlt/actor_updates_run=4.000            │rlt/critic_updates_run=8.000           │rlt/desired_total_updates=8.000       │
│rlt/global_min_replay_size=141.0       │rlt/global_total_transitions_added=141…│rlt/global_transitions_since_train=14…│
│rlt/max_updates_per_train_step=20.000  │rlt/min_replay_buffer_size=2.000       │rlt/pending_update_budget=0.0000      │
│rlt/ready_for_online=0.0000            │rlt/should_train=1.000                 │rlt/skip_reason=0.0000                │
│rlt/train_every_episodes=0.0000        │rlt/train_every_transitions=1.000      │rlt/update_epoch=5.000                │
│rlt/update_step=0.0000                 │rlt/updates_scheduled=8.000            │rlt/updates_to_run=8.000              │
│rlt/warmup_required_updates=8.000      │rlt_dvac/baseline_count=1410.0         │rlt_dvac/baseline_frozen=1.000        │
│rlt_dvac/baseline_mean=-4.875          │rlt_dvac/baseline_std=0.543            │rlt_dvac/enabled=1.000                │
│sac/actor_loss=1.466                   │sac/alpha=0.0000                       │sac/alpha_loss=0.0000                 │
│sac/critic_loss=0.025                  │                                       │                                      │
│                                                                                                                      │
╰──────────────────────────────────────────────────────────────────────────────────────────────────────────────────────╯

