/data/chenyiteng/projects/rlinf-shenzhen/worktrees/sidney-pi05-grpo-dvac-adv/examples/embodiment/train_embodied_agent.py:35: Hydra14MigrationWarning: 
version_base="1.1" selects Hydra 1.1 compatibility behavior.
Hydra 1.4 will remove this compatibility behavior.
Before upgrading to Hydra 1.4, set version_base="1.3" and test your application.
See https://hydra.cc/docs/upgrades/1.3_to_1.4/prepare_for_1_4/ for preparation instructions.
  @hydra.main(
/home/chenyiteng/venvs/rlinf-7d07-openpi-robotwin/lib/python3.11/site-packages/hydra/_internal/hydra.py:119: UserWarning: Future Hydra versions will no longer change working directory at job runtime by default.
See https://hydra.cc/docs/1.2/upgrades/1.1_to_1.2/changes_to_job_working_dir/ for more information.
  ret = run_job(
[INFO 07:08:36 RLinf] RLinf Ray code sync is enabled (py_modules=('/data/chenyiteng/projects/rlinf-shenzhen/worktrees/sidney-pi05-grpo-dvac-adv/rlinf',)); workers receive only the rlinf package from the launch node. Disable with RLINF_CODE_WORKING_DIR=0.
2026-09-06 07:08:36,912	INFO worker.py:1683 -- Using address 172.17.0.1:6389 set in the environment variable RAY_ADDRESS
2026-09-06 07:08:36,918	INFO worker.py:1833 -- Connecting to existing Ray cluster at address: 172.17.0.1:6389...
2026-09-06 07:08:36,995	INFO worker.py:2015 -- Connected to Ray cluster. View the dashboard at [1m[32mhttp://127.0.0.1:8266 [39m[22m
2026-09-06 07:08:37,037	INFO packaging.py:734 -- Creating a file package for local module '/data/chenyiteng/projects/rlinf-shenzhen/worktrees/sidney-pi05-grpo-dvac-adv/rlinf'.
2026-09-06 07:08:37,105	INFO packaging.py:434 -- Pushing file package 'gcs://_ray_pkg_3e45a8f8d244372b.zip' (7.81MiB) to Ray cluster...
2026-09-06 07:08:37,129	INFO packaging.py:447 -- Successfully pushed file package 'gcs://_ray_pkg_3e45a8f8d244372b.zip'.
[INFO 07:08:39 RLinf] RLinf is running on a cluster with 1 node and 8 accelerators. The nodes' details are: 
node_labels: []
node_rank: 0
ray_id: 2730f38e60da6b4c0f68d8779893624a0917240589c544541c894c54
node_ip: 172.17.0.1
num_cpus: 128
python_interpreter_path: /home/chenyiteng/venvs/rlinf-7d07-openpi-robotwin/bin/python
hardware_resources:
- type: Accelerator
  infos:
  - type: Accelerator
    model: NV_GPU:H100 80GB HBM3
  - type: Accelerator
    model: NV_GPU:H100 80GB HBM3
  - type: Accelerator
    model: NV_GPU:H100 80GB HBM3
  - type: Accelerator
    model: NV_GPU:H100 80GB HBM3
  - type: Accelerator
    model: NV_GPU:H100 80GB HBM3
  - type: Accelerator
    model: NV_GPU:H100 80GB HBM3
  - type: Accelerator
    model: NV_GPU:H100 80GB HBM3
  - type: Accelerator
    model: NV_GPU:H100 80GB HBM3
profiler_backends: []

Node groups' details are: 
label: cluster
nodes: '0'
hardware_type: Accelerator
ignore_hardware: false
env_configs: null

label: node
nodes: '0'
hardware_type: null
ignore_hardware: true
env_configs: null

[36m(_RemoteNodeProbe pid=701711)[0m /data/chenyiteng/projects/rlinf-shenzhen/worktrees/sidney-pi05-grpo-dvac-adv/rlinf/scheduler/cluster/node.py:532: UserWarning: Python interpreter used to launch Ray on node with IP 172.17.0.1 is different from that on the head node /home/chenyiteng/venvs/rlinf-7d07-openpi-robotwin/bin/python. Keep using the current interpreter /home/chenyiteng/venvs/rlinf-7d07-openpi-robotwin/bin/python3 on this node.
[36m(_RemoteNodeProbe pid=701711)[0m   warnings.warn(
[INFO 07:08:39 FlexiblePlacementStrategy] 
[INFO 07:08:39 FlexiblePlacementStrategy] Using flexible placement with hardware ranks: [[4], [5]], node groups: ['cluster'].
[INFO 07:08:39 FlexiblePlacementStrategy] 
[INFO 07:08:39 FlexiblePlacementStrategy] Using flexible placement with hardware ranks: [[4], [5]], node groups: ['cluster'].
{
  "env": {
    "train": {
      "env_type": "robotwin",
      "total_num_envs": 64,
      "auto_reset": false,
      "ignore_terminations": false,
      "reward_coef": 1.0,
      "use_custom_reward": true,
      "use_rel_reward": true,
      "center_crop": false,
      "seed": 0,
      "group_size": 8,
      "use_fixed_reset_state_ids": false,
      "max_steps_per_rollout_epoch": 200,
      "max_episode_steps": 200,
      "is_eval": false,
      "assets_path": "/data/chenyiteng/projects/rlinf-shenzhen/RoboTwin-RLinf-support",
      "seeds_path": "/data/chenyiteng/projects/rlinf-shenzhen/worktrees/sidney-pi05-grpo-dvac-adv/rlinf/envs/robotwin/seeds/train_seeds.json",
      "video_cfg": {
        "save_video": false,
        "info_on_video": true,
        "video_base_dir": "/data/chenyiteng/results/rlinf-shenzhen/pi05-sidney/runs/move-pillbottle-pad-grpo-dvac-adv-w05to15-formal200-2gpu64x4-g8-b1024-u2-m10-noise05-h200-fixed32-phys45-20260906-v1/video/train"
      },
      "enable_offload": false,
      "task_config": {
        "task_name": "move_pillbottle_pad",
        "step_lim": 200,
        "planner_backend": "mplib",
        "render_freq": 0,
        "episode_num": 100,
        "use_seed": false,
        "save_freq": 15,
        "embodiment": [
          "aloha-agilex"
        ],
        "language_num": 100,
        "domain_randomization": {
          "random_background": false,
          "cluttered_table": false,
          "clean_background_rate": 1,
          "random_head_camera_dis": 0,
          "random_table_height": 0,
          "random_light": false,
          "crazy_random_light_rate": 0
        },
        "camera": {
          "head_camera_type": "D435",
          "wrist_camera_type": "D435",
          "collect_head_camera": true,
          "collect_wrist_camera": true
        },
        "data_type": {
          "rgb": true,
          "third_view": false,
          "depth": false,
          "pointcloud": false,
          "observer": false,
          "endpose": false,
          "qpos": true,
          "mesh_segmentation": false,
          "actor_segmentation": false
        },
        "pcd_down_sample_num": 1024,
        "pcd_crop": true,
        "save_path": "/data/chenyiteng/results/rlinf-shenzhen/pi05-sidney/runs/move-pillbottle-pad-grpo-dvac-adv-w05to15-formal200-2gpu64x4-g8-b1024-u2-m10-noise05-h200-fixed32-phys45-20260906-v1/robotwin_data/train",
        "clear_cache_freq": 1,
        "collect_data": true,
        "eval_video_log": true
      },
      "rollout_epoch": 4
    },
    "eval": {
      "env_type": "robotwin",
      "total_num_envs": 32,
      "auto_reset": true,
      "ignore_terminations": true,
      "reward_coef": 1.0,
      "use_custom_reward": true,
      "use_rel_reward": true,
      "center_crop": false,
      "seed": 0,
      "group_size": 1,
      "use_fixed_reset_state_ids": true,
      "max_steps_per_rollout_epoch": 200,
      "max_episode_steps": 200,
      "is_eval": true,
      "assets_path": "/data/chenyiteng/projects/rlinf-shenzhen/RoboTwin-RLinf-support",
      "seeds_path": "/data/chenyiteng/projects/rlinf-shenzhen/worktrees/sidney-pi05-grpo-dvac-adv/rlinf/envs/robotwin/seeds/eval_seeds.json",
      "video_cfg": {
        "save_video": true,
        "info_on_video": true,
        "video_base_dir": "/data/chenyiteng/results/rlinf-shenzhen/pi05-sidney/runs/move-pillbottle-pad-grpo-dvac-adv-w05to15-formal200-2gpu64x4-g8-b1024-u2-m10-noise05-h200-fixed32-phys45-20260906-v1/video/eval"
      },
      "enable_offload": false,
      "task_config": {
        "task_name": "move_pillbottle_pad",
        "step_lim": 200,
        "planner_backend": "mplib",
        "render_freq": 0,
        "episode_num": 100,
        "use_seed": false,
        "save_freq": 15,
        "embodiment": [
          "aloha-agilex"
        ],
        "language_num": 100,
        "domain_randomization": {
          "random_background": false,
          "cluttered_table": false,
          "clean_background_rate": 1,
          "random_head_camera_dis": 0,
          "random_table_height": 0,
          "random_light": false,
          "crazy_random_light_rate": 0
        },
        "camera": {
          "head_camera_type": "D435",
          "wrist_camera_type": "D435",
          "collect_head_camera": true,
          "collect_wrist_camera": true
        },
        "data_type": {
          "rgb": true,
          "third_view": false,
          "depth": false,
          "pointcloud": false,
          "observer": false,
          "endpose": false,
          "qpos": true,
          "mesh_segmentation": false,
          "actor_segmentation": false
        },
        "pcd_down_sample_num": 1024,
        "pcd_crop": true,
        "save_path": "/data/chenyiteng/results/rlinf-shenzhen/pi05-sidney/runs/move-pillbottle-pad-grpo-dvac-adv-w05to15-formal200-2gpu64x4-g8-b1024-u2-m10-noise05-h200-fixed32-phys45-20260906-v1/robotwin_data/eval",
        "clear_cache_freq": 1,
        "collect_data": true,
        "eval_video_log": true
      },
      "rollout_epoch": 1
    },
    "group_name": "EnvGroup",
    "enable_offload": true
  },
  "actor": {
    "model": {
      "model_type": "openpi",
      "model_path": "/data/chenyiteng/models/rlinf-native/sidney-pi05-robotwin-e49e2ab",
      "precision": null,
      "num_action_chunks": 50,
      "action_dim": 14,
      "is_lora": false,
      "lora_rank": 32,
      "use_proprio": true,
      "num_steps": 10,
      "add_value_head": false,
      "openpi": {
        "config_name": "pi05_sidney_robotwin",
        "num_images_in_input": 3,
        "noise_level": 0.5,
        "action_chunk": 50,
        "num_steps": 10,
        "train_expert_only": true,
        "action_env_dim": 14,
        "noise_method": "flow_sde",
        "add_value_head": false,
        "value_after_vlm": false,
        "value_vlm_mode": "mean_token",
        "detach_critic_input": true,
        "use_dsrl": false,
        "dsrl_state_dim": 8,
        "dsrl_action_noise_dim": 32,
        "dsrl_num_q_heads": 10,
        "dsrl_agg_q": "mean",
        "dsrl_image_latent_dim": 64,
        "dsrl_state_latent_dim": 64,
        "dsrl_hidden_dims": [
          128,
          128,
          128
        ]
      }
    },
    "fsdp_config": {
      "strategy": "fsdp",
      "sharding_strategy": "full_shard",
      "gradient_checkpointing": false,
      "cpu_offload": false,
      "offload_pin_memory": false,
      "reshard_after_forward": true,
      "enable_gradient_accumulation": true,
      "forward_prefetch": false,
      "limit_all_gathers": false,
      "backward_prefetch": null,
      "use_orig_params": false,
      "use_liger_kernel": false,
      "mixed_precision": {
        "param_dtype": null,
        "reduce_dtype": null,
        "buffer_dtype": null
      },
      "amp_autocast": {
        "enabled": false,
        "precision": "bf16"
      },
      "grad_scaler": {
        "enabled": false,
        "init_scale": null,
        "growth_interval": null
      },
      "checkpoint_format": "local_shard"
    },
    "group_name": "ActorGroup",
    "training_backend": "fsdp",
    "global_batch_size": 1024,
    "micro_batch_size": 32,
    "seed": 1234,
    "enable_offload": true,
    "optim": {
      "lr": 5e-06,
      "value_lr": 0.0001,
      "adam_beta1": 0.9,
      "adam_beta2": 0.95,
      "adam_eps": 1e-08,
      "weight_decay": 0.01,
      "clip_grad": 1.0,
      "critic_warmup_steps": 0
    }
  },
  "weight_syncer": {
    "type": "patch",
    "patch": {
      "snapshot_device": "cpu",
      "delta_encoding": true,
      "compression": "none",
      "init_sync": {
        "enabled": true,
        "prefixes": null,
        "bucket_size": 134217728
      }
    }
  },
  "cluster": {
    "num_nodes": 1,
    "component_placement": {
      "actor, env, rollout": "4,5"
    },
    "tracer": {
      "enable": false
    }
  },
  "runner": {
    "task_type": "embodied",
    "logger": {
      "log_path": "/data/chenyiteng/results/rlinf-shenzhen/pi05-sidney/runs/move-pillbottle-pad-grpo-dvac-adv-w05to15-formal200-2gpu64x4-g8-b1024-u2-m10-noise05-h200-fixed32-phys45-20260906-v1",
      "project_name": "rlinf",
      "experiment_name": "pi05_sidney_pillbottle_grpo_dvac_adv_w05to15_formal200_phys45_20260906",
      "logger_backends": [
        "tensorboard"
      ]
    },
    "max_epochs": 1000,
    "max_steps": 200,
    "only_eval": false,
    "val_check_interval": 5,
    "save_interval": 10,
    "resume_dir": null,
    "ckpt_path": null,
    "per_worker_log": false,
    "per_worker_log_path": null,
    "weight_sync_interval": 1,
    "overlap_env_bootstrap": false
  },
  "algorithm": {
    "normalize_advantages": true,
    "kl_penalty": "kl",
    "group_size": 8,
    "reward_coef": 1.0,
    "reward_type": "chunk_level",
    "logprob_type": "action_level",
    "entropy_type": "token_level",
    "update_epoch": 2,
    "adv_type": "grpo",
    "loss_type": "actor",
    "loss_agg_func": "token-mean",
    "kl_beta": 0.0,
    "entropy_bonus": 0,
    "clip_ratio_high": 0.2,
    "clip_ratio_low": 0.2,
    "clip_ratio_c": 3.0,
    "value_clip": 0.2,
    "huber_delta": 10.0,
    "gamma": 0.99,
    "gae_lambda": 0.95,
    "filter_rewards": true,
    "rewards_lower_bound": 0.1,
    "rewards_upper_bound": 0.9,
    "dvac_gradient_weighting": {
      "mode": "apply",
      "application": "action_advantage",
      "selected_l": 3,
      "warmup_steps": 1,
      "window_steps": 5,
      "log_eps": 1e-12,
      "std_floor": 1e-06,
      "z_clip": 2.0,
      "strength": 0.5,
      "weight_min": 0.5,
      "weight_max": 1.5,
      "save_step_tensors": true,
      "output_dir": "/data/chenyiteng/results/rlinf-shenzhen/pi05-sidney/runs/move-pillbottle-pad-grpo-dvac-adv-w05to15-formal200-2gpu64x4-g8-b1024-u2-m10-noise05-h200-fixed32-phys45-20260906-v1/pi05_sidney_pillbottle_grpo_dvac_adv_w05to15_formal200_phys45_20260906/dvac_train"
    }
  },
  "rollout": {
    "group_name": "RolloutGroup",
    "backend": "huggingface",
    "recompute_logprobs": false,
    "enable_offload": true,
    "pipeline_stage_num": 1,
    "model": {
      "model_type": "openpi",
      "model_path": "/data/chenyiteng/models/rlinf-native/sidney-pi05-robotwin-e49e2ab",
      "precision": null,
      "num_action_chunks": 50,
      "action_dim": 14,
      "is_lora": false,
      "lora_rank": 32,
      "use_proprio": true,
      "num_steps": 10,
      "add_value_head": false,
      "openpi": {
        "config_name": "pi05_sidney_robotwin",
        "num_images_in_input": 3,
        "noise_level": 0.5,
        "action_chunk": 50,
        "num_steps": 10,
        "train_expert_only": true,
        "action_env_dim": 14,
        "noise_method": "flow_sde",
        "add_value_head": false,
        "value_after_vlm": false,
        "value_vlm_mode": "mean_token",
        "detach_critic_input": true,
        "use_dsrl": false,
        "dsrl_state_dim": 8,
        "dsrl_action_noise_dim": 32,
        "dsrl_num_q_heads": 10,
        "dsrl_agg_q": "mean",
        "dsrl_image_latent_dim": 64,
        "dsrl_state_latent_dim": 64,
        "dsrl_hidden_dims": [
          128,
          128,
          128
        ]
      }
    }
  },
  "reward": {
    "use_reward_model": false
  },
  "critic": {
    "use_critic_model": false
  }
}
[INFO 07:08:39 FlexiblePlacementStrategy] 
[INFO 07:08:39 FlexiblePlacementStrategy] Using flexible placement with hardware ranks: [[4], [5]], node groups: ['cluster'].
[INFO 07:08:39 FlexiblePlacementStrategy] Generated 2 placements: [Placement(rank=0, cluster_node_rank=0, placement_node_rank=0, local_accelerator_rank=4, accelerator_type='NV_GPU', local_rank=0, local_world_size=2, visible_accelerators=['4'], isolate_accelerator=True, local_hardware_ranks=[4], node_group_label='cluster'), Placement(rank=1, cluster_node_rank=0, placement_node_rank=0, local_accelerator_rank=5, accelerator_type='NV_GPU', local_rank=1, local_world_size=2, visible_accelerators=['5'], isolate_accelerator=True, local_hardware_ranks=[5], node_group_label='cluster')].
[INFO 07:08:39 FlexiblePlacementStrategy] Generated 2 placements: [Placement(rank=0, cluster_node_rank=0, placement_node_rank=0, local_accelerator_rank=4, accelerator_type='NV_GPU', local_rank=0, local_world_size=2, visible_accelerators=['4'], isolate_accelerator=True, local_hardware_ranks=[4], node_group_label='cluster'), Placement(rank=1, cluster_node_rank=0, placement_node_rank=0, local_accelerator_rank=5, accelerator_type='NV_GPU', local_rank=1, local_world_size=2, visible_accelerators=['5'], isolate_accelerator=True, local_hardware_ranks=[5], node_group_label='cluster')].
[INFO 07:08:40 FlexiblePlacementStrategy] Generated 2 placements: [Placement(rank=0, cluster_node_rank=0, placement_node_rank=0, local_accelerator_rank=4, accelerator_type='NV_GPU', local_rank=0, local_world_size=2, visible_accelerators=['4'], isolate_accelerator=True, local_hardware_ranks=[4], node_group_label='cluster'), Placement(rank=1, cluster_node_rank=0, placement_node_rank=0, local_accelerator_rank=5, accelerator_type='NV_GPU', local_rank=1, local_world_size=2, visible_accelerators=['5'], isolate_accelerator=True, local_hardware_ranks=[5], node_group_label='cluster')].
[INFO 07:08:40 NodePlacementStrategy] 
[INFO 07:08:40 NodePlacementStrategy] Using node placement with node ranks: [0], node groups: ['node'].
[INFO 07:08:40 NodePlacementStrategy] Generated 1 placements: [Placement(rank=0, cluster_node_rank=0, placement_node_rank=0, local_accelerator_rank='0', accelerator_type='NV_GPU', local_rank=0, local_world_size=1, visible_accelerators=['0', '1', '2', '3', '4', '5', '6', '7'], isolate_accelerator=True, local_hardware_ranks=[], node_group_label='cluster')].
[INFO 07:08:40 NodePlacementStrategy] 
[INFO 07:08:40 NodePlacementStrategy] Using node placement with node ranks: [0], node groups: ['node'].
[INFO 07:08:40 NodePlacementStrategy] Generated 1 placements: [Placement(rank=0, cluster_node_rank=0, placement_node_rank=0, local_accelerator_rank='0', accelerator_type='NV_GPU', local_rank=0, local_world_size=1, visible_accelerators=['0', '1', '2', '3', '4', '5', '6', '7'], isolate_accelerator=True, local_hardware_ranks=[], node_group_label='cluster')].
[INFO 07:08:40 NodePlacementStrategy] 
[INFO 07:08:40 NodePlacementStrategy] Using node placement with node ranks: [0], node groups: ['node'].
[INFO 07:08:40 NodePlacementStrategy] Generated 1 placements: [Placement(rank=0, cluster_node_rank=0, placement_node_rank=0, local_accelerator_rank='0', accelerator_type='NV_GPU', local_rank=0, local_world_size=1, visible_accelerators=['0', '1', '2', '3', '4', '5', '6', '7'], isolate_accelerator=True, local_hardware_ranks=[], node_group_label='cluster')].
WARNING: All log messages before absl::InitializeLog() is called are written to STDERR
I0000 00:00:1788678520.718283  701211 port.cc:153] oneDNN custom operations are on. You may see slightly different numerical results due to floating-point round-off errors from different computation orders. To turn them off, set the environment variable `TF_ENABLE_ONEDNN_OPTS=0`.
I0000 00:00:1788678520.782270  701211 cpu_feature_guard.cc:227] This TensorFlow binary is optimized to use available CPU instructions in performance-critical operations.
To enable the following instructions: AVX2 AVX512F AVX512_VNNI AVX512_BF16 AVX512_FP16 AVX_VNNI AMX_TILE AMX_INT8 AMX_BF16 FMA, in other operations, rebuild TensorFlow with the appropriate compiler flags.
WARNING: All log messages before absl::InitializeLog() is called are written to STDERR
I0000 00:00:1788678522.421704  701211 port.cc:153] oneDNN custom operations are on. You may see slightly different numerical results due to floating-point round-off errors from different computation orders. To turn them off, set the environment variable `TF_ENABLE_ONEDNN_OPTS=0`.
[36m(EnvWorker pid=701839)[0m [INFO 07:08:45 FlexiblePlacementStrategy] 
[36m(EnvWorker pid=701839)[0m [INFO 07:08:45 FlexiblePlacementStrategy] Using flexible placement with hardware ranks: [[4], [5]], node groups: ['cluster'].
[36m(MultiStepRolloutWorker pid=701826)[0m [INFO 07:08:45 FlexiblePlacementStrategy] 
[36m(MultiStepRolloutWorker pid=701826)[0m [INFO 07:08:45 FlexiblePlacementStrategy] Using flexible placement with hardware ranks: [[4], [5]], node groups: ['cluster'].
[36m(MultiStepRolloutWorker pid=701836)[0m [INFO 07:08:45 FlexiblePlacementStrategy] 
[36m(MultiStepRolloutWorker pid=701836)[0m [INFO 07:08:45 FlexiblePlacementStrategy] Using flexible placement with hardware ranks: [[4], [5]], node groups: ['cluster'].
[36m(EnvWorker pid=701841)[0m [INFO 07:08:45 FlexiblePlacementStrategy] 
[36m(EnvWorker pid=701841)[0m [INFO 07:08:45 FlexiblePlacementStrategy] Using flexible placement with hardware ranks: [[4], [5]], node groups: ['cluster'].
[36m(EmbodiedFSDPActor pid=701813)[0m [WARNING 07:08:46 ActorGroup-Rank-0][fsdp_model_manager.py:79] Provided there is sufficient GPU memory, set the actor.model.precision parameter to fp32 to allow the optimizer to run in fp32 for better convergence. Meanwhile, setting mixed_precision.param_dtype to 16-bit dtype can help maximize speed, as it will automatically convert fp32 to fp16 during operator execution.
[36m(EmbodiedFSDPActor pid=701821)[0m [WARNING 07:08:46 ActorGroup-Rank-1][fsdp_model_manager.py:79] Provided there is sufficient GPU memory, set the actor.model.precision parameter to fp32 to allow the optimizer to run in fp32 for better convergence. Meanwhile, setting mixed_precision.param_dtype to 16-bit dtype can help maximize speed, as it will automatically convert fp32 to fp16 during operator execution.
[36m(RolloutGroup(rank=1) pid=701836)[0m WARNING: All log messages before absl::InitializeLog() is called are written to STDERR
[36m(RolloutGroup(rank=1) pid=701836)[0m I0000 00:00:1788678527.362882  702755 port.cc:153] oneDNN custom operations are on. You may see slightly different numerical results due to floating-point round-off errors from different computation orders. To turn them off, set the environment variable `TF_ENABLE_ONEDNN_OPTS=0`.
[36m(RolloutGroup(rank=0) pid=701826)[0m WARNING: All log messages before absl::InitializeLog() is called are written to STDERR
[36m(RolloutGroup(rank=0) pid=701826)[0m I0000 00:00:1788678527.754232  702794 port.cc:153] oneDNN custom operations are on. You may see slightly different numerical results due to floating-point round-off errors from different computation orders. To turn them off, set the environment variable `TF_ENABLE_ONEDNN_OPTS=0`.
[36m(RolloutGroup(rank=1) pid=701836)[0m WARNING: All log messages before absl::InitializeLog() is called are written to STDERR
[36m(RolloutGroup(rank=1) pid=701836)[0m I0000 00:00:1788678528.435918  702755 port.cc:153] oneDNN custom operations are on. You may see slightly different numerical results due to floating-point round-off errors from different computation orders. To turn them off, set the environment variable `TF_ENABLE_ONEDNN_OPTS=0`.
[36m(RolloutGroup(rank=0) pid=701826)[0m WARNING: All log messages before absl::InitializeLog() is called are written to STDERR
[36m(RolloutGroup(rank=0) pid=701826)[0m I0000 00:00:1788678529.069735  702794 port.cc:153] oneDNN custom operations are on. You may see slightly different numerical results due to floating-point round-off errors from different computation orders. To turn them off, set the environment variable `TF_ENABLE_ONEDNN_OPTS=0`.
[36m(EnvGroup(rank=0) pid=701839)[0m [W906 07:08:55.927423972 socket.cpp:207] [c10d] The hostname of the client socket cannot be retrieved. err=-3
[36m(EmbodiedFSDPActor pid=701813)[0m [W906 07:08:56.037147399 socket.cpp:207] [c10d] The hostname of the client socket cannot be retrieved. err=-3
[36m(EnvGroup(rank=1) pid=701841)[0m /home/chenyiteng/venvs/rlinf-7d07-openpi-robotwin/lib/python3.11/site-packages/sapien/_vulkan_tricks.py:73: UserWarning: Failed to find Vulkan ICD file. This is probably due to an incorrect or partial installation of the NVIDIA driver. SAPIEN will attempt to provide an ICD file anyway but it may not work.
[36m(EnvGroup(rank=1) pid=701841)[0m   warn(
[36m(EnvGroup(rank=0) pid=701839)[0m /home/chenyiteng/venvs/rlinf-7d07-openpi-robotwin/lib/python3.11/site-packages/sapien/_vulkan_tricks.py:73: UserWarning: Failed to find Vulkan ICD file. This is probably due to an incorrect or partial installation of the NVIDIA driver. SAPIEN will attempt to provide an ICD file anyway but it may not work.
[36m(EnvGroup(rank=0) pid=701839)[0m   warn(
[36m(EmbodiedFSDPActor pid=701821)[0m [INFO 07:08:58 FlexiblePlacementStrategy] 
[36m(EmbodiedFSDPActor pid=701821)[0m [INFO 07:08:58 FlexiblePlacementStrategy] Using flexible placement with hardware ranks: [[4], [5]], node groups: ['cluster'].
[36m(EmbodiedFSDPActor pid=701821)[0m [INFO 07:08:58 ActorGroup-Rank-1][fsdp_model_manager.py:133] [FSDP] AMP is disabled.
[36m(EmbodiedFSDPActor pid=701813)[0m [INFO 07:08:58 ActorGroup-Rank-0][fsdp_model_manager.py:133] [FSDP] AMP is disabled.
[36m(EmbodiedFSDPActor pid=701813)[0m [INFO 07:08:58 FlexiblePlacementStrategy] 
[36m(EmbodiedFSDPActor pid=701813)[0m [INFO 07:08:58 FlexiblePlacementStrategy] Using flexible placement with hardware ranks: [[4], [5]], node groups: ['cluster'].
[36m(RolloutGroup(rank=1) pid=701836)[0m INFO:root:Loaded norm stats from /data/chenyiteng/models/rlinf-native/sidney-pi05-robotwin-e49e2ab/physical-intelligence/robotwin
[36m(RolloutGroup(rank=1) pid=701836)[0m INFO:root:Loaded norm stats from /data/chenyiteng/models/rlinf-native/sidney-pi05-robotwin-e49e2ab/physical-intelligence/robotwin
[36m(RolloutGroup(rank=0) pid=701826)[0m INFO:root:Loaded norm stats from /data/chenyiteng/models/rlinf-native/sidney-pi05-robotwin-e49e2ab/physical-intelligence/robotwin
[36m(RolloutGroup(rank=0) pid=701826)[0m INFO:root:Loaded norm stats from /data/chenyiteng/models/rlinf-native/sidney-pi05-robotwin-e49e2ab/physical-intelligence/robotwin
[36m(ActorGroup(rank=0) pid=701813)[0m WARNING: All log messages before absl::InitializeLog() is called are written to STDERR
[36m(ActorGroup(rank=0) pid=701813)[0m I0000 00:00:1788678680.195903  702973 port.cc:153] oneDNN custom operations are on. You may see slightly different numerical results due to floating-point round-off errors from different computation orders. To turn them off, set the environment variable `TF_ENABLE_ONEDNN_OPTS=0`.
[36m(ActorGroup(rank=1) pid=701821)[0m WARNING: All log messages before absl::InitializeLog() is called are written to STDERR
[36m(ActorGroup(rank=1) pid=701821)[0m I0000 00:00:1788678680.195315  702974 port.cc:153] oneDNN custom operations are on. You may see slightly different numerical results due to floating-point round-off errors from different computation orders. To turn them off, set the environment variable `TF_ENABLE_ONEDNN_OPTS=0`.
[36m(ActorGroup(rank=1) pid=701821)[0m WARNING: All log messages before absl::InitializeLog() is called are written to STDERR
[36m(ActorGroup(rank=1) pid=701821)[0m I0000 00:00:1788678681.756706  702974 port.cc:153] oneDNN custom operations are on. You may see slightly different numerical results due to floating-point round-off errors from different computation orders. To turn them off, set the environment variable `TF_ENABLE_ONEDNN_OPTS=0`.
[36m(ActorGroup(rank=0) pid=701813)[0m WARNING: All log messages before absl::InitializeLog() is called are written to STDERR
[36m(ActorGroup(rank=0) pid=701813)[0m I0000 00:00:1788678681.868261  702973 port.cc:153] oneDNN custom operations are on. You may see slightly different numerical results due to floating-point round-off errors from different computation orders. To turn them off, set the environment variable `TF_ENABLE_ONEDNN_OPTS=0`.
[36m(ActorGroup(rank=0) pid=701813)[0m INFO:root:Loaded norm stats from /data/chenyiteng/models/rlinf-native/sidney-pi05-robotwin-e49e2ab/physical-intelligence/robotwin
[36m(ActorGroup(rank=0) pid=701813)[0m INFO:root:Loaded norm stats from /data/chenyiteng/models/rlinf-native/sidney-pi05-robotwin-e49e2ab/physical-intelligence/robotwin
[36m(ActorGroup(rank=1) pid=701821)[0m INFO:root:Loaded norm stats from /data/chenyiteng/models/rlinf-native/sidney-pi05-robotwin-e49e2ab/physical-intelligence/robotwin
[36m(ActorGroup(rank=1) pid=701821)[0m INFO:root:Loaded norm stats from /data/chenyiteng/models/rlinf-native/sidney-pi05-robotwin-e49e2ab/physical-intelligence/robotwin
[36m(ActorGroup(rank=0) pid=701813)[0m [INFO 07:12:07 ActorGroup-Rank-0][fsdp_model_manager.py:294] [FSDP] Gradient checkpointing is disabled
[36m(ActorGroup(rank=1) pid=701821)[0m [INFO 07:12:08 ActorGroup-Rank-1][fsdp_model_manager.py:294] [FSDP] Gradient checkpointing is disabled
[36m(ActorGroup(rank=1) pid=701821)[0m [rank1]:[W906 07:12:23.420923909 socket.cpp:207] [c10d] The hostname of the client socket cannot be retrieved. err=-3
[36m(RolloutGroup(rank=0) pid=701826)[0m 
Generating Rollout Epochs:   0%|          | 0/4 [00:00<?, ?it/s]
