=== PIN CUROBO TO LAST LEGACY API RELEASE ===
Using Python 3.11.14 environment at: venvs/rlinf-7d07-openpi-robotwin
Resolved 74 packages in 7.55s
   Building nvidia-curobo @ git+https://github.com/NVlabs/curobo.git@d64c4b005459db10c5dd867d8b30a87d5bda9bdb
Downloading nvidia-nvjitlink (38.9MiB)
Downloading scikit-image (13.1MiB)
Downloading nvidia-nvshmem-cu13 (57.6MiB)
Downloading nvidia-curand (56.8MiB)
Downloading warp-lang (155.5MiB)
Downloading nvidia-cusparselt-cu13 (162.3MiB)
Downloading cuda-bindings (6.4MiB)
Downloading nvidia-cusolver (191.6MiB)
Downloading nvidia-cuda-runtime (2.1MiB)
Downloading nvidia-cuda-nvrtc (86.0MiB)
Downloading triton (188.5MiB)
Downloading nvidia-cuda-cupti (10.2MiB)
Downloading nvidia-cublas (403.5MiB)
Downloading nvidia-cufile (1.2MiB)
Downloading nvidia-cufft (204.2MiB)
Downloading nvidia-cusparse (139.2MiB)
Downloading nvidia-nccl-cu13 (196.4MiB)
Downloading torch (502.2MiB)
Downloading nvidia-cudnn-cu13 (349.2MiB)
 Downloaded nvidia-cufile
 Downloaded nvidia-cuda-runtime
 Downloaded cuda-bindings
 Downloaded nvidia-cuda-cupti
 Downloaded scikit-image
 Downloaded nvidia-nvjitlink
 Downloaded nvidia-curand
Terminated
