=== INSTALLED CUROBO PACKAGE ===
{'version': '0.0.0', 'curobo_file': '/home/chenyiteng/venvs/rlinf-7d07-openpi-robotwin/lib/python3.11/site-packages/curobo/__init__.py', 'curobo_path': ['/home/chenyiteng/venvs/rlinf-7d07-openpi-robotwin/lib/python3.11/site-packages/curobo']}
{"url":"https://github.com/NVlabs/curobo.git","vcs_info":{"vcs":"git","commit_id":"8e734f3ced1df898990bcd92de40abce475907db"}}
{'types_attr': 'None'}
d 
d content
d content/assets
d content/assets/robot
d content/configs
d content/configs/robot
d content/configs/scene
d content/configs/task
d content/__pycache__
d examples
d examples/getting_started
d examples/guides
d examples/reference
d __pycache__
d _src
d _src/collision
d _src/cost
d _src/cost/__pycache__
d _src/curobolib
d _src/curobolib/backends
d _src/curobolib/cuda_ops
d _src/curobolib/kernels
d _src/curobolib/__pycache__
d _src/geom
d _src/geom/collision
d _src/geom/data
d _src/geom/__pycache__
d _src/geom/sphere_fit
d _src/graph_planner
d _src/graph_planner/graph
d _src/graph_planner/search
d _src/motion
d _src/optim
d _src/optim/components
d _src/optim/external
d _src/optim/gradient
d _src/optim/particle
d _src/optim/util
d _src/perception
d _src/perception/mapper
d _src/perception/pose_estimation
d _src/__pycache__
d _src/robot
d _src/robot/builder
d _src/robot/dynamics
d _src/robot/kinematics
d _src/robot/loader
d _src/robot/parser
d _src/robot/__pycache__
d _src/robot/types
d _src/rollout
d _src/rollout/cost_manager
d _src/solver
d _src/solver/seed_ik
d _src/state
d _src/state/__pycache__
d _src/transition
d _src/types
d _src/types/__pycache__
d _src/util
d _src/util/__pycache__
d _src/util/sampling
d tests
d tests/_src
d tests/_src/collision
d tests/_src/cost
d tests/_src/curobolib
d tests/_src/geom
d tests/_src/graph_planner
d tests/_src/motion
d tests/_src/optim
d tests/_src/perception
d tests/_src/robot
d tests/_src/rollout
d tests/_src/solver
d tests/_src/state
d tests/_src/transition
d tests/_src/types
d tests/_src/util
f batch_motion_planner.py
f collision_checking.py
f config_io.py
f content/__init__.py
f content/__pycache__/__init__.cpython-311.pyc
f examples/getting_started/build_robot_model.py
f examples/getting_started/feature_mapping.py
f examples/getting_started/forward_kinematics.py
f examples/getting_started/humanoid_retargeting.py
f examples/getting_started/inverse_kinematics.py
f examples/getting_started/motion_planning.py
f examples/getting_started/reactive_control.py
f examples/getting_started/volumetric_mapping.py
f examples/guides/custom_optimization.py
f examples/__init__.py
f examples/reference/lidar_volumetric_mapping.py
f examples/reference/live_volumetric_mapping_mpc.py
f examples/reference/robot_pose_calibration.py
f examples/reference/sphere_fit_comparison.py
f __init__.py
f inverse_kinematics.py
f kinematics.py
f logging.py
f model_predictive_control.py
f motion_planner.py
f motion_retargeter.py
f optim.py
f perception.py
f profiling.py
f __pycache__/__init__.cpython-311.pyc
f __pycache__/logging.cpython-311.pyc
f __pycache__/runtime.cpython-311.pyc
f __pycache__/types.cpython-311.pyc
f __pycache__/_version.cpython-311.pyc
f robot_builder.py
f robot_parser.py
f rollout.py
f runtime.py
f scene.py
f sphere_fit.py
f _src/collision/attachment_manager.py
f _src/collision/collision_robot_scene_cfg.py
f _src/collision/collision_robot_scene.py
f _src/collision/__init__.py
f _src/context.py
f _src/cost/cost_base_cfg.py
f _src/cost/cost_base.py
f _src/cost/cost_cspace_base.py
f _src/cost/cost_cspace_cfg.py
f _src/cost/cost_cspace_dist_cfg.py
f _src/cost/cost_cspace_dist.py
f _src/cost/cost_cspace_position.py
f _src/cost/cost_cspace_state.py
f _src/cost/cost_cspace_type.py
f _src/cost/cost_pose_type.py
f _src/cost/cost_scene_collision_cfg.py
f _src/cost/cost_scene_collision.py
f _src/cost/cost_self_collision_cfg.py
f _src/cost/cost_self_collision.py
f _src/cost/cost_support_polygon_cfg.py
f _src/cost/cost_support_polygon.py
f _src/cost/cost_tool_pose_cfg.py
f _src/cost/cost_tool_pose.py
f _src/cost/__init__.py
f _src/cost/tool_pose_criteria.py
f _src/cost/warp_bound_util.py
f _src/cost/wp_cspace_position.py
f _src/cost/wp_cspace_state.py
f _src/cost/wp_tool_pose.py
f _src/cost/wp_torch_cspace_dist.py
f _src/curobolib/__init__.py
f _src/geom/convex_polygon_helper.py
f _src/geom/cv.py
f _src/geom/__init__.py
f _src/geom/mesh_triangulation.py
f _src/geom/quaternion.py
f _src/geom/sdf_grid.py
f _src/geom/transform.py
f _src/geom/types.py
f _src/graph_planner/graph_planner_prm_cfg.py
f _src/graph_planner/graph_planner_prm.py
f _src/graph_planner/__init__.py
f _src/graph_planner/result.py
f _src/motion/__init__.py
f _src/motion/motion_planner_batch.py
f _src/motion/motion_planner_cfg.py
f _src/motion/motion_planner.py
f _src/motion/motion_planner_result.py
f _src/motion/motion_retargeter_cfg.py
f _src/motion/motion_retargeter.py
f _src/motion/motion_retargeter_result.py
f _src/optim/__init__.py
f _src/optim/multi_stage_optimizer.py
f _src/optim/optim_factory.py
f _src/optim/optimization_iteration_state.py
f _src/optim/optimizer_protocol.py
f _src/perception/filter_depth.py
f _src/perception/__init__.py
f _src/perception/optim_pose_lm.py
f _src/perception/robot_segmenter.py
f _src/__pycache__/runtime.cpython-311.pyc
f _src/__pycache__/util_file.cpython-311.pyc
f _src/robot/__init__.py
f _src/rollout/goal_registry.py
f _src/rollout/__init__.py
f _src/rollout/metrics.py
f _src/rollout/rollout_protocol.py
f _src/rollout/rollout_robot_cfg.py
f _src/rollout/rollout_robot.py
f _src/rollout/rollout_rosenbrock.py
f _src/runtime.py
f _src/solver/__init__.py
f _src/solver/manager_goal.py
f _src/solver/manager_seed.py
f _src/solver/solve_mode.py
f _src/solver/solver_base_result.py
f _src/solver/solver_core_cfg.py
f _src/solver/solver_core.py
f _src/solver/solver_ik_cfg.py
f _src/solver/solver_ik.py
f _src/solver/solver_ik_result.py
f _src/solver/solver_mpc_cfg.py
f _src/solver/solver_mpc.py
f _src/solver/solver_mpc_result.py
f _src/solver/solver_trajopt_cfg.py
f _src/solver/solver_trajopt.py
f _src/solver/solver_trajopt_result.py
f _src/solver/solve_state.py
f _src/state/filter_coeff.py
f _src/state/__init__.py
f _src/state/state_base.py
f _src/state/state_joint_jit_helpers.py
f _src/state/state_joint_ops.py
f _src/state/state_joint.py
f _src/state/state_joint_trajectory_ops.py
f _src/state/state_robot.py
f _src/transition/fns_state_transition.py
f _src/transition/__init__.py
f _src/transition/robot_state_transition_cfg.py
f _src/transition/robot_state_transition.py
f _src/types/base.py
f _src/types/camera.py
f _src/types/content_path.py
f _src/types/control_space.py
f _src/types/device_cfg.py
f _src/types/file_path.py
f _src/types/__init__.py
f _src/types/lidar.py
f _src/types/math.py
f _src/types/pose.py
f _src/types/robot.py
f _src/types/sequence_tool_pose.py
f _src/types/tensor.py
f _src/types/tool_pose.py
f _src/util/benchmark_metrics.py
f _src/util/config_io.py
f _src/util/cuda_event_timer.py
f _src/util/cuda_graph_util.py
f _src/util/cuda_stream_util.py
f _src/util/error_metrics.py
f _src/util_file.py
=== COMPATIBILITY IMPORT CONTRACT ===
/data/chenyiteng/projects/rlinf-shenzhen/RoboTwin-RLinf-support/envs/robot/planner.py:297:    from curobo.types.math import Pose as CuroboPose
/data/chenyiteng/projects/rlinf-shenzhen/RoboTwin-RLinf-support/envs/robot/planner.py:299:    from curobo.types.robot import JointState
=== TARGETED IMPORTS ===
Traceback (most recent call last):
  File "<stdin>", line 1, in <module>
ModuleNotFoundError: No module named 'curobo.types.base'; 'curobo.types' is not a package
/data/chenyiteng/projects/rlinf-shenzhen/RoboTwin-RLinf-support/robotwin/envs/vector_env.py
curobo_types_base_exit=1
robotwin_vector_env_exit=0
