start_time=2026-08-21T14:19:51+00:00
Fetching 18 files:   0%|          | 0/18 [00:00<?, ?it/s]Downloading '.gitattributes' to '/data/chenyiteng/models/rlinf/.partial-RLinf-Pi0-RoboTwin-SFT-adjust_bottle@92684e50-20260821/.cache/huggingface/download/wPaCkH-WbT7GsmxMKKrNZTV4nSM=.a6344aac8c09253b3b630fb776ae94478aa0275b.incomplete'
Download complete. Moving file to /data/chenyiteng/models/rlinf/.partial-RLinf-Pi0-RoboTwin-SFT-adjust_bottle@92684e50-20260821/.gitattributes
Fetching 18 files:   6%|▌         | 1/18 [00:01<00:17,  1.03s/it]Downloading 'assets/arx/norm_stats.json' to '/data/chenyiteng/models/rlinf/.partial-RLinf-Pi0-RoboTwin-SFT-adjust_bottle@92684e50-20260821/.cache/huggingface/download/assets/arx/hkOua3xzwxup5ETs8gGRBUD00MQ=.7f1f571f952a139fa7eab8395f40f90e1da8f7a3.incomplete'
Download complete. Moving file to /data/chenyiteng/models/rlinf/.partial-RLinf-Pi0-RoboTwin-SFT-adjust_bottle@92684e50-20260821/assets/arx/norm_stats.json
Fetching 18 files:  11%|█         | 2/18 [00:01<00:15,  1.06it/s]Downloading 'assets/arx_mobile/norm_stats.json' to '/data/chenyiteng/models/rlinf/.partial-RLinf-Pi0-RoboTwin-SFT-adjust_bottle@92684e50-20260821/.cache/huggingface/download/assets/arx_mobile/hkOua3xzwxup5ETs8gGRBUD00MQ=.0a61494ceb89e56a438a63cb5ed1587c24bef408.incomplete'
Download complete. Moving file to /data/chenyiteng/models/rlinf/.partial-RLinf-Pi0-RoboTwin-SFT-adjust_bottle@92684e50-20260821/assets/arx_mobile/norm_stats.json
Fetching 18 files:  17%|█▋        | 3/18 [00:02<00:14,  1.07it/s]Downloading 'assets/droid/norm_stats.json' to '/data/chenyiteng/models/rlinf/.partial-RLinf-Pi0-RoboTwin-SFT-adjust_bottle@92684e50-20260821/.cache/huggingface/download/assets/droid/hkOua3xzwxup5ETs8gGRBUD00MQ=.a687348ac580efc2e49b97655a05c5bb148d7202.incomplete'
Download complete. Moving file to /data/chenyiteng/models/rlinf/.partial-RLinf-Pi0-RoboTwin-SFT-adjust_bottle@92684e50-20260821/assets/droid/norm_stats.json
Fetching 18 files:  22%|██▏       | 4/18 [00:03<00:13,  1.07it/s]Downloading 'assets/fibocom_mobile/norm_stats.json' to '/data/chenyiteng/models/rlinf/.partial-RLinf-Pi0-RoboTwin-SFT-adjust_bottle@92684e50-20260821/.cache/huggingface/download/assets/fibocom_mobile/hkOua3xzwxup5ETs8gGRBUD00MQ=.2fab3b3d9075ae2fa6e1aada22cebb765e145aef.incomplete'
Download complete. Moving file to /data/chenyiteng/models/rlinf/.partial-RLinf-Pi0-RoboTwin-SFT-adjust_bottle@92684e50-20260821/assets/fibocom_mobile/norm_stats.json
Fetching 18 files:  28%|██▊       | 5/18 [00:04<00:12,  1.07it/s]Downloading 'assets/franka/norm_stats.json' to '/data/chenyiteng/models/rlinf/.partial-RLinf-Pi0-RoboTwin-SFT-adjust_bottle@92684e50-20260821/.cache/huggingface/download/assets/franka/hkOua3xzwxup5ETs8gGRBUD00MQ=.5e2a96d72a240d9fcb9a5ab4712c89535f3dd98d.incomplete'
Download complete. Moving file to /data/chenyiteng/models/rlinf/.partial-RLinf-Pi0-RoboTwin-SFT-adjust_bottle@92684e50-20260821/assets/franka/norm_stats.json
Fetching 18 files:  33%|███▎      | 6/18 [00:05<00:11,  1.05it/s]Downloading 'assets/physical-intelligence/libero/norm_stats.json' to '/data/chenyiteng/models/rlinf/.partial-RLinf-Pi0-RoboTwin-SFT-adjust_bottle@92684e50-20260821/.cache/huggingface/download/assets/physical-intelligence/libero/hkOua3xzwxup5ETs8gGRBUD00MQ=.7e9c1cd512cfe9925a0b97e61d7839fc873fb0b3.incomplete'
Download complete. Moving file to /data/chenyiteng/models/rlinf/.partial-RLinf-Pi0-RoboTwin-SFT-adjust_bottle@92684e50-20260821/assets/physical-intelligence/libero/norm_stats.json
Fetching 18 files:  39%|███▉      | 7/18 [00:06<00:10,  1.06it/s]Downloading 'assets/trossen/norm_stats.json' to '/data/chenyiteng/models/rlinf/.partial-RLinf-Pi0-RoboTwin-SFT-adjust_bottle@92684e50-20260821/.cache/huggingface/download/assets/trossen/hkOua3xzwxup5ETs8gGRBUD00MQ=.d0ebcef3369d8b386dc1901c1ca8750ce7dcb017.incomplete'
Download complete. Moving file to /data/chenyiteng/models/rlinf/.partial-RLinf-Pi0-RoboTwin-SFT-adjust_bottle@92684e50-20260821/assets/trossen/norm_stats.json
Fetching 18 files:  44%|████▍     | 8/18 [00:07<00:09,  1.07it/s]Downloading 'assets/trossen_mobile/norm_stats.json' to '/data/chenyiteng/models/rlinf/.partial-RLinf-Pi0-RoboTwin-SFT-adjust_bottle@92684e50-20260821/.cache/huggingface/download/assets/trossen_mobile/hkOua3xzwxup5ETs8gGRBUD00MQ=.95a88c0a621512ca333ccdc0a167760ef378a0da.incomplete'
Download complete. Moving file to /data/chenyiteng/models/rlinf/.partial-RLinf-Pi0-RoboTwin-SFT-adjust_bottle@92684e50-20260821/assets/trossen_mobile/norm_stats.json
Fetching 18 files:  50%|█████     | 9/18 [00:08<00:08,  1.08it/s]Downloading 'assets/ur5e/norm_stats.json' to '/data/chenyiteng/models/rlinf/.partial-RLinf-Pi0-RoboTwin-SFT-adjust_bottle@92684e50-20260821/.cache/huggingface/download/assets/ur5e/hkOua3xzwxup5ETs8gGRBUD00MQ=.d25853dd0941f2b08c98d07ca02baf2855c4e3f1.incomplete'
Download complete. Moving file to /data/chenyiteng/models/rlinf/.partial-RLinf-Pi0-RoboTwin-SFT-adjust_bottle@92684e50-20260821/assets/ur5e/norm_stats.json
Fetching 18 files:  56%|█████▌    | 10/18 [00:09<00:07,  1.07it/s]Downloading 'assets/ur5e_dual/norm_stats.json' to '/data/chenyiteng/models/rlinf/.partial-RLinf-Pi0-RoboTwin-SFT-adjust_bottle@92684e50-20260821/.cache/huggingface/download/assets/ur5e_dual/hkOua3xzwxup5ETs8gGRBUD00MQ=.a3216377e05f008eae29de1081e1b076b4055457.incomplete'
Download complete. Moving file to /data/chenyiteng/models/rlinf/.partial-RLinf-Pi0-RoboTwin-SFT-adjust_bottle@92684e50-20260821/assets/ur5e_dual/norm_stats.json
Fetching 18 files:  61%|██████    | 11/18 [00:10<00:06,  1.07it/s]Downloading 'config.json' to '/data/chenyiteng/models/rlinf/.partial-RLinf-Pi0-RoboTwin-SFT-adjust_bottle@92684e50-20260821/.cache/huggingface/download/8_PA_wEVGiVa2goH2H4KQOQpvVY=.7e12b77b9cc65cc70c6564af5d8097db2ca201e6.incomplete'
Download complete. Moving file to /data/chenyiteng/models/rlinf/.partial-RLinf-Pi0-RoboTwin-SFT-adjust_bottle@92684e50-20260821/config.json
Fetching 18 files:  67%|██████▋   | 12/18 [00:11<00:05,  1.06it/s]Downloading 'lerobot/metaworld_mt50/norm_stats.json' to '/data/chenyiteng/models/rlinf/.partial-RLinf-Pi0-RoboTwin-SFT-adjust_bottle@92684e50-20260821/.cache/huggingface/download/lerobot/metaworld_mt50/hkOua3xzwxup5ETs8gGRBUD00MQ=.c354e34e31aef188c02abc6482774e77b74efdd5.incomplete'
Download complete. Moving file to /data/chenyiteng/models/rlinf/.partial-RLinf-Pi0-RoboTwin-SFT-adjust_bottle@92684e50-20260821/lerobot/metaworld_mt50/norm_stats.json
Fetching 18 files:  72%|███████▏  | 13/18 [00:12<00:04,  1.06it/s]Downloading 'model-00001-of-00002.safetensors' to '/data/chenyiteng/models/rlinf/.partial-RLinf-Pi0-RoboTwin-SFT-adjust_bottle@92684e50-20260821/.cache/huggingface/download/aoe4E07IMh7reFyUkVoVk040mQk=.a6b42e854e78dd59311d7d5121682b5af993778b1868f3210952494e7bab6ab1.incomplete'
Download complete. Moving file to /data/chenyiteng/models/rlinf/.partial-RLinf-Pi0-RoboTwin-SFT-adjust_bottle@92684e50-20260821/model-00001-of-00002.safetensors
Fetching 18 files:  78%|███████▊  | 14/18 [09:19<02:39, 39.95s/it]Downloading 'model-00002-of-00002.safetensors' to '/data/chenyiteng/models/rlinf/.partial-RLinf-Pi0-RoboTwin-SFT-adjust_bottle@92684e50-20260821/.cache/huggingface/download/Dr_lZJDwE1cnGAQMwA77jJEQIk8=.3aea4cd15ae930c25d5ad87912f90bd61cc3f61748fee9e6e75fb01610209446.incomplete'
Download complete. Moving file to /data/chenyiteng/models/rlinf/.partial-RLinf-Pi0-RoboTwin-SFT-adjust_bottle@92684e50-20260821/model-00002-of-00002.safetensors
Fetching 18 files:  83%|████████▎ | 15/18 [18:32<03:42, 74.17s/it]Downloading 'model.safetensors.index.json' to '/data/chenyiteng/models/rlinf/.partial-RLinf-Pi0-RoboTwin-SFT-adjust_bottle@92684e50-20260821/.cache/huggingface/download/yVzAsSxRSINSz-tQbpx-TLpfkLU=.e418233e51b4256ca540053c143487ef5a71ba7d.incomplete'
Download complete. Moving file to /data/chenyiteng/models/rlinf/.partial-RLinf-Pi0-RoboTwin-SFT-adjust_bottle@92684e50-20260821/model.safetensors.index.json
Fetching 18 files:  89%|████████▉ | 16/18 [18:33<02:19, 69.59s/it]Downloading 'physical-intelligence/libero/norm_stats.json' to '/data/chenyiteng/models/rlinf/.partial-RLinf-Pi0-RoboTwin-SFT-adjust_bottle@92684e50-20260821/.cache/huggingface/download/physical-intelligence/libero/hkOua3xzwxup5ETs8gGRBUD00MQ=.7e9c1cd512cfe9925a0b97e61d7839fc873fb0b3.incomplete'
Download complete. Moving file to /data/chenyiteng/models/rlinf/.partial-RLinf-Pi0-RoboTwin-SFT-adjust_bottle@92684e50-20260821/physical-intelligence/libero/norm_stats.json
Fetching 18 files:  94%|█████████▍| 17/18 [18:34<01:05, 65.55s/it]Downloading 'physical-intelligence/robotwin/norm_stats.json' to '/data/chenyiteng/models/rlinf/.partial-RLinf-Pi0-RoboTwin-SFT-adjust_bottle@92684e50-20260821/.cache/huggingface/download/physical-intelligence/robotwin/hkOua3xzwxup5ETs8gGRBUD00MQ=.98e5eb00ff67424d67b9e8fc6117431018f462b1.incomplete'
Download complete. Moving file to /data/chenyiteng/models/rlinf/.partial-RLinf-Pi0-RoboTwin-SFT-adjust_bottle@92684e50-20260821/physical-intelligence/robotwin/norm_stats.json
Fetching 18 files: 100%|██████████| 18/18 [18:35<00:00, 61.96s/it]Fetching 18 files: 100%|██████████| 18/18 [18:35<00:00, 61.96s/it]
/data/chenyiteng/models/rlinf/.partial-RLinf-Pi0-RoboTwin-SFT-adjust_bottle@92684e50-20260821
{
  "repo": "RLinf/RLinf-Pi0-RoboTwin-SFT-adjust_bottle",
  "revision": "92684e50dca1a5f75adc8d332046c4cf4fa7a3d0",
  "remote_files": 18,
  "payload_bytes": 8067741880
}
end_time=2026-08-21T14:38:33+00:00
7.6G	/data/chenyiteng/models/rlinf/RLinf-Pi0-RoboTwin-SFT-adjust_bottle@92684e50
Filesystem      Size  Used Avail Use% Mounted on
/dev/nvme1n1    3.5T  127G  3.2T   4% /data
model_path=/data/chenyiteng/models/rlinf/RLinf-Pi0-RoboTwin-SFT-adjust_bottle@92684e50
R1_PI0_SFT_DOWNLOAD_OK
