
╭──────────────────────────────────────────────────────────────────────────────────────────────────────────────────────╮
├──────────────────────────────────────────────────── Metric Table ────────────────────────────────────────────────────┤
│ Global Step:    1/100 │ Progress: ░░░░░░░░░░░░░░░░░░░░░░░░░░░░░░░░░░░░░░░░ │   1.0%                                  │
│ Elapsed: 17:11 │ ETA: 28:21:19 │ Step Time: 1031.110s                                                                │
├──────────────────────────────────────────────────────── Time ────────────────────────────────────────────────────────┤
│                                                                                                                      │
│actor/actor/compute_adv=0.025          │actor/actor/recv_traj=958.7            │actor/actor/sync_model_to_rollout=1.9…│
│actor/run_training=62.833              │cal_adv_and_returns=0.028              │env/compute_bootstrap_rewards=0.012   │
│env/env/bootstrap_step=444.7           │env/env/send_rollout_trajectories=1.698│env/env_interact_step=417.5           │
│env/interact=957.5                     │env/run_interact_once=956.9            │generate_rollouts=966.0               │
│rollout/generate_one_epoch=950.3       │rollout/predict=81.919                 │rollout/rollout/generate=965.9        │
│step=1031.1                            │sync_weights=2.278                     │                                      │
│                                                                                                                      │
├──────────────────────────────────────────────────── Environment ─────────────────────────────────────────────────────┤
│                                                                                                                      │
│episode_len=192.0                      │num_trajectories=64                    │return=0.96875                        │
│reward=0.0050455728                    │success_once=0.96875                   │                                      │
│                                                                                                                      │
├────────────────────────────────────────────────────── Rollout ───────────────────────────────────────────────────────┤
│                                                                                                                      │
│advantages_max=0.500                   │advantages_mean=-0.140                 │advantages_min=-1.500                 │
│rewards=0.0050                         │                                       │                                      │
│                                                                                                                      │
├─────────────────────────────────────────────────── Training/Actor ───────────────────────────────────────────────────┤
│                                                                                                                      │
│actor/approx_kl=-0.0014                │actor/clip_fraction=0.0078             │actor/clipped_ratio=0.185             │
│actor/dual_cliped_ratio=0.0000         │actor/entropy_loss=0.0000              │actor/grad_norm=10.430                │
│actor/lr=5.00e-06                      │actor/policy_loss=-0.0015              │actor/policy_loss_abs=0.094           │
│actor/ratio=0.185                      │actor/ratio_abs=0.0053                 │actor/total_loss=-4.63e-05            │
│                                                                                                                      │
╰──────────────────────────────────────────────────────────────────────────────────────────────────────────────────────╯


╭──────────────────────────────────────────────────────────────────────────────────────────────────────────────────────╮
├──────────────────────────────────────────────────── Metric Table ────────────────────────────────────────────────────┤
│ Global Step:    2/100 │ Progress: ░░░░░░░░░░░░░░░░░░░░░░░░░░░░░░░░░░░░░░░░ │   2.0%                                  │
│ Elapsed: 33:56 │ ETA: 27:42:53 │ Step Time: 1018.095s                                                                │
├──────────────────────────────────────────────────────── Time ────────────────────────────────────────────────────────┤
│                                                                                                                      │
│actor/actor/compute_adv=0.0024         │actor/actor/recv_traj=933.1            │actor/actor/sync_model_to_rollout=1.7…│
│actor/run_training=62.504              │cal_adv_and_returns=0.0054             │env/compute_bootstrap_rewards=0.010   │
│env/env/bootstrap_step=446.6           │env/env/send_rollout_trajectories=1.533│env/env_interact_step=391.9           │
│env/interact=932.1                     │env/run_interact_once=931.5            │generate_rollouts=940.5               │
│rollout/generate_one_epoch=925.3       │rollout/predict=81.520                 │rollout/rollout/generate=940.5        │
│step=1005.1                            │sync_weights=2.031                     │                                      │
│                                                                                                                      │
├──────────────────────────────────────────────────── Environment ─────────────────────────────────────────────────────┤
│                                                                                                                      │
│episode_len=192.0                      │num_trajectories=64                    │return=1.0                            │
│reward=0.005208333                     │success_once=1.0                       │                                      │
│                                                                                                                      │
├────────────────────────────────────────────────────── Rollout ───────────────────────────────────────────────────────┤
│                                                                                                                      │
│advantages_max=nan                     │advantages_mean=nan                    │advantages_min=nan                    │
│rewards=nan                            │                                       │                                      │
│                                                                                                                      │
├─────────────────────────────────────────────────── Training/Actor ───────────────────────────────────────────────────┤
│                                                                                                                      │
│actor/approx_kl=0.0000                 │actor/clip_fraction=0.0000             │actor/clipped_ratio=0.0000            │
│actor/dual_cliped_ratio=0.0000         │actor/entropy_loss=0.0000              │actor/grad_norm=0.0000                │
│actor/lr=5.00e-06                      │actor/policy_loss=0.0000               │actor/policy_loss_abs=0.0000          │
│actor/ratio=0.0000                     │actor/ratio_abs=0.0000                 │actor/total_loss=0.0000               │
│                                                                                                                      │
╰──────────────────────────────────────────────────────────────────────────────────────────────────────────────────────╯


╭──────────────────────────────────────────────────────────────────────────────────────────────────────────────────────╮
├──────────────────────────────────────────────────── Metric Table ────────────────────────────────────────────────────┤
│ Global Step:    3/100 │ Progress: █░░░░░░░░░░░░░░░░░░░░░░░░░░░░░░░░░░░░░░░ │   3.0%                                  │
│ Elapsed: 51:08 │ ETA: 27:33:31 │ Step Time: 1022.802s                                                                │
├──────────────────────────────────────────────────────── Time ────────────────────────────────────────────────────────┤
│                                                                                                                      │
│actor/actor/compute_adv=0.0030         │actor/actor/recv_traj=960.3            │actor/actor/sync_model_to_rollout=1.7…│
│actor/run_training=62.416              │cal_adv_and_returns=0.0064             │env/compute_bootstrap_rewards=0.011   │
│env/env/bootstrap_step=443.3           │env/env/send_rollout_trajectories=1.394│env/env_interact_step=423.1           │
│env/interact=959.2                     │env/run_interact_once=958.6            │generate_rollouts=967.6               │
│rollout/generate_one_epoch=952.8       │rollout/predict=80.915                 │rollout/rollout/generate=967.6        │
│step=1032.2                            │sync_weights=2.151                     │                                      │
│                                                                                                                      │
├──────────────────────────────────────────────────── Environment ─────────────────────────────────────────────────────┤
│                                                                                                                      │
│episode_len=192.0                      │num_trajectories=64                    │return=0.984375                       │
│reward=0.005126953                     │success_once=0.984375                  │                                      │
│                                                                                                                      │
├────────────────────────────────────────────────────── Rollout ───────────────────────────────────────────────────────┤
│                                                                                                                      │
│advantages_max=0.500                   │advantages_mean=-0.167                 │advantages_min=-1.500                 │
│rewards=0.0052                         │                                       │                                      │
│                                                                                                                      │
├─────────────────────────────────────────────────── Training/Actor ───────────────────────────────────────────────────┤
│                                                                                                                      │
│actor/approx_kl=0.0015                 │actor/clip_fraction=0.0039             │actor/clipped_ratio=0.089             │
│actor/dual_cliped_ratio=0.0000         │actor/entropy_loss=0.0000              │actor/grad_norm=7.185                 │
│actor/lr=5.00e-06                      │actor/policy_loss=-3.56e-04            │actor/policy_loss_abs=0.046           │
│actor/ratio=0.089                      │actor/ratio_abs=0.0030                 │actor/total_loss=-1.11e-05            │
│                                                                                                                      │
╰──────────────────────────────────────────────────────────────────────────────────────────────────────────────────────╯


╭──────────────────────────────────────────────────────────────────────────────────────────────────────────────────────╮
├──────────────────────────────────────────────────── Metric Table ────────────────────────────────────────────────────┤
│ Global Step:    4/100 │ Progress: █░░░░░░░░░░░░░░░░░░░░░░░░░░░░░░░░░░░░░░░ │   4.0%                                  │
│ Elapsed: 01:08:07 │ ETA: 27:14:49 │ Step Time: 1021.768s                                                             │
├──────────────────────────────────────────────────────── Time ────────────────────────────────────────────────────────┤
│                                                                                                                      │
│actor/actor/compute_adv=0.0027         │actor/actor/recv_traj=946.2            │actor/actor/sync_model_to_rollout=1.7…│
│actor/run_training=63.034              │cal_adv_and_returns=0.0062             │env/compute_bootstrap_rewards=0.011   │
│env/env/bootstrap_step=446.2           │env/env/send_rollout_trajectories=1.470│env/env_interact_step=405.0           │
│env/interact=945.2                     │env/run_interact_once=944.4            │generate_rollouts=953.5               │
│rollout/generate_one_epoch=939.2       │rollout/predict=81.890                 │rollout/rollout/generate=953.4        │
│step=1018.6                            │sync_weights=2.109                     │                                      │
│                                                                                                                      │
├──────────────────────────────────────────────────── Environment ─────────────────────────────────────────────────────┤
│                                                                                                                      │
│episode_len=192.0                      │num_trajectories=64                    │return=1.0                            │
│reward=0.005208333                     │success_once=1.0                       │                                      │
│                                                                                                                      │
├────────────────────────────────────────────────────── Rollout ───────────────────────────────────────────────────────┤
│                                                                                                                      │
│advantages_max=nan                     │advantages_mean=nan                    │advantages_min=nan                    │
│rewards=nan                            │                                       │                                      │
│                                                                                                                      │
├─────────────────────────────────────────────────── Training/Actor ───────────────────────────────────────────────────┤
│                                                                                                                      │
│actor/approx_kl=0.0000                 │actor/clip_fraction=0.0000             │actor/clipped_ratio=0.0000            │
│actor/dual_cliped_ratio=0.0000         │actor/entropy_loss=0.0000              │actor/grad_norm=0.0000                │
│actor/lr=5.00e-06                      │actor/policy_loss=0.0000               │actor/policy_loss_abs=0.0000          │
│actor/ratio=0.0000                     │actor/ratio_abs=0.0000                 │actor/total_loss=0.0000               │
│                                                                                                                      │
╰──────────────────────────────────────────────────────────────────────────────────────────────────────────────────────╯


╭──────────────────────────────────────────────────────────────────────────────────────────────────────────────────────╮
├──────────────────────────────────────────────────── Metric Table ────────────────────────────────────────────────────┤
│ Global Step:    5/100 │ Progress: ██░░░░░░░░░░░░░░░░░░░░░░░░░░░░░░░░░░░░░░ │   5.0%                                  │
│ Elapsed: 01:24:58 │ ETA: 26:54:28 │ Step Time: 1019.671s                                                             │
├──────────────────────────────────────────────────────── Time ────────────────────────────────────────────────────────┤
│                                                                                                                      │
│actor/actor/compute_adv=0.0034         │actor/actor/recv_traj=939.2            │actor/actor/sync_model_to_rollout=1.6…│
│actor/run_training=62.615              │cal_adv_and_returns=0.0063             │env/compute_bootstrap_rewards=0.0098  │
│env/env/bootstrap_step=441.6           │env/env/send_rollout_trajectories=1.457│env/env_interact_step=403.7           │
│env/interact=938.2                     │env/run_interact_once=937.5            │generate_rollouts=946.6               │
│rollout/generate_one_epoch=929.9       │rollout/predict=80.778                 │rollout/rollout/generate=946.6        │
│step=1011.3                            │sync_weights=2.023                     │                                      │
│                                                                                                                      │
├──────────────────────────────────────────────────── Environment ─────────────────────────────────────────────────────┤
│                                                                                                                      │
│episode_len=192.0                      │num_trajectories=64                    │return=0.984375                       │
│reward=0.005126953                     │success_once=0.984375                  │                                      │
│                                                                                                                      │
├────────────────────────────────────────────────────── Rollout ───────────────────────────────────────────────────────┤
│                                                                                                                      │
│advantages_max=0.500                   │advantages_mean=-0.167                 │advantages_min=-1.500                 │
│rewards=0.0052                         │                                       │                                      │
│                                                                                                                      │
├─────────────────────────────────────────────────── Training/Actor ───────────────────────────────────────────────────┤
│                                                                                                                      │
│actor/approx_kl=7.09e-04               │actor/clip_fraction=0.0000             │actor/clipped_ratio=0.089             │
│actor/dual_cliped_ratio=0.0000         │actor/entropy_loss=0.0000              │actor/grad_norm=7.431                 │
│actor/lr=5.00e-06                      │actor/policy_loss=-9.47e-05            │actor/policy_loss_abs=0.046           │
│actor/ratio=0.089                      │actor/ratio_abs=9.61e-04               │actor/total_loss=-2.96e-06            │
│                                                                                                                      │
╰──────────────────────────────────────────────────────────────────────────────────────────────────────────────────────╯


╭──────────────────────────────────────────────────────────────────────────────────────────────────────────────────────╮
├──────────────────────────────────────────────────── Metric Table ────────────────────────────────────────────────────┤
│ Global Step:    6/100 │ Progress: ██░░░░░░░░░░░░░░░░░░░░░░░░░░░░░░░░░░░░░░ │   6.0%                                  │
│ Elapsed: 01:42:07 │ ETA: 26:39:55 │ Step Time: 1021.233s                                                             │
├──────────────────────────────────────────────────────── Time ────────────────────────────────────────────────────────┤
│                                                                                                                      │
│actor/actor/compute_adv=0.018          │actor/actor/recv_traj=957.1            │actor/actor/sync_model_to_rollout=1.5…│
│actor/run_training=62.576              │cal_adv_and_returns=0.021              │env/compute_bootstrap_rewards=0.010   │
│env/env/bootstrap_step=450.8           │env/env/send_rollout_trajectories=1.398│env/env_interact_step=411.8           │
│env/interact=956.1                     │env/run_interact_once=955.4            │generate_rollouts=964.6               │
│rollout/generate_one_epoch=949.2       │rollout/predict=81.872                 │rollout/rollout/generate=964.5        │
│step=1029.0                            │sync_weights=1.846                     │                                      │
│                                                                                                                      │
├──────────────────────────────────────────────────── Environment ─────────────────────────────────────────────────────┤
│                                                                                                                      │
│episode_len=192.0                      │num_trajectories=64                    │return=0.953125                       │
│reward=0.004964193                     │success_once=0.953125                  │                                      │
│                                                                                                                      │
├────────────────────────────────────────────────────── Rollout ───────────────────────────────────────────────────────┤
│                                                                                                                      │
│advantages_max=0.866                   │advantages_mean=-0.184                 │advantages_min=-1.500                 │
│rewards=0.0042                         │                                       │                                      │
│                                                                                                                      │
├─────────────────────────────────────────────────── Training/Actor ───────────────────────────────────────────────────┤
│                                                                                                                      │
│actor/approx_kl=0.0019                 │actor/clip_fraction=0.0078             │actor/clipped_ratio=0.191             │
│actor/dual_cliped_ratio=0.0000         │actor/entropy_loss=0.0000              │actor/grad_norm=15.638                │
│actor/lr=5.00e-06                      │actor/policy_loss=8.35e-04             │actor/policy_loss_abs=0.101           │
│actor/ratio=0.190                      │actor/ratio_abs=0.0082                 │actor/total_loss=2.61e-05             │
│                                                                                                                      │
╰──────────────────────────────────────────────────────────────────────────────────────────────────────────────────────╯


╭──────────────────────────────────────────────────────────────────────────────────────────────────────────────────────╮
├──────────────────────────────────────────────────── Metric Table ────────────────────────────────────────────────────┤
│ Global Step:    7/100 │ Progress: ██░░░░░░░░░░░░░░░░░░░░░░░░░░░░░░░░░░░░░░ │   7.0%                                  │
│ Elapsed: 01:59:07 │ ETA: 26:22:39 │ Step Time: 1021.066s                                                             │
├──────────────────────────────────────────────────────── Time ────────────────────────────────────────────────────────┤
│                                                                                                                      │
│actor/actor/compute_adv=0.0047         │actor/actor/recv_traj=947.8            │actor/actor/sync_model_to_rollout=1.6…│
│actor/run_training=62.767              │cal_adv_and_returns=0.0096             │env/compute_bootstrap_rewards=0.010   │
│env/env/bootstrap_step=442.4           │env/env/send_rollout_trajectories=1.379│env/env_interact_step=411.5           │
│env/interact=946.7                     │env/run_interact_once=945.9            │generate_rollouts=955.3               │
│rollout/generate_one_epoch=939.2       │rollout/predict=80.861                 │rollout/rollout/generate=955.2        │
│step=1020.0                            │sync_weights=2.003                     │                                      │
│                                                                                                                      │
├──────────────────────────────────────────────────── Environment ─────────────────────────────────────────────────────┤
│                                                                                                                      │
│episode_len=192.0                      │num_trajectories=64                    │return=0.96875                        │
│reward=0.0050455728                    │success_once=0.96875                   │                                      │
│                                                                                                                      │
├────────────────────────────────────────────────────── Rollout ───────────────────────────────────────────────────────┤
│                                                                                                                      │
│advantages_max=0.866                   │advantages_mean=-0.200                 │advantages_min=-0.866                 │
│rewards=0.0032                         │                                       │                                      │
│                                                                                                                      │
├─────────────────────────────────────────────────── Training/Actor ───────────────────────────────────────────────────┤
│                                                                                                                      │
│actor/approx_kl=-0.0013                │actor/clip_fraction=0.0039             │actor/clipped_ratio=0.098             │
│actor/dual_cliped_ratio=0.0000         │actor/entropy_loss=0.0000              │actor/grad_norm=7.669                 │
│actor/lr=5.00e-06                      │actor/policy_loss=7.31e-06             │actor/policy_loss_abs=0.054           │
│actor/ratio=0.100                      │actor/ratio_abs=0.0051                 │actor/total_loss=2.29e-07             │
│                                                                                                                      │
╰──────────────────────────────────────────────────────────────────────────────────────────────────────────────────────╯


╭──────────────────────────────────────────────────────────────────────────────────────────────────────────────────────╮
├──────────────────────────────────────────────────── Metric Table ────────────────────────────────────────────────────┤
│ Global Step:    8/100 │ Progress: ███░░░░░░░░░░░░░░░░░░░░░░░░░░░░░░░░░░░░░ │   8.0%                                  │
│ Elapsed: 02:16:07 │ ETA: 26:05:22 │ Step Time: 1020.893s                                                             │
├──────────────────────────────────────────────────────── Time ────────────────────────────────────────────────────────┤
│                                                                                                                      │
│actor/actor/compute_adv=0.0027         │actor/actor/recv_traj=947.6            │actor/actor/sync_model_to_rollout=1.6…│
│actor/run_training=62.524              │cal_adv_and_returns=0.0067             │env/compute_bootstrap_rewards=0.0095  │
│env/env/bootstrap_step=448.4           │env/env/send_rollout_trajectories=1.403│env/env_interact_step=405.3           │
│env/interact=946.5                     │env/run_interact_once=945.9            │generate_rollouts=955.1               │
│rollout/generate_one_epoch=940.6       │rollout/predict=81.090                 │rollout/rollout/generate=955.1        │
│step=1019.7                            │sync_weights=1.990                     │                                      │
│                                                                                                                      │
├──────────────────────────────────────────────────── Environment ─────────────────────────────────────────────────────┤
│                                                                                                                      │
│episode_len=192.0                      │num_trajectories=64                    │return=0.984375                       │
│reward=0.005126953                     │success_once=0.984375                  │                                      │
│                                                                                                                      │
├────────────────────────────────────────────────────── Rollout ───────────────────────────────────────────────────────┤
│                                                                                                                      │
│advantages_max=0.500                   │advantages_mean=-0.167                 │advantages_min=-1.500                 │
│rewards=0.0052                         │                                       │                                      │
│                                                                                                                      │
├─────────────────────────────────────────────────── Training/Actor ───────────────────────────────────────────────────┤
│                                                                                                                      │
│actor/approx_kl=-5.12e-04              │actor/clip_fraction=0.0000             │actor/clipped_ratio=0.090             │
│actor/dual_cliped_ratio=0.0000         │actor/entropy_loss=0.0000              │actor/grad_norm=11.131                │
│actor/lr=5.00e-06                      │actor/policy_loss=3.82e-04             │actor/policy_loss_abs=0.047           │
│actor/ratio=0.090                      │actor/ratio_abs=0.0021                 │actor/total_loss=1.19e-05             │
│                                                                                                                      │
╰──────────────────────────────────────────────────────────────────────────────────────────────────────────────────────╯


╭──────────────────────────────────────────────────────────────────────────────────────────────────────────────────────╮
├──────────────────────────────────────────────────── Metric Table ────────────────────────────────────────────────────┤
│ Global Step:    9/100 │ Progress: ███░░░░░░░░░░░░░░░░░░░░░░░░░░░░░░░░░░░░░ │   9.0%                                  │
│ Elapsed: 02:33:15 │ ETA: 25:49:37 │ Step Time: 1021.728s                                                             │
├──────────────────────────────────────────────────────── Time ────────────────────────────────────────────────────────┤
│                                                                                                                      │
│actor/actor/compute_adv=0.0028         │actor/actor/recv_traj=956.5            │actor/actor/sync_model_to_rollout=1.6…│
│actor/run_training=62.732              │cal_adv_and_returns=0.0069             │env/compute_bootstrap_rewards=0.0098  │
│env/env/bootstrap_step=443.6           │env/env/send_rollout_trajectories=1.429│env/env_interact_step=419.7           │
│env/interact=955.4                     │env/run_interact_once=954.7            │generate_rollouts=963.7               │
│rollout/generate_one_epoch=949.2       │rollout/predict=80.634                 │rollout/rollout/generate=963.6        │
│step=1028.4                            │sync_weights=1.985                     │                                      │
│                                                                                                                      │
├──────────────────────────────────────────────────── Environment ─────────────────────────────────────────────────────┤
│                                                                                                                      │
│episode_len=192.0                      │num_trajectories=64                    │return=0.96875                        │
│reward=0.005045573                     │success_once=0.96875                   │                                      │
│                                                                                                                      │
├────────────────────────────────────────────────────── Rollout ───────────────────────────────────────────────────────┤
│                                                                                                                      │
│advantages_max=0.866                   │advantages_mean=-0.160                 │advantages_min=-0.866                 │
│rewards=0.0031                         │                                       │                                      │
│                                                                                                                      │
├─────────────────────────────────────────────────── Training/Actor ───────────────────────────────────────────────────┤
│                                                                                                                      │
│actor/approx_kl=8.80e-04               │actor/clip_fraction=0.0039             │actor/clipped_ratio=0.101             │
│actor/dual_cliped_ratio=0.0000         │actor/entropy_loss=0.0000              │actor/grad_norm=8.453                 │
│actor/lr=5.00e-06                      │actor/policy_loss=-6.44e-04            │actor/policy_loss_abs=0.054           │
│actor/ratio=0.101                      │actor/ratio_abs=0.0028                 │actor/total_loss=-2.01e-05            │
│                                                                                                                      │
╰──────────────────────────────────────────────────────────────────────────────────────────────────────────────────────╯


╭──────────────────────────────────────────────────────────────────────────────────────────────────────────────────────╮
├──────────────────────────────────────────────────── Metric Table ────────────────────────────────────────────────────┤
│ Global Step:   10/100 │ Progress: ████░░░░░░░░░░░░░░░░░░░░░░░░░░░░░░░░░░░░ │  10.0%                                  │
│ Elapsed: 02:50:56 │ ETA: 25:38:26 │ Step Time: 1025.627s                                                             │
├──────────────────────────────────────────────────────── Time ────────────────────────────────────────────────────────┤
│                                                                                                                      │
│actor/actor/compute_adv=0.0029         │actor/actor/recv_traj=946.5            │actor/actor/sync_model_to_rollout=1.9…│
│actor/run_training=63.170              │cal_adv_and_returns=0.0054             │env/compute_bootstrap_rewards=0.0092  │
│env/env/bootstrap_step=442.9           │env/env/send_rollout_trajectories=1.457│env/env_interact_step=409.7           │
│env/interact=945.4                     │env/run_interact_once=944.8            │generate_rollouts=953.9               │
│rollout/generate_one_epoch=939.1       │rollout/predict=81.445                 │rollout/rollout/generate=953.8        │
│step=1060.7                            │sync_weights=2.265                     │                                      │
│                                                                                                                      │
├──────────────────────────────────────────────────── Environment ─────────────────────────────────────────────────────┤
│                                                                                                                      │
│episode_len=192.0                      │num_trajectories=64                    │return=0.984375                       │
│reward=0.005126953                     │success_once=0.984375                  │                                      │
│                                                                                                                      │
├────────────────────────────────────────────────────── Rollout ───────────────────────────────────────────────────────┤
│                                                                                                                      │
│advantages_max=0.500                   │advantages_mean=-0.167                 │advantages_min=-1.500                 │
│rewards=0.0052                         │                                       │                                      │
│                                                                                                                      │
├─────────────────────────────────────────────────── Training/Actor ───────────────────────────────────────────────────┤
│                                                                                                                      │
│actor/approx_kl=-0.0035                │actor/clip_fraction=0.0000             │actor/clipped_ratio=0.092             │
│actor/dual_cliped_ratio=0.0000         │actor/entropy_loss=0.0000              │actor/grad_norm=13.759                │
│actor/lr=5.00e-06                      │actor/policy_loss=0.0033               │actor/policy_loss_abs=0.050           │
│actor/ratio=0.094                      │actor/ratio_abs=0.0060                 │actor/total_loss=1.03e-04             │
│                                                                                                                      │
╰──────────────────────────────────────────────────────────────────────────────────────────────────────────────────────╯


╭──────────────────────────────────────────────────────────────────────────────────────────────────────────────────────╮
├──────────────────────────────────────────────────── Metric Table ────────────────────────────────────────────────────┤
│ Global Step:   11/100 │ Progress: ████░░░░░░░░░░░░░░░░░░░░░░░░░░░░░░░░░░░░ │  11.0%                                  │
│ Elapsed: 03:08:02 │ ETA: 25:21:25 │ Step Time: 1025.681s                                                             │
├──────────────────────────────────────────────────────── Time ────────────────────────────────────────────────────────┤
│                                                                                                                      │
│actor/actor/compute_adv=0.0050         │actor/actor/recv_traj=953.8            │actor/actor/sync_model_to_rollout=1.7…│
│actor/run_training=62.738              │cal_adv_and_returns=0.0094             │env/compute_bootstrap_rewards=0.0095  │
│env/env/bootstrap_step=447.6           │env/env/send_rollout_trajectories=1.367│env/env_interact_step=412.3           │
│env/interact=952.7                     │env/run_interact_once=952.2            │generate_rollouts=961.3               │
│rollout/generate_one_epoch=944.3       │rollout/predict=81.361                 │rollout/rollout/generate=961.3        │
│step=1026.2                            │sync_weights=2.150                     │                                      │
│                                                                                                                      │
├──────────────────────────────────────────────────── Environment ─────────────────────────────────────────────────────┤
│                                                                                                                      │
│episode_len=192.0                      │num_trajectories=64                    │return=0.953125                       │
│reward=0.004964193                     │success_once=0.953125                  │                                      │
│                                                                                                                      │
├────────────────────────────────────────────────────── Rollout ───────────────────────────────────────────────────────┤
│                                                                                                                      │
│advantages_max=0.866                   │advantages_mean=-0.158                 │advantages_min=-1.500                 │
│rewards=0.0040                         │                                       │                                      │
│                                                                                                                      │
├─────────────────────────────────────────────────── Training/Actor ───────────────────────────────────────────────────┤
│                                                                                                                      │
│actor/approx_kl=0.0019                 │actor/clip_fraction=0.0000             │actor/clipped_ratio=0.190             │
│actor/dual_cliped_ratio=0.0000         │actor/entropy_loss=0.0000              │actor/grad_norm=9.395                 │
│actor/lr=5.00e-06                      │actor/policy_loss=-5.21e-04            │actor/policy_loss_abs=0.100           │
│actor/ratio=0.190                      │actor/ratio_abs=0.0042                 │actor/total_loss=-1.63e-05            │
│                                                                                                                      │
╰──────────────────────────────────────────────────────────────────────────────────────────────────────────────────────╯


╭──────────────────────────────────────────────────────────────────────────────────────────────────────────────────────╮
├──────────────────────────────────────────────────── Metric Table ────────────────────────────────────────────────────┤
│ Global Step:   12/100 │ Progress: ████░░░░░░░░░░░░░░░░░░░░░░░░░░░░░░░░░░░░ │  12.0%                                  │
│ Elapsed: 03:25:04 │ ETA: 25:03:50 │ Step Time: 1025.344s                                                             │
├──────────────────────────────────────────────────────── Time ────────────────────────────────────────────────────────┤
│                                                                                                                      │
│actor/actor/compute_adv=0.0032         │actor/actor/recv_traj=947.5            │actor/actor/sync_model_to_rollout=1.5…│
│actor/run_training=64.679              │cal_adv_and_returns=0.0068             │env/compute_bootstrap_rewards=0.0093  │
│env/env/bootstrap_step=444.4           │env/env/send_rollout_trajectories=1.383│env/env_interact_step=409.4           │
│env/interact=946.4                     │env/run_interact_once=945.8            │generate_rollouts=955.0               │
│rollout/generate_one_epoch=939.7       │rollout/predict=81.236                 │rollout/rollout/generate=954.9        │
│step=1021.6                            │sync_weights=1.915                     │                                      │
│                                                                                                                      │
├──────────────────────────────────────────────────── Environment ─────────────────────────────────────────────────────┤
│                                                                                                                      │
│episode_len=192.0                      │num_trajectories=64                    │return=0.9375                         │
│reward=0.004882813                     │success_once=0.9375                    │                                      │
│                                                                                                                      │
├────────────────────────────────────────────────────── Rollout ───────────────────────────────────────────────────────┤
│                                                                                                                      │
│advantages_max=0.866                   │advantages_mean=-0.142                 │advantages_min=-1.500                 │
│rewards=0.0043                         │                                       │                                      │
│                                                                                                                      │
├─────────────────────────────────────────────────── Training/Actor ───────────────────────────────────────────────────┤
│                                                                                                                      │
│actor/approx_kl=0.0028                 │actor/clip_fraction=0.0078             │actor/clipped_ratio=0.288             │
│actor/dual_cliped_ratio=0.0000         │actor/entropy_loss=0.0000              │actor/grad_norm=20.716                │
│actor/lr=5.00e-06                      │actor/policy_loss=-9.81e-04            │actor/policy_loss_abs=0.147           │
│actor/ratio=0.287                      │actor/ratio_abs=0.0094                 │actor/total_loss=-3.07e-05            │
│                                                                                                                      │
╰──────────────────────────────────────────────────────────────────────────────────────────────────────────────────────╯


╭──────────────────────────────────────────────────────────────────────────────────────────────────────────────────────╮
├──────────────────────────────────────────────────── Metric Table ────────────────────────────────────────────────────┤
│ Global Step:   13/100 │ Progress: █████░░░░░░░░░░░░░░░░░░░░░░░░░░░░░░░░░░░ │  13.0%                                  │
│ Elapsed: 03:42:09 │ ETA: 24:46:47 │ Step Time: 1025.379s                                                             │
├──────────────────────────────────────────────────────── Time ────────────────────────────────────────────────────────┤
│                                                                                                                      │
│actor/actor/compute_adv=0.0037         │actor/actor/recv_traj=953.5            │actor/actor/sync_model_to_rollout=1.9…│
│actor/run_training=62.741              │cal_adv_and_returns=0.0082             │env/compute_bootstrap_rewards=0.0097  │
│env/env/bootstrap_step=449.7           │env/env/send_rollout_trajectories=1.381│env/env_interact_step=409.4           │
│env/interact=952.4                     │env/run_interact_once=951.6            │generate_rollouts=960.7               │
│rollout/generate_one_epoch=944.7       │rollout/predict=81.337                 │rollout/rollout/generate=960.7        │
│step=1025.8                            │sync_weights=2.303                     │                                      │
│                                                                                                                      │
├──────────────────────────────────────────────────── Environment ─────────────────────────────────────────────────────┤
│                                                                                                                      │
│episode_len=192.0                      │num_trajectories=64                    │return=1.0                            │
│reward=0.005208333                     │success_once=1.0                       │                                      │
│                                                                                                                      │
├────────────────────────────────────────────────────── Rollout ───────────────────────────────────────────────────────┤
│                                                                                                                      │
│advantages_max=nan                     │advantages_mean=nan                    │advantages_min=nan                    │
│rewards=nan                            │                                       │                                      │
│                                                                                                                      │
├─────────────────────────────────────────────────── Training/Actor ───────────────────────────────────────────────────┤
│                                                                                                                      │
│actor/approx_kl=0.0000                 │actor/clip_fraction=0.0000             │actor/clipped_ratio=0.0000            │
│actor/dual_cliped_ratio=0.0000         │actor/entropy_loss=0.0000              │actor/grad_norm=0.0000                │
│actor/lr=5.00e-06                      │actor/policy_loss=0.0000               │actor/policy_loss_abs=0.0000          │
│actor/ratio=0.0000                     │actor/ratio_abs=0.0000                 │actor/total_loss=0.0000               │
│                                                                                                                      │
╰──────────────────────────────────────────────────────────────────────────────────────────────────────────────────────╯


╭──────────────────────────────────────────────────────────────────────────────────────────────────────────────────────╮
├──────────────────────────────────────────────────── Metric Table ────────────────────────────────────────────────────┤
│ Global Step:   14/100 │ Progress: █████░░░░░░░░░░░░░░░░░░░░░░░░░░░░░░░░░░░ │  14.0%                                  │
│ Elapsed: 03:59:07 │ ETA: 24:28:55 │ Step Time: 1024.830s                                                             │
├──────────────────────────────────────────────────────── Time ────────────────────────────────────────────────────────┤
│                                                                                                                      │
│actor/actor/compute_adv=0.0030         │actor/actor/recv_traj=945.8            │actor/actor/sync_model_to_rollout=1.7…│
│actor/run_training=62.634              │cal_adv_and_returns=0.0070             │env/compute_bootstrap_rewards=0.0097  │
│env/env/bootstrap_step=444.8           │env/env/send_rollout_trajectories=1.333│env/env_interact_step=407.4           │
│env/interact=944.7                     │env/run_interact_once=944.1            │generate_rollouts=953.0               │
│rollout/generate_one_epoch=938.6       │rollout/predict=81.171                 │rollout/rollout/generate=952.9        │
│step=1017.7                            │sync_weights=2.063                     │                                      │
│                                                                                                                      │
├──────────────────────────────────────────────────── Environment ─────────────────────────────────────────────────────┤
│                                                                                                                      │
│episode_len=192.0                      │num_trajectories=64                    │return=0.96875                        │
│reward=0.0050455728                    │success_once=0.96875                   │                                      │
│                                                                                                                      │
├────────────────────────────────────────────────────── Rollout ───────────────────────────────────────────────────────┤
│                                                                                                                      │
│advantages_max=0.500                   │advantages_mean=-0.181                 │advantages_min=-1.500                 │
│rewards=0.0053                         │                                       │                                      │
│                                                                                                                      │
├─────────────────────────────────────────────────── Training/Actor ───────────────────────────────────────────────────┤
│                                                                                                                      │
│actor/approx_kl=-0.0014                │actor/clip_fraction=0.0078             │actor/clipped_ratio=0.177             │
│actor/dual_cliped_ratio=0.0000         │actor/entropy_loss=0.0000              │actor/grad_norm=14.693                │
│actor/lr=5.00e-06                      │actor/policy_loss=5.61e-04             │actor/policy_loss_abs=0.094           │
│actor/ratio=0.178                      │actor/ratio_abs=0.0063                 │actor/total_loss=1.75e-05             │
│                                                                                                                      │
╰──────────────────────────────────────────────────────────────────────────────────────────────────────────────────────╯


╭──────────────────────────────────────────────────────────────────────────────────────────────────────────────────────╮
├──────────────────────────────────────────────────── Metric Table ────────────────────────────────────────────────────┤
│ Global Step:   15/100 │ Progress: ██████░░░░░░░░░░░░░░░░░░░░░░░░░░░░░░░░░░ │  15.0%                                  │
│ Elapsed: 04:15:59 │ ETA: 24:10:39 │ Step Time: 1023.998s                                                             │
├──────────────────────────────────────────────────────── Time ────────────────────────────────────────────────────────┤
│                                                                                                                      │
│actor/actor/compute_adv=0.0031         │actor/actor/recv_traj=940.4            │actor/actor/sync_model_to_rollout=1.8…│
│actor/run_training=62.951              │cal_adv_and_returns=0.0065             │env/compute_bootstrap_rewards=0.011   │
│env/env/bootstrap_step=441.4           │env/env/send_rollout_trajectories=1.898│env/env_interact_step=404.2           │
│env/interact=939.3                     │env/run_interact_once=938.4            │generate_rollouts=947.2               │
│rollout/generate_one_epoch=932.4       │rollout/predict=81.506                 │rollout/rollout/generate=947.2        │
│step=1012.3                            │sync_weights=2.148                     │                                      │
│                                                                                                                      │
├──────────────────────────────────────────────────── Environment ─────────────────────────────────────────────────────┤
│                                                                                                                      │
│episode_len=192.0                      │num_trajectories=64                    │return=0.984375                       │
│reward=0.005126953                     │success_once=0.984375                  │                                      │
│                                                                                                                      │
├────────────────────────────────────────────────────── Rollout ───────────────────────────────────────────────────────┤
│                                                                                                                      │
│advantages_max=0.500                   │advantages_mean=-0.140                 │advantages_min=-1.500                 │
│rewards=0.0050                         │                                       │                                      │
│                                                                                                                      │
├─────────────────────────────────────────────────── Training/Actor ───────────────────────────────────────────────────┤
│                                                                                                                      │
│actor/approx_kl=-0.0011                │actor/clip_fraction=0.0000             │actor/clipped_ratio=0.094             │
│actor/dual_cliped_ratio=0.0000         │actor/entropy_loss=0.0000              │actor/grad_norm=9.739                 │
│actor/lr=5.00e-06                      │actor/policy_loss=0.0011               │actor/policy_loss_abs=0.048           │
│actor/ratio=0.095                      │actor/ratio_abs=0.0022                 │actor/total_loss=3.35e-05             │
│                                                                                                                      │
╰──────────────────────────────────────────────────────────────────────────────────────────────────────────────────────╯


╭──────────────────────────────────────────────────────────────────────────────────────────────────────────────────────╮
├──────────────────────────────────────────────────── Metric Table ────────────────────────────────────────────────────┤
│ Global Step:   16/100 │ Progress: ██████░░░░░░░░░░░░░░░░░░░░░░░░░░░░░░░░░░ │  16.0%                                  │
│ Elapsed: 04:33:10 │ ETA: 23:54:09 │ Step Time: 1024.394s                                                             │
├──────────────────────────────────────────────────────── Time ────────────────────────────────────────────────────────┤
│                                                                                                                      │
│actor/actor/compute_adv=0.0027         │actor/actor/recv_traj=957.1            │actor/actor/sync_model_to_rollout=1.6…│
│actor/run_training=64.055              │cal_adv_and_returns=0.0063             │env/compute_bootstrap_rewards=0.010   │
│env/env/bootstrap_step=440.8           │env/env/send_rollout_trajectories=1.550│env/env_interact_step=422.0           │
│env/interact=956.0                     │env/run_interact_once=955.4            │generate_rollouts=964.3               │
│rollout/generate_one_epoch=948.0       │rollout/predict=81.249                 │rollout/rollout/generate=964.2        │
│step=1030.3                            │sync_weights=1.955                     │                                      │
│                                                                                                                      │
├──────────────────────────────────────────────────── Environment ─────────────────────────────────────────────────────┤
│                                                                                                                      │
│episode_len=192.0                      │num_trajectories=64                    │return=0.921875                       │
│reward=0.004801432                     │success_once=0.921875                  │                                      │
│                                                                                                                      │
├────────────────────────────────────────────────────── Rollout ───────────────────────────────────────────────────────┤
│                                                                                                                      │
│advantages_max=0.866                   │advantages_mean=-0.162                 │advantages_min=-1.500                 │
│rewards=0.0046                         │                                       │                                      │
│                                                                                                                      │
├─────────────────────────────────────────────────── Training/Actor ───────────────────────────────────────────────────┤
│                                                                                                                      │
│actor/approx_kl=-1.99e-04              │actor/clip_fraction=0.0039             │actor/clipped_ratio=0.356             │
│actor/dual_cliped_ratio=0.0000         │actor/entropy_loss=0.0000              │actor/grad_norm=20.856                │
│actor/lr=5.00e-06                      │actor/policy_loss=-1.43e-04            │actor/policy_loss_abs=0.195           │
│actor/ratio=0.356                      │actor/ratio_abs=0.011                  │actor/total_loss=-4.47e-06            │
│                                                                                                                      │
╰──────────────────────────────────────────────────────────────────────────────────────────────────────────────────────╯


╭──────────────────────────────────────────────────────────────────────────────────────────────────────────────────────╮
├──────────────────────────────────────────────────── Metric Table ────────────────────────────────────────────────────┤
│ Global Step:   17/100 │ Progress: ██████░░░░░░░░░░░░░░░░░░░░░░░░░░░░░░░░░░ │  17.0%                                  │
│ Elapsed: 04:50:04 │ ETA: 23:36:15 │ Step Time: 1023.805s                                                             │
├──────────────────────────────────────────────────────── Time ────────────────────────────────────────────────────────┤
│                                                                                                                      │
│actor/actor/compute_adv=0.0050         │actor/actor/recv_traj=942.3            │actor/actor/sync_model_to_rollout=1.4…│
│actor/run_training=62.735              │cal_adv_and_returns=0.0093             │env/compute_bootstrap_rewards=0.0099  │
│env/env/bootstrap_step=444.1           │env/env/send_rollout_trajectories=1.424│env/env_interact_step=404.3           │
│env/interact=941.3                     │env/run_interact_once=940.6            │generate_rollouts=949.8               │
│rollout/generate_one_epoch=935.1       │rollout/predict=81.613                 │rollout/rollout/generate=949.8        │
│step=1014.4                            │sync_weights=1.834                     │                                      │
│                                                                                                                      │
├──────────────────────────────────────────────────── Environment ─────────────────────────────────────────────────────┤
│                                                                                                                      │
│episode_len=192.0                      │num_trajectories=64                    │return=0.984375                       │
│reward=0.005126953                     │success_once=0.984375                  │                                      │
│                                                                                                                      │
├────────────────────────────────────────────────────── Rollout ───────────────────────────────────────────────────────┤
│                                                                                                                      │
│advantages_max=0.500                   │advantages_mean=-0.140                 │advantages_min=-1.500                 │
│rewards=0.0050                         │                                       │                                      │
│                                                                                                                      │
├─────────────────────────────────────────────────── Training/Actor ───────────────────────────────────────────────────┤
│                                                                                                                      │
│actor/approx_kl=4.65e-04               │actor/clip_fraction=0.0000             │actor/clipped_ratio=0.097             │
│actor/dual_cliped_ratio=0.0000         │actor/entropy_loss=0.0000              │actor/grad_norm=11.128                │
│actor/lr=5.00e-06                      │actor/policy_loss=-0.0014              │actor/policy_loss_abs=0.046           │
│actor/ratio=0.097                      │actor/ratio_abs=0.0034                 │actor/total_loss=-4.33e-05            │
│                                                                                                                      │
╰──────────────────────────────────────────────────────────────────────────────────────────────────────────────────────╯


╭──────────────────────────────────────────────────────────────────────────────────────────────────────────────────────╮
├──────────────────────────────────────────────────── Metric Table ────────────────────────────────────────────────────┤
│ Global Step:   18/100 │ Progress: ███████░░░░░░░░░░░░░░░░░░░░░░░░░░░░░░░░░ │  18.0%                                  │
│ Elapsed: 05:07:14 │ ETA: 23:19:39 │ Step Time: 1024.138s                                                             │
├──────────────────────────────────────────────────────── Time ────────────────────────────────────────────────────────┤
│                                                                                                                      │
│actor/actor/compute_adv=0.0028         │actor/actor/recv_traj=957.2            │actor/actor/sync_model_to_rollout=1.5…│
│actor/run_training=63.239              │cal_adv_and_returns=0.0060             │env/compute_bootstrap_rewards=0.0098  │
│env/env/bootstrap_step=443.5           │env/env/send_rollout_trajectories=1.395│env/env_interact_step=420.0           │
│env/interact=956.1                     │env/run_interact_once=955.5            │generate_rollouts=964.6               │
│rollout/generate_one_epoch=949.9       │rollout/predict=81.135                 │rollout/rollout/generate=964.6        │
│step=1029.8                            │sync_weights=1.912                     │                                      │
│                                                                                                                      │
├──────────────────────────────────────────────────── Environment ─────────────────────────────────────────────────────┤
│                                                                                                                      │
│episode_len=192.0                      │num_trajectories=64                    │return=0.984375                       │
│reward=0.005126953                     │success_once=0.984375                  │                                      │
│                                                                                                                      │
├────────────────────────────────────────────────────── Rollout ───────────────────────────────────────────────────────┤
│                                                                                                                      │
│advantages_max=0.500                   │advantages_mean=-0.115                 │advantages_min=-1.500                 │
│rewards=0.0048                         │                                       │                                      │
│                                                                                                                      │
├─────────────────────────────────────────────────── Training/Actor ───────────────────────────────────────────────────┤
│                                                                                                                      │
│actor/approx_kl=0.0035                 │actor/clip_fraction=0.0039             │actor/clipped_ratio=0.095             │
│actor/dual_cliped_ratio=0.0000         │actor/entropy_loss=0.0000              │actor/grad_norm=7.746                 │
│actor/lr=5.00e-06                      │actor/policy_loss=-7.84e-04            │actor/policy_loss_abs=0.045           │
│actor/ratio=0.094                      │actor/ratio_abs=0.0039                 │actor/total_loss=-2.45e-05            │
│                                                                                                                      │
╰──────────────────────────────────────────────────────────────────────────────────────────────────────────────────────╯


╭──────────────────────────────────────────────────────────────────────────────────────────────────────────────────────╮
├──────────────────────────────────────────────────── Metric Table ────────────────────────────────────────────────────┤
│ Global Step:   19/100 │ Progress: ███████░░░░░░░░░░░░░░░░░░░░░░░░░░░░░░░░░ │  19.0%                                  │
│ Elapsed: 05:24:24 │ ETA: 23:02:58 │ Step Time: 1024.426s                                                             │
├──────────────────────────────────────────────────────── Time ────────────────────────────────────────────────────────┤
│                                                                                                                      │
│actor/actor/compute_adv=0.0030         │actor/actor/recv_traj=957.5            │actor/actor/sync_model_to_rollout=1.5…│
│actor/run_training=62.811              │cal_adv_and_returns=0.0066             │env/compute_bootstrap_rewards=0.0094  │
│env/env/bootstrap_step=447.2           │env/env/send_rollout_trajectories=1.371│env/env_interact_step=416.6           │
│env/interact=956.5                     │env/run_interact_once=955.7            │generate_rollouts=964.9               │
│rollout/generate_one_epoch=950.0       │rollout/predict=81.422                 │rollout/rollout/generate=964.8        │
│step=1029.6                            │sync_weights=1.897                     │                                      │
│                                                                                                                      │
├──────────────────────────────────────────────────── Environment ─────────────────────────────────────────────────────┤
│                                                                                                                      │
│episode_len=192.0                      │num_trajectories=64                    │return=1.0                            │
│reward=0.005208333                     │success_once=1.0                       │                                      │
│                                                                                                                      │
├────────────────────────────────────────────────────── Rollout ───────────────────────────────────────────────────────┤
│                                                                                                                      │
│advantages_max=nan                     │advantages_mean=nan                    │advantages_min=nan                    │
│rewards=nan                            │                                       │                                      │
│                                                                                                                      │
├─────────────────────────────────────────────────── Training/Actor ───────────────────────────────────────────────────┤
│                                                                                                                      │
│actor/approx_kl=0.0000                 │actor/clip_fraction=0.0000             │actor/clipped_ratio=0.0000            │
│actor/dual_cliped_ratio=0.0000         │actor/entropy_loss=0.0000              │actor/grad_norm=0.0000                │
│actor/lr=5.00e-06                      │actor/policy_loss=0.0000               │actor/policy_loss_abs=0.0000          │
│actor/ratio=0.0000                     │actor/ratio_abs=0.0000                 │actor/total_loss=0.0000               │
│                                                                                                                      │
╰──────────────────────────────────────────────────────────────────────────────────────────────────────────────────────╯


╭──────────────────────────────────────────────────────────────────────────────────────────────────────────────────────╮
├──────────────────────────────────────────────────── Metric Table ────────────────────────────────────────────────────┤
│ Global Step:   20/100 │ Progress: ████████░░░░░░░░░░░░░░░░░░░░░░░░░░░░░░░░ │  20.0%                                  │
│ Elapsed: 05:41:59 │ ETA: 22:47:56 │ Step Time: 1025.960s                                                             │
├──────────────────────────────────────────────────────── Time ────────────────────────────────────────────────────────┤
│                                                                                                                      │
│actor/actor/compute_adv=0.0034         │actor/actor/recv_traj=943.0            │actor/actor/sync_model_to_rollout=1.5…│
│actor/run_training=62.597              │cal_adv_and_returns=0.0066             │env/compute_bootstrap_rewards=0.0091  │
│env/env/bootstrap_step=442.1           │env/env/send_rollout_trajectories=1.399│env/env_interact_step=407.3           │
│env/interact=942.0                     │env/run_interact_once=941.4            │generate_rollouts=950.5               │
│rollout/generate_one_epoch=935.8       │rollout/predict=81.212                 │rollout/rollout/generate=950.5        │
│step=1055.1                            │sync_weights=1.901                     │                                      │
│                                                                                                                      │
├──────────────────────────────────────────────────── Environment ─────────────────────────────────────────────────────┤
│                                                                                                                      │
│episode_len=192.0                      │num_trajectories=64                    │return=1.0                            │
│reward=0.005208333                     │success_once=1.0                       │                                      │
│                                                                                                                      │
├────────────────────────────────────────────────────── Rollout ───────────────────────────────────────────────────────┤
│                                                                                                                      │
│advantages_max=nan                     │advantages_mean=nan                    │advantages_min=nan                    │
│rewards=nan                            │                                       │                                      │
│                                                                                                                      │
├─────────────────────────────────────────────────── Training/Actor ───────────────────────────────────────────────────┤
│                                                                                                                      │
│actor/approx_kl=0.0000                 │actor/clip_fraction=0.0000             │actor/clipped_ratio=0.0000            │
│actor/dual_cliped_ratio=0.0000         │actor/entropy_loss=0.0000              │actor/grad_norm=0.0000                │
│actor/lr=5.00e-06                      │actor/policy_loss=0.0000               │actor/policy_loss_abs=0.0000          │
│actor/ratio=0.0000                     │actor/ratio_abs=0.0000                 │actor/total_loss=0.0000               │
│                                                                                                                      │
╰──────────────────────────────────────────────────────────────────────────────────────────────────────────────────────╯


╭──────────────────────────────────────────────────────────────────────────────────────────────────────────────────────╮
├──────────────────────────────────────────────────── Metric Table ────────────────────────────────────────────────────┤
│ Global Step:   21/100 │ Progress: ████████░░░░░░░░░░░░░░░░░░░░░░░░░░░░░░░░ │  21.0%                                  │
│ Elapsed: 05:59:04 │ ETA: 22:30:48 │ Step Time: 1025.925s                                                             │
├──────────────────────────────────────────────────────── Time ────────────────────────────────────────────────────────┤
│                                                                                                                      │
│actor/actor/compute_adv=0.0027         │actor/actor/recv_traj=953.0            │actor/actor/sync_model_to_rollout=1.4…│
│actor/run_training=62.717              │cal_adv_and_returns=0.0054             │env/compute_bootstrap_rewards=0.0092  │
│env/env/bootstrap_step=446.9           │env/env/send_rollout_trajectories=1.437│env/env_interact_step=412.0           │
│env/interact=952.1                     │env/run_interact_once=951.5            │generate_rollouts=960.7               │
│rollout/generate_one_epoch=945.5       │rollout/predict=81.776                 │rollout/rollout/generate=960.7        │
│step=1025.2                            │sync_weights=1.787                     │                                      │
│                                                                                                                      │
├──────────────────────────────────────────────────── Environment ─────────────────────────────────────────────────────┤
│                                                                                                                      │
│episode_len=192.0                      │num_trajectories=64                    │return=0.9375                         │
│reward=0.0048828125                    │success_once=0.9375                    │                                      │
│                                                                                                                      │
├────────────────────────────────────────────────────── Rollout ───────────────────────────────────────────────────────┤
│                                                                                                                      │
│advantages_max=0.866                   │advantages_mean=-0.124                 │advantages_min=-0.866                 │
│rewards=0.0030                         │                                       │                                      │
│                                                                                                                      │
├─────────────────────────────────────────────────── Training/Actor ───────────────────────────────────────────────────┤
│                                                                                                                      │
│actor/approx_kl=-2.82e-05              │actor/clip_fraction=0.0000             │actor/clipped_ratio=0.211             │
│actor/dual_cliped_ratio=0.0000         │actor/entropy_loss=0.0000              │actor/grad_norm=15.465                │
│actor/lr=5.00e-06                      │actor/policy_loss=2.25e-04             │actor/policy_loss_abs=0.109           │
│actor/ratio=0.211                      │actor/ratio_abs=0.0061                 │actor/total_loss=7.02e-06             │
│                                                                                                                      │
╰──────────────────────────────────────────────────────────────────────────────────────────────────────────────────────╯


╭──────────────────────────────────────────────────────────────────────────────────────────────────────────────────────╮
├──────────────────────────────────────────────────── Metric Table ────────────────────────────────────────────────────┤
│ Global Step:   22/100 │ Progress: ████████░░░░░░░░░░░░░░░░░░░░░░░░░░░░░░░░ │  22.0%                                  │
│ Elapsed: 06:16:07 │ ETA: 22:13:32 │ Step Time: 1025.796s                                                             │
├──────────────────────────────────────────────────────── Time ────────────────────────────────────────────────────────┤
│                                                                                                                      │
│actor/actor/compute_adv=0.0038         │actor/actor/recv_traj=951.4            │actor/actor/sync_model_to_rollout=1.6…│
│actor/run_training=62.335              │cal_adv_and_returns=0.0081             │env/compute_bootstrap_rewards=0.0097  │
│env/env/bootstrap_step=442.6           │env/env/send_rollout_trajectories=1.447│env/env_interact_step=414.7           │
│env/interact=950.3                     │env/run_interact_once=949.6            │generate_rollouts=958.8               │
│rollout/generate_one_epoch=942.9       │rollout/predict=81.353                 │rollout/rollout/generate=958.7        │
│step=1023.1                            │sync_weights=1.955                     │                                      │
│                                                                                                                      │
├──────────────────────────────────────────────────── Environment ─────────────────────────────────────────────────────┤
│                                                                                                                      │
│episode_len=192.0                      │num_trajectories=64                    │return=0.984375                       │
│reward=0.005126953                     │success_once=0.984375                  │                                      │
│                                                                                                                      │
├────────────────────────────────────────────────────── Rollout ───────────────────────────────────────────────────────┤
│                                                                                                                      │
│advantages_max=0.500                   │advantages_mean=-0.140                 │advantages_min=-1.500                 │
│rewards=0.0050                         │                                       │                                      │
│                                                                                                                      │
├─────────────────────────────────────────────────── Training/Actor ───────────────────────────────────────────────────┤
│                                                                                                                      │
│actor/approx_kl=-5.90e-04              │actor/clip_fraction=0.0000             │actor/clipped_ratio=0.094             │
│actor/dual_cliped_ratio=0.0000         │actor/entropy_loss=0.0000              │actor/grad_norm=7.261                 │
│actor/lr=5.00e-06                      │actor/policy_loss=3.92e-05             │actor/policy_loss_abs=0.047           │
│actor/ratio=0.094                      │actor/ratio_abs=0.0014                 │actor/total_loss=1.23e-06             │
│                                                                                                                      │
╰──────────────────────────────────────────────────────────────────────────────────────────────────────────────────────╯


╭──────────────────────────────────────────────────────────────────────────────────────────────────────────────────────╮
├──────────────────────────────────────────────────── Metric Table ────────────────────────────────────────────────────┤
│ Global Step:   23/100 │ Progress: █████████░░░░░░░░░░░░░░░░░░░░░░░░░░░░░░░ │  23.0%                                  │
│ Elapsed: 06:33:17 │ ETA: 21:56:40 │ Step Time: 1025.978s                                                             │
├──────────────────────────────────────────────────────── Time ────────────────────────────────────────────────────────┤
│                                                                                                                      │
│actor/actor/compute_adv=0.0044         │actor/actor/recv_traj=957.8            │actor/actor/sync_model_to_rollout=2.0…│
│actor/run_training=62.601              │cal_adv_and_returns=0.0087             │env/compute_bootstrap_rewards=0.0092  │
│env/env/bootstrap_step=439.5           │env/env/send_rollout_trajectories=1.622│env/env_interact_step=424.6           │
│env/interact=956.7                     │env/run_interact_once=956.1            │generate_rollouts=965.0               │
│rollout/generate_one_epoch=950.4       │rollout/predict=80.816                 │rollout/rollout/generate=964.9        │
│step=1029.9                            │sync_weights=2.346                     │                                      │
│                                                                                                                      │
├──────────────────────────────────────────────────── Environment ─────────────────────────────────────────────────────┤
│                                                                                                                      │
│episode_len=192.0                      │num_trajectories=64                    │return=0.921875                       │
│reward=0.004801432                     │success_once=0.921875                  │                                      │
│                                                                                                                      │
├────────────────────────────────────────────────────── Rollout ───────────────────────────────────────────────────────┤
│                                                                                                                      │
│advantages_max=0.866                   │advantages_mean=-0.137                 │advantages_min=-1.500                 │
│rewards=0.0036                         │                                       │                                      │
│                                                                                                                      │
├─────────────────────────────────────────────────── Training/Actor ───────────────────────────────────────────────────┤
│                                                                                                                      │
│actor/approx_kl=0.0011                 │actor/clip_fraction=0.0078             │actor/clipped_ratio=0.289             │
│actor/dual_cliped_ratio=0.0000         │actor/entropy_loss=0.0000              │actor/grad_norm=19.288                │
│actor/lr=5.00e-06                      │actor/policy_loss=0.0025               │actor/policy_loss_abs=0.155           │
│actor/ratio=0.289                      │actor/ratio_abs=0.011                  │actor/total_loss=7.74e-05             │
│                                                                                                                      │
╰──────────────────────────────────────────────────────────────────────────────────────────────────────────────────────╯

