2026-07-28 18:54:25,480	INFO log_monitor.py:168 -- Starting log monitor with [max open files=200], [is_autoscaler_v2=False]
2026-07-28 18:54:25,481	INFO log_monitor.py:290 -- Beginning to track file raylet.err
2026-07-28 18:54:25,481	INFO log_monitor.py:290 -- Beginning to track file monitor.log
2026-07-28 18:54:25,481	INFO log_monitor.py:290 -- Beginning to track file gcs_server.err
2026-07-28 18:54:27,696	INFO log_monitor.py:290 -- Beginning to track file worker-d327e0cc62080f84cf009061bff0e89de51950ab079bf1d970662356-ffffffff-71350.out
2026-07-28 18:54:27,697	INFO log_monitor.py:290 -- Beginning to track file worker-9272198e1ba3bbc98ad538018fa1c137575b10828f6b771d6a09dc84-ffffffff-71349.out
2026-07-28 18:54:27,697	INFO log_monitor.py:290 -- Beginning to track file worker-d327e0cc62080f84cf009061bff0e89de51950ab079bf1d970662356-ffffffff-71350.err
2026-07-28 18:54:27,697	INFO log_monitor.py:290 -- Beginning to track file worker-9272198e1ba3bbc98ad538018fa1c137575b10828f6b771d6a09dc84-ffffffff-71349.err
2026-07-28 18:54:27,697	INFO log_monitor.py:290 -- Beginning to track file worker-a95bed21ebb1deec2646f6ded219c9f2b8424144d4d58c39a67eb642-ffffffff-71348.out
2026-07-28 18:54:27,697	INFO log_monitor.py:290 -- Beginning to track file worker-a95bed21ebb1deec2646f6ded219c9f2b8424144d4d58c39a67eb642-ffffffff-71348.err
2026-07-28 18:54:27,697	INFO log_monitor.py:290 -- Beginning to track file worker-216f54718d377d2c60e20012cc75745ad8fe3b92a40bd73ac615091c-ffffffff-71351.out
2026-07-28 18:54:27,697	INFO log_monitor.py:290 -- Beginning to track file worker-216f54718d377d2c60e20012cc75745ad8fe3b92a40bd73ac615091c-ffffffff-71351.err
2026-07-28 18:54:27,798	INFO log_monitor.py:290 -- Beginning to track file worker-a1e35e5756cb1304ee0cc437ac71c829b25300a281eca0c3a2c19172-ffffffff-71353.out
2026-07-28 18:54:27,798	INFO log_monitor.py:290 -- Beginning to track file worker-bd093959ae471f368175af542998e2a7503c3675c84dd38d2be26f17-ffffffff-71357.out
2026-07-28 18:54:27,798	INFO log_monitor.py:290 -- Beginning to track file worker-385f43152952e137e5c58f7bd35d0819aedab28157dc781ca7be2451-ffffffff-71354.out
2026-07-28 18:54:27,798	INFO log_monitor.py:290 -- Beginning to track file worker-38df63c599f92ef512828bbec3480b6a51235f71eef0176792e34fcd-ffffffff-71359.out
2026-07-28 18:54:27,798	INFO log_monitor.py:290 -- Beginning to track file worker-a1e35e5756cb1304ee0cc437ac71c829b25300a281eca0c3a2c19172-ffffffff-71353.err
2026-07-28 18:54:27,798	INFO log_monitor.py:290 -- Beginning to track file worker-c48c2759d487c646b2ebe7ac779da26526b2f0b642628b4f3fd7925f-ffffffff-71352.out
2026-07-28 18:54:27,798	INFO log_monitor.py:290 -- Beginning to track file worker-bd093959ae471f368175af542998e2a7503c3675c84dd38d2be26f17-ffffffff-71357.err
2026-07-28 18:54:27,798	INFO log_monitor.py:290 -- Beginning to track file worker-2d0d2b023d94bd7f232c6bde04a892a459cbf8ca23857b14b380e13f-ffffffff-71358.out
2026-07-28 18:54:27,798	INFO log_monitor.py:290 -- Beginning to track file worker-c6c4a52a4a385d2c8d237d2b2a3c4918eb1e366a7870cb65faded5ea-ffffffff-71356.out
2026-07-28 18:54:27,798	INFO log_monitor.py:290 -- Beginning to track file worker-385f43152952e137e5c58f7bd35d0819aedab28157dc781ca7be2451-ffffffff-71354.err
2026-07-28 18:54:27,798	INFO log_monitor.py:290 -- Beginning to track file worker-38df63c599f92ef512828bbec3480b6a51235f71eef0176792e34fcd-ffffffff-71359.err
2026-07-28 18:54:27,798	INFO log_monitor.py:290 -- Beginning to track file worker-eac3e321ac1ec0c2c08937fecf23ee828d9cbd179488c8faf8092c8f-ffffffff-71355.out
2026-07-28 18:54:27,798	INFO log_monitor.py:290 -- Beginning to track file worker-c48c2759d487c646b2ebe7ac779da26526b2f0b642628b4f3fd7925f-ffffffff-71352.err
2026-07-28 18:54:27,798	INFO log_monitor.py:290 -- Beginning to track file worker-2d0d2b023d94bd7f232c6bde04a892a459cbf8ca23857b14b380e13f-ffffffff-71358.err
2026-07-28 18:54:27,798	INFO log_monitor.py:290 -- Beginning to track file worker-c6c4a52a4a385d2c8d237d2b2a3c4918eb1e366a7870cb65faded5ea-ffffffff-71356.err
2026-07-28 18:54:27,798	INFO log_monitor.py:290 -- Beginning to track file worker-eac3e321ac1ec0c2c08937fecf23ee828d9cbd179488c8faf8092c8f-ffffffff-71355.err
2026-07-28 18:54:27,798	INFO log_monitor.py:290 -- Beginning to track file worker-de6642cd84d4b88a5670ecd3f134166f045a21788c425ba22536f707-ffffffff-71360.out
2026-07-28 18:54:27,798	INFO log_monitor.py:290 -- Beginning to track file worker-de6642cd84d4b88a5670ecd3f134166f045a21788c425ba22536f707-ffffffff-71360.err
2026-07-28 18:54:27,798	INFO log_monitor.py:290 -- Beginning to track file worker-13468bc3919bc8f2f7327c9c303eec91243ce880ab143ac6072c6698-ffffffff-71361.out
2026-07-28 18:54:27,798	INFO log_monitor.py:290 -- Beginning to track file worker-13468bc3919bc8f2f7327c9c303eec91243ce880ab143ac6072c6698-ffffffff-71361.err
2026-07-28 18:54:27,799	INFO log_monitor.py:290 -- Beginning to track file worker-e58cefd7ef80a8d3e75c2e867209aae76345a4f08430224606e71126-ffffffff-71362.out
2026-07-28 18:54:27,799	INFO log_monitor.py:290 -- Beginning to track file worker-e58cefd7ef80a8d3e75c2e867209aae76345a4f08430224606e71126-ffffffff-71362.err
2026-07-28 18:54:27,799	INFO log_monitor.py:290 -- Beginning to track file worker-12c50be370e16c14846b36f17117d4b1d0876dda60811950c05fdf54-ffffffff-71363.out
2026-07-28 18:54:27,799	INFO log_monitor.py:290 -- Beginning to track file worker-12c50be370e16c14846b36f17117d4b1d0876dda60811950c05fdf54-ffffffff-71363.err
2026-07-28 18:54:27,799	INFO log_monitor.py:290 -- Beginning to track file worker-353dd9ecdadee893cab8ce84b018e76cbb78763d089a0ca52f3d4c4e-ffffffff-71365.out
2026-07-28 18:54:27,799	INFO log_monitor.py:290 -- Beginning to track file worker-353dd9ecdadee893cab8ce84b018e76cbb78763d089a0ca52f3d4c4e-ffffffff-71365.err
2026-07-28 18:54:27,799	INFO log_monitor.py:290 -- Beginning to track file worker-a1650f477df0a24bc4050d725b0178f69c1dd36e376449572a3bdf70-ffffffff-71364.out
2026-07-28 18:54:27,799	INFO log_monitor.py:290 -- Beginning to track file worker-a1650f477df0a24bc4050d725b0178f69c1dd36e376449572a3bdf70-ffffffff-71364.err
2026-07-28 18:54:27,799	INFO log_monitor.py:290 -- Beginning to track file worker-61526d8db1e3c0bbd40926b567c9d37f2cc43830cb563b609350b62f-ffffffff-71366.out
2026-07-28 18:54:27,799	INFO log_monitor.py:290 -- Beginning to track file worker-6f9fdd45b6dd4228538abf120eb3ea191513c14204d2927e76925409-ffffffff-71367.out
2026-07-28 18:54:27,799	INFO log_monitor.py:290 -- Beginning to track file worker-61526d8db1e3c0bbd40926b567c9d37f2cc43830cb563b609350b62f-ffffffff-71366.err
2026-07-28 18:54:27,799	INFO log_monitor.py:290 -- Beginning to track file worker-6f9fdd45b6dd4228538abf120eb3ea191513c14204d2927e76925409-ffffffff-71367.err
2026-07-28 18:54:27,799	INFO log_monitor.py:290 -- Beginning to track file worker-653561221aac720e29e51d5115ba349a6a2dcc3f03529206046e160a-ffffffff-71368.out
2026-07-28 18:54:27,799	INFO log_monitor.py:290 -- Beginning to track file worker-653561221aac720e29e51d5115ba349a6a2dcc3f03529206046e160a-ffffffff-71368.err
2026-07-28 18:54:27,799	INFO log_monitor.py:290 -- Beginning to track file worker-14e4a8dfbff9e06f11e2966a38f6a9f4c55070b165848f8f1590d5ef-ffffffff-71369.out
2026-07-28 18:54:27,799	INFO log_monitor.py:290 -- Beginning to track file worker-14e4a8dfbff9e06f11e2966a38f6a9f4c55070b165848f8f1590d5ef-ffffffff-71369.err
2026-07-28 18:54:27,900	INFO log_monitor.py:290 -- Beginning to track file worker-89cf5fae063a14796c8f95f9860ab767feae256263d7c52efb7b3396-ffffffff-71371.out
2026-07-28 18:54:27,900	INFO log_monitor.py:290 -- Beginning to track file worker-89cf5fae063a14796c8f95f9860ab767feae256263d7c52efb7b3396-ffffffff-71371.err
2026-07-28 18:54:27,900	INFO log_monitor.py:290 -- Beginning to track file worker-407fef5e839198518fab9c9f961698d17ab36cd3b26e60e7c88ea97d-ffffffff-71372.out
2026-07-28 18:54:27,900	INFO log_monitor.py:290 -- Beginning to track file worker-407fef5e839198518fab9c9f961698d17ab36cd3b26e60e7c88ea97d-ffffffff-71372.err
2026-07-28 18:54:27,900	INFO log_monitor.py:290 -- Beginning to track file worker-e82eb9006cfb42f230e79efcb7de5a1e247ac513e0326f1717adf0b3-ffffffff-71373.out
2026-07-28 18:54:27,900	INFO log_monitor.py:290 -- Beginning to track file worker-e82eb9006cfb42f230e79efcb7de5a1e247ac513e0326f1717adf0b3-ffffffff-71373.err
2026-07-28 18:54:27,900	INFO log_monitor.py:290 -- Beginning to track file worker-c571ebdd05c4936f59c8e3b290bc73b79650cc752fc5fbf0fcf8d805-ffffffff-71370.out
2026-07-28 18:54:27,900	INFO log_monitor.py:290 -- Beginning to track file worker-c571ebdd05c4936f59c8e3b290bc73b79650cc752fc5fbf0fcf8d805-ffffffff-71370.err
2026-07-28 18:54:27,900	INFO log_monitor.py:290 -- Beginning to track file worker-1b114e1efdc630dc4b553e76c34569a23ffb1c92a4d07c3ce9f3c847-ffffffff-71374.out
2026-07-28 18:54:27,902	INFO log_monitor.py:290 -- Beginning to track file worker-1b114e1efdc630dc4b553e76c34569a23ffb1c92a4d07c3ce9f3c847-ffffffff-71374.err
2026-07-28 18:54:27,902	INFO log_monitor.py:290 -- Beginning to track file worker-4ac84b7bb962b6f0b65a48f0fb5983d913786a095dcee21432d16a56-ffffffff-71375.out
2026-07-28 18:54:27,902	INFO log_monitor.py:290 -- Beginning to track file worker-4ac84b7bb962b6f0b65a48f0fb5983d913786a095dcee21432d16a56-ffffffff-71375.err
2026-07-28 18:54:27,902	INFO log_monitor.py:290 -- Beginning to track file worker-3b5ae5552a3eea706b51b296093c8a6a50d6f2662345efcd3bd98c76-ffffffff-71376.out
2026-07-28 18:54:27,902	INFO log_monitor.py:290 -- Beginning to track file worker-3b5ae5552a3eea706b51b296093c8a6a50d6f2662345efcd3bd98c76-ffffffff-71376.err
2026-07-28 18:54:27,902	INFO log_monitor.py:290 -- Beginning to track file worker-7dc287f27109beaee2319d7a70eba0245cafbc77e072e1969371d7b3-ffffffff-71378.out
2026-07-28 18:54:27,902	INFO log_monitor.py:290 -- Beginning to track file worker-7dc287f27109beaee2319d7a70eba0245cafbc77e072e1969371d7b3-ffffffff-71378.err
2026-07-28 18:54:27,902	INFO log_monitor.py:290 -- Beginning to track file worker-bafb8050be820583b584bf5972d37e897dcb6ee5e3e34afc90443d95-ffffffff-71377.out
2026-07-28 18:54:27,902	INFO log_monitor.py:290 -- Beginning to track file worker-bafb8050be820583b584bf5972d37e897dcb6ee5e3e34afc90443d95-ffffffff-71377.err
2026-07-28 18:54:27,902	INFO log_monitor.py:290 -- Beginning to track file worker-1666f85ffcd8d8c217b35a03cab0b41c0ae748fd25d801aa9371a1cb-ffffffff-71379.out
2026-07-28 18:54:27,902	INFO log_monitor.py:290 -- Beginning to track file worker-1666f85ffcd8d8c217b35a03cab0b41c0ae748fd25d801aa9371a1cb-ffffffff-71379.err
2026-07-28 18:54:27,902	INFO log_monitor.py:290 -- Beginning to track file worker-7f8e3f4bf4bd2503acac6daa6272305a55c35489c088529bf3839841-ffffffff-71380.out
2026-07-28 18:54:27,902	INFO log_monitor.py:290 -- Beginning to track file worker-7f8e3f4bf4bd2503acac6daa6272305a55c35489c088529bf3839841-ffffffff-71380.err
2026-07-28 18:54:27,902	INFO log_monitor.py:290 -- Beginning to track file worker-1729b35c9fc48e52a62e6f53ec20055e9c420b215d5159f907296dcb-ffffffff-71382.out
2026-07-28 18:54:27,902	INFO log_monitor.py:290 -- Beginning to track file worker-d1f914312982b39b5d53c72f2fb38bbe8a4c9161303cb3c27d78ca71-ffffffff-71383.out
2026-07-28 18:54:27,902	INFO log_monitor.py:290 -- Beginning to track file worker-1729b35c9fc48e52a62e6f53ec20055e9c420b215d5159f907296dcb-ffffffff-71382.err
2026-07-28 18:54:27,902	INFO log_monitor.py:290 -- Beginning to track file worker-d1f914312982b39b5d53c72f2fb38bbe8a4c9161303cb3c27d78ca71-ffffffff-71383.err
2026-07-28 18:54:27,902	INFO log_monitor.py:290 -- Beginning to track file worker-4698c04ae12ac075765844a87688d4a1b52c72ca964a649195b2ca7d-ffffffff-71381.out
2026-07-28 18:54:27,902	INFO log_monitor.py:290 -- Beginning to track file worker-4698c04ae12ac075765844a87688d4a1b52c72ca964a649195b2ca7d-ffffffff-71381.err
2026-07-28 18:54:30,282	INFO log_monitor.py:290 -- Beginning to track file worker-37f578a51001d5255156d882dd496aec180d18bc9d8ece51465fb31f-01000000-73406.out
2026-07-28 18:54:30,282	INFO log_monitor.py:290 -- Beginning to track file worker-37f578a51001d5255156d882dd496aec180d18bc9d8ece51465fb31f-01000000-73406.err
2026-07-28 18:54:30,282	INFO log_monitor.py:290 -- Beginning to track file worker-90a6b0ccd0fc40fb8db26d3d1cae8c9e13de7efbf5256a60796f4d95-01000000-73407.out
2026-07-28 18:54:30,282	INFO log_monitor.py:290 -- Beginning to track file worker-90a6b0ccd0fc40fb8db26d3d1cae8c9e13de7efbf5256a60796f4d95-01000000-73407.err
2026-07-28 18:54:30,282	INFO log_monitor.py:290 -- Beginning to track file worker-cc6524143c5540093800066a85132abbb68902cb3fbec3a8fd1644f2-01000000-73408.out
2026-07-28 18:54:30,283	INFO log_monitor.py:290 -- Beginning to track file worker-cc6524143c5540093800066a85132abbb68902cb3fbec3a8fd1644f2-01000000-73408.err
2026-07-28 18:54:30,283	INFO log_monitor.py:290 -- Beginning to track file worker-0e2ef1c889fca476e4a5ef42215bc7d3b4882bb5c617c56ed3782561-01000000-73409.out
2026-07-28 18:54:30,283	INFO log_monitor.py:290 -- Beginning to track file worker-0e2ef1c889fca476e4a5ef42215bc7d3b4882bb5c617c56ed3782561-01000000-73409.err
2026-07-28 18:54:30,283	INFO log_monitor.py:290 -- Beginning to track file worker-0779b3f8d1ce29d8106f19dea0c68ea3731a7531c3d01f4afaaacfb6-01000000-73410.out
2026-07-28 18:54:30,283	INFO log_monitor.py:290 -- Beginning to track file worker-0779b3f8d1ce29d8106f19dea0c68ea3731a7531c3d01f4afaaacfb6-01000000-73410.err
2026-07-28 18:54:30,490	INFO log_monitor.py:290 -- Beginning to track file worker-055fc58f1664606c312aa1aad040b030fe308eccb0f6f65934957198-ffffffff-73420.out
2026-07-28 18:54:30,490	INFO log_monitor.py:290 -- Beginning to track file worker-055fc58f1664606c312aa1aad040b030fe308eccb0f6f65934957198-ffffffff-73420.err
2026-07-28 18:54:30,490	INFO log_monitor.py:290 -- Beginning to track file worker-9e907821caa8c7c1e8422d31007ef8c043ad1bf5afa937dc4f37294d-ffffffff-73425.out
2026-07-28 18:54:30,490	INFO log_monitor.py:290 -- Beginning to track file worker-9e907821caa8c7c1e8422d31007ef8c043ad1bf5afa937dc4f37294d-ffffffff-73425.err
2026-07-28 18:54:30,592	INFO log_monitor.py:290 -- Beginning to track file worker-77b5190b7ee2ab563af01cb5577f909c21f3d470d25b471d9237f702-ffffffff-73435.out
2026-07-28 18:54:30,592	INFO log_monitor.py:290 -- Beginning to track file worker-77b5190b7ee2ab563af01cb5577f909c21f3d470d25b471d9237f702-ffffffff-73435.err
2026-07-28 18:54:30,592	INFO log_monitor.py:290 -- Beginning to track file worker-1767b996c0fd2dc7f7827ab4baa12319671e737c9a2e80a2cf1d0b26-ffffffff-73443.out
2026-07-28 18:54:30,592	INFO log_monitor.py:290 -- Beginning to track file worker-1767b996c0fd2dc7f7827ab4baa12319671e737c9a2e80a2cf1d0b26-ffffffff-73443.err
2026-07-28 18:54:30,695	INFO log_monitor.py:290 -- Beginning to track file worker-66cfb530811c0886be2b930e3f8f7cc6c09ce956650f4fca31a1ef4b-ffffffff-73445.out
2026-07-28 18:54:30,695	INFO log_monitor.py:290 -- Beginning to track file worker-66cfb530811c0886be2b930e3f8f7cc6c09ce956650f4fca31a1ef4b-ffffffff-73445.err
2026-07-28 18:54:30,798	INFO log_monitor.py:290 -- Beginning to track file worker-07343e6ce7c1d19badc584090d5f1b1b41b16ae58e2e34764d433be0-ffffffff-73451.out
2026-07-28 18:54:30,798	INFO log_monitor.py:290 -- Beginning to track file worker-07343e6ce7c1d19badc584090d5f1b1b41b16ae58e2e34764d433be0-ffffffff-73451.err
2026-07-28 18:54:30,798	INFO log_monitor.py:290 -- Beginning to track file worker-369158499f7578219bafd6fcf9007062bdaf72b80af757d195d0b22e-ffffffff-73453.out
2026-07-28 18:54:30,798	INFO log_monitor.py:290 -- Beginning to track file worker-369158499f7578219bafd6fcf9007062bdaf72b80af757d195d0b22e-ffffffff-73453.err
2026-07-28 18:54:30,798	INFO log_monitor.py:290 -- Beginning to track file worker-d6e332de18297d28c2baa07878d72168d9311ebd982ec4dd07169f92-ffffffff-73461.out
2026-07-28 18:54:30,798	INFO log_monitor.py:290 -- Beginning to track file worker-d6e332de18297d28c2baa07878d72168d9311ebd982ec4dd07169f92-ffffffff-73461.err
2026-07-28 18:54:30,900	INFO log_monitor.py:290 -- Beginning to track file worker-300f7974cb829752045694c1411766b9710701b83d9c7877121c4708-ffffffff-73592.out
2026-07-28 18:54:30,900	INFO log_monitor.py:290 -- Beginning to track file worker-300f7974cb829752045694c1411766b9710701b83d9c7877121c4708-ffffffff-73592.err
