:job_id:01000000
:actor_name:EmbodiedSACFSDPPolicy
[INFO 18:54:35 FlexiblePlacementStrategy] 
[INFO 18:54:35 FlexiblePlacementStrategy] Using flexible placement with hardware ranks: [[0], [1]], node groups: ['cluster'].
:actor_name:ActorGroup(rank=1)
WARNING: All log messages before absl::InitializeLog() is called are written to STDERR
I0000 00:00:1785236147.935792   74434 port.cc:153] oneDNN custom operations are on. You may see slightly different numerical results due to floating-point round-off errors from different computation orders. To turn them off, set the environment variable `TF_ENABLE_ONEDNN_OPTS=0`.
WARNING: All log messages before absl::InitializeLog() is called are written to STDERR
I0000 00:00:1785236149.213399   74434 port.cc:153] oneDNN custom operations are on. You may see slightly different numerical results due to floating-point round-off errors from different computation orders. To turn them off, set the environment variable `TF_ENABLE_ONEDNN_OPTS=0`.
INFO:datasets:PyTorch version 2.6.0 available.
INFO:datasets:Polars version 1.41.2 available.
INFO:datasets:TensorFlow version 2.21.0 available.
INFO:datasets:JAX version 0.5.3 available.
INFO:root:Loaded norm stats from /root/autodl-tmp/models/rlinf/RLinf-Pi0-RoboTwin-SFT-adjust_bottle/physical-intelligence/robotwin
INFO:root:Loaded norm stats from /root/autodl-tmp/models/rlinf/RLinf-Pi0-RoboTwin-SFT-adjust_bottle/physical-intelligence/robotwin
INFO:root:Loaded norm stats from /root/autodl-tmp/models/rlinf/RLinf-Pi0-RoboTwin-SFT-adjust_bottle/physical-intelligence/robotwin
INFO:root:Loaded norm stats from /root/autodl-tmp/models/rlinf/RLinf-Pi0-RoboTwin-SFT-adjust_bottle/physical-intelligence/robotwin
/root/autodl-tmp/RLinf/.venv/lib/python3.11/site-packages/torch/distributed/fsdp/wrap.py:492: FutureWarning: The `NO_SHARD` sharding strategy is deprecated. If having issues, please use `DistributedDataParallel` instead.
  return wrapper_cls(module, **kwargs)
/root/autodl-tmp/RLinf_fastwam_rlinf/rlinf/hybrid_engines/fsdp/strategy/fsdp.py:173: FutureWarning: The `NO_SHARD` sharding strategy is deprecated. If having issues, please use `DistributedDataParallel` instead.
  fsdp_model = FSDP(
