
╭──────────────────────────────────────────────────────────────────────────────────────────────────────────────────────╮
├──────────────────────────────────────────────────── Metric Table ────────────────────────────────────────────────────┤
│ Global Step:    2/2 │ Progress: ████████████████████████████████████████ │ 100.0%                                    │
│ Elapsed: 14:51 │ ETA: 00:00 │ Step Time: 891.461s                                                                    │
├──────────────────────────────────────────────────────── Time ────────────────────────────────────────────────────────┤
│                                                                                                                      │
│actor/actor/compute_adv=0.035          │actor/actor/recv_traj=345.9            │actor/actor/sync_model_to_rollout=4.3…│
│actor/run_training=22.053              │actor_training=22.058                  │cal_adv_and_returns=0.040             │
│env/compute_bootstrap_rewards=0.0010   │env/env/bootstrap_step=198.8           │env/env/send_rollout_trajectories=1.0…│
│env/env_interact_step=104.9            │env/evaluate=483.7                     │env/interact=345.4                    │
│env/run_interact_once=343.9            │eval=486.7                             │generate_rollouts=356.9               │
│rollout/evaluate=354.4                 │rollout/generate_one_epoch=334.2       │rollout/predict=68.514                │
│rollout/rollout/generate=356.8         │rollout/sync_model_from_actor=5.266    │step=891.4                            │
│sync_weights=2.368                     │                                       │                                      │
│                                                                                                                      │
├──────────────────────────────────────────────────── Environment ─────────────────────────────────────────────────────┤
│                                                                                                                      │
│episode_len=192.0                      │num_trajectories=32                    │return=0.3125                         │
│reward=0.0016276041                    │success_once=0.3125                    │                                      │
│                                                                                                                      │
├────────────────────────────────────────────────────── Rollout ───────────────────────────────────────────────────────┤
│                                                                                                                      │
│advantages_max=1.208                   │advantages_mean=-0.085                 │advantages_min=-2.475                 │
│rewards=0.0036                         │                                       │                                      │
│                                                                                                                      │
├───────────────────────────────────────────────────── Evaluation ─────────────────────────────────────────────────────┤
│                                                                                                                      │
│episode_len=192.0                      │num_trajectories=32                    │return=0.53125                        │
│reward=0.002766927                     │success_at_end=0.53125                 │success_once=0.53125                  │
│                                                                                                                      │
├─────────────────────────────────────────────────── Training/Actor ───────────────────────────────────────────────────┤
│                                                                                                                      │
│actor/approx_kl=0.0029                 │actor/clip_fraction=0.0078             │actor/clipped_ratio=0.670             │
│actor/dual_cliped_ratio=0.0000         │actor/entropy_loss=0.0000              │actor/grad_norm=16.908                │
│actor/lr=5.00e-06                      │actor/policy_loss=-7.60e-04            │actor/policy_loss_abs=0.381           │
│actor/ratio=0.670                      │actor/ratio_abs=0.010                  │actor/total_loss=-1.19e-05            │
│                                                                                                                      │
╰──────────────────────────────────────────────────────────────────────────────────────────────────────────────────────╯

