/data/chenyiteng/projects/rlinf-shenzhen/worktrees/rlt-pi0-robotwin-ar-7d07a421/examples/embodiment/train_embodied_agent.py:35: Hydra14MigrationWarning: 
version_base="1.1" selects Hydra 1.1 compatibility behavior.
Hydra 1.4 will remove this compatibility behavior.
Before upgrading to Hydra 1.4, set version_base="1.3" and test your application.
See https://hydra.cc/docs/upgrades/1.3_to_1.4/prepare_for_1_4/ for preparation instructions.
  @hydra.main(
/home/chenyiteng/venvs/rlinf-7d07-openpi-robotwin/lib/python3.11/site-packages/hydra/_internal/hydra.py:119: UserWarning: Future Hydra versions will no longer change working directory at job runtime by default.
See https://hydra.cc/docs/1.2/upgrades/1.1_to_1.2/changes_to_job_working_dir/ for more information.
  ret = run_job(
[INFO 16:45:31 RLinf] RLinf Ray code sync is enabled (py_modules=('/data/chenyiteng/projects/rlinf-shenzhen/worktrees/rlt-pi0-robotwin-ar-7d07a421/rlinf',)); workers receive only the rlinf package from the launch node. Disable with RLINF_CODE_WORKING_DIR=0.
2026-08-23 16:45:31,571	INFO worker.py:1683 -- Using address 172.17.0.1:6389 set in the environment variable RAY_ADDRESS
2026-08-23 16:45:31,577	INFO worker.py:1833 -- Connecting to existing Ray cluster at address: 172.17.0.1:6389...
2026-08-23 16:45:31,650	INFO worker.py:2015 -- Connected to Ray cluster. View the dashboard at [1m[32mhttp://127.0.0.1:8266 [39m[22m
2026-08-23 16:45:31,698	INFO packaging.py:734 -- Creating a file package for local module '/data/chenyiteng/projects/rlinf-shenzhen/worktrees/rlt-pi0-robotwin-ar-7d07a421/rlinf'.
2026-08-23 16:45:31,770	INFO packaging.py:434 -- Pushing file package 'gcs://_ray_pkg_33682a6bbf162cf6.zip' (9.78MiB) to Ray cluster...
2026-08-23 16:45:31,807	INFO packaging.py:447 -- Successfully pushed file package 'gcs://_ray_pkg_33682a6bbf162cf6.zip'.
[INFO 16:45:34 RLinf] RLinf is running on a cluster with 1 node and 8 accelerators. The nodes' details are: 
node_labels: []
node_rank: 0
ray_id: 2730f38e60da6b4c0f68d8779893624a0917240589c544541c894c54
node_ip: 172.17.0.1
num_cpus: 128
python_interpreter_path: /home/chenyiteng/venvs/rlinf-7d07-openpi-robotwin/bin/python
hardware_resources:
- type: Accelerator
  infos:
  - type: Accelerator
    model: NV_GPU:H100 80GB HBM3
  - type: Accelerator
    model: NV_GPU:H100 80GB HBM3
  - type: Accelerator
    model: NV_GPU:H100 80GB HBM3
  - type: Accelerator
    model: NV_GPU:H100 80GB HBM3
  - type: Accelerator
    model: NV_GPU:H100 80GB HBM3
  - type: Accelerator
    model: NV_GPU:H100 80GB HBM3
  - type: Accelerator
    model: NV_GPU:H100 80GB HBM3
  - type: Accelerator
    model: NV_GPU:H100 80GB HBM3
profiler_backends: []

Node groups' details are: 
label: cluster
nodes: '0'
hardware_type: Accelerator
ignore_hardware: false
env_configs: null

label: node
nodes: '0'
hardware_type: null
ignore_hardware: true
env_configs: null

[36m(_RemoteNodeProbe pid=364294)[0m /data/chenyiteng/projects/rlinf-shenzhen/worktrees/rlt-pi0-robotwin-ar-7d07a421/rlinf/scheduler/cluster/node.py:532: UserWarning: Python interpreter used to launch Ray on node with IP 172.17.0.1 is different from that on the head node /home/chenyiteng/venvs/rlinf-7d07-openpi-robotwin/bin/python. Keep using the current interpreter /home/chenyiteng/venvs/rlinf-7d07-openpi-robotwin/bin/python3 on this node.
[36m(_RemoteNodeProbe pid=364294)[0m   warnings.warn(
[INFO 16:45:34 FlexiblePlacementStrategy] 
[INFO 16:45:34 FlexiblePlacementStrategy] Using flexible placement with hardware ranks: [[4], [5]], node groups: ['cluster'].
[INFO 16:45:34 FlexiblePlacementStrategy] 
[INFO 16:45:34 FlexiblePlacementStrategy] Using flexible placement with hardware ranks: [[4], [5]], node groups: ['cluster'].
{
  "env": {
    "train": {
      "env_type": "robotwin",
      "total_num_envs": 8,
      "auto_reset": false,
      "ignore_terminations": false,
      "reward_coef": 1.0,
      "use_custom_reward": true,
      "use_rel_reward": false,
      "center_crop": false,
      "seed": 0,
      "group_size": 1,
      "use_fixed_reset_state_ids": false,
      "max_steps_per_rollout_epoch": 200,
      "max_episode_steps": 200,
      "is_eval": false,
      "assets_path": "/data/chenyiteng/projects/rlinf-shenzhen/RoboTwin-RLinf-support",
      "seeds_path": "/data/chenyiteng/projects/rlinf-shenzhen/worktrees/rlt-pi0-robotwin-ar-7d07a421/rlinf/envs/robotwin/seeds/train_seeds.json",
      "video_cfg": {
        "save_video": false,
        "info_on_video": true,
        "video_base_dir": "/data/chenyiteng/results/rlinf-rlt/formal-current-ar-stage1-2k-stage2-8env250-20260824-v2/stage2/video/train"
      },
      "enable_offload": true,
      "task_config": {
        "task_name": "adjust_bottle",
        "step_lim": 200,
        "planner_backend": "mplib",
        "render_freq": 0,
        "episode_num": 100,
        "use_seed": false,
        "save_freq": 15,
        "embodiment": [
          "aloha-agilex"
        ],
        "language_num": 100,
        "domain_randomization": {
          "random_background": false,
          "cluttered_table": false,
          "clean_background_rate": 1,
          "random_head_camera_dis": 0,
          "random_table_height": 0,
          "random_light": false,
          "crazy_random_light_rate": 0
        },
        "camera": {
          "head_camera_type": "D435",
          "wrist_camera_type": "D435",
          "collect_head_camera": true,
          "collect_wrist_camera": true
        },
        "data_type": {
          "rgb": true,
          "third_view": false,
          "depth": false,
          "pointcloud": false,
          "observer": false,
          "endpose": false,
          "qpos": true,
          "mesh_segmentation": false,
          "actor_segmentation": false
        },
        "pcd_down_sample_num": 1024,
        "pcd_crop": true,
        "save_path": "./data",
        "clear_cache_freq": 1,
        "collect_data": true,
        "eval_video_log": true
      },
      "rollout_epoch": 1
    },
    "eval": {
      "env_type": "robotwin",
      "total_num_envs": 4,
      "auto_reset": false,
      "ignore_terminations": true,
      "reward_coef": 1.0,
      "use_custom_reward": true,
      "use_rel_reward": false,
      "center_crop": false,
      "seed": 0,
      "group_size": 1,
      "use_fixed_reset_state_ids": false,
      "max_steps_per_rollout_epoch": 200,
      "max_episode_steps": 200,
      "is_eval": true,
      "assets_path": "/data/chenyiteng/projects/rlinf-shenzhen/RoboTwin-RLinf-support",
      "seeds_path": "/data/chenyiteng/projects/rlinf-shenzhen/worktrees/rlt-pi0-robotwin-ar-7d07a421/rlinf/envs/robotwin/seeds/eval_seeds_adjust_bottle_rlt_periodic20_v1.json",
      "video_cfg": {
        "save_video": false,
        "info_on_video": true,
        "video_base_dir": "/data/chenyiteng/results/rlinf-rlt/formal-current-ar-stage1-2k-stage2-8env250-20260824-v2/stage2/video/eval"
      },
      "enable_offload": false,
      "task_config": {
        "task_name": "adjust_bottle",
        "step_lim": 200,
        "planner_backend": "mplib",
        "render_freq": 0,
        "episode_num": 100,
        "use_seed": false,
        "save_freq": 15,
        "embodiment": [
          "aloha-agilex"
        ],
        "language_num": 100,
        "domain_randomization": {
          "random_background": false,
          "cluttered_table": false,
          "clean_background_rate": 1,
          "random_head_camera_dis": 0,
          "random_table_height": 0,
          "random_light": false,
          "crazy_random_light_rate": 0
        },
        "camera": {
          "head_camera_type": "D435",
          "wrist_camera_type": "D435",
          "collect_head_camera": true,
          "collect_wrist_camera": true
        },
        "data_type": {
          "rgb": true,
          "third_view": false,
          "depth": false,
          "pointcloud": false,
          "observer": false,
          "endpose": false,
          "qpos": true,
          "mesh_segmentation": false,
          "actor_segmentation": false
        },
        "pcd_down_sample_num": 1024,
        "pcd_crop": true,
        "save_path": "./data",
        "clear_cache_freq": 1,
        "collect_data": true,
        "eval_video_log": true
      },
      "rollout_epoch": 5
    },
    "group_name": "EnvGroup",
    "enable_offload": true
  },
  "actor": {
    "fsdp_config": {
      "strategy": "fsdp",
      "sharding_strategy": "no_shard",
      "gradient_checkpointing": false,
      "cpu_offload": false,
      "offload_pin_memory": false,
      "reshard_after_forward": true,
      "enable_gradient_accumulation": true,
      "forward_prefetch": false,
      "limit_all_gathers": false,
      "backward_prefetch": null,
      "use_orig_params": false,
      "use_liger_kernel": false,
      "mixed_precision": {
        "param_dtype": "fp32",
        "reduce_dtype": "fp32",
        "buffer_dtype": "fp32"
      },
      "amp_autocast": {
        "enabled": false,
        "precision": "bf16"
      },
      "grad_scaler": {
        "enabled": false,
        "init_scale": null,
        "growth_interval": null
      }
    },
    "group_name": "ActorGroup",
    "training_backend": "fsdp",
    "micro_batch_size": 128,
    "global_batch_size": 512,
    "seed": 1234,
    "enable_offload": false,
    "model": {
      "model_type": "rlt_mlp_policy",
      "precision": "fp32",
      "z_dim": 2048,
      "proprio_dim": 14,
      "action_dim": 14,
      "num_action_chunks": 10,
      "ref_num_action_chunks": 10,
      "add_value_head": false,
      "add_q_head": true,
      "q_head_type": "default",
      "fixed_std": 0.002,
      "is_lora": false,
      "lora_rank": 32
    },
    "optim": {
      "clip_grad": 10.0,
      "lr": 0.0001,
      "lr_scheduler": "torch_constant"
    },
    "critic_optim": {
      "clip_grad": 10.0,
      "lr": 0.0001,
      "lr_scheduler": "torch_constant"
    }
  },
  "weight_syncer": {
    "type": "patch",
    "patch": {
      "snapshot_device": "cpu",
      "delta_encoding": true,
      "compression": "none",
      "init_sync": {
        "enabled": true,
        "prefixes": null,
        "bucket_size": 134217728
      }
    }
  },
  "cluster": {
    "num_nodes": 1,
    "component_placement": {
      "actor,env,rollout": "4-5"
    },
    "tracer": {
      "enable": false
    }
  },
  "runner": {
    "task_type": "embodied",
    "logger": {
      "log_path": "/data/chenyiteng/results/rlinf-rlt/formal-current-ar-stage1-2k-stage2-8env250-20260824-v2/stage2",
      "project_name": "rlinf-rlt",
      "experiment_name": "robotwin_adjust_bottle_rlt_stage2_current_ar_8env250_v1",
      "logger_backends": [
        "tensorboard"
      ]
    },
    "max_epochs": 1000,
    "max_steps": 250,
    "only_eval": false,
    "weight_sync_interval": 1,
    "val_check_interval": 25,
    "save_interval": 25,
    "resume_dir": null,
    "ckpt_path": null,
    "per_worker_log": false,
    "per_worker_log_path": null,
    "overlap_env_bootstrap": false
  },
  "algorithm": {
    "update_epoch": 5,
    "group_size": 1,
    "adv_type": "embodied_sac",
    "loss_type": "rlt_ac",
    "loss_agg_func": "token-mean",
    "agg_q": "min",
    "actor_agg_q": "q1",
    "enable_drq": false,
    "q_head_type": "default",
    "bootstrap_type": "standard",
    "gamma": 0.99,
    "tau": 0.005,
    "rlt_route": {
      "type": "full_task"
    },
    "rlt_transition_replay": {
      "enable": true,
      "compact": true,
      "bootstrap_on_truncation": true
    },
    "rlt_schedule": {
      "enable": true,
      "max_updates_per_train_step": 1600,
      "warmup_min_size": 10000,
      "warmup_post_collect_updates": 30000,
      "train_every_episodes": 0,
      "train_every_transitions": 1
    },
    "q_weight": 1.0,
    "bc_weight": 1.0,
    "reference_dropout_prob": 0.5,
    "actor_weight_schedule": {
      "enable": true,
      "warmup_updates": 20000,
      "ramp_updates": 50000,
      "warmup_bc_weight": 7.0,
      "warmup_q_weight": 0.05,
      "online_bc_weight": 2.5,
      "online_q_weight": 0.45
    },
    "entropy_tuning": {
      "alpha_type": "fixed_alpha",
      "initial_alpha": 0.0,
      "optim": {
        "lr": 0.0003,
        "lr_scheduler": "torch_constant",
        "clip_grad": 10.0
      }
    },
    "replay_buffer": {
      "enable_cache": true,
      "cache_size": 50000,
      "sample_window_size": 50000,
      "min_buffer_size": 1,
      "auto_save": false
    },
    "target_update_freq": 1,
    "target_update_type": "all",
    "critic_actor_ratio": 2,
    "critic_subsample_size": 0,
    "backup_entropy": false,
    "rlt_resume": {
      "enable": true,
      "schema_version": 1,
      "contract": {
        "current_base_commit": "7d07a4212ee6858cc333e1d4fab7a37256d1f839",
        "model_identity": "exact_pi0",
        "reconstruction": "current_causal_ar",
        "stage1_manifest_path": "/data/chenyiteng/results/rlinf-rlt/formal-current-ar-stage1-2k-stage2-8env250-20260824-v2/stage1/artifacts/stage1_artifact_manifest.json",
        "stage1_manifest_id": "sz-rlt-stage1-current-ar-clean50-2k-v1",
        "stage1_manifest_sha256": "ffeeaa44ebe34aa5ea10fe89c8aee3f28d0ab3ee1361c355f301020224a4b6dd",
        "norm_stats_sha256": "649ed92b431bd70627febdb00b2385e35fcab5088e72a4e4a4845585f8ce4f6a",
        "train_vla": false,
        "prefix_seq_len": 768,
        "image_only": true,
        "use_mask": true,
        "z_dim": 2048,
        "action_horizon": 50,
        "action_chunk": 10,
        "action_dim": 14,
        "canonical_adapter_version": "robotwin_aloha_canonical_v1",
        "route": "full_task",
        "replay": "compact_transition",
        "bootstrap": "pure_truncation_only"
      }
    }
  },
  "rollout": {
    "group_name": "RolloutGroup",
    "backend": "huggingface",
    "enable_offload": false,
    "pipeline_stage_num": 1,
    "collect_transitions": true,
    "collect_prev_infos": false,
    "model": {
      "model_type": "rlt_mlp_policy",
      "model_path": null,
      "precision": "fp32",
      "action_dim": 14,
      "num_action_chunks": 10,
      "ref_num_action_chunks": 10,
      "z_dim": 2048,
      "proprio_dim": 14,
      "add_q_head": true,
      "q_head_type": "default",
      "fixed_std": 0.002,
      "is_lora": false,
      "lora_rank": 32
    },
    "rlt_feature_model": {
      "model_type": "openpi",
      "model_path": "/data/chenyiteng/results/rlinf-rlt/formal-current-ar-stage1-2k-stage2-8env250-20260824-v2/stage1/robotwin_adjust_bottle_rlt_stage1_current_ar_clean50_2k_v1/checkpoints/global_step_2000",
      "precision": null,
      "num_action_chunks": 10,
      "action_dim": 14,
      "add_value_head": false,
      "is_lora": false,
      "lora_rank": 32,
      "openpi_data": {
        "repo_id": "physical-intelligence/robotwin",
        "default_prompt": "adjust the bottle",
        "norm_stats_path": "/data/chenyiteng/models/rlinf/RLinf-Pi0-RoboTwin-SFT-adjust_bottle@92684e50/physical-intelligence/robotwin/norm_stats.json"
      },
      "openpi": {
        "config_name": "pi0_aloha_robotwin",
        "num_images_in_input": 3,
        "action_horizon": 50,
        "action_chunk": 10,
        "action_env_dim": 14,
        "num_steps": 4,
        "state_indices": [],
        "train_expert_only": false,
        "add_value_head": false,
        "detach_critic_input": true,
        "noise_method": "flow_ode",
        "rtc_enabled": false,
        "use_rlt": true,
        "rlt_train_vla": false,
        "rlt_alpha": 0.0,
        "rlt_input_dim": 2048,
        "rlt_embed_dim": 2048,
        "rlt_prefix_seq_len": 768,
        "rlt_num_layers": 2,
        "rlt_num_heads": 8,
        "rlt_mlp_ratio": 4.0,
        "rlt_image_only": true,
        "rlt_use_mask": true,
        "rlt_action_adapter": "robotwin_aloha_canonical_v1"
      }
    },
    "enable_torch_compile": false,
    "enable_cuda_graph": false
  },
  "reward": {
    "use_reward_model": false
  },
  "critic": {
    "use_critic_model": false
  }
}
[INFO 16:45:34 FlexiblePlacementStrategy] 
[INFO 16:45:34 FlexiblePlacementStrategy] Using flexible placement with hardware ranks: [[4], [5]], node groups: ['cluster'].
[INFO 16:45:34 FlexiblePlacementStrategy] Generated 2 placements: [Placement(rank=0, cluster_node_rank=0, placement_node_rank=0, local_accelerator_rank=4, accelerator_type='NV_GPU', local_rank=0, local_world_size=2, visible_accelerators=['4'], isolate_accelerator=True, local_hardware_ranks=[4], node_group_label='cluster'), Placement(rank=1, cluster_node_rank=0, placement_node_rank=0, local_accelerator_rank=5, accelerator_type='NV_GPU', local_rank=1, local_world_size=2, visible_accelerators=['5'], isolate_accelerator=True, local_hardware_ranks=[5], node_group_label='cluster')].
[INFO 16:45:34 FlexiblePlacementStrategy] Generated 2 placements: [Placement(rank=0, cluster_node_rank=0, placement_node_rank=0, local_accelerator_rank=4, accelerator_type='NV_GPU', local_rank=0, local_world_size=2, visible_accelerators=['4'], isolate_accelerator=True, local_hardware_ranks=[4], node_group_label='cluster'), Placement(rank=1, cluster_node_rank=0, placement_node_rank=0, local_accelerator_rank=5, accelerator_type='NV_GPU', local_rank=1, local_world_size=2, visible_accelerators=['5'], isolate_accelerator=True, local_hardware_ranks=[5], node_group_label='cluster')].
[INFO 16:45:34 FlexiblePlacementStrategy] Generated 2 placements: [Placement(rank=0, cluster_node_rank=0, placement_node_rank=0, local_accelerator_rank=4, accelerator_type='NV_GPU', local_rank=0, local_world_size=2, visible_accelerators=['4'], isolate_accelerator=True, local_hardware_ranks=[4], node_group_label='cluster'), Placement(rank=1, cluster_node_rank=0, placement_node_rank=0, local_accelerator_rank=5, accelerator_type='NV_GPU', local_rank=1, local_world_size=2, visible_accelerators=['5'], isolate_accelerator=True, local_hardware_ranks=[5], node_group_label='cluster')].
[INFO 16:45:34 NodePlacementStrategy] 
[INFO 16:45:34 NodePlacementStrategy] Using node placement with node ranks: [0], node groups: ['node'].
[INFO 16:45:34 NodePlacementStrategy] Generated 1 placements: [Placement(rank=0, cluster_node_rank=0, placement_node_rank=0, local_accelerator_rank='0', accelerator_type='NV_GPU', local_rank=0, local_world_size=1, visible_accelerators=['0', '1', '2', '3', '4', '5', '6', '7'], isolate_accelerator=True, local_hardware_ranks=[], node_group_label='cluster')].
[INFO 16:45:34 NodePlacementStrategy] 
[INFO 16:45:34 NodePlacementStrategy] Using node placement with node ranks: [0], node groups: ['node'].
[INFO 16:45:34 NodePlacementStrategy] Generated 1 placements: [Placement(rank=0, cluster_node_rank=0, placement_node_rank=0, local_accelerator_rank='0', accelerator_type='NV_GPU', local_rank=0, local_world_size=1, visible_accelerators=['0', '1', '2', '3', '4', '5', '6', '7'], isolate_accelerator=True, local_hardware_ranks=[], node_group_label='cluster')].
[INFO 16:45:34 NodePlacementStrategy] 
[INFO 16:45:34 NodePlacementStrategy] Using node placement with node ranks: [0], node groups: ['node'].
[INFO 16:45:34 NodePlacementStrategy] Generated 1 placements: [Placement(rank=0, cluster_node_rank=0, placement_node_rank=0, local_accelerator_rank='0', accelerator_type='NV_GPU', local_rank=0, local_world_size=1, visible_accelerators=['0', '1', '2', '3', '4', '5', '6', '7'], isolate_accelerator=True, local_hardware_ranks=[], node_group_label='cluster')].
WARNING: All log messages before absl::InitializeLog() is called are written to STDERR
I0000 00:00:1787503535.016944  363919 port.cc:153] oneDNN custom operations are on. You may see slightly different numerical results due to floating-point round-off errors from different computation orders. To turn them off, set the environment variable `TF_ENABLE_ONEDNN_OPTS=0`.
I0000 00:00:1787503535.062284  363919 cpu_feature_guard.cc:227] This TensorFlow binary is optimized to use available CPU instructions in performance-critical operations.
To enable the following instructions: AVX2 AVX512F AVX512_VNNI AVX512_BF16 AVX512_FP16 AVX_VNNI AMX_TILE AMX_INT8 AMX_BF16 FMA, in other operations, rebuild TensorFlow with the appropriate compiler flags.
WARNING: All log messages before absl::InitializeLog() is called are written to STDERR
I0000 00:00:1787503536.542850  363919 port.cc:153] oneDNN custom operations are on. You may see slightly different numerical results due to floating-point round-off errors from different computation orders. To turn them off, set the environment variable `TF_ENABLE_ONEDNN_OPTS=0`.
[36m(EnvWorker pid=364396)[0m [INFO 16:45:39 FlexiblePlacementStrategy] 
[36m(EnvWorker pid=364396)[0m [INFO 16:45:39 FlexiblePlacementStrategy] Using flexible placement with hardware ranks: [[4], [5]], node groups: ['cluster'].
[36m(MultiStepRolloutWorker pid=364393)[0m [INFO 16:45:40 FlexiblePlacementStrategy] 
[36m(MultiStepRolloutWorker pid=364393)[0m [INFO 16:45:40 FlexiblePlacementStrategy] Using flexible placement with hardware ranks: [[4], [5]], node groups: ['cluster'].
[36m(MultiStepRolloutWorker pid=364395)[0m [INFO 16:45:40 FlexiblePlacementStrategy] 
[36m(MultiStepRolloutWorker pid=364395)[0m [INFO 16:45:40 FlexiblePlacementStrategy] Using flexible placement with hardware ranks: [[4], [5]], node groups: ['cluster'].
[36m(EnvWorker pid=364398)[0m [INFO 16:45:40 FlexiblePlacementStrategy] 
[36m(EnvWorker pid=364398)[0m [INFO 16:45:40 FlexiblePlacementStrategy] Using flexible placement with hardware ranks: [[4], [5]], node groups: ['cluster'].
[36m(RolloutGroup(rank=1) pid=364395)[0m WARNING: All log messages before absl::InitializeLog() is called are written to STDERR
[36m(RolloutGroup(rank=1) pid=364395)[0m I0000 00:00:1787503543.188844  365379 port.cc:153] oneDNN custom operations are on. You may see slightly different numerical results due to floating-point round-off errors from different computation orders. To turn them off, set the environment variable `TF_ENABLE_ONEDNN_OPTS=0`.
[36m(RolloutGroup(rank=0) pid=364393)[0m WARNING: All log messages before absl::InitializeLog() is called are written to STDERR
[36m(RolloutGroup(rank=0) pid=364393)[0m I0000 00:00:1787503543.265814  365385 port.cc:153] oneDNN custom operations are on. You may see slightly different numerical results due to floating-point round-off errors from different computation orders. To turn them off, set the environment variable `TF_ENABLE_ONEDNN_OPTS=0`.
[36m(RolloutGroup(rank=1) pid=364395)[0m WARNING: All log messages before absl::InitializeLog() is called are written to STDERR
[36m(RolloutGroup(rank=1) pid=364395)[0m I0000 00:00:1787503544.784246  365379 port.cc:153] oneDNN custom operations are on. You may see slightly different numerical results due to floating-point round-off errors from different computation orders. To turn them off, set the environment variable `TF_ENABLE_ONEDNN_OPTS=0`.
[36m(RolloutGroup(rank=0) pid=364393)[0m WARNING: All log messages before absl::InitializeLog() is called are written to STDERR
[36m(RolloutGroup(rank=0) pid=364393)[0m I0000 00:00:1787503544.862313  365385 port.cc:153] oneDNN custom operations are on. You may see slightly different numerical results due to floating-point round-off errors from different computation orders. To turn them off, set the environment variable `TF_ENABLE_ONEDNN_OPTS=0`.
[36m(RLTACFSDPPolicy pid=364390)[0m [INFO 16:45:45 FlexiblePlacementStrategy] 
[36m(RLTACFSDPPolicy pid=364390)[0m [INFO 16:45:45 FlexiblePlacementStrategy] Using flexible placement with hardware ranks: [[4], [5]], node groups: ['cluster'].
[36m(RLTACFSDPPolicy pid=364390)[0m [INFO 16:45:45 ActorGroup-Rank-0][fsdp_model_manager.py:133] [FSDP] AMP is disabled.
[36m(RLTACFSDPPolicy pid=364392)[0m [INFO 16:45:45 FlexiblePlacementStrategy] 
[36m(RLTACFSDPPolicy pid=364392)[0m [INFO 16:45:45 FlexiblePlacementStrategy] Using flexible placement with hardware ranks: [[4], [5]], node groups: ['cluster'].
[36m(RLTACFSDPPolicy pid=364392)[0m [INFO 16:45:45 ActorGroup-Rank-1][fsdp_model_manager.py:133] [FSDP] AMP is disabled.
[36m(RolloutGroup(rank=0) pid=364393)[0m INFO:root:Loaded norm stats from /data/chenyiteng/models/rlinf/RLinf-Pi0-RoboTwin-SFT-adjust_bottle@92684e50/physical-intelligence/robotwin
[36m(RolloutGroup(rank=1) pid=364395)[0m INFO:root:Loaded norm stats from /data/chenyiteng/models/rlinf/RLinf-Pi0-RoboTwin-SFT-adjust_bottle@92684e50/physical-intelligence/robotwin
[36m(ActorGroup(rank=0) pid=364390)[0m /home/chenyiteng/venvs/rlinf-7d07-openpi-robotwin/lib/python3.11/site-packages/torch/distributed/fsdp/wrap.py:485: FutureWarning: The `NO_SHARD` sharding strategy is deprecated. If having issues, please use `DistributedDataParallel` instead.
[36m(ActorGroup(rank=0) pid=364390)[0m   return wrapper_cls(module, **kwargs)
[36m(ActorGroup(rank=0) pid=364390)[0m [INFO 16:46:36 ActorGroup-Rank-0][fsdp_sac_policy_worker.py:92] [FSDP] Gradient checkpointing is disabled
[36m(ActorGroup(rank=1) pid=364392)[0m /home/chenyiteng/venvs/rlinf-7d07-openpi-robotwin/lib/python3.11/site-packages/torch/distributed/fsdp/wrap.py:485: FutureWarning: The `NO_SHARD` sharding strategy is deprecated. If having issues, please use `DistributedDataParallel` instead.
[36m(ActorGroup(rank=1) pid=364392)[0m   return wrapper_cls(module, **kwargs)
[36m(ActorGroup(rank=1) pid=364392)[0m [INFO 16:46:36 ActorGroup-Rank-1][fsdp_sac_policy_worker.py:92] [FSDP] Gradient checkpointing is disabled
[36m(ActorGroup(rank=0) pid=364390)[0m /data/chenyiteng/ray/rlt-dsrl-v3/session_2026-08-23_16-27-53_911161_321906/runtime_resources/py_modules_files/_ray_pkg_33682a6bbf162cf6/rlinf/hybrid_engines/fsdp/strategy/fsdp.py:173: FutureWarning: The `NO_SHARD` sharding strategy is deprecated. If having issues, please use `DistributedDataParallel` instead.
[36m(ActorGroup(rank=0) pid=364390)[0m   fsdp_model = FSDP(
[36m(ActorGroup(rank=0) pid=364390)[0m [WARNING 16:46:37 ActorGroup-Rank-0][buffer.py:264] auto_save is disabled, enabling cache with size 50000
[36m(ActorGroup(rank=1) pid=364392)[0m /data/chenyiteng/ray/rlt-dsrl-v3/session_2026-08-23_16-27-53_911161_321906/runtime_resources/py_modules_files/_ray_pkg_33682a6bbf162cf6/rlinf/hybrid_engines/fsdp/strategy/fsdp.py:173: FutureWarning: The `NO_SHARD` sharding strategy is deprecated. If having issues, please use `DistributedDataParallel` instead.
[36m(ActorGroup(rank=1) pid=364392)[0m   fsdp_model = FSDP(
[36m(ActorGroup(rank=1) pid=364392)[0m [WARNING 16:46:37 ActorGroup-Rank-1][buffer.py:264] auto_save is disabled, enabling cache with size 50000
[36m(RolloutGroup(rank=0) pid=364393)[0m Generating Rollout Epochs:   0%|          | 0/1 [00:00<?, ?it/s]
[36m(RolloutGroup(rank=0) pid=364393)[0m Generating Rollout Epochs: 100%|██████████| 1/1 [01:32<00:00, 92.48s/it]Generating Rollout Epochs: 100%|██████████| 1/1 [01:32<00:00, 92.48s/it]

╭──────────────────────────────────────────────────────────────────────────────────────────────────────────────────────╮
├──────────────────────────────────────────────────── Metric Table ────────────────────────────────────────────────────┤
│ Global Step:    1/250 │ Progress: ░░░░░░░░░░░░░░░░░░░░░░░░░░░░░░░░░░░░░░░░ │   0.4%                                  │
│ Elapsed: 01:35 │ ETA: 06:35:34 │ Step Time: 95.319s                                                                  │
├──────────────────────────────────────────────────────── Time ────────────────────────────────────────────────────────┤
│                                                                                                                      │
│actor/actor/compute_adv=3.61e-05       │actor/actor/recv_traj=93.644           │actor/actor/sync_model_to_rollout=1.0…│
│actor_training=0.0072                  │cal_adv_and_returns=0.0027             │env/compute_bootstrap_rewards=0.0024  │
│env/env/bootstrap_step=31.015          │env/env/send_rollout_trajectories=0.364│env/env_interact_step=56.594          │
│env/interact=93.396                    │env/run_interact_once=92.814           │generate_rollouts=93.697              │
│rollout/generate_one_epoch=92.484      │rollout/rollout/generate=92.486        │rollout/sync_model_from_actor=1.565   │
│step=95.275                            │sync_weights=1.568                     │                                      │
│                                                                                                                      │
├──────────────────────────────────────────────────── Environment ─────────────────────────────────────────────────────┤
│                                                                                                                      │
│episode_len=200.0                      │num_trajectories=8                     │return=1.25                           │
│reward=0.00625                         │success_once=0.125                     │                                      │
│                                                                                                                      │
├─────────────────────────────────────────────────── Replay Buffer ────────────────────────────────────────────────────┤
│                                                                                                                      │
│cache_size=75.500                      │num_trajectories=75.500                │total_samples=75.500                  │
│                                                                                                                      │
├─────────────────────────────────────────────────── Training/Other ───────────────────────────────────────────────────┤
│                                                                                                                      │
│replay/actor_switch_rate=0.0000        │replay/done_rate=0.053                 │replay/intervention_rate=0.0000       │
│replay/intervention_requested_rate=0.0…│replay/record_transition_rate=1.000    │replay/reward_mean=0.0070             │
│replay/reward_positive_rate=0.0070     │replay/transition_count=75.500         │rlt/actor_updates_run=0.0000          │
│rlt/critic_updates_run=0.0000          │rlt/desired_total_updates=0.0000       │rlt/global_min_replay_size=71.000     │
│rlt/global_total_transitions_added=151…│rlt/global_transitions_since_train=151…│rlt/max_updates_per_train_step=1600.0 │
│rlt/min_replay_buffer_size=10000.0     │rlt/pending_update_budget=0.0000       │rlt/ready_for_online=0.0000           │
│rlt/should_train=0.0000                │rlt/skip_reason=1.000                  │rlt/train_every_episodes=0.0000       │
│rlt/train_every_transitions=1.000      │rlt/update_epoch=5.000                 │rlt/update_step=0.0000                │
│rlt/updates_scheduled=0.0000           │rlt/updates_to_run=0.0000              │rlt/warmup_required_updates=3.00e+04  │
│                                                                                                                      │
╰──────────────────────────────────────────────────────────────────────────────────────────────────────────────────────╯

[36m(ActorGroup(rank=0) pid=364390)[0m /home/chenyiteng/venvs/rlinf-7d07-openpi-robotwin/lib/python3.11/site-packages/torch/distributed/c10d_logger.py:83: UserWarning: barrier(): using the device under current context. You can specify `device_id` in `init_process_group` to mute this warning.
[36m(ActorGroup(rank=0) pid=364390)[0m   return func(*args, **kwargs)
[36m(RolloutGroup(rank=0) pid=364393)[0m Generating Rollout Epochs:   0%|          | 0/1 [00:00<?, ?it/s]
[36m(RolloutGroup(rank=0) pid=364393)[0m Generating Rollout Epochs: 100%|██████████| 1/1 [01:18<00:00, 78.37s/it]Generating Rollout Epochs: 100%|██████████| 1/1 [01:18<00:00, 78.37s/it]

╭──────────────────────────────────────────────────────────────────────────────────────────────────────────────────────╮
├──────────────────────────────────────────────────── Metric Table ────────────────────────────────────────────────────┤
│ Global Step:    2/250 │ Progress: ░░░░░░░░░░░░░░░░░░░░░░░░░░░░░░░░░░░░░░░░ │   0.8%                                  │
│ Elapsed: 02:58 │ ETA: 06:09:49 │ Step Time: 89.474s                                                                  │
├──────────────────────────────────────────────────────── Time ────────────────────────────────────────────────────────┤
│                                                                                                                      │
│actor/actor/compute_adv=3.53e-05       │actor/actor/recv_traj=83.078           │actor/actor/sync_model_to_rollout=0.0…│
│actor_training=0.0031                  │cal_adv_and_returns=0.0032             │env/compute_bootstrap_rewards=0.0017  │
│env/env/bootstrap_step=29.474          │env/env/send_rollout_trajectories=0.316│env/env_interact_step=49.488          │
│env/interact=83.046                    │env/run_interact_once=82.436           │generate_rollouts=83.118              │
│rollout/generate_one_epoch=82.101      │rollout/rollout/generate=82.101        │rollout/sync_model_from_actor=0.483   │
│step=83.610                            │sync_weights=0.485                     │                                      │
│                                                                                                                      │
├──────────────────────────────────────────────────── Environment ─────────────────────────────────────────────────────┤
│                                                                                                                      │
│episode_len=200.0                      │num_trajectories=8                     │return=1.25                           │
│reward=0.00625                         │success_once=0.125                     │                                      │
│                                                                                                                      │
├─────────────────────────────────────────────────── Replay Buffer ────────────────────────────────────────────────────┤
│                                                                                                                      │
│cache_size=151.0                       │num_trajectories=151.0                 │total_samples=151.0                   │
│                                                                                                                      │
├─────────────────────────────────────────────────── Training/Other ───────────────────────────────────────────────────┤
│                                                                                                                      │
│replay/actor_switch_rate=0.0000        │replay/done_rate=0.053                 │replay/intervention_rate=0.0000       │
│replay/intervention_requested_rate=0.0…│replay/record_transition_rate=1.000    │replay/reward_mean=0.0070             │
│replay/reward_positive_rate=0.0070     │replay/transition_count=75.500         │rlt/actor_updates_run=0.0000          │
│rlt/critic_updates_run=0.0000          │rlt/desired_total_updates=0.0000       │rlt/global_min_replay_size=142.0      │
│rlt/global_total_transitions_added=302…│rlt/global_transitions_since_train=302…│rlt/max_updates_per_train_step=1600.0 │
│rlt/min_replay_buffer_size=10000.0     │rlt/pending_update_budget=0.0000       │rlt/ready_for_online=0.0000           │
│rlt/should_train=0.0000                │rlt/skip_reason=1.000                  │rlt/train_every_episodes=0.0000       │
│rlt/train_every_transitions=1.000      │rlt/update_epoch=5.000                 │rlt/update_step=0.0000                │
│rlt/updates_scheduled=0.0000           │rlt/updates_to_run=0.0000              │rlt/warmup_required_updates=3.00e+04  │
│                                                                                                                      │
╰──────────────────────────────────────────────────────────────────────────────────────────────────────────────────────╯

[36m(ActorGroup(rank=0) pid=364390)[0m /home/chenyiteng/venvs/rlinf-7d07-openpi-robotwin/lib/python3.11/site-packages/torch/distributed/c10d_logger.py:83: UserWarning: barrier(): using the device under current context. You can specify `device_id` in `init_process_group` to mute this warning.
[36m(ActorGroup(rank=0) pid=364390)[0m   return func(*args, **kwargs)
[36m(RolloutGroup(rank=0) pid=364393)[0m Generating Rollout Epochs:   0%|          | 0/1 [00:00<?, ?it/s]
[36m(RolloutGroup(rank=0) pid=364393)[0m Generating Rollout Epochs: 100%|██████████| 1/1 [01:23<00:00, 83.89s/it]Generating Rollout Epochs: 100%|██████████| 1/1 [01:23<00:00, 83.89s/it]

╭──────────────────────────────────────────────────────────────────────────────────────────────────────────────────────╮
├──────────────────────────────────────────────────── Metric Table ────────────────────────────────────────────────────┤
│ Global Step:    3/250 │ Progress: ░░░░░░░░░░░░░░░░░░░░░░░░░░░░░░░░░░░░░░░░ │   1.2%                                  │
│ Elapsed: 04:24 │ ETA: 06:02:38 │ Step Time: 88.091s                                                                  │
├──────────────────────────────────────────────────────── Time ────────────────────────────────────────────────────────┤
│                                                                                                                      │
│actor/actor/compute_adv=9.75e-05       │actor/actor/recv_traj=84.829           │actor/actor/sync_model_to_rollout=0.0…│
│actor_training=0.0062                  │cal_adv_and_returns=0.0046             │env/compute_bootstrap_rewards=0.0017  │
│env/env/bootstrap_step=29.150          │env/env/send_rollout_trajectories=0.308│env/env_interact_step=51.133          │
│env/interact=84.796                    │env/run_interact_once=84.214           │generate_rollouts=84.872              │
│rollout/generate_one_epoch=83.886      │rollout/rollout/generate=83.887        │rollout/sync_model_from_actor=0.420   │
│step=85.306                            │sync_weights=0.422                     │                                      │
│                                                                                                                      │
├──────────────────────────────────────────────────── Environment ─────────────────────────────────────────────────────┤
│                                                                                                                      │
│episode_len=200.0                      │num_trajectories=8                     │return=0.0                            │
│reward=0.0                             │success_once=0.0                       │                                      │
│                                                                                                                      │
├─────────────────────────────────────────────────── Replay Buffer ────────────────────────────────────────────────────┤
│                                                                                                                      │
│cache_size=231.0                       │num_trajectories=231.0                 │total_samples=231.0                   │
│                                                                                                                      │
├─────────────────────────────────────────────────── Training/Other ───────────────────────────────────────────────────┤
│                                                                                                                      │
│replay/actor_switch_rate=0.0000        │replay/done_rate=0.050                 │replay/intervention_rate=0.0000       │
│replay/intervention_requested_rate=0.0…│replay/record_transition_rate=1.000    │replay/reward_mean=0.0000             │
│replay/reward_positive_rate=0.0000     │replay/transition_count=80.000         │rlt/actor_updates_run=0.0000          │
│rlt/critic_updates_run=0.0000          │rlt/desired_total_updates=0.0000       │rlt/global_min_replay_size=222.0      │
│rlt/global_total_transitions_added=462…│rlt/global_transitions_since_train=462…│rlt/max_updates_per_train_step=1600.0 │
│rlt/min_replay_buffer_size=10000.0     │rlt/pending_update_budget=0.0000       │rlt/ready_for_online=0.0000           │
│rlt/should_train=0.0000                │rlt/skip_reason=1.000                  │rlt/train_every_episodes=0.0000       │
│rlt/train_every_transitions=1.000      │rlt/update_epoch=5.000                 │rlt/update_step=0.0000                │
│rlt/updates_scheduled=0.0000           │rlt/updates_to_run=0.0000              │rlt/warmup_required_updates=3.00e+04  │
│                                                                                                                      │
╰──────────────────────────────────────────────────────────────────────────────────────────────────────────────────────╯

[36m(ActorGroup(rank=0) pid=364390)[0m /home/chenyiteng/venvs/rlinf-7d07-openpi-robotwin/lib/python3.11/site-packages/torch/distributed/c10d_logger.py:83: UserWarning: barrier(): using the device under current context. You can specify `device_id` in `init_process_group` to mute this warning.
[36m(ActorGroup(rank=0) pid=364390)[0m   return func(*args, **kwargs)
[36m(RolloutGroup(rank=0) pid=364393)[0m Generating Rollout Epochs:   0%|          | 0/1 [00:00<?, ?it/s]
[36m(RolloutGroup(rank=0) pid=364393)[0m Generating Rollout Epochs: 100%|██████████| 1/1 [01:27<00:00, 87.49s/it]Generating Rollout Epochs: 100%|██████████| 1/1 [01:27<00:00, 87.49s/it]

╭──────────────────────────────────────────────────────────────────────────────────────────────────────────────────────╮
├──────────────────────────────────────────────────── Metric Table ────────────────────────────────────────────────────┤
│ Global Step:    4/250 │ Progress: ░░░░░░░░░░░░░░░░░░░░░░░░░░░░░░░░░░░░░░░░ │   1.6%                                  │
│ Elapsed: 05:58 │ ETA: 06:07:27 │ Step Time: 89.625s                                                                  │
├──────────────────────────────────────────────────────── Time ────────────────────────────────────────────────────────┤
│                                                                                                                      │
│actor/actor/compute_adv=4.75e-05       │actor/actor/recv_traj=93.646           │actor/actor/sync_model_to_rollout=0.0…│
│actor_training=0.0069                  │cal_adv_and_returns=0.0063             │env/compute_bootstrap_rewards=0.0024  │
│env/env/bootstrap_step=36.846          │env/env/send_rollout_trajectories=0.457│env/env_interact_step=50.656          │
│env/interact=93.592                    │env/run_interact_once=92.622           │generate_rollouts=93.689              │
│rollout/generate_one_epoch=92.141      │rollout/rollout/generate=92.141        │rollout/sync_model_from_actor=0.494   │
│step=94.200                            │sync_weights=0.497                     │                                      │
│                                                                                                                      │
├──────────────────────────────────────────────────── Environment ─────────────────────────────────────────────────────┤
│                                                                                                                      │
│episode_len=200.0                      │num_trajectories=8                     │return=3.625                          │
│reward=0.018125001                     │success_once=0.375                     │                                      │
│                                                                                                                      │
├─────────────────────────────────────────────────── Replay Buffer ────────────────────────────────────────────────────┤
│                                                                                                                      │
│cache_size=298.0                       │num_trajectories=298.0                 │total_samples=298.0                   │
│                                                                                                                      │
├─────────────────────────────────────────────────── Training/Other ───────────────────────────────────────────────────┤
│                                                                                                                      │
│replay/actor_switch_rate=0.0000        │replay/done_rate=0.060                 │replay/intervention_rate=0.0000       │
│replay/intervention_requested_rate=0.0…│replay/record_transition_rate=1.000    │replay/reward_mean=0.023              │
│replay/reward_positive_rate=0.023      │replay/transition_count=67.000         │rlt/actor_updates_run=0.0000          │
│rlt/critic_updates_run=0.0000          │rlt/desired_total_updates=0.0000       │rlt/global_min_replay_size=286.0      │
│rlt/global_total_transitions_added=596…│rlt/global_transitions_since_train=596…│rlt/max_updates_per_train_step=1600.0 │
│rlt/min_replay_buffer_size=10000.0     │rlt/pending_update_budget=0.0000       │rlt/ready_for_online=0.0000           │
│rlt/should_train=0.0000                │rlt/skip_reason=1.000                  │rlt/train_every_episodes=0.0000       │
│rlt/train_every_transitions=1.000      │rlt/update_epoch=5.000                 │rlt/update_step=0.0000                │
│rlt/updates_scheduled=0.0000           │rlt/updates_to_run=0.0000              │rlt/warmup_required_updates=3.00e+04  │
│                                                                                                                      │
╰──────────────────────────────────────────────────────────────────────────────────────────────────────────────────────╯

[36m(ActorGroup(rank=0) pid=364390)[0m /home/chenyiteng/venvs/rlinf-7d07-openpi-robotwin/lib/python3.11/site-packages/torch/distributed/c10d_logger.py:83: UserWarning: barrier(): using the device under current context. You can specify `device_id` in `init_process_group` to mute this warning.
[36m(ActorGroup(rank=0) pid=364390)[0m   return func(*args, **kwargs)
[36m(RolloutGroup(rank=0) pid=364393)[0m Generating Rollout Epochs:   0%|          | 0/1 [00:00<?, ?it/s]
[36m(RolloutGroup(rank=0) pid=364393)[0m Generating Rollout Epochs: 100%|██████████| 1/1 [01:34<00:00, 94.37s/it]Generating Rollout Epochs: 100%|██████████| 1/1 [01:34<00:00, 94.37s/it]
[36m(ActorGroup(rank=0) pid=364390)[0m /home/chenyiteng/venvs/rlinf-7d07-openpi-robotwin/lib/python3.11/site-packages/torch/distributed/c10d_logger.py:83: UserWarning: barrier(): using the device under current context. You can specify `device_id` in `init_process_group` to mute this warning.
[36m(ActorGroup(rank=0) pid=364390)[0m   return func(*args, **kwargs)

╭──────────────────────────────────────────────────────────────────────────────────────────────────────────────────────╮
├──────────────────────────────────────────────────── Metric Table ────────────────────────────────────────────────────┤
│ Global Step:    5/250 │ Progress: ░░░░░░░░░░░░░░░░░░░░░░░░░░░░░░░░░░░░░░░░ │   2.0%                                  │
│ Elapsed: 07:35 │ ETA: 06:11:35 │ Step Time: 91.001s                                                                  │
├──────────────────────────────────────────────────────── Time ────────────────────────────────────────────────────────┤
│                                                                                                                      │
│actor/actor/compute_adv=9.61e-05       │actor/actor/recv_traj=95.697           │actor/actor/sync_model_to_rollout=0.0…│
│actor_training=0.0065                  │cal_adv_and_returns=0.0071             │env/compute_bootstrap_rewards=0.0023  │
│env/env/bootstrap_step=37.542          │env/env/send_rollout_trajectories=0.461│env/env_interact_step=52.338          │
│env/interact=95.659                    │env/run_interact_once=94.840           │generate_rollouts=95.746              │
│rollout/generate_one_epoch=94.372      │rollout/rollout/generate=94.373        │rollout/sync_model_from_actor=0.703   │
│step=96.467                            │sync_weights=0.707                     │                                      │
│                                                                                                                      │
├──────────────────────────────────────────────────── Environment ─────────────────────────────────────────────────────┤
│                                                                                                                      │
│episode_len=200.0                      │num_trajectories=8                     │return=2.5                            │
│reward=0.0125                          │success_once=0.25                      │                                      │
│                                                                                                                      │
├─────────────────────────────────────────────────── Replay Buffer ────────────────────────────────────────────────────┤
│                                                                                                                      │
│cache_size=369.0                       │num_trajectories=369.0                 │total_samples=369.0                   │
│                                                                                                                      │
├─────────────────────────────────────────────────── Training/Other ───────────────────────────────────────────────────┤
│                                                                                                                      │
│replay/actor_switch_rate=0.0000        │replay/done_rate=0.056                 │replay/intervention_rate=0.0000       │
│replay/intervention_requested_rate=0.0…│replay/record_transition_rate=1.000    │replay/reward_mean=0.014              │
│replay/reward_positive_rate=0.014      │replay/transition_count=71.000         │rlt/actor_updates_run=0.0000          │
│rlt/critic_updates_run=0.0000          │rlt/desired_total_updates=0.0000       │rlt/global_min_replay_size=357.0      │
│rlt/global_total_transitions_added=738…│rlt/global_transitions_since_train=738…│rlt/max_updates_per_train_step=1600.0 │
│rlt/min_replay_buffer_size=10000.0     │rlt/pending_update_budget=0.0000       │rlt/ready_for_online=0.0000           │
│rlt/should_train=0.0000                │rlt/skip_reason=1.000                  │rlt/train_every_episodes=0.0000       │
│rlt/train_every_transitions=1.000      │rlt/update_epoch=5.000                 │rlt/update_step=0.0000                │
│rlt/updates_scheduled=0.0000           │rlt/updates_to_run=0.0000              │rlt/warmup_required_updates=3.00e+04  │
│                                                                                                                      │
╰──────────────────────────────────────────────────────────────────────────────────────────────────────────────────────╯

[36m(RolloutGroup(rank=0) pid=364393)[0m Generating Rollout Epochs:   0%|          | 0/1 [00:00<?, ?it/s]
Exception occurred while running RLTACFSDPPolicy's function recv_rollout_trajectories: exception is The actor died unexpectedly before finishing this task.
	class_name: RLTACFSDPPolicy
	actor_id: 27dc8099da25ef411793e89b05000000
	pid: 364390
	name: ActorGroup:0
	namespace: RLinf
	ip: 172.17.0.1
The actor is dead because it was killed by `ray.kill`.
Exception occurred while running EnvWorker's function interact: exception is The actor died unexpectedly before finishing this task.
	class_name: EnvWorker
	actor_id: 0207df0abd53cd76f1be469b05000000
	pid: 364396
	name: EnvGroup:0
	namespace: RLinf
	ip: 172.17.0.1
The actor is dead because it was killed by `ray.kill`.
Error executing job with overrides: ['cluster.component_placement={actor\\,env\\,rollout:4-5}', 'runner.logger.log_path=/data/chenyiteng/results/rlinf-rlt/formal-current-ar-stage1-2k-stage2-8env250-20260824-v2/stage2', 'runner.logger.experiment_name=robotwin_adjust_bottle_rlt_stage2_current_ar_8env250_v1', 'runner.resume_dir=null', 'runner.ckpt_path=null']
Traceback (most recent call last):
  File "/data/chenyiteng/projects/rlinf-shenzhen/worktrees/rlt-pi0-robotwin-ar-7d07a421/examples/embodiment/train_embodied_agent.py", line 183, in <module>
    main()
  File "/home/chenyiteng/venvs/rlinf-7d07-openpi-robotwin/lib/python3.11/site-packages/hydra/main.py", line 94, in decorated_main
    _run_hydra(
  File "/home/chenyiteng/venvs/rlinf-7d07-openpi-robotwin/lib/python3.11/site-packages/hydra/_internal/utils.py", line 394, in _run_hydra
    _run_app(
  File "/home/chenyiteng/venvs/rlinf-7d07-openpi-robotwin/lib/python3.11/site-packages/hydra/_internal/utils.py", line 457, in _run_app
    run_and_report(
  File "/home/chenyiteng/venvs/rlinf-7d07-openpi-robotwin/lib/python3.11/site-packages/hydra/_internal/utils.py", line 223, in run_and_report
    raise ex
  File "/home/chenyiteng/venvs/rlinf-7d07-openpi-robotwin/lib/python3.11/site-packages/hydra/_internal/utils.py", line 220, in run_and_report
    return func()
           ^^^^^^
  File "/home/chenyiteng/venvs/rlinf-7d07-openpi-robotwin/lib/python3.11/site-packages/hydra/_internal/utils.py", line 458, in <lambda>
    lambda: hydra.run(
            ^^^^^^^^^^
  File "/home/chenyiteng/venvs/rlinf-7d07-openpi-robotwin/lib/python3.11/site-packages/hydra/_internal/hydra.py", line 132, in run
    _ = ret.return_value
        ^^^^^^^^^^^^^^^^
  File "/home/chenyiteng/venvs/rlinf-7d07-openpi-robotwin/lib/python3.11/site-packages/hydra/core/utils.py", line 260, in return_value
    raise self._return_value
  File "/home/chenyiteng/venvs/rlinf-7d07-openpi-robotwin/lib/python3.11/site-packages/hydra/core/utils.py", line 186, in run_job
    ret.return_value = task_function(task_cfg)
                       ^^^^^^^^^^^^^^^^^^^^^^^
  File "/data/chenyiteng/projects/rlinf-shenzhen/worktrees/rlt-pi0-robotwin-ar-7d07a421/examples/embodiment/train_embodied_agent.py", line 172, in main
    runner.run()
  File "/data/chenyiteng/projects/rlinf-shenzhen/worktrees/rlt-pi0-robotwin-ar-7d07a421/rlinf/runners/embodied_runner.py", line 520, in run
    ).wait()
      ^^^^^^
  File "/data/chenyiteng/projects/rlinf-shenzhen/worktrees/rlt-pi0-robotwin-ar-7d07a421/rlinf/scheduler/worker/worker_group.py", line 546, in wait
    self._wait_thread.join()
  File "/home/chenyiteng/.local/share/uv/python/cpython-3.11.14-linux-x86_64-gnu/lib/python3.11/threading.py", line 1119, in join
    self._wait_for_tstate_lock()
  File "/home/chenyiteng/.local/share/uv/python/cpython-3.11.14-linux-x86_64-gnu/lib/python3.11/threading.py", line 1139, in _wait_for_tstate_lock
    if lock.acquire(block, timeout):
       ^^^^^^^^^^^^^^^^^^^^^^^^^^^^
  File "/data/chenyiteng/projects/rlinf-shenzhen/worktrees/rlt-pi0-robotwin-ar-7d07a421/rlinf/scheduler/cluster/cluster.py", line 478, in signal_handler
    ray.kill(actor, no_restart=True)
  File "/home/chenyiteng/venvs/rlinf-7d07-openpi-robotwin/lib/python3.11/site-packages/ray/_private/auto_init_hook.py", line 22, in auto_init_wrapper
    return fn(*args, **kwargs)
           ^^^^^^^^^^^^^^^^^^^
  File "/home/chenyiteng/venvs/rlinf-7d07-openpi-robotwin/lib/python3.11/site-packages/ray/_private/client_mode_hook.py", line 134, in wrapper
    return func(*args, **kwargs)
           ^^^^^^^^^^^^^^^^^^^^^
  File "/home/chenyiteng/venvs/rlinf-7d07-openpi-robotwin/lib/python3.11/site-packages/ray/_private/worker.py", line 3479, in kill
    worker.core_worker.kill_actor(actor._ray_actor_id, no_restart)
  File "/data/chenyiteng/projects/rlinf-shenzhen/worktrees/rlt-pi0-robotwin-ar-7d07a421/rlinf/scheduler/cluster/cluster.py", line 477, in signal_handler
    actor = ray.get_actor(actor_state.name)
            ^^^^^^^^^^^^^^^^^^^^^^^^^^^^^^^
  File "/home/chenyiteng/venvs/rlinf-7d07-openpi-robotwin/lib/python3.11/site-packages/ray/_private/auto_init_hook.py", line 22, in auto_init_wrapper
    return fn(*args, **kwargs)
           ^^^^^^^^^^^^^^^^^^^
  File "/home/chenyiteng/venvs/rlinf-7d07-openpi-robotwin/lib/python3.11/site-packages/ray/_private/client_mode_hook.py", line 134, in wrapper
    return func(*args, **kwargs)
           ^^^^^^^^^^^^^^^^^^^^^
  File "/home/chenyiteng/venvs/rlinf-7d07-openpi-robotwin/lib/python3.11/site-packages/ray/_private/worker.py", line 3446, in get_actor
    return worker.core_worker.get_named_actor_handle(name, namespace or "")
           ^^^^^^^^^^^^^^^^^^^^^^^^^^^^^^^^^^^^^^^^^^^^^^^^^^^^^^^^^^^^^^^^
  File "python/ray/_raylet.pyx", line 4514, in ray._raylet.CoreWorker.get_named_actor_handle
  File "python/ray/includes/common.pxi", line 109, in ray._raylet.check_status
ValueError: Failed to look up actor with name 'PortLockManager'. This could because 1. You are trying to look up a named actor you didn't create. 2. The named actor died. 3. You did not use a namespace matching the namespace of the actor.
Exception occurred while running MultiStepRolloutWorker's function generate: exception is The actor died unexpectedly before finishing this task.
	class_name: MultiStepRolloutWorker
	actor_id: 55d871fe6c32a4b52c9998ad05000000
	pid: 364393
	name: RolloutGroup:0
	namespace: RLinf
	ip: 172.17.0.1
The actor is dead because it was killed by `ray.kill`.
[36m(ActorGroup(rank=0) pid=364390)[0m Exception in thread Thread-11 (_run_queue):
[36m(ActorGroup(rank=0) pid=364390)[0m Traceback (most recent call last):
[36m(ActorGroup(rank=0) pid=364390)[0m   File "/home/chenyiteng/.local/share/uv/python/cpython-3.11.14-linux-x86_64-gnu/lib/python3.11/threading.py", line 1045, in _bootstrap_inner
[36m(ActorGroup(rank=0) pid=364390)[0m     self.run()
[36m(ActorGroup(rank=0) pid=364390)[0m   File "/home/chenyiteng/.local/share/uv/python/cpython-3.11.14-linux-x86_64-gnu/lib/python3.11/threading.py", line 982, in run
[36m(ActorGroup(rank=0) pid=364390)[0m     self._target(*self._args, **self._kwargs)
[36m(ActorGroup(rank=0) pid=364390)[0m   File "/data/chenyiteng/ray/rlt-dsrl-v3/session_2026-08-23_16-27-53_911161_321906/runtime_resources/py_modules_files/_ray_pkg_33682a6bbf162cf6/rlinf/scheduler/collective/collective_group.py", line 192, in _run_queue
[36m(ActorGroup(rank=0) pid=364390)[0m     work(None)
[36m(ActorGroup(rank=0) pid=364390)[0m   File "/data/chenyiteng/ray/rlt-dsrl-v3/session_2026-08-23_16-27-53_911161_321906/runtime_resources/py_modules_files/_ray_pkg_33682a6bbf162cf6/rlinf/scheduler/collective/async_work.py", line 118, in __call__
[36m(ActorGroup(rank=0) pid=364390)[0m     self._result = self._func(self, *self._args, **self._kwargs)
[36m(ActorGroup(rank=0) pid=364390)[0m                    ^^^^^^^^^^^^^^^^^^^^^^^^^^^^^^^^^^^^^^^^^^^^^
[36m(ActorGroup(rank=0) pid=364390)[0m   File "/data/chenyiteng/ray/rlt-dsrl-v3/session_2026-08-23_16-27-53_911161_321906/runtime_resources/py_modules_files/_ray_pkg_33682a6bbf162cf6/rlinf/scheduler/collective/collective_group.py", line 485, in _atomic_recv
[36m(ActorGroup(rank=0) pid=364390)[0m     self._recv(object_type_tensor, CollectiveGroup.CPU, comm_id)
[36m(ActorGroup(rank=0) pid=364390)[0m   File "/data/chenyiteng/ray/rlt-dsrl-v3/session_2026-08-23_16-27-53_911161_321906/runtime_resources/py_modules_files/_ray_pkg_33682a6bbf162cf6/rlinf/scheduler/collective/collective_group.py", line 1161, in _recv
[36m(ActorGroup(rank=0) pid=364390)[0m     return self._mc_group.recv(
[36m(ActorGroup(rank=0) pid=364390)[0m            ^^^^^^^^^^^^^^^^^^^^
[36m(ActorGroup(rank=0) pid=364390)[0m [ERROR 16:54:14 ActorGroup-Rank-0][multi_channel_pg.py:521] Broadcast failed on ProcessGroup cg-Actor:0-ActorGroup:0gloo_send_0 rank 1 with error: [/pytorch/third_party/gloo/gloo/transport/tcp/pair.cc:547] Connection closed by peer [127.0.1.1]:3993. Args - tensor: tensor([4704], dtype=torch.int32), src: 0, group: <torch.distributed.distributed_c10d.ProcessGroup object at 0x7ef3f780fd70>, async_op: False.
[36m(ActorGroup(rank=1) pid=364392)[0m Exception in thread Thread-5 (_run_queue):
[36m(ActorGroup(rank=1) pid=364392)[0m Traceback (most recent call last):
[36m(ActorGroup(rank=1) pid=364392)[0m   File "/home/chenyiteng/.local/share/uv/python/cpython-3.11.14-linux-x86_64-gnu/lib/python3.11/threading.py", line 1045, in _bootstrap_inner
[36m(ActorGroup(rank=1) pid=364392)[0m     self.run()
[36m(ActorGroup(rank=1) pid=364392)[0m   File "/home/chenyiteng/.local/share/uv/python/cpython-3.11.14-linux-x86_64-gnu/lib/python3.11/threading.py", line 982, in run
[36m(ActorGroup(rank=1) pid=364392)[0m     self._target(*self._args, **self._kwargs)
[36m(ActorGroup(rank=1) pid=364392)[0m   File "/data/chenyiteng/ray/rlt-dsrl-v3/session_2026-08-23_16-27-53_911161_321906/runtime_resources/py_modules_files/_ray_pkg_33682a6bbf162cf6/rlinf/scheduler/collective/collective_group.py", line 192, in _run_queue
[36m(ActorGroup(rank=1) pid=364392)[0m     work(None)
[36m(ActorGroup(rank=1) pid=364392)[0m   File "/data/chenyiteng/ray/rlt-dsrl-v3/session_2026-08-23_16-27-53_911161_321906/runtime_resources/py_modules_files/_ray_pkg_33682a6bbf162cf6/rlinf/scheduler/collective/async_work.py", line 118, in __call__
[36m(ActorGroup(rank=1) pid=364392)[0m     self._result = self._func(self, *self._args, **self._kwargs)
[36m(ActorGroup(rank=1) pid=364392)[0m                    ^^^^^^^^^^^^^^^^^^^^^^^^^^^^^^^^^^^^^^^^^^^^^
[36m(ActorGroup(rank=1) pid=364392)[0m   File "/data/chenyiteng/ray/rlt-dsrl-v3/session_2026-08-23_16-27-53_911161_321906/runtime_resources/py_modules_files/_ray_pkg_33682a6bbf162cf6/rlinf/scheduler/collective/collective_group.py", line 485, in _atomic_recv
[36m(ActorGroup(rank=1) pid=364392)[0m     self._recv(object_type_tensor, CollectiveGroup.CPU, comm_id)
[36m(ActorGroup(rank=1) pid=364392)[0m   File "/data/chenyiteng/ray/rlt-dsrl-v3/session_2026-08-23_16-27-53_911161_321906/runtime_resources/py_modules_files/_ray_pkg_33682a6bbf162cf6/rlinf/scheduler/collective/collective_group.py", line 1161, in _recv
[36m(ActorGroup(rank=1) pid=364392)[0m     return self._mc_group.recv(
[36m(ActorGroup(rank=1) pid=364392)[0m            ^^^^^^^^^^^^^^^^^^^^
[36m(ActorGroup(rank=1) pid=364392)[0m   File "/data/chenyiteng/ray/rlt-dsrl-v3/session_2026-08-23_16-27-53_911161_321906/runtime_resources/py_modules_files/_ray_pkg_33682a6bbf162cf6/rlinf/scheduler/collective/multi_channel_pg.py", line 386, in recv
[36m(ActorGroup(rank=1) pid=364392)[0m     work = self._broadcast(
[36m(ActorGroup(rank=1) pid=364392)[0m            ^^^^^^^^^^^^^^^^
[36m(ActorGroup(rank=1) pid=364392)[0m   File "/data/chenyiteng/ray/rlt-dsrl-v3/session_2026-08-23_16-27-53_911161_321906/runtime_resources/py_modules_files/_ray_pkg_33682a6bbf162cf6/rlinf/scheduler/collective/multi_channel_pg.py", line 517, in _broadcast
[36m(ActorGroup(rank=1) pid=364392)[0m     work.wait()
[36m(ActorGroup(rank=1) pid=364392)[0m RuntimeError: [/pytorch/third_party/gloo/gloo/transport/tcp/pair.cc:547] Connection closed by peer [127.0.1.1]:15247
[36m(ActorGroup(rank=1) pid=364392)[0m [ERROR 16:54:14 ActorGroup-Rank-1][multi_channel_pg.py:521] Broadcast failed on ProcessGroup cg-Actor:0-ActorGroup:1gloo_send_0 rank 1 with error: [/pytorch/third_party/gloo/gloo/transport/tcp/pair.cc:547] Connection closed by peer [127.0.1.1]:15247. Args - tensor: tensor([0], dtype=torch.int32), src: 0, group: <torch.distributed.distributed_c10d.ProcessGroup object at 0x7fa2272d7970>, async_op: False.
[36m(RolloutGroup(rank=0) pid=364393)[0m Exception in thread Thread-11 (_run_queue):
[36m(RolloutGroup(rank=0) pid=364393)[0m Traceback (most recent call last):
[36m(RolloutGroup(rank=0) pid=364393)[0m   File "/home/chenyiteng/.local/share/uv/python/cpython-3.11.14-linux-x86_64-gnu/lib/python3.11/threading.py", line 1045, in _bootstrap_inner
[36m(RolloutGroup(rank=0) pid=364393)[0m     self.run()
[36m(RolloutGroup(rank=0) pid=364393)[0m   File "/home/chenyiteng/.local/share/uv/python/cpython-3.11.14-linux-x86_64-gnu/lib/python3.11/threading.py", line 982, in run
[36m(RolloutGroup(rank=0) pid=364393)[0m     self._target(*self._args, **self._kwargs)
[36m(RolloutGroup(rank=0) pid=364393)[0m   File "/data/chenyiteng/ray/rlt-dsrl-v3/session_2026-08-23_16-27-53_911161_321906/runtime_resources/py_modules_files/_ray_pkg_33682a6bbf162cf6/rlinf/scheduler/collective/collective_group.py", line 192, in _run_queue
[36m(RolloutGroup(rank=0) pid=364393)[0m     work(None)
[36m(RolloutGroup(rank=0) pid=364393)[0m   File "/data/chenyiteng/ray/rlt-dsrl-v3/session_2026-08-23_16-27-53_911161_321906/runtime_resources/py_modules_files/_ray_pkg_33682a6bbf162cf6/rlinf/scheduler/collective/async_work.py", line 118, in __call__
[36m(RolloutGroup(rank=0) pid=364393)[0m     self._result = self._func(self, *self._args, **self._kwargs)
[36m(RolloutGroup(rank=0) pid=364393)[0m                    ^^^^^^^^^^^^^^^^^^^^^^^^^^^^^^^^^^^^^^^^^^^^^
[36m(RolloutGroup(rank=0) pid=364393)[0m   File "/data/chenyiteng/ray/rlt-dsrl-v3/session_2026-08-23_16-27-53_911161_321906/runtime_resources/py_modules_files/_ray_pkg_33682a6bbf162cf6/rlinf/scheduler/collective/collective_group.py", line 485, in _atomic_recv
[36m(RolloutGroup(rank=0) pid=364393)[0m     self._recv(object_type_tensor, CollectiveGroup.CPU, comm_id)
[36m(RolloutGroup(rank=0) pid=364393)[0m   File "/data/chenyiteng/ray/rlt-dsrl-v3/session_2026-08-23_16-27-53_911161_321906/runtime_resources/py_modules_files/_ray_pkg_33682a6bbf162cf6/rlinf/scheduler/collective/collective_group.py", line 1161, in _recv
[36m(RolloutGroup(rank=0) pid=364393)[0m     return self._mc_group.recv(
[36m(RolloutGroup(rank=0) pid=364393)[0m            ^^^^^^^^^^^^^^^^^^^^
[36m(RolloutGroup(rank=0) pid=364393)[0m   File "/data/chenyiteng/ray/rlt-dsrl-v3/session_2026-08-23_16-27-53_911161_321906/runtime_resources/py_modules_files/_ray_pkg_33682a6bbf162cf6/rlinf/scheduler/collective/multi_channel_pg.py", line 386, in recv
[36m(RolloutGroup(rank=0) pid=364393)[0m     work = self._broadcast(
[36m(RolloutGroup(rank=0) pid=364393)[0m            ^^^^^^^^^^^^^^^^
[36m(RolloutGroup(rank=0) pid=364393)[0m   File "/data/chenyiteng/ray/rlt-dsrl-v3/session_2026-08-23_16-27-53_911161_321906/runtime_resources/py_modules_files/_ray_pkg_33682a6bbf162cf6/rlinf/scheduler/collective/multi_channel_pg.py", line 517, in _broadcast
[36m(RolloutGroup(rank=0) pid=364393)[0m     
[36m(RolloutGroup(rank=0) pid=364393)[0m work.wait()
[36m(RolloutGroup(rank=0) pid=364393)[0m [ERROR 16:54:14 RolloutGroup-Rank-0][multi_channel_pg.py:521] Broadcast failed on ProcessGroup cg-Rollout:0-RolloutGroup:0gloo_send_0 rank 1 with error: [/pytorch/third_party/gloo/gloo/transport/tcp/pair.cc:547] Connection closed by peer [127.0.1.1]:51118. Args - tensor: tensor([-133761200], dtype=torch.int32), src: 0, group: <torch.distributed.distributed_c10d.ProcessGroup object at 0x7f5ff40f3cb0>, async_op: False.
[36m(RolloutGroup(rank=1) pid=364395)[0m [ERROR 16:54:14 RolloutGroup-Rank-1][multi_channel_pg.py:521] Broadcast failed on ProcessGroup cg-Rollout:0-RolloutGroup:1gloo_send_0 rank 1 with error: [/pytorch/third_party/gloo/gloo/transport/tcp/pair.cc:547] Connection closed by peer [127.0.0.1]:13980. Args - tensor: tensor([-1342162688], dtype=torch.int32), src: 0, group: <torch.distributed.distributed_c10d.ProcessGroup object at 0x7f3e7014d1f0>, async_op: False.
[36m(RolloutGroup(rank=1) pid=364395)[0m Exception in thread Thread-8 (_run_queue):
[36m(RolloutGroup(rank=1) pid=364395)[0m Traceback (most recent call last):
[36m(RolloutGroup(rank=1) pid=364395)[0m   File "/home/chenyiteng/.local/share/uv/python/cpython-3.11.14-linux-x86_64-gnu/lib/python3.11/threading.py", line 1045, in _bootstrap_inner
[36m(RolloutGroup(rank=1) pid=364395)[0m     self.run()
[36m(RolloutGroup(rank=1) pid=364395)[0m   File "/home/chenyiteng/.local/share/uv/python/cpython-3.11.14-linux-x86_64-gnu/lib/python3.11/threading.py", line 982, in run
[36m(RolloutGroup(rank=1) pid=364395)[0m     self._target(*self._args, **self._kwargs)
[36m(RolloutGroup(rank=1) pid=364395)[0m   File "/data/chenyiteng/ray/rlt-dsrl-v3/session_2026-08-23_16-27-53_911161_321906/runtime_resources/py_modules_files/_ray_pkg_33682a6bbf162cf6/rlinf/scheduler/collective/collective_group.py", line 192, in _run_queue
[36m(RolloutGroup(rank=1) pid=364395)[0m     work(None)
[36m(RolloutGroup(rank=1) pid=364395)[0m   File "/data/chenyiteng/ray/rlt-dsrl-v3/session_2026-08-23_16-27-53_911161_321906/runtime_resources/py_modules_files/_ray_pkg_33682a6bbf162cf6/rlinf/scheduler/collective/async_work.py", line 118, in __call__
[36m(RolloutGroup(rank=1) pid=364395)[0m     self._result = self._func(self, *self._args, **self._kwargs)
[36m(RolloutGroup(rank=1) pid=364395)[0m                    ^^^^^^^^^^^^^^^^^^^^^^^^^^^^^^^^^^^^^^^^^^^^^
[36m(RolloutGroup(rank=1) pid=364395)[0m   File "/data/chenyiteng/ray/rlt-dsrl-v3/session_2026-08-23_16-27-53_911161_321906/runtime_resources/py_modules_files/_ray_pkg_33682a6bbf162cf6/rlinf/scheduler/collective/collective_group.py", line 485, in _atomic_recv
[36m(RolloutGroup(rank=1) pid=364395)[0m     self._recv(object_type_tensor, CollectiveGroup.CPU, comm_id)
[36m(RolloutGroup(rank=1) pid=364395)[0m   File "/data/chenyiteng/ray/rlt-dsrl-v3/session_2026-08-23_16-27-53_911161_321906/runtime_resources/py_modules_files/_ray_pkg_33682a6bbf162cf6/rlinf/scheduler/collective/collective_group.py", line 1161, in _recv
[36m(RolloutGroup(rank=1) pid=364395)[0m     return self._mc_group.recv(
[36m(RolloutGroup(rank=1) pid=364395)[0m            ^^^^^^^^^^^^^^^^^^^^
[36m(RolloutGroup(rank=1) pid=364395)[0m   File "/data/chenyiteng/ray/rlt-dsrl-v3/session_2026-08-23_16-27-53_911161_321906/runtime_resources/py_modules_files/_ray_pkg_33682a6bbf162cf6/rlinf/scheduler/collective/multi_channel_pg.py", line 386, in recv
[36m(RolloutGroup(rank=1) pid=364395)[0m     work = self._broadcast(
[36m(RolloutGroup(rank=1) pid=364395)[0m            ^^^^^^^^^^^^^^^^
[36m(RolloutGroup(rank=1) pid=364395)[0m   File "/data/chenyiteng/ray/rlt-dsrl-v3/session_2026-08-23_16-27-53_911161_321906/runtime_resources/py_modules_files/_ray_pkg_33682a6bbf162cf6/rlinf/scheduler/collective/multi_channel_pg.py", line 517, in _broadcast
[36m(RolloutGroup(rank=1) pid=364395)[0m     work.wait()
[36m(RolloutGroup(rank=1) pid=364395)[0m RuntimeError: [/pytorch/third_party/gloo/gloo/transport/tcp/pair.cc:547] Connection closed by peer [127.0.0.1]:13980
[36m(RolloutGroup(rank=0) pid=364393)[0m 
[36m(RolloutGroup(rank=0) pid=364393)[0m RuntimeError: [/pytorch/third_party/gloo/gloo/transport/tcp/pair.cc:547] Connection closed by peer [127.0.1.1]:51118
Exiting main process due to a failure upon worker execution.
Exception ignored in atexit callback: <function Cluster._shutdown_ray_at_exit at 0x7f6bbaf4ede0>
Traceback (most recent call last):
  File "/data/chenyiteng/projects/rlinf-shenzhen/worktrees/rlt-pi0-robotwin-ar-7d07a421/rlinf/scheduler/cluster/cluster.py", line 500, in _shutdown_ray_at_exit
    @staticmethod

  File "/data/chenyiteng/projects/rlinf-shenzhen/worktrees/rlt-pi0-robotwin-ar-7d07a421/rlinf/scheduler/cluster/cluster.py", line 486, in signal_handler
    exit(-1)
  File "<frozen _sitebuiltins>", line 26, in __call__
SystemExit: -1
