
╭──────────────────────────────────────────────────────────────────────────────────────────────────────────────────────╮
├──────────────────────────────────────────────────── Metric Table ────────────────────────────────────────────────────┤
│ Global Step:    1/1 │ Progress: ████████████████████████████████████████ │ 100.0%                                    │
│ Elapsed: 14:09 │ ETA: 00:00 │ Step Time: 849.212s                                                                    │
├──────────────────────────────────────────────────────── Time ────────────────────────────────────────────────────────┤
│                                                                                                                      │
│actor/actor/compute_adv=0.035          │actor/actor/recv_traj=362.4            │actor/actor/sync_model_to_rollout=4.1…│
│actor/run_training=19.084              │actor_training=19.088                  │cal_adv_and_returns=0.040             │
│env/compute_bootstrap_rewards=0.0010   │env/env/bootstrap_step=212.2           │env/env/send_rollout_trajectories=0.8…│
│env/env_interact_step=111.0            │env/evaluate=423.6                     │env/interact=361.8                    │
│env/run_interact_once=360.0            │eval=425.6                             │generate_rollouts=372.6               │
│rollout/evaluate=288.4                 │rollout/generate_one_epoch=353.7       │rollout/predict=58.819                │
│rollout/rollout/generate=372.6         │rollout/sync_model_from_actor=4.960    │step=849.2                            │
│sync_weights=3.022                     │                                       │                                      │
│                                                                                                                      │
├──────────────────────────────────────────────────── Environment ─────────────────────────────────────────────────────┤
│                                                                                                                      │
│episode_len=192.0                      │num_trajectories=32                    │return=0.15625                        │
│reward=0.0008138021                    │success_once=0.15625                   │                                      │
│                                                                                                                      │
├────────────────────────────────────────────────────── Rollout ───────────────────────────────────────────────────────┤
│                                                                                                                      │
│advantages_max=2.475                   │advantages_mean=-0.046                 │advantages_min=-0.725                 │
│rewards=0.0011                         │                                       │                                      │
│                                                                                                                      │
├───────────────────────────────────────────────────── Evaluation ─────────────────────────────────────────────────────┤
│                                                                                                                      │
│episode_len=192.0                      │num_trajectories=32                    │return=0.40625                        │
│reward=0.0021158855                    │success_at_end=0.40625                 │success_once=0.40625                  │
│                                                                                                                      │
├─────────────────────────────────────────────────── Training/Actor ───────────────────────────────────────────────────┤
│                                                                                                                      │
│actor/approx_kl=-0.0051                │actor/clip_fraction=0.012              │actor/clipped_ratio=0.872             │
│actor/dual_cliped_ratio=0.0000         │actor/entropy_loss=0.0000              │actor/grad_norm=26.414                │
│actor/lr=5.00e-06                      │actor/policy_loss=7.15e-04             │actor/policy_loss_abs=0.539           │
│actor/ratio=0.874                      │actor/ratio_abs=0.019                  │actor/total_loss=1.12e-05             │
│                                                                                                                      │
╰──────────────────────────────────────────────────────────────────────────────────────────────────────────────────────╯

