/data/chenyiteng/projects/rlinf-shenzhen/worktrees/fastwam-current-grpo/examples/embodiment/train_embodied_agent.py:35: Hydra14MigrationWarning: 
version_base="1.1" selects Hydra 1.1 compatibility behavior.
Hydra 1.4 will remove this compatibility behavior.
Before upgrading to Hydra 1.4, set version_base="1.3" and test your application.
See https://hydra.cc/docs/upgrades/1.3_to_1.4/prepare_for_1_4/ for preparation instructions.
  @hydra.main(
/home/chenyiteng/venvs/rlinf-7d07-openpi-robotwin/lib/python3.11/site-packages/hydra/_internal/hydra.py:119: UserWarning: Future Hydra versions will no longer change working directory at job runtime by default.
See https://hydra.cc/docs/1.2/upgrades/1.1_to_1.2/changes_to_job_working_dir/ for more information.
  ret = run_job(
[INFO 12:20:50 RLinf] RLinf Ray code sync is enabled (py_modules=('/data/chenyiteng/projects/rlinf-shenzhen/worktrees/fastwam-current-grpo/rlinf',)); workers receive only the rlinf package from the launch node. Disable with RLINF_CODE_WORKING_DIR=0.
2026-08-31 12:20:50,420	INFO worker.py:1683 -- Using address 172.17.0.1:6389 set in the environment variable RAY_ADDRESS
2026-08-31 12:20:50,428	INFO worker.py:1833 -- Connecting to existing Ray cluster at address: 172.17.0.1:6389...
2026-08-31 12:20:50,536	INFO worker.py:2015 -- Connected to Ray cluster. View the dashboard at [1m[32mhttp://127.0.0.1:8266 [39m[22m
2026-08-31 12:20:50,595	INFO packaging.py:734 -- Creating a file package for local module '/data/chenyiteng/projects/rlinf-shenzhen/worktrees/fastwam-current-grpo/rlinf'.
2026-08-31 12:20:50,701	INFO packaging.py:434 -- Pushing file package 'gcs://_ray_pkg_c35ef154d72ec33b.zip' (10.08MiB) to Ray cluster...
2026-08-31 12:20:50,737	INFO packaging.py:447 -- Successfully pushed file package 'gcs://_ray_pkg_c35ef154d72ec33b.zip'.
[INFO 12:20:50 RLinf] Ray namespace conflict detected. Retrying to initialize Cluster with a new namespace (attempt 1).
[INFO 12:20:50 RLinf] RLinf Ray code sync is enabled (py_modules=('/data/chenyiteng/projects/rlinf-shenzhen/worktrees/fastwam-current-grpo/rlinf',)); workers receive only the rlinf package from the launch node. Disable with RLINF_CODE_WORKING_DIR=0.
2026-08-31 12:20:50,819	INFO worker.py:1683 -- Using address 172.17.0.1:6389 set in the environment variable RAY_ADDRESS
2026-08-31 12:20:50,821	INFO worker.py:1833 -- Connecting to existing Ray cluster at address: 172.17.0.1:6389...
2026-08-31 12:20:50,889	INFO worker.py:2015 -- Connected to Ray cluster. View the dashboard at [1m[32mhttp://127.0.0.1:8266 [39m[22m
[INFO 12:20:50 RLinf] Ray namespace conflict detected. Retrying to initialize Cluster with a new namespace (attempt 2).
[INFO 12:20:50 RLinf] RLinf Ray code sync is enabled (py_modules=('/data/chenyiteng/projects/rlinf-shenzhen/worktrees/fastwam-current-grpo/rlinf',)); workers receive only the rlinf package from the launch node. Disable with RLINF_CODE_WORKING_DIR=0.
2026-08-31 12:20:50,990	INFO worker.py:1683 -- Using address 172.17.0.1:6389 set in the environment variable RAY_ADDRESS
2026-08-31 12:20:50,992	INFO worker.py:1833 -- Connecting to existing Ray cluster at address: 172.17.0.1:6389...
2026-08-31 12:20:51,063	INFO worker.py:2015 -- Connected to Ray cluster. View the dashboard at [1m[32mhttp://127.0.0.1:8266 [39m[22m
[INFO 12:20:53 RLinf] RLinf is running on a cluster with 1 node and 8 accelerators. The nodes' details are: 
node_labels: []
node_rank: 0
ray_id: 2730f38e60da6b4c0f68d8779893624a0917240589c544541c894c54
node_ip: 172.17.0.1
num_cpus: 128
python_interpreter_path: /home/chenyiteng/venvs/rlinf-7d07-openpi-robotwin/bin/python
hardware_resources:
- type: Accelerator
  infos:
  - type: Accelerator
    model: NV_GPU:H100 80GB HBM3
  - type: Accelerator
    model: NV_GPU:H100 80GB HBM3
  - type: Accelerator
    model: NV_GPU:H100 80GB HBM3
  - type: Accelerator
    model: NV_GPU:H100 80GB HBM3
  - type: Accelerator
    model: NV_GPU:H100 80GB HBM3
  - type: Accelerator
    model: NV_GPU:H100 80GB HBM3
  - type: Accelerator
    model: NV_GPU:H100 80GB HBM3
  - type: Accelerator
    model: NV_GPU:H100 80GB HBM3
profiler_backends: []

Node groups' details are: 
label: cluster
nodes: '0'
hardware_type: Accelerator
ignore_hardware: false
env_configs: null

label: node
nodes: '0'
hardware_type: null
ignore_hardware: true
env_configs: null

[36m(_RemoteNodeProbe pid=427985)[0m /data/chenyiteng/projects/rlinf-shenzhen/worktrees/fastwam-current-grpo/rlinf/scheduler/cluster/node.py:532: UserWarning: Python interpreter used to launch Ray on node with IP 172.17.0.1 is different from that on the head node /home/chenyiteng/venvs/rlinf-7d07-openpi-robotwin/bin/python. Keep using the current interpreter /home/chenyiteng/venvs/rlinf-7d07-openpi-robotwin/bin/python3 on this node.
[36m(_RemoteNodeProbe pid=427985)[0m   warnings.warn(
[INFO 12:20:53 FlexiblePlacementStrategy] 
[INFO 12:20:53 FlexiblePlacementStrategy] Using flexible placement with hardware ranks: [[2], [3]], node groups: ['cluster'].
[INFO 12:20:53 FlexiblePlacementStrategy] 
[INFO 12:20:53 FlexiblePlacementStrategy] Using flexible placement with hardware ranks: [[2], [3]], node groups: ['cluster'].
{
  "env": {
    "train": {
      "env_type": "robotwin",
      "total_num_envs": 32,
      "auto_reset": false,
      "ignore_terminations": false,
      "reward_coef": 1.0,
      "use_custom_reward": true,
      "use_rel_reward": true,
      "center_crop": false,
      "seed": 0,
      "group_size": 8,
      "use_fixed_reset_state_ids": false,
      "max_steps_per_rollout_epoch": 192,
      "max_episode_steps": 192,
      "is_eval": false,
      "assets_path": "/data/chenyiteng/projects/rlinf-shenzhen/RoboTwin-RLinf-support",
      "seeds_path": "/data/chenyiteng/projects/rlinf-shenzhen/worktrees/fastwam-current-grpo/rlinf/envs/robotwin/seeds/train_seeds.json",
      "video_cfg": {
        "save_video": false,
        "info_on_video": true,
        "video_base_dir": "/data/chenyiteng/results/rlinf-shenzhen/fastwam-grpo/runs/fastwam-grpo-smoke1-current-2gpu32x1-g8-b256-u1-m10-phys23-dcp-v4-roundtrip-reloadcheck/video/train"
      },
      "enable_offload": true,
      "task_config": {
        "task_name": "move_stapler_pad",
        "step_lim": 192,
        "planner_backend": "mplib",
        "render_freq": 0,
        "episode_num": 100,
        "use_seed": false,
        "save_freq": 15,
        "embodiment": [
          "aloha-agilex"
        ],
        "language_num": 100,
        "domain_randomization": {
          "random_background": false,
          "cluttered_table": false,
          "clean_background_rate": 1,
          "random_head_camera_dis": 0,
          "random_table_height": 0,
          "random_light": false,
          "crazy_random_light_rate": 0
        },
        "camera": {
          "head_camera_type": "D435",
          "wrist_camera_type": "D435",
          "collect_head_camera": true,
          "collect_wrist_camera": true
        },
        "data_type": {
          "rgb": true,
          "third_view": false,
          "depth": false,
          "pointcloud": false,
          "observer": false,
          "endpose": false,
          "qpos": true,
          "mesh_segmentation": false,
          "actor_segmentation": false
        },
        "pcd_down_sample_num": 1024,
        "pcd_crop": true,
        "save_path": "/data/chenyiteng/results/rlinf-shenzhen/fastwam-grpo/runs/fastwam-grpo-smoke1-current-2gpu32x1-g8-b256-u1-m10-phys23-dcp-v4-roundtrip-reloadcheck/robotwin_data/train",
        "clear_cache_freq": 1,
        "collect_data": true,
        "eval_video_log": true
      },
      "rollout_epoch": 1
    },
    "eval": {
      "env_type": "robotwin",
      "total_num_envs": 32,
      "auto_reset": true,
      "ignore_terminations": true,
      "reward_coef": 1.0,
      "use_custom_reward": true,
      "use_rel_reward": true,
      "center_crop": false,
      "seed": 0,
      "group_size": 1,
      "use_fixed_reset_state_ids": true,
      "max_steps_per_rollout_epoch": 192,
      "max_episode_steps": 192,
      "is_eval": true,
      "assets_path": "/data/chenyiteng/projects/rlinf-shenzhen/RoboTwin-RLinf-support",
      "seeds_path": "/data/chenyiteng/projects/rlinf-shenzhen/worktrees/fastwam-current-grpo/rlinf/envs/robotwin/seeds/eval_seeds.json",
      "video_cfg": {
        "save_video": false,
        "info_on_video": true,
        "video_base_dir": "/data/chenyiteng/results/rlinf-shenzhen/fastwam-grpo/runs/fastwam-grpo-smoke1-current-2gpu32x1-g8-b256-u1-m10-phys23-dcp-v4-roundtrip-reloadcheck/video/eval"
      },
      "enable_offload": true,
      "task_config": {
        "task_name": "move_stapler_pad",
        "step_lim": 192,
        "planner_backend": "mplib",
        "render_freq": 0,
        "episode_num": 100,
        "use_seed": false,
        "save_freq": 15,
        "embodiment": [
          "aloha-agilex"
        ],
        "language_num": 100,
        "domain_randomization": {
          "random_background": false,
          "cluttered_table": false,
          "clean_background_rate": 1,
          "random_head_camera_dis": 0,
          "random_table_height": 0,
          "random_light": false,
          "crazy_random_light_rate": 0
        },
        "camera": {
          "head_camera_type": "D435",
          "wrist_camera_type": "D435",
          "collect_head_camera": true,
          "collect_wrist_camera": true
        },
        "data_type": {
          "rgb": true,
          "third_view": false,
          "depth": false,
          "pointcloud": false,
          "observer": false,
          "endpose": false,
          "qpos": true,
          "mesh_segmentation": false,
          "actor_segmentation": false
        },
        "pcd_down_sample_num": 1024,
        "pcd_crop": true,
        "save_path": "/data/chenyiteng/results/rlinf-shenzhen/fastwam-grpo/runs/fastwam-grpo-smoke1-current-2gpu32x1-g8-b256-u1-m10-phys23-dcp-v4-roundtrip-reloadcheck/robotwin_data/eval",
        "clear_cache_freq": 1,
        "collect_data": true,
        "eval_video_log": true
      },
      "rollout_epoch": 1
    },
    "group_name": "EnvGroup",
    "enable_offload": true
  },
  "actor": {
    "model": {
      "model_type": "fastwam",
      "model_path": "/data/chenyiteng/models/fastwam/release-8eaceeb/robotwin_uncond_3cam_384.pt",
      "checkpoint_path": "/data/chenyiteng/models/fastwam/release-8eaceeb/robotwin_uncond_3cam_384.pt",
      "dataset_stats_path": "/data/chenyiteng/models/fastwam/release-8eaceeb/robotwin_uncond_3cam_384_dataset_stats.json",
      "precision": "bf16",
      "is_lora": false,
      "action_dim": 14,
      "action_horizon": 32,
      "num_action_chunks": 24,
      "num_inference_steps": 10,
      "sigma_shift": 5.0,
      "text_cfg_scale": 1.0,
      "negative_prompt": "",
      "rand_device": "cpu",
      "tiled": false,
      "model_forward_batch_size": 2,
      "eval_seed": 0,
      "add_value_head": false,
      "rl": {
        "noise_level": 0.3
      },
      "fastwam": {
        "config_name": "sim_robotwin",
        "task": "robotwin_uncond_3cam_384_1e-4"
      }
    },
    "fsdp_config": {
      "strategy": "fsdp2",
      "sharding_strategy": "full_shard",
      "gradient_checkpointing": false,
      "cpu_offload": false,
      "offload_pin_memory": false,
      "reshard_after_forward": true,
      "enable_gradient_accumulation": true,
      "forward_prefetch": false,
      "limit_all_gathers": false,
      "backward_prefetch": null,
      "use_orig_params": false,
      "use_liger_kernel": false,
      "mixed_precision": {
        "param_dtype": "bf16",
        "reduce_dtype": "bf16",
        "buffer_dtype": "bf16"
      },
      "amp_autocast": {
        "enabled": false,
        "precision": "bf16"
      },
      "grad_scaler": {
        "enabled": false,
        "init_scale": null,
        "growth_interval": null
      },
      "wrap_policy": {
        "no_split_names": [
          "__none__"
        ]
      },
      "save_full_model_weights": false,
      "checkpoint_format": "dcp",
      "cast_forward_inputs": false
    },
    "group_name": "ActorGroup",
    "training_backend": "fsdp",
    "micro_batch_size": 2,
    "global_batch_size": 256,
    "seed": 1234,
    "enable_offload": false,
    "optim": {
      "lr": 5e-06,
      "value_lr": 0.00011,
      "adam_beta1": 0.9,
      "adam_beta2": 0.95,
      "adam_eps": 1e-08,
      "weight_decay": 0.01,
      "clip_grad": 1.0,
      "critic_warmup_steps": 0
    }
  },
  "rollout": {
    "model": {
      "model_type": "fastwam",
      "model_path": "/data/chenyiteng/models/fastwam/release-8eaceeb/robotwin_uncond_3cam_384.pt",
      "checkpoint_path": "/data/chenyiteng/models/fastwam/release-8eaceeb/robotwin_uncond_3cam_384.pt",
      "dataset_stats_path": "/data/chenyiteng/models/fastwam/release-8eaceeb/robotwin_uncond_3cam_384_dataset_stats.json",
      "precision": "bf16",
      "is_lora": false,
      "action_dim": 14,
      "action_horizon": 32,
      "num_action_chunks": 24,
      "num_inference_steps": 10,
      "sigma_shift": 5.0,
      "text_cfg_scale": 1.0,
      "negative_prompt": "",
      "rand_device": "cpu",
      "tiled": false,
      "model_forward_batch_size": 2,
      "eval_seed": 0,
      "add_value_head": false,
      "rl": {
        "noise_level": 0.3
      },
      "fastwam": {
        "config_name": "sim_robotwin",
        "task": "robotwin_uncond_3cam_384_1e-4"
      }
    },
    "group_name": "RolloutGroup",
    "backend": "huggingface",
    "recompute_logprobs": false,
    "collect_prev_infos": true,
    "enable_offload": true,
    "pipeline_stage_num": 1
  },
  "weight_syncer": {
    "type": "bucket",
    "bucket": {
      "bucket_size": 536870912,
      "bucket_dtype": null,
      "is_agent": false,
      "load_instant": true,
      "bucket_device": "cpu"
    }
  },
  "cluster": {
    "num_nodes": 1,
    "component_placement": {
      "actor, env, rollout": "2,3"
    },
    "tracer": {
      "enable": false
    }
  },
  "runner": {
    "task_type": "embodied",
    "logger": {
      "log_path": "/data/chenyiteng/results/rlinf-shenzhen/fastwam-grpo/runs/fastwam-grpo-smoke1-current-2gpu32x1-g8-b256-u1-m10-phys23-dcp-v4-roundtrip-reloadcheck",
      "project_name": "rlinf",
      "experiment_name": "fastwam_grpo_smoke1_dcp_reload_step2",
      "logger_backends": [
        "tensorboard"
      ]
    },
    "max_epochs": 1000,
    "max_steps": 2,
    "only_eval": false,
    "val_check_interval": 1,
    "save_interval": 1,
    "weight_sync_interval": 1,
    "resume_dir": "/data/chenyiteng/results/rlinf-shenzhen/fastwam-grpo/runs/fastwam-grpo-smoke1-current-2gpu32x1-g8-b256-u1-m10-phys23-dcp-v4-roundtrip/fastwam_grpo_smoke1_dcp_fresh/checkpoints/global_step_1",
    "ckpt_path": null,
    "per_worker_log": false,
    "per_worker_log_path": null,
    "overlap_env_bootstrap": false
  },
  "algorithm": {
    "normalize_advantages": true,
    "kl_penalty": "kl",
    "group_size": 8,
    "reward_coef": 1.0,
    "reward_type": "chunk_level",
    "logprob_type": "chunk_level",
    "entropy_type": "token_level",
    "update_epoch": 1,
    "adv_type": "grpo",
    "loss_type": "actor",
    "loss_agg_func": "token-mean",
    "kl_beta": 0.0,
    "entropy_bonus": 0,
    "clip_ratio_high": 0.2,
    "clip_ratio_low": 0.2,
    "clip_ratio_c": 3.0,
    "value_clip": 0.2,
    "huber_delta": 10.0,
    "gamma": 0.99,
    "gae_lambda": 0.95,
    "filter_rewards": true,
    "rewards_lower_bound": 0.1,
    "rewards_upper_bound": 0.9
  },
  "reward": {
    "use_reward_model": false
  },
  "critic": {
    "use_critic_model": false
  }
}
[INFO 12:20:53 FlexiblePlacementStrategy] 
[INFO 12:20:53 FlexiblePlacementStrategy] Using flexible placement with hardware ranks: [[2], [3]], node groups: ['cluster'].
[INFO 12:20:53 FlexiblePlacementStrategy] Generated 2 placements: [Placement(rank=0, cluster_node_rank=0, placement_node_rank=0, local_accelerator_rank=2, accelerator_type='NV_GPU', local_rank=0, local_world_size=2, visible_accelerators=['2'], isolate_accelerator=True, local_hardware_ranks=[2], node_group_label='cluster'), Placement(rank=1, cluster_node_rank=0, placement_node_rank=0, local_accelerator_rank=3, accelerator_type='NV_GPU', local_rank=1, local_world_size=2, visible_accelerators=['3'], isolate_accelerator=True, local_hardware_ranks=[3], node_group_label='cluster')].
[INFO 12:20:54 FlexiblePlacementStrategy] Generated 2 placements: [Placement(rank=0, cluster_node_rank=0, placement_node_rank=0, local_accelerator_rank=2, accelerator_type='NV_GPU', local_rank=0, local_world_size=2, visible_accelerators=['2'], isolate_accelerator=True, local_hardware_ranks=[2], node_group_label='cluster'), Placement(rank=1, cluster_node_rank=0, placement_node_rank=0, local_accelerator_rank=3, accelerator_type='NV_GPU', local_rank=1, local_world_size=2, visible_accelerators=['3'], isolate_accelerator=True, local_hardware_ranks=[3], node_group_label='cluster')].
[INFO 12:20:54 FlexiblePlacementStrategy] Generated 2 placements: [Placement(rank=0, cluster_node_rank=0, placement_node_rank=0, local_accelerator_rank=2, accelerator_type='NV_GPU', local_rank=0, local_world_size=2, visible_accelerators=['2'], isolate_accelerator=True, local_hardware_ranks=[2], node_group_label='cluster'), Placement(rank=1, cluster_node_rank=0, placement_node_rank=0, local_accelerator_rank=3, accelerator_type='NV_GPU', local_rank=1, local_world_size=2, visible_accelerators=['3'], isolate_accelerator=True, local_hardware_ranks=[3], node_group_label='cluster')].
[INFO 12:20:54 NodePlacementStrategy] 
[INFO 12:20:54 NodePlacementStrategy] Using node placement with node ranks: [0], node groups: ['node'].
[INFO 12:20:54 NodePlacementStrategy] Generated 1 placements: [Placement(rank=0, cluster_node_rank=0, placement_node_rank=0, local_accelerator_rank='0', accelerator_type='NV_GPU', local_rank=0, local_world_size=1, visible_accelerators=['0', '1', '2', '3', '4', '5', '6', '7'], isolate_accelerator=True, local_hardware_ranks=[], node_group_label='cluster')].
[INFO 12:20:54 NodePlacementStrategy] 
[INFO 12:20:54 NodePlacementStrategy] Using node placement with node ranks: [0], node groups: ['node'].
[INFO 12:20:54 NodePlacementStrategy] Generated 1 placements: [Placement(rank=0, cluster_node_rank=0, placement_node_rank=0, local_accelerator_rank='0', accelerator_type='NV_GPU', local_rank=0, local_world_size=1, visible_accelerators=['0', '1', '2', '3', '4', '5', '6', '7'], isolate_accelerator=True, local_hardware_ranks=[], node_group_label='cluster')].
[INFO 12:20:54 NodePlacementStrategy] 
[INFO 12:20:54 NodePlacementStrategy] Using node placement with node ranks: [0], node groups: ['node'].
[INFO 12:20:54 NodePlacementStrategy] Generated 1 placements: [Placement(rank=0, cluster_node_rank=0, placement_node_rank=0, local_accelerator_rank='0', accelerator_type='NV_GPU', local_rank=0, local_world_size=1, visible_accelerators=['0', '1', '2', '3', '4', '5', '6', '7'], isolate_accelerator=True, local_hardware_ranks=[], node_group_label='cluster')].
WARNING: All log messages before absl::InitializeLog() is called are written to STDERR
I0000 00:00:1788178854.983381  427114 port.cc:153] oneDNN custom operations are on. You may see slightly different numerical results due to floating-point round-off errors from different computation orders. To turn them off, set the environment variable `TF_ENABLE_ONEDNN_OPTS=0`.
I0000 00:00:1788178855.041592  427114 cpu_feature_guard.cc:227] This TensorFlow binary is optimized to use available CPU instructions in performance-critical operations.
To enable the following instructions: AVX2 AVX512F AVX512_VNNI AVX512_BF16 AVX512_FP16 AVX_VNNI AMX_TILE AMX_INT8 AMX_BF16 FMA, in other operations, rebuild TensorFlow with the appropriate compiler flags.
WARNING: All log messages before absl::InitializeLog() is called are written to STDERR
I0000 00:00:1788178856.927002  427114 port.cc:153] oneDNN custom operations are on. You may see slightly different numerical results due to floating-point round-off errors from different computation orders. To turn them off, set the environment variable `TF_ENABLE_ONEDNN_OPTS=0`.
[36m(MultiStepRolloutWorker pid=428144)[0m [INFO 12:20:59 FlexiblePlacementStrategy] 
[36m(MultiStepRolloutWorker pid=428144)[0m [INFO 12:20:59 FlexiblePlacementStrategy] Using flexible placement with hardware ranks: [[2], [3]], node groups: ['cluster'].
[36m(MultiStepRolloutWorker pid=428146)[0m [INFO 12:20:59 FlexiblePlacementStrategy] 
[36m(MultiStepRolloutWorker pid=428146)[0m [INFO 12:20:59 FlexiblePlacementStrategy] Using flexible placement with hardware ranks: [[2], [3]], node groups: ['cluster'].
[36m(EnvWorker pid=428148)[0m [INFO 12:21:00 FlexiblePlacementStrategy] 
[36m(EnvWorker pid=428148)[0m [INFO 12:21:00 FlexiblePlacementStrategy] Using flexible placement with hardware ranks: [[2], [3]], node groups: ['cluster'].
[36m(EnvWorker pid=428152)[0m [INFO 12:21:00 FlexiblePlacementStrategy] 
[36m(EnvWorker pid=428152)[0m [INFO 12:21:00 FlexiblePlacementStrategy] Using flexible placement with hardware ranks: [[2], [3]], node groups: ['cluster'].
[36m(EmbodiedFSDPActor pid=428141)[0m [WARNING 12:21:01 ActorGroup-Rank-0][fsdp_model_manager.py:79] Provided there is sufficient GPU memory, set the actor.model.precision parameter to fp32 to allow the optimizer to run in fp32 for better convergence. Meanwhile, setting mixed_precision.param_dtype to 16-bit dtype can help maximize speed, as it will automatically convert fp32 to fp16 during operator execution.
[36m(RolloutGroup(rank=0) pid=428144)[0m INFO:fastwam.models.wan22.helpers.loader:Loading Wan2.2-TI2V-5B components...
[36m(RolloutGroup(rank=0) pid=428144)[0m INFO:fastwam.models.wan22.helpers.loader:Skipping pretrained video DiT load (`skip_dit_load_from_pretrain=True`); initializing video expert randomly and expecting checkpoint override.
[36m(EmbodiedFSDPActor pid=428143)[0m [WARNING 12:21:02 ActorGroup-Rank-1][fsdp_model_manager.py:79] Provided there is sufficient GPU memory, set the actor.model.precision parameter to fp32 to allow the optimizer to run in fp32 for better convergence. Meanwhile, setting mixed_precision.param_dtype to 16-bit dtype can help maximize speed, as it will automatically convert fp32 to fp16 during operator execution.
[36m(EmbodiedFSDPActor pid=428143)[0m [INFO 12:21:04 ActorGroup-Rank-1][fsdp_model_manager.py:133] [FSDP] AMP is disabled.
[36m(EmbodiedFSDPActor pid=428143)[0m [INFO 12:21:04 FlexiblePlacementStrategy] 
[36m(EmbodiedFSDPActor pid=428143)[0m [INFO 12:21:04 FlexiblePlacementStrategy] Using flexible placement with hardware ranks: [[2], [3]], node groups: ['cluster'].
[36m(EmbodiedFSDPActor pid=428141)[0m [INFO 12:21:04 FlexiblePlacementStrategy] 
[36m(EmbodiedFSDPActor pid=428141)[0m [INFO 12:21:04 FlexiblePlacementStrategy] Using flexible placement with hardware ranks: [[2], [3]], node groups: ['cluster'].
[36m(EmbodiedFSDPActor pid=428141)[0m [INFO 12:21:04 ActorGroup-Rank-0][fsdp_model_manager.py:133] [FSDP] AMP is disabled.
[36m(RolloutGroup(rank=0) pid=428144)[0m INFO:fastwam.models.wan22.helpers.loader:Finished loading Wan2.2-TI2V-5B components in 80.81 seconds.
[36m(RolloutGroup(rank=0) pid=428144)[0m INFO:fastwam.models.wan22.action_dit:Skipping ActionDiT pretrained load (`skip_dit_load_from_pretrain=True`); initializing action expert randomly and expecting checkpoint override.
[36m(RolloutGroup(rank=1) pid=428146)[0m [INFO 12:22:26 RolloutGroup-Rank-1][builder.py:312] Built Fast-WAM RoboTwin policy | checkpoint=/data/chenyiteng/models/fastwam/release-8eaceeb/robotwin_uncond_3cam_384.pt | stats=/data/chenyiteng/models/fastwam/release-8eaceeb/robotwin_uncond_3cam_384_dataset_stats.json | trainable_parameters=824 | H/N/S=32/24/10
[36m(RolloutGroup(rank=0) pid=428144)[0m INFO:fastwam.models.wan22.mot:Initialized MoT with experts: ['video', 'action'], num_layers=30
[36m(RolloutGroup(rank=0) pid=428144)[0m INFO:fastwam.models.wan22.mot:  Expert 'video': num_params=5.00 B
[36m(RolloutGroup(rank=0) pid=428144)[0m INFO:fastwam.models.wan22.mot:  Expert 'action': num_params=1.02 B
[36m(RolloutGroup(rank=0) pid=428144)[0m [INFO 12:22:34 RolloutGroup-Rank-0][builder.py:312] Built Fast-WAM RoboTwin policy | checkpoint=/data/chenyiteng/models/fastwam/release-8eaceeb/robotwin_uncond_3cam_384.pt | stats=/data/chenyiteng/models/fastwam/release-8eaceeb/robotwin_uncond_3cam_384_dataset_stats.json | trainable_parameters=824 | H/N/S=32/24/10
[36m(ActorGroup(rank=0) pid=428141)[0m INFO:fastwam.models.wan22.helpers.loader:Loading Wan2.2-TI2V-5B components...
[36m(ActorGroup(rank=0) pid=428141)[0m INFO:fastwam.models.wan22.helpers.loader:Skipping pretrained video DiT load (`skip_dit_load_from_pretrain=True`); initializing video expert randomly and expecting checkpoint override.
[36m(ActorGroup(rank=0) pid=428141)[0m INFO:fastwam.models.wan22.helpers.loader:Finished loading Wan2.2-TI2V-5B components in 66.51 seconds.
[36m(ActorGroup(rank=0) pid=428141)[0m INFO:fastwam.models.wan22.action_dit:Skipping ActionDiT pretrained load (`skip_dit_load_from_pretrain=True`); initializing action expert randomly and expecting checkpoint override.
[36m(ActorGroup(rank=0) pid=428141)[0m INFO:fastwam.models.wan22.mot:Initialized MoT with experts: ['video', 'action'], num_layers=30
[36m(ActorGroup(rank=0) pid=428141)[0m INFO:fastwam.models.wan22.mot:  Expert 'video': num_params=5.00 B
[36m(ActorGroup(rank=0) pid=428141)[0m INFO:fastwam.models.wan22.mot:  Expert 'action': num_params=1.02 B
[36m(ActorGroup(rank=0) pid=428141)[0m [INFO 12:24:29 ActorGroup-Rank-0][builder.py:312] Built Fast-WAM RoboTwin policy | checkpoint=/data/chenyiteng/models/fastwam/release-8eaceeb/robotwin_uncond_3cam_384.pt | stats=/data/chenyiteng/models/fastwam/release-8eaceeb/robotwin_uncond_3cam_384_dataset_stats.json | trainable_parameters=824 | H/N/S=32/24/10
[36m(ActorGroup(rank=0) pid=428141)[0m [INFO 12:24:29 ActorGroup-Rank-0][fsdp_model_manager.py:294] [FSDP] Gradient checkpointing is disabled
[36m(ActorGroup(rank=1) pid=428143)[0m [INFO 12:24:30 ActorGroup-Rank-1][builder.py:312] Built Fast-WAM RoboTwin policy | checkpoint=/data/chenyiteng/models/fastwam/release-8eaceeb/robotwin_uncond_3cam_384.pt | stats=/data/chenyiteng/models/fastwam/release-8eaceeb/robotwin_uncond_3cam_384_dataset_stats.json | trainable_parameters=824 | H/N/S=32/24/10
[36m(ActorGroup(rank=1) pid=428143)[0m [INFO 12:24:30 ActorGroup-Rank-1][fsdp_model_manager.py:294] [FSDP] Gradient checkpointing is disabled
[INFO 12:24:31 RLinf] Resuming training from checkpoint directory /data/chenyiteng/results/rlinf-shenzhen/fastwam-grpo/runs/fastwam-grpo-smoke1-current-2gpu32x1-g8-b256-u1-m10-phys23-dcp-v4-roundtrip/fastwam_grpo_smoke1_dcp_fresh/checkpoints/global_step_1.
[36m(ActorGroup(rank=0) pid=428141)[0m /home/chenyiteng/venvs/rlinf-7d07-openpi-robotwin/lib/python3.11/site-packages/torch/distributed/c10d_logger.py:83: UserWarning: barrier(): using the device under current context. You can specify `device_id` in `init_process_group` to mute this warning.
[36m(ActorGroup(rank=0) pid=428141)[0m   return func(*args, **kwargs)
[36m(RolloutGroup(rank=0) pid=428144)[0m Generating Rollout Epochs:   0%|          | 0/1 [00:00<?, ?it/s]
[36m(RolloutGroup(rank=0) pid=428144)[0m Generating Rollout Epochs: 100%|██████████| 1/1 [05:33<00:00, 333.96s/it]Generating Rollout Epochs: 100%|██████████| 1/1 [05:33<00:00, 333.96s/it]
[36m(RolloutGroup(rank=0) pid=428144)[0m Evaluating Rollout Epochs:   0%|          | 0/1 [00:00<?, ?it/s]
[36m(RolloutGroup(rank=0) pid=428144)[0m Evaluating Rollout Epochs: 100%|██████████| 1/1 [05:33<00:00, 333.41s/it]Evaluating Rollout Epochs: 100%|██████████| 1/1 [05:33<00:00, 333.41s/it]
[INFO 12:39:16 RLinf] Saving checkpoint at step 2.

╭──────────────────────────────────────────────────────────────────────────────────────────────────────────────────────╮
├──────────────────────────────────────────────────── Metric Table ────────────────────────────────────────────────────┤
│ Global Step:    2/2 │ Progress: ████████████████████████████████████████ │ 100.0%                                    │
│ Elapsed: 14:51 │ ETA: 00:00 │ Step Time: 891.461s                                                                    │
├──────────────────────────────────────────────────────── Time ────────────────────────────────────────────────────────┤
│                                                                                                                      │
│actor/actor/compute_adv=0.035          │actor/actor/recv_traj=345.9            │actor/actor/sync_model_to_rollout=4.3…│
│actor/run_training=22.053              │actor_training=22.058                  │cal_adv_and_returns=0.040             │
│env/compute_bootstrap_rewards=0.0010   │env/env/bootstrap_step=198.8           │env/env/send_rollout_trajectories=1.0…│
│env/env_interact_step=104.9            │env/evaluate=483.7                     │env/interact=345.4                    │
│env/run_interact_once=343.9            │eval=486.7                             │generate_rollouts=356.9               │
│rollout/evaluate=354.4                 │rollout/generate_one_epoch=334.2       │rollout/predict=68.514                │
│rollout/rollout/generate=356.8         │rollout/sync_model_from_actor=5.266    │step=891.4                            │
│sync_weights=2.368                     │                                       │                                      │
│                                                                                                                      │
├──────────────────────────────────────────────────── Environment ─────────────────────────────────────────────────────┤
│                                                                                                                      │
│episode_len=192.0                      │num_trajectories=32                    │return=0.3125                         │
│reward=0.0016276041                    │success_once=0.3125                    │                                      │
│                                                                                                                      │
├────────────────────────────────────────────────────── Rollout ───────────────────────────────────────────────────────┤
│                                                                                                                      │
│advantages_max=1.208                   │advantages_mean=-0.085                 │advantages_min=-2.475                 │
│rewards=0.0036                         │                                       │                                      │
│                                                                                                                      │
├───────────────────────────────────────────────────── Evaluation ─────────────────────────────────────────────────────┤
│                                                                                                                      │
│episode_len=192.0                      │num_trajectories=32                    │return=0.53125                        │
│reward=0.002766927                     │success_at_end=0.53125                 │success_once=0.53125                  │
│                                                                                                                      │
├─────────────────────────────────────────────────── Training/Actor ───────────────────────────────────────────────────┤
│                                                                                                                      │
│actor/approx_kl=0.0029                 │actor/clip_fraction=0.0078             │actor/clipped_ratio=0.670             │
│actor/dual_cliped_ratio=0.0000         │actor/entropy_loss=0.0000              │actor/grad_norm=16.908                │
│actor/lr=5.00e-06                      │actor/policy_loss=-7.60e-04            │actor/policy_loss_abs=0.381           │
│actor/ratio=0.670                      │actor/ratio_abs=0.010                  │actor/total_loss=-1.19e-05            │
│                                                                                                                      │
╰──────────────────────────────────────────────────────────────────────────────────────────────────────────────────────╯

