[INFO 07:43:01 FlexiblePlacementStrategy] Using flexible placement with hardware ranks: [[4], [5]], node groups: ['cluster'].
[INFO 07:43:01 FlexiblePlacementStrategy] Using flexible placement with hardware ranks: [[4], [5]], node groups: ['cluster'].
[INFO 07:43:01 FlexiblePlacementStrategy] Using flexible placement with hardware ranks: [[4], [5]], node groups: ['cluster'].
[36m(MultiStepRolloutWorker pid=2579285)[0m [INFO 07:43:07 FlexiblePlacementStrategy] Using flexible placement with hardware ranks: [[4], [5]], node groups: ['cluster'].
[36m(MultiStepRolloutWorker pid=2579294)[0m [INFO 07:43:07 FlexiblePlacementStrategy] Using flexible placement with hardware ranks: [[4], [5]], node groups: ['cluster'].
[36m(EnvWorker pid=2579298)[0m [INFO 07:43:07 FlexiblePlacementStrategy] Using flexible placement with hardware ranks: [[4], [5]], node groups: ['cluster'].
[36m(EnvWorker pid=2579308)[0m [INFO 07:43:07 FlexiblePlacementStrategy] Using flexible placement with hardware ranks: [[4], [5]], node groups: ['cluster'].
[36m(EmbodiedFSDPActor pid=2579269)[0m [INFO 07:43:10 FlexiblePlacementStrategy] Using flexible placement with hardware ranks: [[4], [5]], node groups: ['cluster'].
[36m(EmbodiedFSDPActor pid=2579279)[0m [INFO 07:43:10 FlexiblePlacementStrategy] Using flexible placement with hardware ranks: [[4], [5]], node groups: ['cluster'].
[36m(RolloutGroup(rank=1) pid=2579294)[0m INFO:root:Loaded norm stats from /data/chenyiteng/models/rlinf-native/sidney-pi05-robotwin-e49e2ab/physical-intelligence/robotwin
[36m(RolloutGroup(rank=1) pid=2579294)[0m INFO:root:Loaded norm stats from /data/chenyiteng/models/rlinf-native/sidney-pi05-robotwin-e49e2ab/physical-intelligence/robotwin
[36m(RolloutGroup(rank=0) pid=2579285)[0m INFO:root:Loaded norm stats from /data/chenyiteng/models/rlinf-native/sidney-pi05-robotwin-e49e2ab/physical-intelligence/robotwin
[36m(RolloutGroup(rank=0) pid=2579285)[0m INFO:root:Loaded norm stats from /data/chenyiteng/models/rlinf-native/sidney-pi05-robotwin-e49e2ab/physical-intelligence/robotwin
[36m(ActorGroup(rank=0) pid=2579269)[0m INFO:root:Loaded norm stats from /data/chenyiteng/models/rlinf-native/sidney-pi05-robotwin-e49e2ab/physical-intelligence/robotwin
[36m(ActorGroup(rank=0) pid=2579269)[0m INFO:root:Loaded norm stats from /data/chenyiteng/models/rlinf-native/sidney-pi05-robotwin-e49e2ab/physical-intelligence/robotwin
[36m(ActorGroup(rank=1) pid=2579279)[0m INFO:root:Loaded norm stats from /data/chenyiteng/models/rlinf-native/sidney-pi05-robotwin-e49e2ab/physical-intelligence/robotwin
[36m(ActorGroup(rank=1) pid=2579279)[0m INFO:root:Loaded norm stats from /data/chenyiteng/models/rlinf-native/sidney-pi05-robotwin-e49e2ab/physical-intelligence/robotwin
[36m(RolloutGroup(rank=0) pid=2579285)[0m Generating Rollout Epochs:   0%|          | 0/1 [00:00<?, ?it/s]
[36m(RolloutGroup(rank=0) pid=2579285)[0m Generating Rollout Epochs: 100%|██████████| 1/1 [08:14<00:00, 494.55s/it]Generating Rollout Epochs: 100%|██████████| 1/1 [08:14<00:00, 494.55s/it]
[36m(RolloutGroup(rank=0) pid=2579285)[0m Evaluating Rollout Epochs:   0%|          | 0/1 [00:00<?, ?it/s]
[36m(RolloutGroup(rank=0) pid=2579285)[0m Evaluating Rollout Epochs: 100%|██████████| 1/1 [00:56<00:00, 56.50s/it]Evaluating Rollout Epochs: 100%|██████████| 1/1 [00:56<00:00, 56.50s/it]
[INFO 07:56:03 RLinf] Saving checkpoint at step 1.
│ Global Step:    1/1 │ Progress: ████████████████████████████████████████ │ 100.0%                                    │
│episode_len=400.0                      │num_trajectories=64                    │return=0.15625                        │
│reward=0.00039062498                   │success_once=0.15625                   │                                      │
│advantages_max=1.208                   │advantages_mean=-0.343                 │advantages_min=-0.935                 │
│episode_len=400.0                      │num_trajectories=8                     │return=0.0                            │
│reward=0.0                             │success_at_end=0.0                     │success_once=0.0                      │
│actor/approx_kl=0.353                  │actor/clip_fraction=0.250              │actor/clipped_ratio=0.978             │
│actor/dual_cliped_ratio=0.0000         │actor/entropy_loss=0.0000              │actor/grad_norm=22.370                │
│actor/lr=5.00e-06                      │actor/policy_loss=-0.013               │actor/policy_loss_abs=0.351           │
│actor/ratio=0.957                      │actor/ratio_abs=0.227                  │actor/total_loss=-0.0016              │
