/data/chenyiteng/projects/rlinf-shenzhen/worktrees/rlt-dvac-pure-single-gpu-7d07a421/examples/embodiment/train_embodied_agent.py:35: Hydra14MigrationWarning: 
version_base="1.1" selects Hydra 1.1 compatibility behavior.
Hydra 1.4 will remove this compatibility behavior.
Before upgrading to Hydra 1.4, set version_base="1.3" and test your application.
See https://hydra.cc/docs/upgrades/1.3_to_1.4/prepare_for_1_4/ for preparation instructions.
  @hydra.main(
/home/chenyiteng/venvs/rlinf-7d07-openpi-robotwin/lib/python3.11/site-packages/hydra/_internal/hydra.py:119: UserWarning: Future Hydra versions will no longer change working directory at job runtime by default.
See https://hydra.cc/docs/1.2/upgrades/1.1_to_1.2/changes_to_job_working_dir/ for more information.
  ret = run_job(
[INFO 04:57:39 RLinf] RLinf Ray code sync is enabled (py_modules=('/data/chenyiteng/projects/rlinf-shenzhen/worktrees/rlt-dvac-pure-single-gpu-7d07a421/rlinf',)); workers receive only the rlinf package from the launch node. Disable with RLINF_CODE_WORKING_DIR=0.
2026-08-30 04:57:39,486	INFO worker.py:1683 -- Using address 172.17.0.1:6389 set in the environment variable RAY_ADDRESS
2026-08-30 04:57:39,497	INFO worker.py:1833 -- Connecting to existing Ray cluster at address: 172.17.0.1:6389...
2026-08-30 04:57:39,582	INFO worker.py:2015 -- Connected to Ray cluster. View the dashboard at [1m[32mhttp://127.0.0.1:8266 [39m[22m
[INFO 04:57:39 RLinf] Ray namespace conflict detected. Retrying to initialize Cluster with a new namespace (attempt 1).
[INFO 04:57:39 RLinf] RLinf Ray code sync is enabled (py_modules=('/data/chenyiteng/projects/rlinf-shenzhen/worktrees/rlt-dvac-pure-single-gpu-7d07a421/rlinf',)); workers receive only the rlinf package from the launch node. Disable with RLINF_CODE_WORKING_DIR=0.
2026-08-30 04:57:39,938	INFO worker.py:1683 -- Using address 172.17.0.1:6389 set in the environment variable RAY_ADDRESS
2026-08-30 04:57:39,941	INFO worker.py:1833 -- Connecting to existing Ray cluster at address: 172.17.0.1:6389...
2026-08-30 04:57:39,993	INFO worker.py:2015 -- Connected to Ray cluster. View the dashboard at [1m[32mhttp://127.0.0.1:8266 [39m[22m
[INFO 04:57:40 RLinf] Ray namespace conflict detected. Retrying to initialize Cluster with a new namespace (attempt 2).
[INFO 04:57:40 RLinf] RLinf Ray code sync is enabled (py_modules=('/data/chenyiteng/projects/rlinf-shenzhen/worktrees/rlt-dvac-pure-single-gpu-7d07a421/rlinf',)); workers receive only the rlinf package from the launch node. Disable with RLINF_CODE_WORKING_DIR=0.
2026-08-30 04:57:40,054	INFO worker.py:1683 -- Using address 172.17.0.1:6389 set in the environment variable RAY_ADDRESS
2026-08-30 04:57:40,056	INFO worker.py:1833 -- Connecting to existing Ray cluster at address: 172.17.0.1:6389...
2026-08-30 04:57:40,114	INFO worker.py:2015 -- Connected to Ray cluster. View the dashboard at [1m[32mhttp://127.0.0.1:8266 [39m[22m
[INFO 04:57:42 RLinf] RLinf is running on a cluster with 1 node and 8 accelerators. The nodes' details are: 
node_labels: []
node_rank: 0
ray_id: 2730f38e60da6b4c0f68d8779893624a0917240589c544541c894c54
node_ip: 172.17.0.1
num_cpus: 128
python_interpreter_path: /home/chenyiteng/venvs/rlinf-7d07-openpi-robotwin/bin/python
hardware_resources:
- type: Accelerator
  infos:
  - type: Accelerator
    model: NV_GPU:H100 80GB HBM3
  - type: Accelerator
    model: NV_GPU:H100 80GB HBM3
  - type: Accelerator
    model: NV_GPU:H100 80GB HBM3
  - type: Accelerator
    model: NV_GPU:H100 80GB HBM3
  - type: Accelerator
    model: NV_GPU:H100 80GB HBM3
  - type: Accelerator
    model: NV_GPU:H100 80GB HBM3
  - type: Accelerator
    model: NV_GPU:H100 80GB HBM3
  - type: Accelerator
    model: NV_GPU:H100 80GB HBM3
profiler_backends: []

Node groups' details are: 
label: cluster
nodes: '0'
hardware_type: Accelerator
ignore_hardware: false
env_configs: null

label: node
nodes: '0'
hardware_type: null
ignore_hardware: true
env_configs: null

[36m(_RemoteNodeProbe pid=1954887)[0m /data/chenyiteng/projects/rlinf-shenzhen/worktrees/rlt-dvac-pure-single-gpu-7d07a421/rlinf/scheduler/cluster/node.py:532: UserWarning: Python interpreter used to launch Ray on node with IP 172.17.0.1 is different from that on the head node /home/chenyiteng/venvs/rlinf-7d07-openpi-robotwin/bin/python. Keep using the current interpreter /home/chenyiteng/venvs/rlinf-7d07-openpi-robotwin/bin/python3 on this node.
[36m(_RemoteNodeProbe pid=1954887)[0m   warnings.warn(
[INFO 04:57:42 FlexiblePlacementStrategy] 
[INFO 04:57:42 FlexiblePlacementStrategy] Using flexible placement with hardware ranks: [[3]], node groups: ['cluster'].
[INFO 04:57:42 FlexiblePlacementStrategy] 
[INFO 04:57:42 FlexiblePlacementStrategy] Using flexible placement with hardware ranks: [[3]], node groups: ['cluster'].
{
  "env": {
    "train": {
      "env_type": "robotwin",
      "total_num_envs": 8,
      "auto_reset": false,
      "ignore_terminations": false,
      "reward_coef": 1.0,
      "use_custom_reward": true,
      "use_rel_reward": false,
      "center_crop": false,
      "seed": 0,
      "group_size": 1,
      "use_fixed_reset_state_ids": false,
      "max_steps_per_rollout_epoch": 200,
      "max_episode_steps": 200,
      "is_eval": false,
      "assets_path": "/data/chenyiteng/projects/rlinf-shenzhen/RoboTwin-RLinf-support",
      "seeds_path": "/data/chenyiteng/projects/rlinf-shenzhen/worktrees/rlt-dvac-pure-single-gpu-7d07a421/rlinf/envs/robotwin/seeds/train_seeds.json",
      "video_cfg": {
        "save_video": false,
        "info_on_video": true,
        "video_base_dir": "/data/chenyiteng/results/rlinf-rlt/smokes/current-single-gpu-pure04-phys3-1cycle-20260830-v2/video/train"
      },
      "enable_offload": true,
      "task_config": {
        "task_name": "adjust_bottle",
        "step_lim": 200,
        "planner_backend": "mplib",
        "render_freq": 0,
        "episode_num": 100,
        "use_seed": false,
        "save_freq": 15,
        "embodiment": [
          "aloha-agilex"
        ],
        "language_num": 100,
        "domain_randomization": {
          "random_background": false,
          "cluttered_table": false,
          "clean_background_rate": 1,
          "random_head_camera_dis": 0,
          "random_table_height": 0,
          "random_light": false,
          "crazy_random_light_rate": 0
        },
        "camera": {
          "head_camera_type": "D435",
          "wrist_camera_type": "D435",
          "collect_head_camera": true,
          "collect_wrist_camera": true
        },
        "data_type": {
          "rgb": true,
          "third_view": false,
          "depth": false,
          "pointcloud": false,
          "observer": false,
          "endpose": false,
          "qpos": true,
          "mesh_segmentation": false,
          "actor_segmentation": false
        },
        "pcd_down_sample_num": 1024,
        "pcd_crop": true,
        "save_path": "/data/chenyiteng/results/rlinf-rlt/smokes/current-single-gpu-pure04-phys3-1cycle-20260830-v2/robotwin_data/train",
        "clear_cache_freq": 1,
        "collect_data": true,
        "eval_video_log": true
      },
      "rollout_epoch": 1
    },
    "eval": {
      "env_type": "robotwin",
      "total_num_envs": 4,
      "auto_reset": false,
      "ignore_terminations": true,
      "reward_coef": 1.0,
      "use_custom_reward": true,
      "use_rel_reward": false,
      "center_crop": false,
      "seed": 0,
      "group_size": 1,
      "use_fixed_reset_state_ids": false,
      "max_steps_per_rollout_epoch": 200,
      "max_episode_steps": 200,
      "is_eval": true,
      "assets_path": "/data/chenyiteng/projects/rlinf-shenzhen/RoboTwin-RLinf-support",
      "seeds_path": "/data/chenyiteng/projects/rlinf-shenzhen/worktrees/rlt-dvac-pure-single-gpu-7d07a421/rlinf/envs/robotwin/seeds/eval_seeds_adjust_bottle_rlt_periodic20_v1.json",
      "video_cfg": {
        "save_video": false,
        "info_on_video": true,
        "video_base_dir": "/data/chenyiteng/results/rlinf-rlt/smokes/current-single-gpu-pure04-phys3-1cycle-20260830-v2/video/eval"
      },
      "enable_offload": false,
      "task_config": {
        "task_name": "adjust_bottle",
        "step_lim": 200,
        "planner_backend": "mplib",
        "render_freq": 0,
        "episode_num": 100,
        "use_seed": false,
        "save_freq": 15,
        "embodiment": [
          "aloha-agilex"
        ],
        "language_num": 100,
        "domain_randomization": {
          "random_background": false,
          "cluttered_table": false,
          "clean_background_rate": 1,
          "random_head_camera_dis": 0,
          "random_table_height": 0,
          "random_light": false,
          "crazy_random_light_rate": 0
        },
        "camera": {
          "head_camera_type": "D435",
          "wrist_camera_type": "D435",
          "collect_head_camera": true,
          "collect_wrist_camera": true
        },
        "data_type": {
          "rgb": true,
          "third_view": false,
          "depth": false,
          "pointcloud": false,
          "observer": false,
          "endpose": false,
          "qpos": true,
          "mesh_segmentation": false,
          "actor_segmentation": false
        },
        "pcd_down_sample_num": 1024,
        "pcd_crop": true,
        "save_path": "/data/chenyiteng/results/rlinf-rlt/smokes/current-single-gpu-pure04-phys3-1cycle-20260830-v2/robotwin_data/eval",
        "clear_cache_freq": 1,
        "collect_data": true,
        "eval_video_log": true
      },
      "rollout_epoch": 5
    },
    "group_name": "EnvGroup",
    "enable_offload": true
  },
  "actor": {
    "fsdp_config": {
      "strategy": "fsdp",
      "sharding_strategy": "no_shard",
      "gradient_checkpointing": false,
      "cpu_offload": false,
      "offload_pin_memory": false,
      "reshard_after_forward": true,
      "enable_gradient_accumulation": true,
      "forward_prefetch": false,
      "limit_all_gathers": false,
      "backward_prefetch": null,
      "use_orig_params": false,
      "use_liger_kernel": false,
      "mixed_precision": {
        "param_dtype": "fp32",
        "reduce_dtype": "fp32",
        "buffer_dtype": "fp32"
      },
      "amp_autocast": {
        "enabled": false,
        "precision": "bf16"
      },
      "grad_scaler": {
        "enabled": false,
        "init_scale": null,
        "growth_interval": null
      }
    },
    "group_name": "ActorGroup",
    "training_backend": "fsdp",
    "micro_batch_size": 256,
    "global_batch_size": 512,
    "seed": 1234,
    "enable_offload": false,
    "model": {
      "model_type": "rlt_mlp_policy",
      "precision": "fp32",
      "z_dim": 2048,
      "proprio_dim": 14,
      "action_dim": 14,
      "num_action_chunks": 10,
      "ref_num_action_chunks": 10,
      "add_value_head": false,
      "add_q_head": true,
      "q_head_type": "default",
      "fixed_std": 0.002,
      "is_lora": false,
      "lora_rank": 32
    },
    "optim": {
      "clip_grad": 10.0,
      "lr": 0.0001,
      "lr_scheduler": "torch_constant"
    },
    "critic_optim": {
      "clip_grad": 10.0,
      "lr": 0.0001,
      "lr_scheduler": "torch_constant"
    }
  },
  "weight_syncer": {
    "type": "patch",
    "patch": {
      "snapshot_device": "cpu",
      "delta_encoding": true,
      "compression": "none",
      "init_sync": {
        "enabled": true,
        "prefixes": null,
        "bucket_size": 134217728
      }
    }
  },
  "cluster": {
    "num_nodes": 1,
    "component_placement": {
      "actor,env,rollout": 3
    },
    "tracer": {
      "enable": false
    }
  },
  "runner": {
    "task_type": "embodied",
    "logger": {
      "log_path": "/data/chenyiteng/results/rlinf-rlt/smokes/current-single-gpu-pure04-phys3-1cycle-20260830-v2",
      "project_name": "rlinf-rlt",
      "experiment_name": "robotwin_rlt_current_single_gpu_pure04_smoke1_phys3_v2",
      "logger_backends": [
        "tensorboard"
      ]
    },
    "max_epochs": 1000,
    "max_steps": 1,
    "only_eval": false,
    "weight_sync_interval": 1,
    "val_check_interval": -1,
    "save_interval": 1,
    "resume_dir": null,
    "ckpt_path": null,
    "per_worker_log": false,
    "per_worker_log_path": null,
    "overlap_env_bootstrap": false
  },
  "algorithm": {
    "update_epoch": 5,
    "group_size": 1,
    "adv_type": "embodied_sac",
    "loss_type": "rlt_ac",
    "loss_agg_func": "token-mean",
    "agg_q": "min",
    "actor_agg_q": "q1",
    "enable_drq": false,
    "q_head_type": "default",
    "bootstrap_type": "standard",
    "gamma": 0.99,
    "tau": 0.005,
    "rlt_route": {
      "type": "full_task"
    },
    "rlt_transition_replay": {
      "enable": true,
      "compact": true,
      "bootstrap_on_truncation": true
    },
    "rlt_schedule": {
      "enable": true,
      "max_updates_per_train_step": 20,
      "warmup_min_size": 2,
      "warmup_post_collect_updates": 8,
      "train_every_episodes": 0,
      "train_every_transitions": 1
    },
    "q_weight": 1.0,
    "bc_weight": 1.0,
    "reference_dropout_prob": 0.5,
    "actor_weight_schedule": {
      "enable": true,
      "warmup_updates": 4,
      "ramp_updates": 8,
      "warmup_bc_weight": 7.0,
      "warmup_q_weight": 0.05,
      "online_bc_weight": 2.5,
      "online_q_weight": 0.45
    },
    "entropy_tuning": {
      "alpha_type": "fixed_alpha",
      "initial_alpha": 0.0,
      "optim": {
        "lr": 0.0003,
        "lr_scheduler": "torch_constant",
        "clip_grad": 10.0
      }
    },
    "replay_buffer": {
      "enable_cache": true,
      "cache_size": 80000,
      "sample_window_size": 80000,
      "min_buffer_size": 1,
      "auto_save": false
    },
    "target_update_freq": 1,
    "target_update_type": "all",
    "critic_actor_ratio": 2,
    "critic_subsample_size": 0,
    "backup_entropy": false,
    "rlt_resume": {
      "enable": true,
      "schema_version": 1,
      "contract": {
        "current_base_commit": "7d07a4212ee6858cc333e1d4fab7a37256d1f839",
        "model_identity": "exact_pi0",
        "reconstruction": "current_causal_ar",
        "stage1_manifest_path": "/data/chenyiteng/results/rlinf-rlt/formal-current-ar-stage1-2k-stage2-8env250-20260824-v2/stage1/artifacts/stage1_artifact_manifest.json",
        "stage1_manifest_id": "sz-rlt-stage1-current-ar-clean50-2k-v1",
        "stage1_manifest_sha256": "ffeeaa44ebe34aa5ea10fe89c8aee3f28d0ab3ee1361c355f301020224a4b6dd",
        "norm_stats_sha256": "649ed92b431bd70627febdb00b2385e35fcab5088e72a4e4a4845585f8ce4f6a",
        "train_vla": false,
        "prefix_seq_len": 768,
        "image_only": true,
        "use_mask": true,
        "z_dim": 2048,
        "action_horizon": 50,
        "action_chunk": 10,
        "action_dim": 14,
        "canonical_adapter_version": "robotwin_aloha_canonical_v1",
        "route": "full_task",
        "replay": "compact_transition",
        "bootstrap": "pure_truncation_only"
      }
    },
    "rlt_dvac": {
      "mode": "apply",
      "application": "success_episode_bc",
      "success_target": "reference",
      "l_values": [
        2,
        3,
        4
      ],
      "selected_l": 3,
      "applied_horizon": 10,
      "log_eps": 1e-12,
      "std_floor": 1e-06,
      "z_clip": 2.0,
      "strength": 1.5,
      "success_scale": 1.0
    }
  },
  "rollout": {
    "group_name": "RolloutGroup",
    "backend": "huggingface",
    "enable_offload": false,
    "pipeline_stage_num": 1,
    "collect_transitions": true,
    "collect_prev_infos": false,
    "model": {
      "model_type": "rlt_mlp_policy",
      "model_path": null,
      "precision": "fp32",
      "action_dim": 14,
      "num_action_chunks": 10,
      "ref_num_action_chunks": 10,
      "z_dim": 2048,
      "proprio_dim": 14,
      "add_q_head": true,
      "q_head_type": "default",
      "fixed_std": 0.002,
      "is_lora": false,
      "lora_rank": 32
    },
    "rlt_feature_model": {
      "model_type": "openpi",
      "model_path": "/data/chenyiteng/results/rlinf-rlt/formal-current-ar-stage1-2k-stage2-8env250-20260824-v2/stage1/robotwin_adjust_bottle_rlt_stage1_current_ar_clean50_2k_v1/checkpoints/global_step_2000",
      "precision": null,
      "num_action_chunks": 10,
      "action_dim": 14,
      "add_value_head": false,
      "is_lora": false,
      "lora_rank": 32,
      "openpi_data": {
        "repo_id": "physical-intelligence/robotwin",
        "default_prompt": "adjust the bottle",
        "norm_stats_path": "/data/chenyiteng/models/rlinf/RLinf-Pi0-RoboTwin-SFT-adjust_bottle@92684e50/physical-intelligence/robotwin/norm_stats.json"
      },
      "openpi": {
        "config_name": "pi0_aloha_robotwin",
        "num_images_in_input": 3,
        "action_horizon": 50,
        "action_chunk": 10,
        "action_env_dim": 14,
        "num_steps": 4,
        "state_indices": [],
        "train_expert_only": false,
        "add_value_head": false,
        "detach_critic_input": true,
        "noise_method": "flow_ode",
        "rtc_enabled": false,
        "use_rlt": true,
        "rlt_train_vla": false,
        "rlt_alpha": 0.0,
        "rlt_input_dim": 2048,
        "rlt_embed_dim": 2048,
        "rlt_prefix_seq_len": 768,
        "rlt_num_layers": 2,
        "rlt_num_heads": 8,
        "rlt_mlp_ratio": 4.0,
        "rlt_image_only": true,
        "rlt_use_mask": true,
        "rlt_action_adapter": "robotwin_aloha_canonical_v1",
        "rlt_dvac_mode": "apply"
      }
    },
    "enable_torch_compile": false,
    "enable_cuda_graph": false
  },
  "reward": {
    "use_reward_model": false
  },
  "critic": {
    "use_critic_model": false
  }
}
[INFO 04:57:42 FlexiblePlacementStrategy] 
[INFO 04:57:42 FlexiblePlacementStrategy] Using flexible placement with hardware ranks: [[3]], node groups: ['cluster'].
[INFO 04:57:42 FlexiblePlacementStrategy] Generated 1 placements: [Placement(rank=0, cluster_node_rank=0, placement_node_rank=0, local_accelerator_rank=3, accelerator_type='NV_GPU', local_rank=0, local_world_size=1, visible_accelerators=['3'], isolate_accelerator=True, local_hardware_ranks=[3], node_group_label='cluster')].
[INFO 04:57:42 FlexiblePlacementStrategy] Generated 1 placements: [Placement(rank=0, cluster_node_rank=0, placement_node_rank=0, local_accelerator_rank=3, accelerator_type='NV_GPU', local_rank=0, local_world_size=1, visible_accelerators=['3'], isolate_accelerator=True, local_hardware_ranks=[3], node_group_label='cluster')].
[INFO 04:57:42 FlexiblePlacementStrategy] Generated 1 placements: [Placement(rank=0, cluster_node_rank=0, placement_node_rank=0, local_accelerator_rank=3, accelerator_type='NV_GPU', local_rank=0, local_world_size=1, visible_accelerators=['3'], isolate_accelerator=True, local_hardware_ranks=[3], node_group_label='cluster')].
[INFO 04:57:42 NodePlacementStrategy] 
[INFO 04:57:42 NodePlacementStrategy] Using node placement with node ranks: [0], node groups: ['node'].
[INFO 04:57:42 NodePlacementStrategy] Generated 1 placements: [Placement(rank=0, cluster_node_rank=0, placement_node_rank=0, local_accelerator_rank='0', accelerator_type='NV_GPU', local_rank=0, local_world_size=1, visible_accelerators=['0', '1', '2', '3', '4', '5', '6', '7'], isolate_accelerator=True, local_hardware_ranks=[], node_group_label='cluster')].
[INFO 04:57:42 NodePlacementStrategy] 
[INFO 04:57:42 NodePlacementStrategy] Using node placement with node ranks: [0], node groups: ['node'].
[INFO 04:57:42 NodePlacementStrategy] Generated 1 placements: [Placement(rank=0, cluster_node_rank=0, placement_node_rank=0, local_accelerator_rank='0', accelerator_type='NV_GPU', local_rank=0, local_world_size=1, visible_accelerators=['0', '1', '2', '3', '4', '5', '6', '7'], isolate_accelerator=True, local_hardware_ranks=[], node_group_label='cluster')].
[INFO 04:57:42 NodePlacementStrategy] 
[INFO 04:57:42 NodePlacementStrategy] Using node placement with node ranks: [0], node groups: ['node'].
[INFO 04:57:42 NodePlacementStrategy] Generated 1 placements: [Placement(rank=0, cluster_node_rank=0, placement_node_rank=0, local_accelerator_rank='0', accelerator_type='NV_GPU', local_rank=0, local_world_size=1, visible_accelerators=['0', '1', '2', '3', '4', '5', '6', '7'], isolate_accelerator=True, local_hardware_ranks=[], node_group_label='cluster')].
WARNING: All log messages before absl::InitializeLog() is called are written to STDERR
I0000 00:00:1788065863.220786 1954283 port.cc:153] oneDNN custom operations are on. You may see slightly different numerical results due to floating-point round-off errors from different computation orders. To turn them off, set the environment variable `TF_ENABLE_ONEDNN_OPTS=0`.
I0000 00:00:1788065863.282493 1954283 cpu_feature_guard.cc:227] This TensorFlow binary is optimized to use available CPU instructions in performance-critical operations.
To enable the following instructions: AVX2 AVX512F AVX512_VNNI AVX512_BF16 AVX512_FP16 AVX_VNNI AMX_TILE AMX_INT8 AMX_BF16 FMA, in other operations, rebuild TensorFlow with the appropriate compiler flags.
WARNING: All log messages before absl::InitializeLog() is called are written to STDERR
I0000 00:00:1788065865.069641 1954283 port.cc:153] oneDNN custom operations are on. You may see slightly different numerical results due to floating-point round-off errors from different computation orders. To turn them off, set the environment variable `TF_ENABLE_ONEDNN_OPTS=0`.
[36m(EnvWorker pid=1955225)[0m [INFO 04:57:47 FlexiblePlacementStrategy] 
[36m(EnvWorker pid=1955225)[0m [INFO 04:57:47 FlexiblePlacementStrategy] Using flexible placement with hardware ranks: [[3]], node groups: ['cluster'].
[36m(MultiStepRolloutWorker pid=1955222)[0m [INFO 04:57:47 FlexiblePlacementStrategy] 
[36m(MultiStepRolloutWorker pid=1955222)[0m [INFO 04:57:47 FlexiblePlacementStrategy] Using flexible placement with hardware ranks: [[3]], node groups: ['cluster'].
[36m(RolloutGroup(rank=0) pid=1955222)[0m WARNING: All log messages before absl::InitializeLog() is called are written to STDERR
[36m(RolloutGroup(rank=0) pid=1955222)[0m I0000 00:00:1788065869.884924 1956139 port.cc:153] oneDNN custom operations are on. You may see slightly different numerical results due to floating-point round-off errors from different computation orders. To turn them off, set the environment variable `TF_ENABLE_ONEDNN_OPTS=0`.
[36m(RLTACFSDPPolicy pid=1955218)[0m [INFO 04:57:50 ActorGroup-Rank-0][fsdp_model_manager.py:133] [FSDP] AMP is disabled.
[36m(RLTACFSDPPolicy pid=1955218)[0m [INFO 04:57:50 FlexiblePlacementStrategy] 
[36m(RLTACFSDPPolicy pid=1955218)[0m [INFO 04:57:50 FlexiblePlacementStrategy] Using flexible placement with hardware ranks: [[3]], node groups: ['cluster'].
[36m(RolloutGroup(rank=0) pid=1955222)[0m WARNING: All log messages before absl::InitializeLog() is called are written to STDERR
[36m(RolloutGroup(rank=0) pid=1955222)[0m I0000 00:00:1788065871.089247 1956139 port.cc:153] oneDNN custom operations are on. You may see slightly different numerical results due to floating-point round-off errors from different computation orders. To turn them off, set the environment variable `TF_ENABLE_ONEDNN_OPTS=0`.
[36m(RolloutGroup(rank=0) pid=1955222)[0m INFO:root:Loaded norm stats from /data/chenyiteng/models/rlinf/RLinf-Pi0-RoboTwin-SFT-adjust_bottle@92684e50/physical-intelligence/robotwin
[36m(ActorGroup(rank=0) pid=1955218)[0m [INFO 04:58:40 ActorGroup-Rank-0][fsdp_sac_policy_worker.py:92] [FSDP] Gradient checkpointing is disabled
[36m(ActorGroup(rank=0) pid=1955218)[0m [WARNING 04:58:41 ActorGroup-Rank-0][buffer.py:264] auto_save is disabled, enabling cache with size 80000
[36m(RolloutGroup(rank=0) pid=1955222)[0m Generating Rollout Epochs:   0%|          | 0/1 [00:00<?, ?it/s]
[36m(RolloutGroup(rank=0) pid=1955222)[0m Generating Rollout Epochs: 100%|██████████| 1/1 [02:37<00:00, 157.31s/it]Generating Rollout Epochs: 100%|██████████| 1/1 [02:37<00:00, 157.31s/it]
[36m(ActorGroup(rank=0) pid=1955218)[0m /home/chenyiteng/venvs/rlinf-7d07-openpi-robotwin/lib/python3.11/site-packages/torch/autograd/graph.py:869: UserWarning: The AccumulateGrad node's stream does not match the stream of the node that produced the incoming gradient. This may incur unnecessary synchronization and break CUDA graph capture if the AccumulateGrad node's stream is the default stream. This mismatch is caused by an AccumulateGrad node created prior to the current iteration being kept alive. This can happen if the autograd graph is still being kept alive by tensors such as the loss, or if you are using DDP, which will stash a reference to the node. To resolve the mismatch, delete all references to the autograd graph or ensure that DDP initialization is performed under the same stream as subsequent forwards. If the mismatch is intentional, you can use torch.autograd.graph.set_warn_on_accumulate_grad_stream_mismatch(False) to suppress this warning. (Triggered internally at /pytorch/torch/csrc/autograd/input_buffer.cpp:240.)
[36m(ActorGroup(rank=0) pid=1955218)[0m   return Variable._execution_engine.run_backward(  # Calls into the C++ engine to run the backward pass
[INFO 05:01:21 RLinf] Saving checkpoint at step 1.
[36m(ActorGroup(rank=0) pid=1955218)[0m /home/chenyiteng/venvs/rlinf-7d07-openpi-robotwin/lib/python3.11/site-packages/torch/distributed/c10d_logger.py:83: UserWarning: barrier(): using the device under current context. You can specify `device_id` in `init_process_group` to mute this warning.
[36m(ActorGroup(rank=0) pid=1955218)[0m   return func(*args, **kwargs)
[36m(ActorGroup(rank=0) pid=1955218)[0m /home/chenyiteng/venvs/rlinf-7d07-openpi-robotwin/lib/python3.11/site-packages/torch/distributed/fsdp/_optim_utils.py:1173: UserWarning: `_get_pg_default_device` will be deprecated, it only stays for backward-compatibility reason. If you need to find a device for object collectives, please use `_get_object_coll_device`. If you need to query the device types supported by group, please use `_device_capability(group)`. 
[36m(ActorGroup(rank=0) pid=1955218)[0m   device = _get_pg_default_device(group)
[36m(ActorGroup(rank=0) pid=1955218)[0m /home/chenyiteng/venvs/rlinf-7d07-openpi-robotwin/lib/python3.11/site-packages/torch/distributed/fsdp/_optim_utils.py:1173: UserWarning: `_get_pg_default_device` will be deprecated, it only stays for backward-compatibility reason. If you need to find a device for object collectives, please use `_get_object_coll_device`. If you need to query the device types supported by group, please use `_device_capability(group)`. 
[36m(ActorGroup(rank=0) pid=1955218)[0m   device = _get_pg_default_device(group)
[36m(ActorGroup(rank=0) pid=1955218)[0m /home/chenyiteng/venvs/rlinf-7d07-openpi-robotwin/lib/python3.11/site-packages/torch/distributed/c10d_logger.py:83: UserWarning: barrier(): using the device under current context. You can specify `device_id` in `init_process_group` to mute this warning.
[36m(ActorGroup(rank=0) pid=1955218)[0m   return func(*args, **kwargs)
[36m(ActorGroup(rank=0) pid=1955218)[0m /home/chenyiteng/venvs/rlinf-7d07-openpi-robotwin/lib/python3.11/site-packages/torch/distributed/c10d_logger.py:83: UserWarning: barrier(): using the device under current context. You can specify `device_id` in `init_process_group` to mute this warning.
[36m(ActorGroup(rank=0) pid=1955218)[0m   return func(*args, **kwargs)

╭──────────────────────────────────────────────────────────────────────────────────────────────────────────────────────╮
├──────────────────────────────────────────────────── Metric Table ────────────────────────────────────────────────────┤
│ Global Step:    1/1 │ Progress: ████████████████████████████████████████ │ 100.0%                                    │
│ Elapsed: 02:40 │ ETA: 00:00 │ Step Time: 160.782s                                                                    │
├──────────────────────────────────────────────────────── Time ────────────────────────────────────────────────────────┤
│                                                                                                                      │
│actor/actor/compute_adv=2.67e-05       │actor/actor/recv_traj=158.8            │actor/actor/sync_model_to_rollout=0.2…│
│actor/forward_actor=0.128              │actor/forward_critic=0.344             │actor/sample=0.021                    │
│actor/update_one_epoch=0.685           │actor_training=0.697                   │cal_adv_and_returns=0.0036            │
│env/compute_bootstrap_rewards=0.0022   │env/env/bootstrap_step=57.620          │env/env/send_rollout_trajectories=0.3…│
│env/env_interact_step=93.289           │env/interact=158.5                     │env/run_interact_once=157.7           │
│generate_rollouts=158.8                │rollout/generate_one_epoch=157.3       │rollout/rollout/generate=157.3        │
│rollout/sync_model_from_actor=0.607    │step=160.7                             │sync_weights=0.610                    │
│                                                                                                                      │
├──────────────────────────────────────────────────── Environment ─────────────────────────────────────────────────────┤
│                                                                                                                      │
│episode_len=200.0                      │num_trajectories=8                     │return=2.625                          │
│reward=0.0131250005                    │success_once=0.25                      │                                      │
│                                                                                                                      │
├─────────────────────────────────────────────────── Replay Buffer ────────────────────────────────────────────────────┤
│                                                                                                                      │
│cache_size=141.0                       │num_trajectories=141.0                 │total_samples=141.0                   │
│                                                                                                                      │
├─────────────────────────────────────────────────── Training/Actor ───────────────────────────────────────────────────┤
│                                                                                                                      │
│actor/action_ref_abs_mean=0.312        │actor/actor_weight_in_warmup=0.500     │actor/actor_weight_ramp_progress=0.125│
│actor/actor_weight_schedule_enabled=1.…│actor/bc_human_loss=0.0000             │actor/bc_loss=0.224                   │
│actor/bc_ref_loss=0.222                │actor/bc_weight=6.438                  │actor/entropy=-672.0                  │
│actor/grad_norm=3.377                  │actor/human_mask_ratio=0.0000          │actor/lr=1.00e-04                     │
│actor/policy_mask_ratio=1.000          │actor/q_pi=-0.235                      │actor/q_value_0=-0.235                │
│actor/q_value_1=-0.235                 │actor/q_weight=0.100                   │actor/reference_dropout_prob=0.500    │
│actor/rlt_dvac/baseline_count=1410.0   │actor/rlt_dvac/baseline_frozen=1.000   │actor/rlt_dvac/baseline_mean=-4.875   │
│actor/rlt_dvac/baseline_std=0.543      │actor/rlt_dvac/enabled=1.000           │actor/rlt_dvac/log_v_mean=-4.877      │
│actor/rlt_dvac/mode_apply=1.000        │actor/rlt_dvac/success_bc_applied=1.000│actor/rlt_dvac/success_query_ratio=0.…│
│actor/rlt_dvac/weight_ess_ratio=0.647  │actor/rlt_dvac/weight_mean=1.000       │actor/rlt_dvac/weight_median=0.959    │
│actor/rlt_dvac/weight_p05=0.0000       │actor/rlt_dvac/weight_p95=2.329        │actor/rlt_dvac/z_std=0.912            │
│actor/weighted_bc=1.445                │actor/weighted_q=-0.021                │                                      │
│                                                                                                                      │
├────────────────────────────────────────────────── Training/Critic ───────────────────────────────────────────────────┤
│                                                                                                                      │
│critic/grad_norm=3.187                 │critic/lr=1.00e-04                     │critic/q_data=-0.203                  │
│                                                                                                                      │
├─────────────────────────────────────────────────── Training/Other ───────────────────────────────────────────────────┤
│                                                                                                                      │
│alpha/grad_norm=0.0000                 │replay/actor_switch_rate=0.0000        │replay/done_rate=0.057                │
│replay/intervention_rate=0.0000        │replay/intervention_requested_rate=0.0…│replay/record_transition_rate=1.000   │
│replay/reward_mean=0.014               │replay/reward_positive_rate=0.014      │replay/transition_count=141.0         │
│rlt/actor_updates_run=4.000            │rlt/critic_updates_run=8.000           │rlt/desired_total_updates=8.000       │
│rlt/global_min_replay_size=141.0       │rlt/global_total_transitions_added=141…│rlt/global_transitions_since_train=14…│
│rlt/max_updates_per_train_step=20.000  │rlt/min_replay_buffer_size=2.000       │rlt/pending_update_budget=0.0000      │
│rlt/ready_for_online=0.0000            │rlt/should_train=1.000                 │rlt/skip_reason=0.0000                │
│rlt/train_every_episodes=0.0000        │rlt/train_every_transitions=1.000      │rlt/update_epoch=5.000                │
│rlt/update_step=0.0000                 │rlt/updates_scheduled=8.000            │rlt/updates_to_run=8.000              │
│rlt/warmup_required_updates=8.000      │rlt_dvac/baseline_count=1410.0         │rlt_dvac/baseline_frozen=1.000        │
│rlt_dvac/baseline_mean=-4.875          │rlt_dvac/baseline_std=0.543            │rlt_dvac/enabled=1.000                │
│sac/actor_loss=1.466                   │sac/alpha=0.0000                       │sac/alpha_loss=0.0000                 │
│sac/critic_loss=0.025                  │                                       │                                      │
│                                                                                                                      │
╰──────────────────────────────────────────────────────────────────────────────────────────────────────────────────────╯

