WARNING: All log messages before absl::InitializeLog() is called are written to STDERR
I0000 00:00:1786103626.673002   75167 port.cc:153] oneDNN custom operations are on. You may see slightly different numerical results due to floating-point round-off errors from different computation orders. To turn them off, set the environment variable `TF_ENABLE_ONEDNN_OPTS=0`.
I0000 00:00:1786103626.722831   75167 cpu_feature_guard.cc:227] This TensorFlow binary is optimized to use available CPU instructions in performance-critical operations.
To enable the following instructions: AVX2 AVX512F AVX512_VNNI FMA, in other operations, rebuild TensorFlow with the appropriate compiler flags.
WARNING: All log messages before absl::InitializeLog() is called are written to STDERR
I0000 00:00:1786103628.140139   75167 port.cc:153] oneDNN custom operations are on. You may see slightly different numerical results due to floating-point round-off errors from different computation orders. To turn them off, set the environment variable `TF_ENABLE_ONEDNN_OPTS=0`.
/root/autodl-tmp/RLinf/.venv/lib/python3.11/site-packages/hydra/_internal/hydra.py:119: UserWarning: Future Hydra versions will no longer change working directory at job runtime by default.
See https://hydra.cc/docs/1.2/upgrades/1.1_to_1.2/changes_to_job_working_dir/ for more information.
  ret = run_job(
2026-08-07 19:53:54,704	WARNING utils.py:461 -- Detecting docker specified CPUs. In previous versions of Ray, CPU detection in containers was incorrect. Please ensure that Ray has enough CPUs allocated. As a temporary workaround to revert to the prior behavior, set `RAY_USE_MULTIPROCESSING_CPU_COUNT=1` as an env var before starting Ray. Set the env var: `RAY_DISABLE_DOCKER_CPU_WARNING=1` to mute this warning.
2026-08-07 19:53:57,080	INFO worker.py:2003 -- Started a local Ray instance. View the dashboard at [1m[32mhttp://127.0.0.1:8265 [39m[22m
[INFO 19:53:59 RLinf] RLinf is running on a cluster with 1 node and 2 accelerators. The nodes' details are: 
node_labels: []
node_rank: 0
ray_id: 2153a89fb639f036f20d5809cb5deb89699722a82e5ef7b0903e3db0
node_ip: 172.17.0.6
num_cpus: 36
python_interpreter_path: /root/autodl-tmp/RLinf/.venv/bin/python
hardware_resources:
- type: Accelerator
  infos:
  - type: Accelerator
    model: NV_GPU:A800-SXM4-80GB
  - type: Accelerator
    model: NV_GPU:A800-SXM4-80GB
profiler_backends: []

Node groups' details are: 
label: cluster
nodes: '0'
hardware_type: Accelerator
ignore_hardware: false
env_configs: null

label: node
nodes: '0'
hardware_type: null
ignore_hardware: true
env_configs: null

[INFO 19:53:59 FlexiblePlacementStrategy] 
[INFO 19:53:59 FlexiblePlacementStrategy] Using flexible placement with hardware ranks: [[0], [1]], node groups: ['cluster'].
[INFO 19:53:59 FlexiblePlacementStrategy] 
[INFO 19:53:59 FlexiblePlacementStrategy] Using flexible placement with hardware ranks: [[0], [1]], node groups: ['cluster'].
{
  "env": {
    "train": {
      "env_type": "robotwin",
      "total_num_envs": 8,
      "auto_reset": false,
      "ignore_terminations": false,
      "reward_coef": 1.0,
      "use_custom_reward": true,
      "use_rel_reward": true,
      "center_crop": false,
      "seed": 0,
      "group_size": 1,
      "use_fixed_reset_state_ids": false,
      "max_steps_per_rollout_epoch": 10,
      "max_episode_steps": 200,
      "is_eval": false,
      "assets_path": "/root/autodl-tmp/RoboTwin_RLinf",
      "seeds_path": "/root/autodl-tmp/RLinf_ogpo_pi0_robotwin/rlinf/envs/robotwin/seeds/train_seeds.json",
      "video_cfg": {
        "save_video": false,
        "info_on_video": true,
        "video_base_dir": "/root/autodl-tmp/experiments/ogpo_robotwin_smoke_20260807_v1/video/train"
      },
      "enable_offload": true,
      "task_config": {
        "task_name": "adjust_bottle",
        "step_lim": 200,
        "planner_backend": "mplib",
        "render_freq": 0,
        "episode_num": 100,
        "use_seed": false,
        "save_freq": 15,
        "embodiment": [
          "aloha-agilex"
        ],
        "language_num": 100,
        "domain_randomization": {
          "random_background": false,
          "cluttered_table": false,
          "clean_background_rate": 1,
          "random_head_camera_dis": 0,
          "random_table_height": 0,
          "random_light": false,
          "crazy_random_light_rate": 0
        },
        "camera": {
          "head_camera_type": "D435",
          "wrist_camera_type": "D435",
          "collect_head_camera": true,
          "collect_wrist_camera": true
        },
        "data_type": {
          "rgb": true,
          "third_view": false,
          "depth": false,
          "pointcloud": false,
          "observer": false,
          "endpose": false,
          "qpos": true,
          "mesh_segmentation": false,
          "actor_segmentation": false
        },
        "pcd_down_sample_num": 1024,
        "pcd_crop": true,
        "save_path": "./data",
        "clear_cache_freq": 1,
        "collect_data": true,
        "eval_video_log": true
      },
      "rollout_epoch": 1
    },
    "eval": {
      "env_type": "robotwin",
      "total_num_envs": 4,
      "auto_reset": true,
      "ignore_terminations": true,
      "reward_coef": 1.0,
      "use_custom_reward": true,
      "use_rel_reward": true,
      "center_crop": false,
      "seed": 0,
      "group_size": 1,
      "use_fixed_reset_state_ids": false,
      "max_steps_per_rollout_epoch": 10,
      "max_episode_steps": 200,
      "is_eval": true,
      "assets_path": "/root/autodl-tmp/RoboTwin_RLinf",
      "seeds_path": "/root/autodl-tmp/RLinf_ogpo_pi0_robotwin/rlinf/envs/robotwin/seeds/eval_seeds.json",
      "video_cfg": {
        "save_video": false,
        "info_on_video": true,
        "video_base_dir": "/root/autodl-tmp/experiments/ogpo_robotwin_smoke_20260807_v1/video/eval"
      },
      "enable_offload": false,
      "task_config": {
        "task_name": "adjust_bottle",
        "step_lim": 200,
        "planner_backend": "mplib",
        "render_freq": 0,
        "episode_num": 100,
        "use_seed": false,
        "save_freq": 15,
        "embodiment": [
          "aloha-agilex"
        ],
        "language_num": 100,
        "domain_randomization": {
          "random_background": false,
          "cluttered_table": false,
          "clean_background_rate": 1,
          "random_head_camera_dis": 0,
          "random_table_height": 0,
          "random_light": false,
          "crazy_random_light_rate": 0
        },
        "camera": {
          "head_camera_type": "D435",
          "wrist_camera_type": "D435",
          "collect_head_camera": true,
          "collect_wrist_camera": true
        },
        "data_type": {
          "rgb": true,
          "third_view": false,
          "depth": false,
          "pointcloud": false,
          "observer": false,
          "endpose": false,
          "qpos": true,
          "mesh_segmentation": false,
          "actor_segmentation": false
        },
        "pcd_down_sample_num": 1024,
        "pcd_crop": true,
        "save_path": "./data",
        "clear_cache_freq": 1,
        "collect_data": true,
        "eval_video_log": true
      },
      "rollout_epoch": 1
    },
    "group_name": "EnvGroup",
    "enable_offload": true
  },
  "actor": {
    "model": {
      "model_type": "openpi",
      "model_path": "/root/autodl-tmp/models/rlinf/RLinf-Pi0-RoboTwin-SFT-adjust_bottle",
      "precision": null,
      "num_action_chunks": 10,
      "action_dim": 14,
      "is_lora": false,
      "lora_rank": 32,
      "use_proprio": true,
      "num_steps": 4,
      "add_value_head": false,
      "openpi": {
        "config_name": "pi0_aloha_robotwin",
        "num_images_in_input": 3,
        "noise_level": 0.5,
        "action_chunk": 10,
        "num_steps": 4,
        "train_expert_only": true,
        "action_env_dim": 14,
        "noise_method": "flow_ode",
        "add_value_head": false,
        "detach_critic_input": false,
        "use_dsrl": false,
        "dsrl_state_dim": 8,
        "dsrl_action_noise_dim": 32,
        "dsrl_num_q_heads": 10,
        "dsrl_agg_q": "mean",
        "dsrl_image_latent_dim": 64,
        "dsrl_state_latent_dim": 64,
        "dsrl_hidden_dims": [
          128,
          128,
          128
        ],
        "action_horizon": 50,
        "use_ogpo": true,
        "ogpo_sigma_init": 0.01,
        "ogpo_num_image_blocks": 3,
        "use_rlt": false,
        "is_nft": false
      },
      "openpi_data": {
        "repo_id": "physical-intelligence/robotwin",
        "default_prompt": "adjust the bottle",
        "norm_stats_path": "/root/autodl-tmp/models/rlinf/RLinf-Pi0-RoboTwin-SFT-adjust_bottle/physical-intelligence/robotwin/norm_stats.json"
      }
    },
    "fsdp_config": {
      "strategy": "fsdp",
      "sharding_strategy": "full_shard",
      "gradient_checkpointing": false,
      "cpu_offload": false,
      "offload_pin_memory": false,
      "reshard_after_forward": true,
      "enable_gradient_accumulation": true,
      "forward_prefetch": false,
      "limit_all_gathers": false,
      "backward_prefetch": null,
      "use_orig_params": true,
      "use_liger_kernel": false,
      "mixed_precision": {
        "param_dtype": null,
        "reduce_dtype": null,
        "buffer_dtype": null
      },
      "amp_autocast": {
        "enabled": false,
        "precision": "bf16"
      },
      "grad_scaler": {
        "enabled": false,
        "init_scale": null,
        "growth_interval": null
      },
      "save_full_model_weights": false
    },
    "group_name": "ActorGroup",
    "training_backend": "fsdp",
    "micro_batch_size": 32,
    "global_batch_size": 64,
    "seed": 1234,
    "enable_offload": false,
    "optim": {
      "lr": 5.6e-06,
      "value_lr": 0.0003,
      "adam_beta1": 0.9,
      "adam_beta2": 0.95,
      "adam_eps": 1e-08,
      "weight_decay": 0.01,
      "clip_grad": 1.0,
      "critic_warmup_steps": 0,
      "total_training_steps": 1,
      "lr_warmup_steps": 0,
      "lr_scheduler": "constant",
      "num_cycles": 0.5,
      "min_lr": 0.0
    }
  },
  "weight_syncer": {
    "type": "patch",
    "patch": {
      "snapshot_device": "cpu",
      "delta_encoding": true,
      "compression": "none",
      "init_sync": {
        "enabled": true,
        "prefixes": null,
        "bucket_size": 134217728
      },
      "transport_device": "cpu"
    }
  },
  "cluster": {
    "num_nodes": 1,
    "component_placement": {
      "actor, env, rollout": "0-1"
    }
  },
  "runner": {
    "task_type": "embodied",
    "logger": {
      "log_path": "/root/autodl-tmp/experiments/ogpo_robotwin_smoke_20260807_v1",
      "project_name": "rlinf",
      "experiment_name": "robotwin_adjust_bottle_ogpo_ca_smoke_8env_1update_v1",
      "logger_backends": [
        "tensorboard"
      ]
    },
    "max_epochs": 2,
    "max_steps": 2,
    "only_eval": false,
    "val_check_interval": -1,
    "save_interval": -1,
    "resume_dir": null,
    "ckpt_path": null,
    "use_training_pipeline": false,
    "overlap_env_bootstrap": false,
    "per_worker_log": false,
    "per_worker_log_path": null,
    "weight_sync_interval": 1
  },
  "algorithm": {
    "loss_type": "embodied_ogpo",
    "adv_type": "ogpo",
    "reward_type": "chunk_level",
    "logprob_type": "chunk_level",
    "entropy_type": "token_level",
    "group_size": 1,
    "reward_coef": 1.0,
    "gamma": 0.999,
    "ogpo": {
      "variant": "ogpo_ca",
      "model_horizon": 50,
      "execution_horizon": 10,
      "model_action_dim": 32,
      "active_action_dim": 14,
      "flow_steps": 4,
      "sigma_init": 0.01,
      "gaussian_clip": 3.0,
      "normalize_denoising_horizon": true,
      "normalize_act_space_dimension": true,
      "candidate_group_size": 8,
      "candidate_microbatch_per_rank": 32,
      "clip_epsilon": 0.01,
      "bc_coeff": 1.0,
      "actor_tau": 0.005,
      "critic_tau": 0.05,
      "num_q_heads": 10,
      "critic_hidden_dims": [
        512,
        512,
        512,
        512,
        512
      ],
      "critic_lr": 0.0003,
      "critic_adam_beta1": 0.9,
      "critic_adam_beta2": 0.999,
      "critic_adam_eps": 1e-08,
      "critic_weight_decay": 1e-05,
      "critic_grad_clip": 1.0,
      "state_batch_size": 64,
      "start_training_rows": 79,
      "total_online_rows": 80,
      "replay_capacity": 80,
      "source_fingerprint": "rlinf-pi0-robotwin-sft-adjust_bottle-649ed92b431bd706",
      "norm_fingerprint": "649ed92b431bd70627febdb00b2385e35fcab5088e72a4e4a4845585f8ce4f6a",
      "utd_q": 1.0,
      "utd_pi": 1.0,
      "offline_ratio": 0.0,
      "use_success_buffer_q": false,
      "best_of_n": 1,
      "baseline_eval": false,
      "final_eval": true,
      "eval_interval_rows": 80,
      "checkpoint_interval_rows": 80
    }
  },
  "rollout": {
    "group_name": "RolloutGroup",
    "backend": "huggingface",
    "collect_prev_infos": false,
    "collect_transitions": false,
    "recompute_logprobs": false,
    "enable_offload": false,
    "pipeline_stage_num": 1,
    "model": {
      "model_path": "/root/autodl-tmp/models/rlinf/RLinf-Pi0-RoboTwin-SFT-adjust_bottle",
      "precision": null
    }
  },
  "reward": {
    "use_reward_model": false
  },
  "critic": {
    "use_critic_model": false
  }
}
[INFO 19:53:59 FlexiblePlacementStrategy] 
[INFO 19:53:59 FlexiblePlacementStrategy] Using flexible placement with hardware ranks: [[0], [1]], node groups: ['cluster'].
[INFO 19:53:59 FlexiblePlacementStrategy] Generated 2 placements: [Placement(rank=0, cluster_node_rank=0, placement_node_rank=0, local_accelerator_rank=0, accelerator_type='NV_GPU', local_rank=0, local_world_size=2, visible_accelerators=['0'], isolate_accelerator=True, local_hardware_ranks=[0], node_group_label='cluster'), Placement(rank=1, cluster_node_rank=0, placement_node_rank=0, local_accelerator_rank=1, accelerator_type='NV_GPU', local_rank=1, local_world_size=2, visible_accelerators=['1'], isolate_accelerator=True, local_hardware_ranks=[1], node_group_label='cluster')].
[INFO 19:53:59 FlexiblePlacementStrategy] Generated 2 placements: [Placement(rank=0, cluster_node_rank=0, placement_node_rank=0, local_accelerator_rank=0, accelerator_type='NV_GPU', local_rank=0, local_world_size=2, visible_accelerators=['0'], isolate_accelerator=True, local_hardware_ranks=[0], node_group_label='cluster'), Placement(rank=1, cluster_node_rank=0, placement_node_rank=0, local_accelerator_rank=1, accelerator_type='NV_GPU', local_rank=1, local_world_size=2, visible_accelerators=['1'], isolate_accelerator=True, local_hardware_ranks=[1], node_group_label='cluster')].
[INFO 19:53:59 FlexiblePlacementStrategy] Generated 2 placements: [Placement(rank=0, cluster_node_rank=0, placement_node_rank=0, local_accelerator_rank=0, accelerator_type='NV_GPU', local_rank=0, local_world_size=2, visible_accelerators=['0'], isolate_accelerator=True, local_hardware_ranks=[0], node_group_label='cluster'), Placement(rank=1, cluster_node_rank=0, placement_node_rank=0, local_accelerator_rank=1, accelerator_type='NV_GPU', local_rank=1, local_world_size=2, visible_accelerators=['1'], isolate_accelerator=True, local_hardware_ranks=[1], node_group_label='cluster')].
[INFO 19:53:59 NodePlacementStrategy] 
[INFO 19:53:59 NodePlacementStrategy] Using node placement with node ranks: [0], node groups: ['node'].
[INFO 19:53:59 NodePlacementStrategy] Generated 1 placements: [Placement(rank=0, cluster_node_rank=0, placement_node_rank=0, local_accelerator_rank='0', accelerator_type='NV_GPU', local_rank=0, local_world_size=1, visible_accelerators=['0', '1'], isolate_accelerator=True, local_hardware_ranks=[], node_group_label='cluster')].
[INFO 19:53:59 NodePlacementStrategy] 
[INFO 19:53:59 NodePlacementStrategy] Using node placement with node ranks: [0], node groups: ['node'].
[INFO 19:53:59 NodePlacementStrategy] Generated 1 placements: [Placement(rank=0, cluster_node_rank=0, placement_node_rank=0, local_accelerator_rank='0', accelerator_type='NV_GPU', local_rank=0, local_world_size=1, visible_accelerators=['0', '1'], isolate_accelerator=True, local_hardware_ranks=[], node_group_label='cluster')].
[INFO 19:53:59 NodePlacementStrategy] 
[INFO 19:53:59 NodePlacementStrategy] Using node placement with node ranks: [0], node groups: ['node'].
[INFO 19:53:59 NodePlacementStrategy] Generated 1 placements: [Placement(rank=0, cluster_node_rank=0, placement_node_rank=0, local_accelerator_rank='0', accelerator_type='NV_GPU', local_rank=0, local_world_size=1, visible_accelerators=['0', '1'], isolate_accelerator=True, local_hardware_ranks=[], node_group_label='cluster')].
[36m(MultiStepRolloutWorker pid=79447)[0m [INFO 19:54:03 FlexiblePlacementStrategy] 
[36m(MultiStepRolloutWorker pid=79447)[0m [INFO 19:54:03 FlexiblePlacementStrategy] Using flexible placement with hardware ranks: [[0], [1]], node groups: ['cluster'].
[36m(MultiStepRolloutWorker pid=79459)[0m [INFO 19:54:03 FlexiblePlacementStrategy] 
[36m(MultiStepRolloutWorker pid=79459)[0m [INFO 19:54:03 FlexiblePlacementStrategy] Using flexible placement with hardware ranks: [[0], [1]], node groups: ['cluster'].
[36m(pid=79465)[0m WARNING: All log messages before absl::InitializeLog() is called are written to STDERR
[36m(pid=79465)[0m I0000 00:00:1786103643.981043   79465 port.cc:153] oneDNN custom operations are on. You may see slightly different numerical results due to floating-point round-off errors from different computation orders. To turn them off, set the environment variable `TF_ENABLE_ONEDNN_OPTS=0`.
[36m(pid=79460)[0m WARNING: All log messages before absl::InitializeLog() is called are written to STDERR
[36m(pid=79460)[0m I0000 00:00:1786103644.065461   79460 port.cc:153] oneDNN custom operations are on. You may see slightly different numerical results due to floating-point round-off errors from different computation orders. To turn them off, set the environment variable `TF_ENABLE_ONEDNN_OPTS=0`.
[36m(EmbodiedOGPOFSDPPolicy pid=79429)[0m [WARNING 19:54:05 ActorGroup-Rank-0][fsdp_model_manager.py:70] Provided there is sufficient GPU memory, set the actor.model.precision parameter to fp32 to allow the optimizer to run in fp32 for better convergence. Meanwhile, setting mixed_precision.param_dtype to 16-bit dtype can help maximize speed, as it will automatically convert fp32 to fp16 during operator execution.
[36m(EmbodiedOGPOFSDPPolicy pid=79437)[0m [WARNING 19:54:05 ActorGroup-Rank-1][fsdp_model_manager.py:70] Provided there is sufficient GPU memory, set the actor.model.precision parameter to fp32 to allow the optimizer to run in fp32 for better convergence. Meanwhile, setting mixed_precision.param_dtype to 16-bit dtype can help maximize speed, as it will automatically convert fp32 to fp16 during operator execution.
[36m(EmbodiedOGPOFSDPPolicy pid=79437)[0m [INFO 19:54:05 ActorGroup-Rank-1][fsdp_model_manager.py:124] [FSDP] AMP is disabled.
[36m(EmbodiedOGPOFSDPPolicy pid=79437)[0m [INFO 19:54:05 FlexiblePlacementStrategy] 
[36m(EmbodiedOGPOFSDPPolicy pid=79437)[0m [INFO 19:54:05 FlexiblePlacementStrategy] Using flexible placement with hardware ranks: [[0], [1]], node groups: ['cluster'].
[36m(RolloutGroup(rank=0) pid=79447)[0m WARNING: All log messages before absl::InitializeLog() is called are written to STDERR
[36m(RolloutGroup(rank=0) pid=79447)[0m I0000 00:00:1786103645.469180   80650 port.cc:153] oneDNN custom operations are on. You may see slightly different numerical results due to floating-point round-off errors from different computation orders. To turn them off, set the environment variable `TF_ENABLE_ONEDNN_OPTS=0`.
[36m(EmbodiedOGPOFSDPPolicy pid=79429)[0m [INFO 19:54:05 ActorGroup-Rank-0][fsdp_model_manager.py:124] [FSDP] AMP is disabled.
[36m(EmbodiedOGPOFSDPPolicy pid=79429)[0m [INFO 19:54:05 FlexiblePlacementStrategy] 
[36m(EmbodiedOGPOFSDPPolicy pid=79429)[0m [INFO 19:54:05 FlexiblePlacementStrategy] Using flexible placement with hardware ranks: [[0], [1]], node groups: ['cluster'].
[36m(pid=79465)[0m WARNING: All log messages before absl::InitializeLog() is called are written to STDERR
[36m(pid=79465)[0m I0000 00:00:1786103645.550826   79465 port.cc:153] oneDNN custom operations are on. You may see slightly different numerical results due to floating-point round-off errors from different computation orders. To turn them off, set the environment variable `TF_ENABLE_ONEDNN_OPTS=0`.
[36m(RolloutGroup(rank=1) pid=79459)[0m WARNING: All log messages before absl::InitializeLog() is called are written to STDERR
[36m(RolloutGroup(rank=1) pid=79459)[0m I0000 00:00:1786103645.630447   80652 port.cc:153] oneDNN custom operations are on. You may see slightly different numerical results due to floating-point round-off errors from different computation orders. To turn them off, set the environment variable `TF_ENABLE_ONEDNN_OPTS=0`.
[36m(pid=79460)[0m WARNING: All log messages before absl::InitializeLog() is called are written to STDERR
[36m(pid=79460)[0m I0000 00:00:1786103645.660474   79460 port.cc:153] oneDNN custom operations are on. You may see slightly different numerical results due to floating-point round-off errors from different computation orders. To turn them off, set the environment variable `TF_ENABLE_ONEDNN_OPTS=0`.
[36m(RolloutGroup(rank=0) pid=79447)[0m WARNING: All log messages before absl::InitializeLog() is called are written to STDERR
[36m(RolloutGroup(rank=0) pid=79447)[0m I0000 00:00:1786103646.941120   80650 port.cc:153] oneDNN custom operations are on. You may see slightly different numerical results due to floating-point round-off errors from different computation orders. To turn them off, set the environment variable `TF_ENABLE_ONEDNN_OPTS=0`.
[36m(RolloutGroup(rank=1) pid=79459)[0m WARNING: All log messages before absl::InitializeLog() is called are written to STDERR
[36m(RolloutGroup(rank=1) pid=79459)[0m I0000 00:00:1786103647.077014   80652 port.cc:153] oneDNN custom operations are on. You may see slightly different numerical results due to floating-point round-off errors from different computation orders. To turn them off, set the environment variable `TF_ENABLE_ONEDNN_OPTS=0`.
[36m(EnvWorker pid=79460)[0m [INFO 19:54:07 FlexiblePlacementStrategy] 
[36m(EnvWorker pid=79460)[0m [INFO 19:54:07 FlexiblePlacementStrategy] Using flexible placement with hardware ranks: [[0], [1]], node groups: ['cluster'].
[36m(EnvWorker pid=79465)[0m [INFO 19:54:07 FlexiblePlacementStrategy] 
[36m(EnvWorker pid=79465)[0m [INFO 19:54:07 FlexiblePlacementStrategy] Using flexible placement with hardware ranks: [[0], [1]], node groups: ['cluster'].
[36m(EnvGroup(rank=1) pid=79465)[0m /root/autodl-tmp/RLinf/.venv/lib/python3.11/site-packages/sapien/_vulkan_tricks.py:73: UserWarning: Failed to find Vulkan ICD file. This is probably due to an incorrect or partial installation of the NVIDIA driver. SAPIEN will attempt to provide an ICD file anyway but it may not work.
[36m(EnvGroup(rank=1) pid=79465)[0m   warn(
[36m(RolloutGroup(rank=0) pid=79447)[0m INFO:datasets:PyTorch version 2.6.0 available.
[36m(RolloutGroup(rank=0) pid=79447)[0m INFO:datasets:Polars version 1.41.2 available.
[36m(RolloutGroup(rank=0) pid=79447)[0m INFO:datasets:TensorFlow version 2.21.0 available.
[36m(RolloutGroup(rank=0) pid=79447)[0m INFO:datasets:JAX version 0.5.3 available.
[36m(RolloutGroup(rank=1) pid=79459)[0m INFO:datasets:PyTorch version 2.6.0 available.
[36m(RolloutGroup(rank=1) pid=79459)[0m INFO:datasets:Polars version 1.41.2 available.
[36m(RolloutGroup(rank=1) pid=79459)[0m INFO:datasets:TensorFlow version 2.21.0 available.
[36m(RolloutGroup(rank=1) pid=79459)[0m INFO:datasets:JAX version 0.5.3 available.
[36m(EnvGroup(rank=0) pid=79460)[0m /root/autodl-tmp/RLinf/.venv/lib/python3.11/site-packages/sapien/_vulkan_tricks.py:73: UserWarning: Failed to find Vulkan ICD file. This is probably due to an incorrect or partial installation of the NVIDIA driver. SAPIEN will attempt to provide an ICD file anyway but it may not work.
[36m(EnvGroup(rank=0) pid=79460)[0m   warn(
[36m(EnvGroup(rank=1) pid=79465)[0m [planner.py]: Something wrong happened when importing CuroboPlanner! Please check if Curobo is installed correctly. If the problem still exists, you can install Curobo from https://github.com/NVlabs/curobo manually.
[36m(EnvGroup(rank=1) pid=79465)[0m Exception traceback:
[36m(EnvGroup(rank=1) pid=79465)[0m missing pytorch3d
[36m(EnvGroup(rank=1) pid=79465)[0m Traceback (most recent call last):
[36m(EnvGroup(rank=1) pid=79465)[0m   File "/root/autodl-tmp/RoboTwin_RLinf/envs/robot/planner.py", line 297, in <module>
[36m(EnvGroup(rank=1) pid=79465)[0m     from curobo.types.math import Pose as CuroboPose
[36m(EnvGroup(rank=1) pid=79465)[0m ModuleNotFoundError: No module named 'curobo.types.math'; 'curobo.types' is not a package
[36m(EnvGroup(rank=0) pid=79460)[0m [planner.py]: Something wrong happened when importing CuroboPlanner! Please check if Curobo is installed correctly. If the problem still exists, you can install Curobo from https://github.com/NVlabs/curobo manually.
[36m(EnvGroup(rank=0) pid=79460)[0m Exception traceback:
[36m(EnvGroup(rank=0) pid=79460)[0m missing pytorch3d
[36m(EnvGroup(rank=0) pid=79460)[0m Traceback (most recent call last):
[36m(EnvGroup(rank=0) pid=79460)[0m   File "/root/autodl-tmp/RoboTwin_RLinf/envs/robot/planner.py", line 297, in <module>
[36m(EnvGroup(rank=0) pid=79460)[0m     from curobo.types.math import Pose as CuroboPose
[36m(EnvGroup(rank=0) pid=79460)[0m ModuleNotFoundError: No module named 'curobo.types.math'; 'curobo.types' is not a package
[36m(RolloutGroup(rank=1) pid=79459)[0m INFO:root:Loaded norm stats from /root/autodl-tmp/models/rlinf/RLinf-Pi0-RoboTwin-SFT-adjust_bottle/physical-intelligence/robotwin
[36m(RolloutGroup(rank=0) pid=79447)[0m INFO:root:Loaded norm stats from /root/autodl-tmp/models/rlinf/RLinf-Pi0-RoboTwin-SFT-adjust_bottle/physical-intelligence/robotwin
[36m(ActorGroup(rank=0) pid=79429)[0m WARNING: All log messages before absl::InitializeLog() is called are written to STDERR
[36m(ActorGroup(rank=0) pid=79429)[0m I0000 00:00:1786103710.142823   80745 port.cc:153] oneDNN custom operations are on. You may see slightly different numerical results due to floating-point round-off errors from different computation orders. To turn them off, set the environment variable `TF_ENABLE_ONEDNN_OPTS=0`.
[36m(ActorGroup(rank=1) pid=79437)[0m WARNING: All log messages before absl::InitializeLog() is called are written to STDERR
[36m(ActorGroup(rank=1) pid=79437)[0m I0000 00:00:1786103710.142825   80888 port.cc:153] oneDNN custom operations are on. You may see slightly different numerical results due to floating-point round-off errors from different computation orders. To turn them off, set the environment variable `TF_ENABLE_ONEDNN_OPTS=0`.
[36m(ActorGroup(rank=0) pid=79429)[0m WARNING: All log messages before absl::InitializeLog() is called are written to STDERR
[36m(ActorGroup(rank=0) pid=79429)[0m I0000 00:00:1786103711.304798   80745 port.cc:153] oneDNN custom operations are on. You may see slightly different numerical results due to floating-point round-off errors from different computation orders. To turn them off, set the environment variable `TF_ENABLE_ONEDNN_OPTS=0`.
[36m(ActorGroup(rank=1) pid=79437)[0m WARNING: All log messages before absl::InitializeLog() is called are written to STDERR
[36m(ActorGroup(rank=1) pid=79437)[0m I0000 00:00:1786103711.319942   80888 port.cc:153] oneDNN custom operations are on. You may see slightly different numerical results due to floating-point round-off errors from different computation orders. To turn them off, set the environment variable `TF_ENABLE_ONEDNN_OPTS=0`.
[36m(ActorGroup(rank=0) pid=79429)[0m INFO:datasets:PyTorch version 2.6.0 available.
[36m(ActorGroup(rank=0) pid=79429)[0m INFO:datasets:Polars version 1.41.2 available.
[36m(ActorGroup(rank=0) pid=79429)[0m INFO:datasets:TensorFlow version 2.21.0 available.
[36m(ActorGroup(rank=0) pid=79429)[0m INFO:datasets:JAX version 0.5.3 available.
[36m(ActorGroup(rank=1) pid=79437)[0m INFO:datasets:PyTorch version 2.6.0 available.
[36m(ActorGroup(rank=1) pid=79437)[0m INFO:datasets:Polars version 1.41.2 available.
[36m(ActorGroup(rank=1) pid=79437)[0m INFO:datasets:TensorFlow version 2.21.0 available.
[36m(ActorGroup(rank=1) pid=79437)[0m INFO:datasets:JAX version 0.5.3 available.
[36m(ActorGroup(rank=0) pid=79429)[0m INFO:root:Loaded norm stats from /root/autodl-tmp/models/rlinf/RLinf-Pi0-RoboTwin-SFT-adjust_bottle/physical-intelligence/robotwin
[36m(ActorGroup(rank=1) pid=79437)[0m INFO:root:Loaded norm stats from /root/autodl-tmp/models/rlinf/RLinf-Pi0-RoboTwin-SFT-adjust_bottle/physical-intelligence/robotwin
[36m(ActorGroup(rank=0) pid=79429)[0m [INFO 19:56:10 ActorGroup-Rank-0][fsdp_model_manager.py:282] [FSDP] Gradient checkpointing is disabled
[36m(ActorGroup(rank=1) pid=79437)[0m [INFO 19:56:11 ActorGroup-Rank-1][fsdp_model_manager.py:282] [FSDP] Gradient checkpointing is disabled
[36m(RolloutGroup(rank=0) pid=79447)[0m Generating Rollout Epochs:   0%|          | 0/1 [00:00<?, ?it/s]
[36m(RolloutGroup(rank=0) pid=79447)[0m Generating Rollout Epochs: 100%|██████████| 1/1 [00:54<00:00, 54.05s/it]Generating Rollout Epochs: 100%|██████████| 1/1 [00:54<00:00, 54.05s/it]
[36m(RolloutGroup(rank=0) pid=79447)[0m Evaluating Rollout Epochs:   0%|          | 0/1 [00:00<?, ?it/s]
[36m(RolloutGroup(rank=0) pid=79447)[0m Evaluating Rollout Epochs: 100%|██████████| 1/1 [00:14<00:00, 14.86s/it]Evaluating Rollout Epochs: 100%|██████████| 1/1 [00:14<00:00, 14.86s/it]
[INFO 19:57:51 RLinf] Saving checkpoint at step 1.

╭──────────────────────────────────────────────────────────────────────────────────────────────────────────────────────╮
├──────────────────────────────────────────────────── Metric Table ────────────────────────────────────────────────────┤
│ Global Step:   80/80 │ Progress: ████████████████████████████████████████ │ 100.0%                                   │
│ Elapsed: 01:56 │ ETA: 00:00 │ Step Time: 1.456s                                                                      │
├──────────────────────────────────────────────────────── Time ────────────────────────────────────────────────────────┤
│                                                                                                                      │
│actor/actor/recv_ogpo_traj=55.680      │actor/actor/sync_model_to_rollout=12.7…│actor/run_training=12.620             │
│cal_adv_and_returns=0.0029             │env/compute_bootstrap_rewards=2.64e-04 │env/env/bootstrap_step=31.845         │
│env/env/send_rollout_trajectories=0.701│env/env_interact_step=21.701           │env/env_interact_step_ogpo=21.697     │
│env/interact=55.592                    │env/run_interact_once=54.791           │eval=17.751                           │
│generate_rollouts=55.789               │rollout/generate_one_epoch=54.047      │rollout/predict=0.855                 │
│rollout/rollout/generate=54.049        │step=116.5                             │sync_weights=12.493                   │
│                                                                                                                      │
├──────────────────────────────────────────────────── Environment ─────────────────────────────────────────────────────┤
│                                                                                                                      │
│episode_len=10.0                       │num_trajectories=8                     │return=0.0                            │
│reward=0.0                             │success_once=0.0                       │                                      │
│                                                                                                                      │
├────────────────────────────────────────────────────── Rollout ───────────────────────────────────────────────────────┤
│                                                                                                                      │
│ogpo/global_inserted_rows=80.000       │ogpo/local_inserted_rows=40.000        │ogpo/previous_online_rows=0.0000      │
│ogpo/replay_rows=40.000                │ogpo/success_rows=0.0000               │ogpo/total_online_rows=80.000         │
│                                                                                                                      │
├───────────────────────────────────────────────────── Evaluation ─────────────────────────────────────────────────────┤
│                                                                                                                      │
│num_trajectories=0                     │                                       │                                      │
│                                                                                                                      │
├─────────────────────────────────────────────────── Training/Other ───────────────────────────────────────────────────┤
│                                                                                                                      │
│ogpo/actor_grad_norm=0.0000            │ogpo/actor_loss=0.0000                 │ogpo/actor_lr=5.60e-06                │
│ogpo/actor_updates=1.000               │ogpo/bc_loss=0.0000                    │ogpo/critic_grad_norm=137.7           │
│ogpo/critic_loss=2.055                 │ogpo/critic_updates=1.000              │ogpo/global_inserted_rows=80.000      │
│ogpo/local_inserted_rows=40.000        │ogpo/pending_actor_updates=0.0000      │ogpo/pending_critic_updates=0.0000    │
│ogpo/policy_version=1.000              │ogpo/previous_online_rows=0.0000       │ogpo/q_mean=-0.752                    │
│ogpo/ratio=1.000                       │ogpo/replay_rows=40.000                │ogpo/success_rows=0.0000              │
│ogpo/td_target_mean=-0.771             │ogpo/total_online_rows=80.000          │ogpo/updates_run=1.000                │
│                                                                                                                      │
╰──────────────────────────────────────────────────────────────────────────────────────────────────────────────────────╯

