
╭──────────────────────────────────────────────────────────────────────────────────────────────────────────────────────╮
├──────────────────────────────────────────────────── Metric Table ────────────────────────────────────────────────────┤
│ Global Step:   80/80 │ Progress: ████████████████████████████████████████ │ 100.0%                                   │
│ Elapsed: 01:56 │ ETA: 00:00 │ Step Time: 1.456s                                                                      │
├──────────────────────────────────────────────────────── Time ────────────────────────────────────────────────────────┤
│                                                                                                                      │
│actor/actor/recv_ogpo_traj=55.680      │actor/actor/sync_model_to_rollout=12.7…│actor/run_training=12.620             │
│cal_adv_and_returns=0.0029             │env/compute_bootstrap_rewards=2.64e-04 │env/env/bootstrap_step=31.845         │
│env/env/send_rollout_trajectories=0.701│env/env_interact_step=21.701           │env/env_interact_step_ogpo=21.697     │
│env/interact=55.592                    │env/run_interact_once=54.791           │eval=17.751                           │
│generate_rollouts=55.789               │rollout/generate_one_epoch=54.047      │rollout/predict=0.855                 │
│rollout/rollout/generate=54.049        │step=116.5                             │sync_weights=12.493                   │
│                                                                                                                      │
├──────────────────────────────────────────────────── Environment ─────────────────────────────────────────────────────┤
│                                                                                                                      │
│episode_len=10.0                       │num_trajectories=8                     │return=0.0                            │
│reward=0.0                             │success_once=0.0                       │                                      │
│                                                                                                                      │
├────────────────────────────────────────────────────── Rollout ───────────────────────────────────────────────────────┤
│                                                                                                                      │
│ogpo/global_inserted_rows=80.000       │ogpo/local_inserted_rows=40.000        │ogpo/previous_online_rows=0.0000      │
│ogpo/replay_rows=40.000                │ogpo/success_rows=0.0000               │ogpo/total_online_rows=80.000         │
│                                                                                                                      │
├───────────────────────────────────────────────────── Evaluation ─────────────────────────────────────────────────────┤
│                                                                                                                      │
│num_trajectories=0                     │                                       │                                      │
│                                                                                                                      │
├─────────────────────────────────────────────────── Training/Other ───────────────────────────────────────────────────┤
│                                                                                                                      │
│ogpo/actor_grad_norm=0.0000            │ogpo/actor_loss=0.0000                 │ogpo/actor_lr=5.60e-06                │
│ogpo/actor_updates=1.000               │ogpo/bc_loss=0.0000                    │ogpo/critic_grad_norm=137.7           │
│ogpo/critic_loss=2.055                 │ogpo/critic_updates=1.000              │ogpo/global_inserted_rows=80.000      │
│ogpo/local_inserted_rows=40.000        │ogpo/pending_actor_updates=0.0000      │ogpo/pending_critic_updates=0.0000    │
│ogpo/policy_version=1.000              │ogpo/previous_online_rows=0.0000       │ogpo/q_mean=-0.752                    │
│ogpo/ratio=1.000                       │ogpo/replay_rows=40.000                │ogpo/success_rows=0.0000              │
│ogpo/td_target_mean=-0.771             │ogpo/total_online_rows=80.000          │ogpo/updates_run=1.000                │
│                                                                                                                      │
╰──────────────────────────────────────────────────────────────────────────────────────────────────────────────────────╯

